ASxxxx Linker V03.00 + NoICE + sdld,  page 1.
Hexadecimal  [32-Bits]

Area                                    Addr        Size        Decimal Bytes (Attributes)
--------------------------------        ----        ----        ------- ----- ------------
.  .ABS.                            00000000    00000000 =           0. bytes (ABS,CON)

      Value  Global                              Global Defined In Module
      -----  --------------------------------   ------------------------
     00000000  .__.ABS.                           
     00000000  l__BSEG                         
     00000000  l__BSS                          
     00000000  l__CABS                         
     00000000  l__DABS                         
     00000000  l__HEADER                       
     00000000  l__HEAP                         
     00000000  l__HOME                         
     00000000  s__CABS                         
     00000000  s__CABS0                        
     00000000  s__CABS1                        
     00000000  s__CABS2                        
     00000000  s__CABS3                        
     00000000  s__CABS4                        
     00000000  s__DABS                         
     00000000  s__HEADER                       
     00000000  s__HEADER0                      
     00000000  s__HEADER1                      
     00000000  s__HEADER2                      
     00000000  s__HEADER3                      
     00000000  s__HEADER4                      
     00000000  s__HEADER5                      
     00000001  l__GSFINAL                      
     00000003  l__HEADER3                      
     00000003  l__HEADER4                      
     00000005  l__BANK2                        
     00000006  l__BANK13                       
     00000006  l__BANK14                       
     00000006  l__HEADER0                      
     00000007  l__CABS2                        
     00000009  l__HEADER1                      
     0000000A  l__HEADER2                      
     0000000E  l__CABS1                        
     0000000F  l__GSINIT                       
     00000010  l__CABS0                        
     00000010  l__CABS4                        
     00000015  l__CABS3                        
     000000BE  G$VDPDataPort$0$0                  asm_manager
     000000BF  G$VDPControlPort$0$0               asm_manager
     0000012A  l__HEADER5                      
     0000013F  l__INITIALIZED                  
     0000013F  l__INITIALIZER                  
     0000019F  l__DATA                         
     000001F3  l__BANK12                       
     00000200  s__CODE                         
     000006AC  l__BANK15                       
     000020EB  l__BANK8                        
     00002225  l__BANK11                       
     00002370  l__BANK9                        
     0000247B  l__BANK3                        
ASxxxx Linker V03.00 + NoICE + sdld,  page 2.
Hexadecimal  [32-Bits]

Area                                    Addr        Size        Decimal Bytes (Attributes)
--------------------------------        ----        ----        ------- ----- ------------
.  .ABS.                            00000000    00000000 =           0. bytes (ABS,CON)

      Value  Global                              Global Defined In Module
      -----  --------------------------------   ------------------------
     0000288C  l__BANK10                       
     000033EB  l__BANK4                        
     0000375D  l__BANK7                        
     00003833  l__BANK6                        
     000038D9  l__BANK5                        
     0000538B  l__CODE                         
     0000558B  s__HOME                         
     0000558B  s__INITIALIZER                  
     000056CA  s__GSINIT                       
     000056D9  s__GSFINAL                      
     00008000  G$SMS_SRAM$0$0                     _sms_manager
     00008000  _SMS_SRAM                          SMSlib_loadTileMap
     00008000  s__BANK10                       
     00008000  s__BANK11                       
     00008000  s__BANK12                       
     00008000  s__BANK13                       
     00008000  s__BANK14                       
     00008000  s__BANK15                       
     00008000  s__BANK2                        
     00008000  s__BANK3                        
     00008000  s__BANK4                        
     00008000  s__BANK5                        
     00008000  s__BANK6                        
     00008000  s__BANK7                        
     00008000  s__BANK8                        
     00008000  s__BANK9                        
     0000C000  s__DATA                         
     0000C19F  s__INITIALIZED                  
     0000C2DE  s__BSEG                         
     0000C2DE  s__BSS                          
     0000C2DE  s__HEAP                         
     0000FFFC  G$SRAM_bank_to_be_mapped_on_slot   _sms_manager
     0000FFFC  _SRAM_bank_to_be_mapped_on_slot2   SMSlib_loadTileMap
     0000FFFF  G$ROM_bank_to_be_mapped_on_slot2   _sms_manager
     0000FFFF  _ROM_bank_to_be_mapped_on_slot2    SMSlib_loadTileMap

ASxxxx Linker V03.00 + NoICE + sdld,  page 3.
Hexadecimal  [32-Bits]

Area                                    Addr        Size        Decimal Bytes (Attributes)
--------------------------------        ----        ----        ------- ----- ------------
_CODE                               00000200    0000538B =       21387. bytes (REL,CON)

      Value  Global                              Global Defined In Module
      -----  --------------------------------   ------------------------
     00000200  __clock                            crt0
     00000204  _exit                              crt0
     0000020A  A$main$86                          main
     0000020A  C$main.c$3$0$0                     main
     0000020A  C$main.c$9$1$115                   main
     0000020A  G$main$0$0                         main
     0000020A  _main                              main
     0000020D  A$main$90                          main
     0000020D  C$main.c$10$1$115                  main
     00000210  A$main$94                          main
     00000210  C$main.c$11$1$115                  main
     00000213  A$main$98                          main
     00000213  C$main.c$13$1$115                  main
     00000216  A$main$99                          main
     00000217  A$main$100                         main
     00000218  A$main$101                         main
     00000219  A$main$102                         main
     0000021C  A$main$103                         main
     0000021D  A$main$107                         main
     0000021D  C$main.c$14$1$115                  main
     0000021E  A$main$108                         main
     0000021F  A$main$109                         main
     00000220  A$main$110                         main
     00000223  A$main$111                         main
     00000224  A$main$115                         main
     00000224  C$main.c$15$1$115                  main
     00000227  A$main$116                         main
     00000228  A$main$117                         main
     0000022B  A$main$118                         main
     0000022C  A$main$122                         main
     0000022C  C$main.c$18$1$115                  main
     0000022F  A$main$126                         main
     0000022F  C$main.c$40$1$115                  main
     00000232  A$main$130                         main
     00000232  C$main.c$41$1$115                  main
     00000235  A$main$134                         main
     00000235  C$main.c$43$1$115                  main
     00000238  A$main$138                         main
     00000238  C$main.c$44$1$115                  main
     0000023B  A$main$142                         main
     0000023B  C$main.c$45$1$115                  main
     0000023E  A$main$146                         main
     0000023E  C$main.c$48$1$115                  main
     00000241  A$main$150                         main
     00000241  C$main.c$49$1$115                  main
     00000244  A$main$154                         main
     00000244  C$main.c$52$1$115                  main
     00000247  A$main$158                         main
     00000247  C$main.c$53$1$115                  main
     00000249  A$main$159                         main
ASxxxx Linker V03.00 + NoICE + sdld,  page 4.
Hexadecimal  [32-Bits]

Area                                    Addr        Size        Decimal Bytes (Attributes)
--------------------------------        ----        ----        ------- ----- ------------
_CODE                               00000200    0000538B =       21387. bytes (REL,CON)

      Value  Global                              Global Defined In Module
      -----  --------------------------------   ------------------------
     0000024A  A$main$160                         main
     0000024B  A$main$161                         main
     0000024E  A$main$162                         main
     0000024F  A$main$166                         main
     0000024F  C$main.c$54$1$115                  main
     00000252  A$main$171                         main
     00000252  C$main.c$57$3$117                  main
     00000255  A$main$172                         main
     00000256  A$main$173                         main
     00000257  A$main$174                         main
     00000259  A$main$178                         main
     00000259  C$main.c$59$4$118                  main
     0000025C  A$main$182                         main
     0000025C  C$main.c$60$4$118                  main
     00000260  A$main$183                         main
     00000263  A$main$184                         main
     00000265  A$main$185                         main
     00000268  A$main$189                         main
     00000268  C$main.c$61$4$118                  main
     0000026C  A$main$190                         main
     0000026E  A$main$194                         main
     0000026E  C$main.c$63$5$119                  main
     00000271  A$main$195                         main
     00000273  A$main$200                         main
     00000273  C$main.c$67$5$120                  main
     00000276  A$main$205                         main
     00000276  C$main.c$71$3$117                  main
     00000279  A$main$206                         main
     0000027B  A$main$207                         main
     0000027D  A$main$211                         main
     0000027D  C$main.c$76$3$117                  main
     00000280  A$main$215                         main
     00000280  C$main.c$77$3$117                  main
     00000283  A$main$219                         main
     00000283  C$main.c$78$3$117                  main
     00000286  A$main$223                         main
     00000286  C$main.c$80$3$117                  main
     00000289  A$main$227                         main
     00000289  C$main.c$81$3$117                  main
     0000028C  A$main$232                         main
     0000028C  C$main.c$83$2$116                  main
     0000028C  XG$main$0$0                        main
     0000028E  _PSGStop                           PSGlib
     000002B5  _PSGResume                         PSGlib
     00000301  _PSGPlay                           PSGlib
     0000032E  _PSGCancelLoop                     PSGlib
     00000334  _PSGPlayNoRepeat                   PSGlib
     00000343  _PSGGetStatus                      PSGlib
     0000034B  _PSGSilenceChannels                PSGlib
     0000035C  _PSGRestoreVolumes                 PSGlib
     0000045B  _PSGSetMusicVolumeAttenuation      PSGlib
ASxxxx Linker V03.00 + NoICE + sdld,  page 5.
Hexadecimal  [32-Bits]

Area                                    Addr        Size        Decimal Bytes (Attributes)
--------------------------------        ----        ----        ------- ----- ------------
_CODE                               00000200    0000538B =       21387. bytes (REL,CON)

      Value  Global                              Global Defined In Module
      -----  --------------------------------   ------------------------
     0000054A  _PSGSFXStop                        PSGlib
     00000614  _PSGSFXPlay                        PSGlib
     00000661  _PSGSFXCancelLoop                  PSGlib
     00000667  _PSGSFXGetStatus                   PSGlib
     0000066F  _PSGSFXPlayLoop                    PSGlib
     00000690  _PSGFrame                          PSGlib
     000007A9  _PSGSFXFrame                       PSGlib
     0000082F  A$_sms_manager$251                 _sms_manager
     0000082F  C$_sms_manager.c$12$0$0            _sms_manager
     0000082F  C$_sms_manager.c$14$1$122          _sms_manager
     0000082F  C$_sms_manager.c$15$1$122          _sms_manager
     0000082F  G$devkit_SMS_init$0$0              _sms_manager
     0000082F  XG$devkit_SMS_init$0$0             _sms_manager
     0000082F  _devkit_SMS_init                   _sms_manager
     00000832  A$_sms_manager$264                 _sms_manager
     00000832  C$_sms_manager.c$18$1$122          _sms_manager
     00000832  C$_sms_manager.c$20$1$124          _sms_manager
     00000832  G$devkit_SMS_VDPturnOnFeature$0$   _sms_manager
     00000832  _devkit_SMS_VDPturnOnFeature       _sms_manager
     00000833  A$_sms_manager$265                 _sms_manager
     00000834  A$_sms_manager$266                 _sms_manager
     00000835  A$_sms_manager$267                 _sms_manager
     00000836  A$_sms_manager$272                 _sms_manager
     00000836  C$_sms_manager.c$21$1$124          _sms_manager
     00000836  XG$devkit_SMS_VDPturnOnFeature$0   _sms_manager
     00000839  A$_sms_manager$285                 _sms_manager
     00000839  C$_sms_manager.c$22$1$124          _sms_manager
     00000839  C$_sms_manager.c$24$1$126          _sms_manager
     00000839  G$devkit_SMS_VDPturnOffFeature$0   _sms_manager
     00000839  _devkit_SMS_VDPturnOffFeature      _sms_manager
     0000083A  A$_sms_manager$286                 _sms_manager
     0000083B  A$_sms_manager$287                 _sms_manager
     0000083C  A$_sms_manager$288                 _sms_manager
     0000083D  A$_sms_manager$293                 _sms_manager
     0000083D  C$_sms_manager.c$25$1$126          _sms_manager
     0000083D  XG$devkit_SMS_VDPturnOffFeature$   _sms_manager
     00000840  A$_sms_manager$306                 _sms_manager
     00000840  C$_sms_manager.c$28$1$126          _sms_manager
     00000840  C$_sms_manager.c$30$1$127          _sms_manager
     00000840  G$devkit_VDPFEATURE_EXTRAHEIGHT$   _sms_manager
     00000840  _devkit_VDPFEATURE_EXTRAHEIGHT     _sms_manager
     00000843  A$_sms_manager$311                 _sms_manager
     00000843  C$_sms_manager.c$31$1$127          _sms_manager
     00000843  XG$devkit_VDPFEATURE_EXTRAHEIGHT   _sms_manager
     00000844  A$_sms_manager$324                 _sms_manager
     00000844  C$_sms_manager.c$32$1$127          _sms_manager
     00000844  C$_sms_manager.c$34$1$128          _sms_manager
     00000844  G$devkit_VDPFEATURE_SHIFTSPRITES   _sms_manager
     00000844  _devkit_VDPFEATURE_SHIFTSPRITES    _sms_manager
     00000847  A$_sms_manager$329                 _sms_manager
     00000847  C$_sms_manager.c$35$1$128          _sms_manager
ASxxxx Linker V03.00 + NoICE + sdld,  page 6.
Hexadecimal  [32-Bits]

Area                                    Addr        Size        Decimal Bytes (Attributes)
--------------------------------        ----        ----        ------- ----- ------------
_CODE                               00000200    0000538B =       21387. bytes (REL,CON)

      Value  Global                              Global Defined In Module
      -----  --------------------------------   ------------------------
     00000847  XG$devkit_VDPFEATURE_SHIFTSPRITE   _sms_manager
     00000848  A$_sms_manager$342                 _sms_manager
     00000848  C$_sms_manager.c$36$1$128          _sms_manager
     00000848  C$_sms_manager.c$38$1$129          _sms_manager
     00000848  G$devkit_VDPFEATURE_HIDEFIRSTCOL   _sms_manager
     00000848  _devkit_VDPFEATURE_HIDEFIRSTCOL    _sms_manager
     0000084B  A$_sms_manager$347                 _sms_manager
     0000084B  C$_sms_manager.c$39$1$129          _sms_manager
     0000084B  XG$devkit_VDPFEATURE_HIDEFIRSTCO   _sms_manager
     0000084C  A$_sms_manager$360                 _sms_manager
     0000084C  C$_sms_manager.c$40$1$129          _sms_manager
     0000084C  C$_sms_manager.c$42$1$130          _sms_manager
     0000084C  G$devkit_VDPFEATURE_LEFTCOLBLANK   _sms_manager
     0000084C  _devkit_VDPFEATURE_LEFTCOLBLANK    _sms_manager
     0000084F  A$_sms_manager$365                 _sms_manager
     0000084F  C$_sms_manager.c$43$1$130          _sms_manager
     0000084F  XG$devkit_VDPFEATURE_LEFTCOLBLAN   _sms_manager
     00000850  A$_sms_manager$378                 _sms_manager
     00000850  C$_sms_manager.c$44$1$130          _sms_manager
     00000850  C$_sms_manager.c$46$1$131          _sms_manager
     00000850  G$devkit_VDPFEATURE_LOCKHSCROLL$   _sms_manager
     00000850  _devkit_VDPFEATURE_LOCKHSCROLL     _sms_manager
     00000853  A$_sms_manager$383                 _sms_manager
     00000853  C$_sms_manager.c$47$1$131          _sms_manager
     00000853  XG$devkit_VDPFEATURE_LOCKHSCROLL   _sms_manager
     00000854  A$_sms_manager$396                 _sms_manager
     00000854  C$_sms_manager.c$48$1$131          _sms_manager
     00000854  C$_sms_manager.c$50$1$132          _sms_manager
     00000854  G$devkit_VDPFEATURE_LOCKVSCROLL$   _sms_manager
     00000854  _devkit_VDPFEATURE_LOCKVSCROLL     _sms_manager
     00000857  A$_sms_manager$401                 _sms_manager
     00000857  C$_sms_manager.c$51$1$132          _sms_manager
     00000857  XG$devkit_VDPFEATURE_LOCKVSCROLL   _sms_manager
     00000858  A$_sms_manager$414                 _sms_manager
     00000858  C$_sms_manager.c$54$1$132          _sms_manager
     00000858  C$_sms_manager.c$56$1$133          _sms_manager
     00000858  G$devkit_VDPFEATURE_ZOOMSPRITES$   _sms_manager
     00000858  _devkit_VDPFEATURE_ZOOMSPRITES     _sms_manager
     0000085B  A$_sms_manager$419                 _sms_manager
     0000085B  C$_sms_manager.c$57$1$133          _sms_manager
     0000085B  XG$devkit_VDPFEATURE_ZOOMSPRITES   _sms_manager
     0000085C  A$_sms_manager$432                 _sms_manager
     0000085C  C$_sms_manager.c$58$1$133          _sms_manager
     0000085C  C$_sms_manager.c$60$1$134          _sms_manager
     0000085C  G$devkit_VDPFEATURE_USETALLSPRIT   _sms_manager
     0000085C  _devkit_VDPFEATURE_USETALLSPRITE   _sms_manager
     0000085F  A$_sms_manager$437                 _sms_manager
     0000085F  C$_sms_manager.c$61$1$134          _sms_manager
     0000085F  XG$devkit_VDPFEATURE_USETALLSPRI   _sms_manager
     00000860  A$_sms_manager$450                 _sms_manager
     00000860  C$_sms_manager.c$62$1$134          _sms_manager
ASxxxx Linker V03.00 + NoICE + sdld,  page 7.
Hexadecimal  [32-Bits]

Area                                    Addr        Size        Decimal Bytes (Attributes)
--------------------------------        ----        ----        ------- ----- ------------
_CODE                               00000200    0000538B =       21387. bytes (REL,CON)

      Value  Global                              Global Defined In Module
      -----  --------------------------------   ------------------------
     00000860  C$_sms_manager.c$64$1$135          _sms_manager
     00000860  G$devkit_VDPFEATURE_240LINES$0$0   _sms_manager
     00000860  _devkit_VDPFEATURE_240LINES        _sms_manager
     00000863  A$_sms_manager$455                 _sms_manager
     00000863  C$_sms_manager.c$65$1$135          _sms_manager
     00000863  XG$devkit_VDPFEATURE_240LINES$0$   _sms_manager
     00000864  A$_sms_manager$468                 _sms_manager
     00000864  C$_sms_manager.c$66$1$135          _sms_manager
     00000864  C$_sms_manager.c$68$1$136          _sms_manager
     00000864  G$devkit_VDPFEATURE_224LINES$0$0   _sms_manager
     00000864  _devkit_VDPFEATURE_224LINES        _sms_manager
     00000867  A$_sms_manager$473                 _sms_manager
     00000867  C$_sms_manager.c$69$1$136          _sms_manager
     00000867  XG$devkit_VDPFEATURE_224LINES$0$   _sms_manager
     00000868  A$_sms_manager$486                 _sms_manager
     00000868  C$_sms_manager.c$70$1$136          _sms_manager
     00000868  C$_sms_manager.c$72$1$137          _sms_manager
     00000868  G$devkit_VDPFEATURE_FRAMEIRQ$0$0   _sms_manager
     00000868  _devkit_VDPFEATURE_FRAMEIRQ        _sms_manager
     0000086B  A$_sms_manager$491                 _sms_manager
     0000086B  C$_sms_manager.c$73$1$137          _sms_manager
     0000086B  XG$devkit_VDPFEATURE_FRAMEIRQ$0$   _sms_manager
     0000086C  A$_sms_manager$504                 _sms_manager
     0000086C  C$_sms_manager.c$74$1$137          _sms_manager
     0000086C  C$_sms_manager.c$76$1$138          _sms_manager
     0000086C  G$devkit_VDPFEATURE_SHOWDISPLAY$   _sms_manager
     0000086C  _devkit_VDPFEATURE_SHOWDISPLAY     _sms_manager
     0000086F  A$_sms_manager$509                 _sms_manager
     0000086F  C$_sms_manager.c$77$1$138          _sms_manager
     0000086F  XG$devkit_VDPFEATURE_SHOWDISPLAY   _sms_manager
     00000870  A$_sms_manager$522                 _sms_manager
     00000870  C$_sms_manager.c$80$1$138          _sms_manager
     00000870  C$_sms_manager.c$82$1$139          _sms_manager
     00000870  G$devkit_SMS_displayOn$0$0         _sms_manager
     00000870  _devkit_SMS_displayOn              _sms_manager
     00000873  A$_sms_manager$527                 _sms_manager
     00000873  C$_sms_manager.c$83$1$139          _sms_manager
     00000873  XG$devkit_SMS_displayOn$0$0        _sms_manager
     00000876  A$_sms_manager$540                 _sms_manager
     00000876  C$_sms_manager.c$84$1$139          _sms_manager
     00000876  C$_sms_manager.c$86$1$140          _sms_manager
     00000876  G$devkit_SMS_displayOff$0$0        _sms_manager
     00000876  _devkit_SMS_displayOff             _sms_manager
     00000879  A$_sms_manager$545                 _sms_manager
     00000879  C$_sms_manager.c$87$1$140          _sms_manager
     00000879  XG$devkit_SMS_displayOff$0$0       _sms_manager
     0000087C  A$_sms_manager$558                 _sms_manager
     0000087C  C$_sms_manager.c$89$1$140          _sms_manager
     0000087C  C$_sms_manager.c$91$1$142          _sms_manager
     0000087C  G$devkit_SMS_setBGScrollX$0$0      _sms_manager
     0000087C  _devkit_SMS_setBGScrollX           _sms_manager
ASxxxx Linker V03.00 + NoICE + sdld,  page 8.
Hexadecimal  [32-Bits]

Area                                    Addr        Size        Decimal Bytes (Attributes)
--------------------------------        ----        ----        ------- ----- ------------
_CODE                               00000200    0000538B =       21387. bytes (REL,CON)

      Value  Global                              Global Defined In Module
      -----  --------------------------------   ------------------------
     00000880  A$_sms_manager$559                 _sms_manager
     00000882  A$_sms_manager$560                 _sms_manager
     00000885  A$_sms_manager$565                 _sms_manager
     00000885  C$_sms_manager.c$92$1$142          _sms_manager
     00000885  XG$devkit_SMS_setBGScrollX$0$0     _sms_manager
     00000888  A$_sms_manager$578                 _sms_manager
     00000888  C$_sms_manager.c$93$1$142          _sms_manager
     00000888  C$_sms_manager.c$95$1$144          _sms_manager
     00000888  G$devkit_SMS_setBGScrollY$0$0      _sms_manager
     00000888  _devkit_SMS_setBGScrollY           _sms_manager
     0000088C  A$_sms_manager$579                 _sms_manager
     0000088E  A$_sms_manager$580                 _sms_manager
     00000891  A$_sms_manager$585                 _sms_manager
     00000891  C$_sms_manager.c$96$1$144          _sms_manager
     00000891  XG$devkit_SMS_setBGScrollY$0$0     _sms_manager
     00000894  A$_sms_manager$598                 _sms_manager
     00000894  C$_sms_manager.c$97$1$144          _sms_manager
     00000894  C$_sms_manager.c$99$1$146          _sms_manager
     00000894  G$devkit_SMS_setBackdropColor$0$   _sms_manager
     00000894  _devkit_SMS_setBackdropColor       _sms_manager
     00000898  A$_sms_manager$599                 _sms_manager
     0000089A  A$_sms_manager$600                 _sms_manager
     0000089D  A$_sms_manager$605                 _sms_manager
     0000089D  C$_sms_manager.c$100$1$146         _sms_manager
     0000089D  XG$devkit_SMS_setBackdropColor$0   _sms_manager
     000008A0  A$_sms_manager$618                 _sms_manager
     000008A0  C$_sms_manager.c$101$1$146         _sms_manager
     000008A0  C$_sms_manager.c$103$1$148         _sms_manager
     000008A0  G$devkit_SMS_useFirstHalfTilesfo   _sms_manager
     000008A0  _devkit_SMS_useFirstHalfTilesfor   _sms_manager
     000008A1  A$_sms_manager$619                 _sms_manager
     000008A5  A$_sms_manager$620                 _sms_manager
     000008A7  A$_sms_manager$621                 _sms_manager
     000008AA  A$_sms_manager$622                 _sms_manager
     000008AB  A$_sms_manager$623                 _sms_manager
     000008AC  A$_sms_manager$628                 _sms_manager
     000008AC  C$_sms_manager.c$104$1$148         _sms_manager
     000008AC  XG$devkit_SMS_useFirstHalfTilesf   _sms_manager
     000008AF  A$_sms_manager$641                 _sms_manager
     000008AF  C$_sms_manager.c$105$1$148         _sms_manager
     000008AF  C$_sms_manager.c$107$1$150         _sms_manager
     000008AF  G$devkit_SMS_setSpriteMode$0$0     _sms_manager
     000008AF  _devkit_SMS_setSpriteMode          _sms_manager
     000008B3  A$_sms_manager$642                 _sms_manager
     000008B5  A$_sms_manager$643                 _sms_manager
     000008B8  A$_sms_manager$648                 _sms_manager
     000008B8  C$_sms_manager.c$108$1$150         _sms_manager
     000008B8  XG$devkit_SMS_setSpriteMode$0$0    _sms_manager
     000008BB  A$_sms_manager$661                 _sms_manager
     000008BB  C$_sms_manager.c$111$1$150         _sms_manager
     000008BB  C$_sms_manager.c$113$1$151         _sms_manager
ASxxxx Linker V03.00 + NoICE + sdld,  page 9.
Hexadecimal  [32-Bits]

Area                                    Addr        Size        Decimal Bytes (Attributes)
--------------------------------        ----        ----        ------- ----- ------------
_CODE                               00000200    0000538B =       21387. bytes (REL,CON)

      Value  Global                              Global Defined In Module
      -----  --------------------------------   ------------------------
     000008BB  G$devkit_SPRITEMODE_NORMAL$0$0     _sms_manager
     000008BB  _devkit_SPRITEMODE_NORMAL          _sms_manager
     000008BD  A$_sms_manager$666                 _sms_manager
     000008BD  C$_sms_manager.c$114$1$151         _sms_manager
     000008BD  XG$devkit_SPRITEMODE_NORMAL$0$0    _sms_manager
     000008BE  A$_sms_manager$679                 _sms_manager
     000008BE  C$_sms_manager.c$115$1$151         _sms_manager
     000008BE  C$_sms_manager.c$117$1$152         _sms_manager
     000008BE  G$devkit_SPRITEMODE_TALL$0$0       _sms_manager
     000008BE  _devkit_SPRITEMODE_TALL            _sms_manager
     000008C0  A$_sms_manager$684                 _sms_manager
     000008C0  C$_sms_manager.c$118$1$152         _sms_manager
     000008C0  XG$devkit_SPRITEMODE_TALL$0$0      _sms_manager
     000008C1  A$_sms_manager$697                 _sms_manager
     000008C1  C$_sms_manager.c$119$1$152         _sms_manager
     000008C1  C$_sms_manager.c$121$1$153         _sms_manager
     000008C1  G$devkit_SPRITEMODE_ZOOMED$0$0     _sms_manager
     000008C1  _devkit_SPRITEMODE_ZOOMED          _sms_manager
     000008C3  A$_sms_manager$702                 _sms_manager
     000008C3  C$_sms_manager.c$122$1$153         _sms_manager
     000008C3  XG$devkit_SPRITEMODE_ZOOMED$0$0    _sms_manager
     000008C4  A$_sms_manager$715                 _sms_manager
     000008C4  C$_sms_manager.c$123$1$153         _sms_manager
     000008C4  C$_sms_manager.c$125$1$154         _sms_manager
     000008C4  G$devkit_SPRITEMODE_TALL_ZOOMED$   _sms_manager
     000008C4  _devkit_SPRITEMODE_TALL_ZOOMED     _sms_manager
     000008C6  A$_sms_manager$720                 _sms_manager
     000008C6  C$_sms_manager.c$126$1$154         _sms_manager
     000008C6  XG$devkit_SPRITEMODE_TALL_ZOOMED   _sms_manager
     000008C7  A$_sms_manager$733                 _sms_manager
     000008C7  C$_sms_manager.c$131$1$154         _sms_manager
     000008C7  C$_sms_manager.c$133$1$156         _sms_manager
     000008C7  G$devkit_SMS_mapROMBank$0$0        _sms_manager
     000008C7  _devkit_SMS_mapROMBank             _sms_manager
     000008CA  A$_sms_manager$734                 _sms_manager
     000008CB  A$_sms_manager$735                 _sms_manager
     000008CC  A$_sms_manager$736                 _sms_manager
     000008CF  A$_sms_manager$741                 _sms_manager
     000008CF  C$_sms_manager.c$134$1$156         _sms_manager
     000008CF  XG$devkit_SMS_mapROMBank$0$0       _sms_manager
     000008D0  A$_sms_manager$754                 _sms_manager
     000008D0  C$_sms_manager.c$137$1$156         _sms_manager
     000008D0  C$_sms_manager.c$139$1$157         _sms_manager
     000008D0  G$devkit_SMS_enableSRAM$0$0        _sms_manager
     000008D0  _devkit_SMS_enableSRAM             _sms_manager
     000008D3  A$_sms_manager$755                 _sms_manager
     000008D5  A$_sms_manager$760                 _sms_manager
     000008D5  C$_sms_manager.c$140$1$157         _sms_manager
     000008D5  XG$devkit_SMS_enableSRAM$0$0       _sms_manager
     000008D6  A$_sms_manager$773                 _sms_manager
     000008D6  C$_sms_manager.c$141$1$157         _sms_manager
ASxxxx Linker V03.00 + NoICE + sdld,  page 10.
Hexadecimal  [32-Bits]

Area                                    Addr        Size        Decimal Bytes (Attributes)
--------------------------------        ----        ----        ------- ----- ------------
_CODE                               00000200    0000538B =       21387. bytes (REL,CON)

      Value  Global                              Global Defined In Module
      -----  --------------------------------   ------------------------
     000008D6  C$_sms_manager.c$143$1$159         _sms_manager
     000008D6  G$devkit_SMS_enableSRAMBank$0$0    _sms_manager
     000008D6  _devkit_SMS_enableSRAMBank         _sms_manager
     000008D9  A$_sms_manager$774                 _sms_manager
     000008DA  A$_sms_manager$775                 _sms_manager
     000008DB  A$_sms_manager$776                 _sms_manager
     000008DC  A$_sms_manager$777                 _sms_manager
     000008DD  A$_sms_manager$778                 _sms_manager
     000008DF  A$_sms_manager$779                 _sms_manager
     000008E1  A$_sms_manager$780                 _sms_manager
     000008E4  A$_sms_manager$785                 _sms_manager
     000008E4  C$_sms_manager.c$144$1$159         _sms_manager
     000008E4  XG$devkit_SMS_enableSRAMBank$0$0   _sms_manager
     000008E5  A$_sms_manager$798                 _sms_manager
     000008E5  C$_sms_manager.c$145$1$159         _sms_manager
     000008E5  C$_sms_manager.c$147$1$160         _sms_manager
     000008E5  G$devkit_SMS_disableSRAM$0$0       _sms_manager
     000008E5  _devkit_SMS_disableSRAM            _sms_manager
     000008E8  A$_sms_manager$799                 _sms_manager
     000008EA  A$_sms_manager$804                 _sms_manager
     000008EA  C$_sms_manager.c$148$1$160         _sms_manager
     000008EA  XG$devkit_SMS_disableSRAM$0$0      _sms_manager
     000008EB  A$_sms_manager$817                 _sms_manager
     000008EB  C$_sms_manager.c$151$1$160         _sms_manager
     000008EB  C$_sms_manager.c$153$1$161         _sms_manager
     000008EB  G$devkit_SMS_SRAM$0$0              _sms_manager
     000008EB  _devkit_SMS_SRAM                   _sms_manager
     000008EE  A$_sms_manager$822                 _sms_manager
     000008EE  C$_sms_manager.c$154$1$161         _sms_manager
     000008EE  XG$devkit_SMS_SRAM$0$0             _sms_manager
     000008EF  A$_sms_manager$839                 _sms_manager
     000008EF  C$_sms_manager.c$157$1$161         _sms_manager
     000008EF  C$_sms_manager.c$159$1$162         _sms_manager
     000008EF  C$_sms_manager.c$160$1$162         _sms_manager
     000008EF  G$devkit_SMS_waitForVBlank$0$0     _sms_manager
     000008EF  XG$devkit_SMS_waitForVBlank$0$0    _sms_manager
     000008EF  _devkit_SMS_waitForVBlank          _sms_manager
     000008F2  A$_sms_manager$852                 _sms_manager
     000008F2  C$_sms_manager.c$163$1$162         _sms_manager
     000008F2  C$_sms_manager.c$165$1$164         _sms_manager
     000008F2  G$devkit_SMS_loadTiles$0$0         _sms_manager
     000008F2  _devkit_SMS_loadTiles              _sms_manager
     000008F5  A$_sms_manager$853                 _sms_manager
     000008F6  A$_sms_manager$854                 _sms_manager
     000008F7  A$_sms_manager$855                 _sms_manager
     000008F8  A$_sms_manager$856                 _sms_manager
     000008F9  A$_sms_manager$857                 _sms_manager
     000008FA  A$_sms_manager$858                 _sms_manager
     000008FD  A$_sms_manager$859                 _sms_manager
     000008FE  A$_sms_manager$860                 _sms_manager
     000008FF  A$_sms_manager$861                 _sms_manager
ASxxxx Linker V03.00 + NoICE + sdld,  page 11.
Hexadecimal  [32-Bits]

Area                                    Addr        Size        Decimal Bytes (Attributes)
--------------------------------        ----        ----        ------- ----- ------------
_CODE                               00000200    0000538B =       21387. bytes (REL,CON)

      Value  Global                              Global Defined In Module
      -----  --------------------------------   ------------------------
     00000900  A$_sms_manager$862                 _sms_manager
     00000901  A$_sms_manager$863                 _sms_manager
     00000902  A$_sms_manager$864                 _sms_manager
     00000905  A$_sms_manager$865                 _sms_manager
     00000906  A$_sms_manager$866                 _sms_manager
     00000907  A$_sms_manager$867                 _sms_manager
     00000908  A$_sms_manager$868                 _sms_manager
     00000909  A$_sms_manager$869                 _sms_manager
     0000090A  A$_sms_manager$870                 _sms_manager
     0000090D  A$_sms_manager$871                 _sms_manager
     00000910  A$_sms_manager$872                 _sms_manager
     00000911  A$_sms_manager$873                 _sms_manager
     00000912  A$_sms_manager$878                 _sms_manager
     00000912  C$_sms_manager.c$166$1$164         _sms_manager
     00000912  XG$devkit_SMS_loadTiles$0$0        _sms_manager
     00000913  A$_sms_manager$891                 _sms_manager
     00000913  C$_sms_manager.c$167$1$164         _sms_manager
     00000913  C$_sms_manager.c$169$1$166         _sms_manager
     00000913  G$devkit_SMS_loadPSGaidencompres   _sms_manager
     00000913  _devkit_SMS_loadPSGaidencompress   _sms_manager
     00000916  A$_sms_manager$892                 _sms_manager
     00000917  A$_sms_manager$893                 _sms_manager
     00000918  A$_sms_manager$894                 _sms_manager
     00000919  A$_sms_manager$895                 _sms_manager
     0000091A  A$_sms_manager$896                 _sms_manager
     0000091B  A$_sms_manager$897                 _sms_manager
     0000091E  A$_sms_manager$898                 _sms_manager
     0000091F  A$_sms_manager$899                 _sms_manager
     00000920  A$_sms_manager$900                 _sms_manager
     00000921  A$_sms_manager$901                 _sms_manager
     00000922  A$_sms_manager$902                 _sms_manager
     00000923  A$_sms_manager$903                 _sms_manager
     00000926  A$_sms_manager$904                 _sms_manager
     00000927  A$_sms_manager$905                 _sms_manager
     00000928  A$_sms_manager$910                 _sms_manager
     00000928  C$_sms_manager.c$170$1$166         _sms_manager
     00000928  XG$devkit_SMS_loadPSGaidencompre   _sms_manager
     00000929  A$_sms_manager$923                 _sms_manager
     00000929  C$_sms_manager.c$173$1$166         _sms_manager
     00000929  C$_sms_manager.c$175$1$168         _sms_manager
     00000929  G$devkit_SMS_loadTileMap$0$0       _sms_manager
     00000929  _devkit_SMS_loadTileMap            _sms_manager
     0000092C  A$_sms_manager$924                 _sms_manager
     0000092D  A$_sms_manager$925                 _sms_manager
     0000092E  A$_sms_manager$926                 _sms_manager
     0000092F  A$_sms_manager$927                 _sms_manager
     00000930  A$_sms_manager$928                 _sms_manager
     00000931  A$_sms_manager$929                 _sms_manager
     00000934  A$_sms_manager$930                 _sms_manager
     00000935  A$_sms_manager$931                 _sms_manager
     00000936  A$_sms_manager$932                 _sms_manager
ASxxxx Linker V03.00 + NoICE + sdld,  page 12.
Hexadecimal  [32-Bits]

Area                                    Addr        Size        Decimal Bytes (Attributes)
--------------------------------        ----        ----        ------- ----- ------------
_CODE                               00000200    0000538B =       21387. bytes (REL,CON)

      Value  Global                              Global Defined In Module
      -----  --------------------------------   ------------------------
     00000937  A$_sms_manager$933                 _sms_manager
     00000938  A$_sms_manager$934                 _sms_manager
     00000939  A$_sms_manager$935                 _sms_manager
     0000093C  A$_sms_manager$936                 _sms_manager
     0000093D  A$_sms_manager$937                 _sms_manager
     0000093E  A$_sms_manager$938                 _sms_manager
     0000093F  A$_sms_manager$939                 _sms_manager
     00000940  A$_sms_manager$940                 _sms_manager
     00000943  A$_sms_manager$941                 _sms_manager
     00000944  A$_sms_manager$942                 _sms_manager
     00000945  A$_sms_manager$943                 _sms_manager
     00000946  A$_sms_manager$944                 _sms_manager
     00000947  A$_sms_manager$945                 _sms_manager
     0000094A  A$_sms_manager$946                 _sms_manager
     0000094D  A$_sms_manager$947                 _sms_manager
     0000094E  A$_sms_manager$948                 _sms_manager
     0000094F  A$_sms_manager$953                 _sms_manager
     0000094F  C$_sms_manager.c$176$1$168         _sms_manager
     0000094F  XG$devkit_SMS_loadTileMap$0$0      _sms_manager
     00000950  A$_sms_manager$966                 _sms_manager
     00000950  C$_sms_manager.c$177$1$168         _sms_manager
     00000950  C$_sms_manager.c$179$1$170         _sms_manager
     00000950  G$devkit_SMS_loadSTMcompressedTi   _sms_manager
     00000950  _devkit_SMS_loadSTMcompressedTil   _sms_manager
     00000951  A$_sms_manager$967                 _sms_manager
     00000952  A$_sms_manager$968                 _sms_manager
     00000953  A$_sms_manager$969                 _sms_manager
     00000956  A$_sms_manager$970                 _sms_manager
     00000957  A$_sms_manager$971                 _sms_manager
     00000958  A$_sms_manager$972                 _sms_manager
     00000959  A$_sms_manager$973                 _sms_manager
     0000095A  A$_sms_manager$974                 _sms_manager
     0000095B  A$_sms_manager$975                 _sms_manager
     0000095E  A$_sms_manager$976                 _sms_manager
     0000095F  A$_sms_manager$977                 _sms_manager
     00000960  A$_sms_manager$978                 _sms_manager
     00000961  A$_sms_manager$979                 _sms_manager
     00000962  A$_sms_manager$980                 _sms_manager
     00000965  A$_sms_manager$981                 _sms_manager
     00000966  A$_sms_manager$982                 _sms_manager
     00000967  A$_sms_manager$983                 _sms_manager
     00000968  A$_sms_manager$984                 _sms_manager
     00000969  A$_sms_manager$985                 _sms_manager
     0000096C  A$_sms_manager$986                 _sms_manager
     0000096D  A$_sms_manager$987                 _sms_manager
     0000096E  A$_sms_manager$988                 _sms_manager
     0000096F  A$_sms_manager$993                 _sms_manager
     0000096F  C$_sms_manager.c$180$1$170         _sms_manager
     0000096F  XG$devkit_SMS_loadSTMcompressedT   _sms_manager
     00000970  A$_sms_manager$1006                _sms_manager
     00000970  C$_sms_manager.c$181$1$170         _sms_manager
ASxxxx Linker V03.00 + NoICE + sdld,  page 13.
Hexadecimal  [32-Bits]

Area                                    Addr        Size        Decimal Bytes (Attributes)
--------------------------------        ----        ----        ------- ----- ------------
_CODE                               00000200    0000538B =       21387. bytes (REL,CON)

      Value  Global                              Global Defined In Module
      -----  --------------------------------   ------------------------
     00000970  C$_sms_manager.c$183$1$172         _sms_manager
     00000970  G$devkit_SMS_loadTileMapArea$0$0   _sms_manager
     00000970  _devkit_SMS_loadTileMapArea        _sms_manager
     00000973  A$_sms_manager$1007                _sms_manager
     00000974  A$_sms_manager$1008                _sms_manager
     00000975  A$_sms_manager$1009                _sms_manager
     00000976  A$_sms_manager$1010                _sms_manager
     00000977  A$_sms_manager$1011                _sms_manager
     0000097A  A$_sms_manager$1012                _sms_manager
     0000097B  A$_sms_manager$1013                _sms_manager
     0000097C  A$_sms_manager$1014                _sms_manager
     0000097D  A$_sms_manager$1015                _sms_manager
     0000097E  A$_sms_manager$1016                _sms_manager
     00000981  A$_sms_manager$1017                _sms_manager
     00000982  A$_sms_manager$1018                _sms_manager
     00000983  A$_sms_manager$1019                _sms_manager
     00000984  A$_sms_manager$1020                _sms_manager
     00000985  A$_sms_manager$1021                _sms_manager
     00000986  A$_sms_manager$1022                _sms_manager
     00000989  A$_sms_manager$1023                _sms_manager
     0000098A  A$_sms_manager$1024                _sms_manager
     0000098B  A$_sms_manager$1025                _sms_manager
     0000098C  A$_sms_manager$1026                _sms_manager
     0000098D  A$_sms_manager$1027                _sms_manager
     00000990  A$_sms_manager$1028                _sms_manager
     00000991  A$_sms_manager$1029                _sms_manager
     00000992  A$_sms_manager$1030                _sms_manager
     00000993  A$_sms_manager$1031                _sms_manager
     00000994  A$_sms_manager$1032                _sms_manager
     00000997  A$_sms_manager$1033                _sms_manager
     0000099A  A$_sms_manager$1034                _sms_manager
     0000099B  A$_sms_manager$1035                _sms_manager
     0000099C  A$_sms_manager$1040                _sms_manager
     0000099C  C$_sms_manager.c$184$1$172         _sms_manager
     0000099C  XG$devkit_SMS_loadTileMapArea$0$   _sms_manager
     0000099D  A$_sms_manager$1053                _sms_manager
     0000099D  C$_sms_manager.c$188$1$172         _sms_manager
     0000099D  C$_sms_manager.c$190$1$174         _sms_manager
     0000099D  G$devkit_SMS_loadSTMcompressedTi   _sms_manager
     0000099D  _devkit_SMS_loadSTMcompressedTil   _sms_manager
     0000099F  A$_sms_manager$1054                _sms_manager
     000009A0  A$_sms_manager$1055                _sms_manager
     000009A1  A$_sms_manager$1056                _sms_manager
     000009A4  A$_sms_manager$1057                _sms_manager
     000009A5  A$_sms_manager$1058                _sms_manager
     000009A6  A$_sms_manager$1059                _sms_manager
     000009A7  A$_sms_manager$1060                _sms_manager
     000009A8  A$_sms_manager$1061                _sms_manager
     000009A9  A$_sms_manager$1062                _sms_manager
     000009AC  A$_sms_manager$1063                _sms_manager
     000009AD  A$_sms_manager$1064                _sms_manager
ASxxxx Linker V03.00 + NoICE + sdld,  page 14.
Hexadecimal  [32-Bits]

Area                                    Addr        Size        Decimal Bytes (Attributes)
--------------------------------        ----        ----        ------- ----- ------------
_CODE                               00000200    0000538B =       21387. bytes (REL,CON)

      Value  Global                              Global Defined In Module
      -----  --------------------------------   ------------------------
     000009AE  A$_sms_manager$1065                _sms_manager
     000009AF  A$_sms_manager$1066                _sms_manager
     000009B0  A$_sms_manager$1067                _sms_manager
     000009B3  A$_sms_manager$1068                _sms_manager
     000009B4  A$_sms_manager$1069                _sms_manager
     000009B5  A$_sms_manager$1070                _sms_manager
     000009B6  A$_sms_manager$1071                _sms_manager
     000009B7  A$_sms_manager$1072                _sms_manager
     000009BA  A$_sms_manager$1073                _sms_manager
     000009BB  A$_sms_manager$1074                _sms_manager
     000009BC  A$_sms_manager$1075                _sms_manager
     000009BD  A$_sms_manager$1080                _sms_manager
     000009BD  C$_sms_manager.c$191$1$174         _sms_manager
     000009BD  XG$devkit_SMS_loadSTMcompressedT   _sms_manager
     000009BE  A$_sms_manager$1093                _sms_manager
     000009BE  C$_sms_manager.c$193$1$174         _sms_manager
     000009BE  C$_sms_manager.c$195$1$176         _sms_manager
     000009BE  G$devkit_SMS_crt0_RST08$0$0        _sms_manager
     000009BE  _devkit_SMS_crt0_RST08             _sms_manager
     000009BF  A$_sms_manager$1094                _sms_manager
     000009C0  A$_sms_manager$1095                _sms_manager
     000009C1  A$_sms_manager$1096                _sms_manager
     000009C2  A$_sms_manager$1101                _sms_manager
     000009C2  C$_sms_manager.c$196$1$176         _sms_manager
     000009C2  XG$devkit_SMS_crt0_RST08$0$0       _sms_manager
     000009C5  A$_sms_manager$1114                _sms_manager
     000009C5  C$_sms_manager.c$197$1$176         _sms_manager
     000009C5  C$_sms_manager.c$199$1$178         _sms_manager
     000009C5  G$devkit_SMS_crt0_RST18$0$0        _sms_manager
     000009C5  _devkit_SMS_crt0_RST18             _sms_manager
     000009C6  A$_sms_manager$1115                _sms_manager
     000009C7  A$_sms_manager$1116                _sms_manager
     000009C8  A$_sms_manager$1117                _sms_manager
     000009C9  A$_sms_manager$1122                _sms_manager
     000009C9  C$_sms_manager.c$200$1$178         _sms_manager
     000009C9  XG$devkit_SMS_crt0_RST18$0$0       _sms_manager
     000009CC  A$_sms_manager$1135                _sms_manager
     000009CC  C$_sms_manager.c$203$1$178         _sms_manager
     000009CC  C$_sms_manager.c$205$1$180         _sms_manager
     000009CC  G$devkit_SMS_setTile$0$0           _sms_manager
     000009CC  _devkit_SMS_setTile                _sms_manager
     000009CD  A$_sms_manager$1136                _sms_manager
     000009CE  A$_sms_manager$1137                _sms_manager
     000009CF  A$_sms_manager$1138                _sms_manager
     000009D0  A$_sms_manager$1143                _sms_manager
     000009D0  C$_sms_manager.c$206$1$180         _sms_manager
     000009D0  XG$devkit_SMS_setTile$0$0          _sms_manager
     000009D3  A$_sms_manager$1156                _sms_manager
     000009D3  C$_sms_manager.c$207$1$180         _sms_manager
     000009D3  C$_sms_manager.c$209$1$182         _sms_manager
     000009D3  G$devkit_SMS_setAddr$0$0           _sms_manager
ASxxxx Linker V03.00 + NoICE + sdld,  page 15.
Hexadecimal  [32-Bits]

Area                                    Addr        Size        Decimal Bytes (Attributes)
--------------------------------        ----        ----        ------- ----- ------------
_CODE                               00000200    0000538B =       21387. bytes (REL,CON)

      Value  Global                              Global Defined In Module
      -----  --------------------------------   ------------------------
     000009D3  _devkit_SMS_setAddr                _sms_manager
     000009D4  A$_sms_manager$1157                _sms_manager
     000009D5  A$_sms_manager$1158                _sms_manager
     000009D6  A$_sms_manager$1159                _sms_manager
     000009D7  A$_sms_manager$1164                _sms_manager
     000009D7  C$_sms_manager.c$210$1$182         _sms_manager
     000009D7  XG$devkit_SMS_setAddr$0$0          _sms_manager
     000009DA  A$_sms_manager$1181                _sms_manager
     000009DA  C$_sms_manager.c$215$1$182         _sms_manager
     000009DA  C$_sms_manager.c$217$1$184         _sms_manager
     000009DA  C$_sms_manager.c$218$1$184         _sms_manager
     000009DA  G$devkit_XYtoADDR$0$0              _sms_manager
     000009DA  XG$devkit_XYtoADDR$0$0             _sms_manager
     000009DA  _devkit_XYtoADDR                   _sms_manager
     000009DB  A$_sms_manager$1191                _sms_manager
     000009DB  C$_sms_manager.c$219$1$184         _sms_manager
     000009DB  G$devkit_SMS_setNextTileatXY$0$0   _sms_manager
     000009DB  _devkit_SMS_setNextTileatXY        _sms_manager
     000009DD  A$_sms_manager$1192                _sms_manager
     000009E1  A$_sms_manager$1193                _sms_manager
     000009E3  A$_sms_manager$1197                _sms_manager
     000009E3  C$_sms_manager.c$221$1$186         _sms_manager
     000009E6  A$_sms_manager$1198                _sms_manager
     000009E8  A$_sms_manager$1199                _sms_manager
     000009E9  A$_sms_manager$1200                _sms_manager
     000009EA  A$_sms_manager$1201                _sms_manager
     000009EB  A$_sms_manager$1202                _sms_manager
     000009EC  A$_sms_manager$1203                _sms_manager
     000009ED  A$_sms_manager$1204                _sms_manager
     000009EE  A$_sms_manager$1205                _sms_manager
     000009EF  A$_sms_manager$1206                _sms_manager
     000009F0  A$_sms_manager$1207                _sms_manager
     000009F2  A$_sms_manager$1208                _sms_manager
     000009F3  A$_sms_manager$1209                _sms_manager
     000009F6  A$_sms_manager$1210                _sms_manager
     000009F8  A$_sms_manager$1211                _sms_manager
     000009F9  A$_sms_manager$1212                _sms_manager
     000009FA  A$_sms_manager$1213                _sms_manager
     000009FB  A$_sms_manager$1214                _sms_manager
     000009FC  A$_sms_manager$1215                _sms_manager
     000009FD  A$_sms_manager$1216                _sms_manager
     000009FE  A$_sms_manager$1217                _sms_manager
     000009FF  A$_sms_manager$1222                _sms_manager
     000009FF  C$_sms_manager.c$222$1$186         _sms_manager
     000009FF  XG$devkit_SMS_setNextTileatXY$0$   _sms_manager
     00000A01  A$_sms_manager$1223                _sms_manager
     00000A04  A$_sms_manager$1236                _sms_manager
     00000A04  C$_sms_manager.c$223$1$186         _sms_manager
     00000A04  C$_sms_manager.c$225$1$188         _sms_manager
     00000A04  G$devkit_SMS_setNextTileatLoc$0$   _sms_manager
     00000A04  _devkit_SMS_setNextTileatLoc       _sms_manager
ASxxxx Linker V03.00 + NoICE + sdld,  page 16.
Hexadecimal  [32-Bits]

Area                                    Addr        Size        Decimal Bytes (Attributes)
--------------------------------        ----        ----        ------- ----- ------------
_CODE                               00000200    0000538B =       21387. bytes (REL,CON)

      Value  Global                              Global Defined In Module
      -----  --------------------------------   ------------------------
     00000A05  A$_sms_manager$1237                _sms_manager
     00000A06  A$_sms_manager$1238                _sms_manager
     00000A07  A$_sms_manager$1239                _sms_manager
     00000A08  A$_sms_manager$1240                _sms_manager
     00000A09  A$_sms_manager$1241                _sms_manager
     00000A0A  A$_sms_manager$1242                _sms_manager
     00000A0C  A$_sms_manager$1243                _sms_manager
     00000A0D  A$_sms_manager$1248                _sms_manager
     00000A0D  C$_sms_manager.c$226$1$188         _sms_manager
     00000A0D  XG$devkit_SMS_setNextTileatLoc$0   _sms_manager
     00000A10  A$_sms_manager$1261                _sms_manager
     00000A10  C$_sms_manager.c$227$1$188         _sms_manager
     00000A10  C$_sms_manager.c$229$1$190         _sms_manager
     00000A10  G$devkit_SMS_setNextTileatAddr$0   _sms_manager
     00000A10  _devkit_SMS_setNextTileatAddr      _sms_manager
     00000A14  A$_sms_manager$1262                _sms_manager
     00000A16  A$_sms_manager$1263                _sms_manager
     00000A19  A$_sms_manager$1264                _sms_manager
     00000A1B  A$_sms_manager$1269                _sms_manager
     00000A1B  C$_sms_manager.c$230$1$190         _sms_manager
     00000A1B  XG$devkit_SMS_setNextTileatAddr$   _sms_manager
     00000A1E  A$_sms_manager$1279                _sms_manager
     00000A1E  C$_sms_manager.c$231$1$190         _sms_manager
     00000A1E  G$devkit_SMS_setTileatXY$0$0       _sms_manager
     00000A1E  _devkit_SMS_setTileatXY            _sms_manager
     00000A20  A$_sms_manager$1280                _sms_manager
     00000A24  A$_sms_manager$1281                _sms_manager
     00000A26  A$_sms_manager$1285                _sms_manager
     00000A26  C$_sms_manager.c$233$2$193         _sms_manager
     00000A29  A$_sms_manager$1286                _sms_manager
     00000A2B  A$_sms_manager$1287                _sms_manager
     00000A2C  A$_sms_manager$1288                _sms_manager
     00000A2D  A$_sms_manager$1289                _sms_manager
     00000A2E  A$_sms_manager$1290                _sms_manager
     00000A2F  A$_sms_manager$1291                _sms_manager
     00000A30  A$_sms_manager$1292                _sms_manager
     00000A31  A$_sms_manager$1293                _sms_manager
     00000A32  A$_sms_manager$1294                _sms_manager
     00000A33  A$_sms_manager$1295                _sms_manager
     00000A35  A$_sms_manager$1296                _sms_manager
     00000A36  A$_sms_manager$1297                _sms_manager
     00000A39  A$_sms_manager$1298                _sms_manager
     00000A3B  A$_sms_manager$1299                _sms_manager
     00000A3C  A$_sms_manager$1300                _sms_manager
     00000A3D  A$_sms_manager$1301                _sms_manager
     00000A3E  A$_sms_manager$1302                _sms_manager
     00000A3F  A$_sms_manager$1303                _sms_manager
     00000A40  A$_sms_manager$1304                _sms_manager
     00000A41  A$_sms_manager$1305                _sms_manager
     00000A42  A$_sms_manager$1306                _sms_manager
     00000A43  A$_sms_manager$1307                _sms_manager
ASxxxx Linker V03.00 + NoICE + sdld,  page 17.
Hexadecimal  [32-Bits]

Area                                    Addr        Size        Decimal Bytes (Attributes)
--------------------------------        ----        ----        ------- ----- ------------
_CODE                               00000200    0000538B =       21387. bytes (REL,CON)

      Value  Global                              Global Defined In Module
      -----  --------------------------------   ------------------------
     00000A46  A$_sms_manager$1308                _sms_manager
     00000A49  A$_sms_manager$1313                _sms_manager
     00000A49  C$_sms_manager.c$234$2$193         _sms_manager
     00000A49  XG$devkit_SMS_setTileatXY$0$0      _sms_manager
     00000A4B  A$_sms_manager$1314                _sms_manager
     00000A4E  A$_sms_manager$1327                _sms_manager
     00000A4E  C$_sms_manager.c$237$2$193         _sms_manager
     00000A4E  C$_sms_manager.c$239$1$194         _sms_manager
     00000A4E  G$devkit_TILE_FLIPPED_X$0$0        _sms_manager
     00000A4E  _devkit_TILE_FLIPPED_X             _sms_manager
     00000A51  A$_sms_manager$1332                _sms_manager
     00000A51  C$_sms_manager.c$240$1$194         _sms_manager
     00000A51  XG$devkit_TILE_FLIPPED_X$0$0       _sms_manager
     00000A52  A$_sms_manager$1345                _sms_manager
     00000A52  C$_sms_manager.c$241$1$194         _sms_manager
     00000A52  C$_sms_manager.c$243$1$195         _sms_manager
     00000A52  G$devkit_TILE_FLIPPED_Y$0$0        _sms_manager
     00000A52  _devkit_TILE_FLIPPED_Y             _sms_manager
     00000A55  A$_sms_manager$1350                _sms_manager
     00000A55  C$_sms_manager.c$244$1$195         _sms_manager
     00000A55  XG$devkit_TILE_FLIPPED_Y$0$0       _sms_manager
     00000A56  A$_sms_manager$1363                _sms_manager
     00000A56  C$_sms_manager.c$245$1$195         _sms_manager
     00000A56  C$_sms_manager.c$247$1$196         _sms_manager
     00000A56  G$devkit_TILE_USE_SPRITE_PALETTE   _sms_manager
     00000A56  _devkit_TILE_USE_SPRITE_PALETTE    _sms_manager
     00000A59  A$_sms_manager$1368                _sms_manager
     00000A59  C$_sms_manager.c$248$1$196         _sms_manager
     00000A59  XG$devkit_TILE_USE_SPRITE_PALETT   _sms_manager
     00000A5A  A$_sms_manager$1381                _sms_manager
     00000A5A  C$_sms_manager.c$249$1$196         _sms_manager
     00000A5A  C$_sms_manager.c$251$1$197         _sms_manager
     00000A5A  G$devkit_TILE_PRIORITY$0$0         _sms_manager
     00000A5A  _devkit_TILE_PRIORITY              _sms_manager
     00000A5D  A$_sms_manager$1386                _sms_manager
     00000A5D  C$_sms_manager.c$252$1$197         _sms_manager
     00000A5D  XG$devkit_TILE_PRIORITY$0$0        _sms_manager
     00000A5E  A$_sms_manager$1403                _sms_manager
     00000A5E  C$_sms_manager.c$255$1$197         _sms_manager
     00000A5E  C$_sms_manager.c$257$1$198         _sms_manager
     00000A5E  C$_sms_manager.c$258$1$198         _sms_manager
     00000A5E  G$devkit_SMS_initSprites$0$0       _sms_manager
     00000A5E  XG$devkit_SMS_initSprites$0$0      _sms_manager
     00000A5E  _devkit_SMS_initSprites            _sms_manager
     00000A61  A$_sms_manager$1416                _sms_manager
     00000A61  C$_sms_manager.c$259$1$198         _sms_manager
     00000A61  C$_sms_manager.c$261$1$200         _sms_manager
     00000A61  G$devkit_SMS_addSprite$0$0         _sms_manager
     00000A61  _devkit_SMS_addSprite              _sms_manager
     00000A64  A$_sms_manager$1417                _sms_manager
     00000A65  A$_sms_manager$1418                _sms_manager
ASxxxx Linker V03.00 + NoICE + sdld,  page 18.
Hexadecimal  [32-Bits]

Area                                    Addr        Size        Decimal Bytes (Attributes)
--------------------------------        ----        ----        ------- ----- ------------
_CODE                               00000200    0000538B =       21387. bytes (REL,CON)

      Value  Global                              Global Defined In Module
      -----  --------------------------------   ------------------------
     00000A66  A$_sms_manager$1419                _sms_manager
     00000A67  A$_sms_manager$1420                _sms_manager
     00000A68  A$_sms_manager$1421                _sms_manager
     00000A6B  A$_sms_manager$1422                _sms_manager
     00000A6C  A$_sms_manager$1423                _sms_manager
     00000A6D  A$_sms_manager$1424                _sms_manager
     00000A6E  A$_sms_manager$1425                _sms_manager
     00000A6F  A$_sms_manager$1426                _sms_manager
     00000A72  A$_sms_manager$1427                _sms_manager
     00000A73  A$_sms_manager$1428                _sms_manager
     00000A74  A$_sms_manager$1429                _sms_manager
     00000A75  A$_sms_manager$1430                _sms_manager
     00000A76  A$_sms_manager$1431                _sms_manager
     00000A79  A$_sms_manager$1432                _sms_manager
     00000A7A  A$_sms_manager$1433                _sms_manager
     00000A7B  A$_sms_manager$1438                _sms_manager
     00000A7B  C$_sms_manager.c$262$1$200         _sms_manager
     00000A7B  XG$devkit_SMS_addSprite$0$0        _sms_manager
     00000A7C  A$_sms_manager$1455                _sms_manager
     00000A7C  C$_sms_manager.c$263$1$200         _sms_manager
     00000A7C  C$_sms_manager.c$265$1$202         _sms_manager
     00000A7C  C$_sms_manager.c$266$1$202         _sms_manager
     00000A7C  G$devkit_SMS_reserveSprite$0$0     _sms_manager
     00000A7C  XG$devkit_SMS_reserveSprite$0$0    _sms_manager
     00000A7C  _devkit_SMS_reserveSprite          _sms_manager
     00000A7F  A$_sms_manager$1468                _sms_manager
     00000A7F  C$_sms_manager.c$267$1$202         _sms_manager
     00000A7F  C$_sms_manager.c$269$1$204         _sms_manager
     00000A7F  G$devkit_SMS_updateSpritePositio   _sms_manager
     00000A7F  _devkit_SMS_updateSpritePosition   _sms_manager
     00000A82  A$_sms_manager$1469                _sms_manager
     00000A83  A$_sms_manager$1470                _sms_manager
     00000A84  A$_sms_manager$1471                _sms_manager
     00000A85  A$_sms_manager$1472                _sms_manager
     00000A86  A$_sms_manager$1473                _sms_manager
     00000A89  A$_sms_manager$1474                _sms_manager
     00000A8A  A$_sms_manager$1475                _sms_manager
     00000A8B  A$_sms_manager$1476                _sms_manager
     00000A8C  A$_sms_manager$1477                _sms_manager
     00000A8D  A$_sms_manager$1478                _sms_manager
     00000A90  A$_sms_manager$1479                _sms_manager
     00000A91  A$_sms_manager$1480                _sms_manager
     00000A92  A$_sms_manager$1481                _sms_manager
     00000A93  A$_sms_manager$1482                _sms_manager
     00000A94  A$_sms_manager$1483                _sms_manager
     00000A97  A$_sms_manager$1484                _sms_manager
     00000A98  A$_sms_manager$1485                _sms_manager
     00000A99  A$_sms_manager$1490                _sms_manager
     00000A99  C$_sms_manager.c$270$1$204         _sms_manager
     00000A99  XG$devkit_SMS_updateSpritePositi   _sms_manager
     00000A9A  A$_sms_manager$1503                _sms_manager
ASxxxx Linker V03.00 + NoICE + sdld,  page 19.
Hexadecimal  [32-Bits]

Area                                    Addr        Size        Decimal Bytes (Attributes)
--------------------------------        ----        ----        ------- ----- ------------
_CODE                               00000200    0000538B =       21387. bytes (REL,CON)

      Value  Global                              Global Defined In Module
      -----  --------------------------------   ------------------------
     00000A9A  C$_sms_manager.c$271$1$204         _sms_manager
     00000A9A  C$_sms_manager.c$273$1$206         _sms_manager
     00000A9A  G$devkit_SMS_updateSpriteImage$0   _sms_manager
     00000A9A  _devkit_SMS_updateSpriteImage      _sms_manager
     00000A9D  A$_sms_manager$1504                _sms_manager
     00000A9E  A$_sms_manager$1505                _sms_manager
     00000A9F  A$_sms_manager$1506                _sms_manager
     00000AA0  A$_sms_manager$1507                _sms_manager
     00000AA1  A$_sms_manager$1508                _sms_manager
     00000AA4  A$_sms_manager$1509                _sms_manager
     00000AA5  A$_sms_manager$1510                _sms_manager
     00000AA6  A$_sms_manager$1511                _sms_manager
     00000AA7  A$_sms_manager$1512                _sms_manager
     00000AA8  A$_sms_manager$1513                _sms_manager
     00000AAB  A$_sms_manager$1514                _sms_manager
     00000AAC  A$_sms_manager$1519                _sms_manager
     00000AAC  C$_sms_manager.c$274$1$206         _sms_manager
     00000AAC  XG$devkit_SMS_updateSpriteImage$   _sms_manager
     00000AAD  A$_sms_manager$1532                _sms_manager
     00000AAD  C$_sms_manager.c$275$1$206         _sms_manager
     00000AAD  C$_sms_manager.c$277$1$208         _sms_manager
     00000AAD  G$devkit_SMS_hideSprite$0$0        _sms_manager
     00000AAD  _devkit_SMS_hideSprite             _sms_manager
     00000AB0  A$_sms_manager$1533                _sms_manager
     00000AB1  A$_sms_manager$1534                _sms_manager
     00000AB2  A$_sms_manager$1535                _sms_manager
     00000AB3  A$_sms_manager$1536                _sms_manager
     00000AB4  A$_sms_manager$1537                _sms_manager
     00000AB7  A$_sms_manager$1538                _sms_manager
     00000AB8  A$_sms_manager$1543                _sms_manager
     00000AB8  C$_sms_manager.c$278$1$208         _sms_manager
     00000AB8  XG$devkit_SMS_hideSprite$0$0       _sms_manager
     00000AB9  A$_sms_manager$1556                _sms_manager
     00000AB9  C$_sms_manager.c$279$1$208         _sms_manager
     00000AB9  C$_sms_manager.c$281$1$210         _sms_manager
     00000AB9  G$devkit_SMS_setClippingWindow$0   _sms_manager
     00000AB9  _devkit_SMS_setClippingWindow      _sms_manager
     00000ABC  A$_sms_manager$1557                _sms_manager
     00000ABD  A$_sms_manager$1558                _sms_manager
     00000ABE  A$_sms_manager$1559                _sms_manager
     00000ABF  A$_sms_manager$1560                _sms_manager
     00000AC0  A$_sms_manager$1561                _sms_manager
     00000AC3  A$_sms_manager$1562                _sms_manager
     00000AC4  A$_sms_manager$1563                _sms_manager
     00000AC5  A$_sms_manager$1564                _sms_manager
     00000AC6  A$_sms_manager$1565                _sms_manager
     00000AC7  A$_sms_manager$1566                _sms_manager
     00000ACA  A$_sms_manager$1567                _sms_manager
     00000ACB  A$_sms_manager$1568                _sms_manager
     00000ACC  A$_sms_manager$1569                _sms_manager
     00000ACD  A$_sms_manager$1570                _sms_manager
ASxxxx Linker V03.00 + NoICE + sdld,  page 20.
Hexadecimal  [32-Bits]

Area                                    Addr        Size        Decimal Bytes (Attributes)
--------------------------------        ----        ----        ------- ----- ------------
_CODE                               00000200    0000538B =       21387. bytes (REL,CON)

      Value  Global                              Global Defined In Module
      -----  --------------------------------   ------------------------
     00000ACE  A$_sms_manager$1571                _sms_manager
     00000AD1  A$_sms_manager$1572                _sms_manager
     00000AD2  A$_sms_manager$1573                _sms_manager
     00000AD3  A$_sms_manager$1574                _sms_manager
     00000AD4  A$_sms_manager$1575                _sms_manager
     00000AD5  A$_sms_manager$1576                _sms_manager
     00000AD8  A$_sms_manager$1577                _sms_manager
     00000AD9  A$_sms_manager$1578                _sms_manager
     00000ADA  A$_sms_manager$1583                _sms_manager
     00000ADA  C$_sms_manager.c$282$1$210         _sms_manager
     00000ADA  XG$devkit_SMS_setClippingWindow$   _sms_manager
     00000ADB  A$_sms_manager$1596                _sms_manager
     00000ADB  C$_sms_manager.c$283$1$210         _sms_manager
     00000ADB  C$_sms_manager.c$285$1$212         _sms_manager
     00000ADB  G$devkit_SMS_addSpriteClipping$0   _sms_manager
     00000ADB  _devkit_SMS_addSpriteClipping      _sms_manager
     00000ADE  A$_sms_manager$1597                _sms_manager
     00000ADF  A$_sms_manager$1598                _sms_manager
     00000AE0  A$_sms_manager$1599                _sms_manager
     00000AE1  A$_sms_manager$1600                _sms_manager
     00000AE2  A$_sms_manager$1601                _sms_manager
     00000AE5  A$_sms_manager$1602                _sms_manager
     00000AE6  A$_sms_manager$1603                _sms_manager
     00000AE7  A$_sms_manager$1604                _sms_manager
     00000AE8  A$_sms_manager$1605                _sms_manager
     00000AE9  A$_sms_manager$1606                _sms_manager
     00000AEA  A$_sms_manager$1607                _sms_manager
     00000AED  A$_sms_manager$1608                _sms_manager
     00000AEE  A$_sms_manager$1609                _sms_manager
     00000AEF  A$_sms_manager$1610                _sms_manager
     00000AF0  A$_sms_manager$1611                _sms_manager
     00000AF1  A$_sms_manager$1612                _sms_manager
     00000AF2  A$_sms_manager$1613                _sms_manager
     00000AF5  A$_sms_manager$1614                _sms_manager
     00000AF6  A$_sms_manager$1615                _sms_manager
     00000AF7  A$_sms_manager$1616                _sms_manager
     00000AF8  A$_sms_manager$1621                _sms_manager
     00000AF8  C$_sms_manager.c$286$1$212         _sms_manager
     00000AF8  XG$devkit_SMS_addSpriteClipping$   _sms_manager
     00000AF9  A$_sms_manager$1638                _sms_manager
     00000AF9  C$_sms_manager.c$287$1$212         _sms_manager
     00000AF9  C$_sms_manager.c$289$1$213         _sms_manager
     00000AF9  C$_sms_manager.c$290$1$213         _sms_manager
     00000AF9  G$devkit_SMS_finalizeSprites$0$0   _sms_manager
     00000AF9  XG$devkit_SMS_finalizeSprites$0$   _sms_manager
     00000AF9  _devkit_SMS_finalizeSprites        _sms_manager
     00000AFC  A$_sms_manager$1655                _sms_manager
     00000AFC  C$_sms_manager.c$291$1$213         _sms_manager
     00000AFC  C$_sms_manager.c$293$1$214         _sms_manager
     00000AFC  C$_sms_manager.c$294$1$214         _sms_manager
     00000AFC  G$devkit_SMS_copySpritestoSAT$0$   _sms_manager
ASxxxx Linker V03.00 + NoICE + sdld,  page 21.
Hexadecimal  [32-Bits]

Area                                    Addr        Size        Decimal Bytes (Attributes)
--------------------------------        ----        ----        ------- ----- ------------
_CODE                               00000200    0000538B =       21387. bytes (REL,CON)

      Value  Global                              Global Defined In Module
      -----  --------------------------------   ------------------------
     00000AFC  XG$devkit_SMS_copySpritestoSAT$0   _sms_manager
     00000AFC  _devkit_SMS_copySpritestoSAT       _sms_manager
     00000AFF  A$_sms_manager$1668                _sms_manager
     00000AFF  C$_sms_manager.c$304$1$214         _sms_manager
     00000AFF  C$_sms_manager.c$306$1$216         _sms_manager
     00000AFF  G$devkit_SMS_setBGPaletteColor$0   _sms_manager
     00000AFF  _devkit_SMS_setBGPaletteColor      _sms_manager
     00000B02  A$_sms_manager$1669                _sms_manager
     00000B03  A$_sms_manager$1670                _sms_manager
     00000B04  A$_sms_manager$1671                _sms_manager
     00000B05  A$_sms_manager$1672                _sms_manager
     00000B06  A$_sms_manager$1673                _sms_manager
     00000B09  A$_sms_manager$1674                _sms_manager
     00000B0A  A$_sms_manager$1675                _sms_manager
     00000B0B  A$_sms_manager$1676                _sms_manager
     00000B0C  A$_sms_manager$1677                _sms_manager
     00000B0D  A$_sms_manager$1678                _sms_manager
     00000B10  A$_sms_manager$1679                _sms_manager
     00000B11  A$_sms_manager$1684                _sms_manager
     00000B11  C$_sms_manager.c$307$1$216         _sms_manager
     00000B11  XG$devkit_SMS_setBGPaletteColor$   _sms_manager
     00000B12  A$_sms_manager$1697                _sms_manager
     00000B12  C$_sms_manager.c$308$1$216         _sms_manager
     00000B12  C$_sms_manager.c$310$1$218         _sms_manager
     00000B12  G$devkit_SMS_setSpritePaletteCol   _sms_manager
     00000B12  _devkit_SMS_setSpritePaletteColo   _sms_manager
     00000B15  A$_sms_manager$1698                _sms_manager
     00000B16  A$_sms_manager$1699                _sms_manager
     00000B17  A$_sms_manager$1700                _sms_manager
     00000B18  A$_sms_manager$1701                _sms_manager
     00000B19  A$_sms_manager$1702                _sms_manager
     00000B1C  A$_sms_manager$1703                _sms_manager
     00000B1D  A$_sms_manager$1704                _sms_manager
     00000B1E  A$_sms_manager$1705                _sms_manager
     00000B1F  A$_sms_manager$1706                _sms_manager
     00000B20  A$_sms_manager$1707                _sms_manager
     00000B23  A$_sms_manager$1708                _sms_manager
     00000B24  A$_sms_manager$1713                _sms_manager
     00000B24  C$_sms_manager.c$311$1$218         _sms_manager
     00000B24  XG$devkit_SMS_setSpritePaletteCo   _sms_manager
     00000B25  A$_sms_manager$1726                _sms_manager
     00000B25  C$_sms_manager.c$312$1$218         _sms_manager
     00000B25  C$_sms_manager.c$314$1$220         _sms_manager
     00000B25  G$devkit_SMS_loadBGPalette$0$0     _sms_manager
     00000B25  _devkit_SMS_loadBGPalette          _sms_manager
     00000B26  A$_sms_manager$1727                _sms_manager
     00000B27  A$_sms_manager$1728                _sms_manager
     00000B28  A$_sms_manager$1729                _sms_manager
     00000B29  A$_sms_manager$1734                _sms_manager
     00000B29  C$_sms_manager.c$315$1$220         _sms_manager
     00000B29  XG$devkit_SMS_loadBGPalette$0$0    _sms_manager
ASxxxx Linker V03.00 + NoICE + sdld,  page 22.
Hexadecimal  [32-Bits]

Area                                    Addr        Size        Decimal Bytes (Attributes)
--------------------------------        ----        ----        ------- ----- ------------
_CODE                               00000200    0000538B =       21387. bytes (REL,CON)

      Value  Global                              Global Defined In Module
      -----  --------------------------------   ------------------------
     00000B2C  A$_sms_manager$1747                _sms_manager
     00000B2C  C$_sms_manager.c$316$1$220         _sms_manager
     00000B2C  C$_sms_manager.c$318$1$222         _sms_manager
     00000B2C  G$devkit_SMS_loadSpritePalette$0   _sms_manager
     00000B2C  _devkit_SMS_loadSpritePalette      _sms_manager
     00000B2D  A$_sms_manager$1748                _sms_manager
     00000B2E  A$_sms_manager$1749                _sms_manager
     00000B2F  A$_sms_manager$1750                _sms_manager
     00000B30  A$_sms_manager$1755                _sms_manager
     00000B30  C$_sms_manager.c$319$1$222         _sms_manager
     00000B30  XG$devkit_SMS_loadSpritePalette$   _sms_manager
     00000B33  A$_sms_manager$1768                _sms_manager
     00000B33  C$_sms_manager.c$320$1$222         _sms_manager
     00000B33  C$_sms_manager.c$322$1$224         _sms_manager
     00000B33  G$devkit_SMS_setNextBGColoratInd   _sms_manager
     00000B33  _devkit_SMS_setNextBGColoratInde   _sms_manager
     00000B37  A$_sms_manager$1769                _sms_manager
     00000B39  A$_sms_manager$1770                _sms_manager
     00000B3C  A$_sms_manager$1771                _sms_manager
     00000B3E  A$_sms_manager$1772                _sms_manager
     00000B3F  A$_sms_manager$1773                _sms_manager
     00000B41  A$_sms_manager$1774                _sms_manager
     00000B42  A$_sms_manager$1779                _sms_manager
     00000B42  C$_sms_manager.c$323$1$224         _sms_manager
     00000B42  XG$devkit_SMS_setNextBGColoratIn   _sms_manager
     00000B45  A$_sms_manager$1792                _sms_manager
     00000B45  C$_sms_manager.c$324$1$224         _sms_manager
     00000B45  C$_sms_manager.c$326$1$226         _sms_manager
     00000B45  G$devkit_SMS_setNextSpriteColora   _sms_manager
     00000B45  _devkit_SMS_setNextSpriteColorat   _sms_manager
     00000B48  A$_sms_manager$1793                _sms_manager
     00000B49  A$_sms_manager$1794                _sms_manager
     00000B4A  A$_sms_manager$1795                _sms_manager
     00000B4C  A$_sms_manager$1796                _sms_manager
     00000B4D  A$_sms_manager$1797                _sms_manager
     00000B4F  A$_sms_manager$1798                _sms_manager
     00000B50  A$_sms_manager$1799                _sms_manager
     00000B51  A$_sms_manager$1800                _sms_manager
     00000B53  A$_sms_manager$1801                _sms_manager
     00000B54  A$_sms_manager$1806                _sms_manager
     00000B54  C$_sms_manager.c$327$1$226         _sms_manager
     00000B54  XG$devkit_SMS_setNextSpriteColor   _sms_manager
     00000B57  A$_sms_manager$1819                _sms_manager
     00000B57  C$_sms_manager.c$328$1$226         _sms_manager
     00000B57  C$_sms_manager.c$330$1$228         _sms_manager
     00000B57  G$devkit_SMS_setColor$0$0          _sms_manager
     00000B57  _devkit_SMS_setColor               _sms_manager
     00000B5B  A$_sms_manager$1820                _sms_manager
     00000B5D  A$_sms_manager$1821                _sms_manager
     00000B60  A$_sms_manager$1826                _sms_manager
     00000B60  C$_sms_manager.c$331$1$228         _sms_manager
ASxxxx Linker V03.00 + NoICE + sdld,  page 23.
Hexadecimal  [32-Bits]

Area                                    Addr        Size        Decimal Bytes (Attributes)
--------------------------------        ----        ----        ------- ----- ------------
_CODE                               00000200    0000538B =       21387. bytes (REL,CON)

      Value  Global                              Global Defined In Module
      -----  --------------------------------   ------------------------
     00000B60  XG$devkit_SMS_setColor$0$0         _sms_manager
     00000B63  A$_sms_manager$1839                _sms_manager
     00000B63  C$_sms_manager.c$334$1$228         _sms_manager
     00000B63  C$_sms_manager.c$336$1$230         _sms_manager
     00000B63  G$devkit_RGB$0$0                   _sms_manager
     00000B63  _devkit_RGB                        _sms_manager
     00000B66  A$_sms_manager$1840                _sms_manager
     00000B67  A$_sms_manager$1841                _sms_manager
     00000B68  A$_sms_manager$1842                _sms_manager
     00000B69  A$_sms_manager$1843                _sms_manager
     00000B6A  A$_sms_manager$1844                _sms_manager
     00000B6D  A$_sms_manager$1845                _sms_manager
     00000B6E  A$_sms_manager$1846                _sms_manager
     00000B6F  A$_sms_manager$1847                _sms_manager
     00000B70  A$_sms_manager$1848                _sms_manager
     00000B73  A$_sms_manager$1849                _sms_manager
     00000B74  A$_sms_manager$1850                _sms_manager
     00000B75  A$_sms_manager$1851                _sms_manager
[...]
     00008000  G$Intro05_wav_pcmenc$0$0           bank8
     00008000  _Intro05_wav_pcmenc                bank8

ASxxxx Linker V03.00 + NoICE + sdld,  page 211.
Hexadecimal  [32-Bits]

Area                                    Addr        Size        Decimal Bytes (Attributes)
--------------------------------        ----        ----        ------- ----- ------------
_BANK9                              00008000    00002370 =        9072. bytes (REL,CON)

      Value  Global                              Global Defined In Module
      -----  --------------------------------   ------------------------
     00008000  G$Boss01_wav_pcmenc$0$0            bank9
     00008000  _Boss01_wav_pcmenc                 bank9

ASxxxx Linker V03.00 + NoICE + sdld,  page 212.
Hexadecimal  [32-Bits]

Area                                    Addr        Size        Decimal Bytes (Attributes)
--------------------------------        ----        ----        ------- ----- ------------
_BANK10                             00008000    0000288C =       10380. bytes (REL,CON)

      Value  Global                              Global Defined In Module
      -----  --------------------------------   ------------------------
     00008000  G$Boss02_wav_pcmenc$0$0            bank10
     00008000  _Boss02_wav_pcmenc                 bank10

ASxxxx Linker V03.00 + NoICE + sdld,  page 213.
Hexadecimal  [32-Bits]

Area                                    Addr        Size        Decimal Bytes (Attributes)
--------------------------------        ----        ----        ------- ----- ------------
_BANK11                             00008000    00002225 =        8741. bytes (REL,CON)

      Value  Global                              Global Defined In Module
      -----  --------------------------------   ------------------------
     00008000  G$Boss03_wav_pcmenc$0$0            bank11
     00008000  _Boss03_wav_pcmenc                 bank11

ASxxxx Linker V03.00 + NoICE + sdld,  page 214.
Hexadecimal  [32-Bits]

Area                                    Addr        Size        Decimal Bytes (Attributes)
--------------------------------        ----        ----        ------- ----- ------------
_BANK12                             00008000    000001F3 =         499. bytes (REL,CON)

      Value  Global                              Global Defined In Module
      -----  --------------------------------   ------------------------
     00008000  G$sound0_psg$0$0                   bank12
     00008000  _sound0_psg                        bank12
     00008020  G$sound1_psg$0$0                   bank12
     00008020  _sound1_psg                        bank12
     00008043  G$sound10_psg$0$0                  bank12
     00008043  _sound10_psg                       bank12
     00008065  G$sound11_psg$0$0                  bank12
     00008065  _sound11_psg                       bank12
     0000807A  G$sound12_psg$0$0                  bank12
     0000807A  _sound12_psg                       bank12
     0000808D  G$sound13_psg$0$0                  bank12
     0000808D  _sound13_psg                       bank12
     000080A1  G$sound2_psg$0$0                   bank12
     000080A1  _sound2_psg                        bank12
     000080C4  G$sound3_psg$0$0                   bank12
     000080C4  _sound3_psg                        bank12
     000080D7  G$sound4_psg$0$0                   bank12
     000080D7  _sound4_psg                        bank12
     000080EE  G$sound5_psg$0$0                   bank12
     000080EE  _sound5_psg                        bank12
     0000814F  G$sound6_psg$0$0                   bank12
     0000814F  _sound6_psg                        bank12
     00008164  G$sound7_psg$0$0                   bank12
     00008164  _sound7_psg                        bank12
     000081AC  G$sound8_psg$0$0                   bank12
     000081AC  _sound8_psg                        bank12
     000081D1  G$sound9_psg$0$0                   bank12
     000081D1  _sound9_psg                        bank12

ASxxxx Linker V03.00 + NoICE + sdld,  page 215.
Hexadecimal  [32-Bits]

Area                                    Addr        Size        Decimal Bytes (Attributes)
--------------------------------        ----        ----        ------- ----- ------------
_BANK13                             00008000    00000006 =           6. bytes (REL,CON)

      Value  Global                              Global Defined In Module
      -----  --------------------------------   ------------------------
     00008000  G$bank13_txt$0$0                   bank13
     00008000  _bank13_txt                        bank13

ASxxxx Linker V03.00 + NoICE + sdld,  page 216.
Hexadecimal  [32-Bits]

Area                                    Addr        Size        Decimal Bytes (Attributes)
--------------------------------        ----        ----        ------- ----- ------------
_BANK14                             00008000    00000006 =           6. bytes (REL,CON)

      Value  Global                              Global Defined In Module
      -----  --------------------------------   ------------------------
     00008000  G$bank14_txt$0$0                   bank14
     00008000  _bank14_txt                        bank14

ASxxxx Linker V03.00 + NoICE + sdld,  page 217.
Hexadecimal  [32-Bits]

Area                                    Addr        Size        Decimal Bytes (Attributes)
--------------------------------        ----        ----        ------- ----- ------------
_BANK15                             00008000    000006AC =        1708. bytes (REL,CON)

      Value  Global                              Global Defined In Module
      -----  --------------------------------   ------------------------
     00008000  Ffixedbank$__str_0$0$0             fixedbank
     0000801E  Ffixedbank$__str_1$0$0             fixedbank
     0000803C  Ffixedbank$__str_2$0$0             fixedbank
     0000805A  Ffixedbank$__str_3$0$0             fixedbank
     00008078  Ffixedbank$__str_4$0$0             fixedbank
     00008079  Ffixedbank$__str_5$0$0             fixedbank
     00008097  Ffixedbank$__str_6$0$0             fixedbank
     000080B5  Ffixedbank$__str_7$0$0             fixedbank
     000080D3  Ffixedbank$__str_8$0$0             fixedbank
     000080F1  Ffixedbank$__str_9$0$0             fixedbank
     00008105  Ffixedbank$__str_10$0$0            fixedbank
     00008119  Ffixedbank$__str_11$0$0            fixedbank
     0000812D  Ffixedbank$__str_12$0$0            fixedbank
     00008141  Ffixedbank$__str_13$0$0            fixedbank
     00008155  Ffixedbank$__str_14$0$0            fixedbank
     00008169  Ffixedbank$__str_15$0$0            fixedbank
     0000817D  Ffixedbank$__str_16$0$0            fixedbank
     00008186  Ffixedbank$__str_17$0$0            fixedbank
     0000818F  Ffixedbank$__str_18$0$0            fixedbank
     00008198  Ffixedbank$__str_19$0$0            fixedbank
     000081A1  Ffixedbank$__str_20$0$0            fixedbank
     000081AA  Ffixedbank$__str_21$0$0            fixedbank
     000081C1  Ffixedbank$__str_22$0$0            fixedbank
     000081D9  Ffixedbank$__str_23$0$0            fixedbank
     000081E5  Ffixedbank$__str_24$0$0            fixedbank
     000081F1  Ffixedbank$__str_25$0$0            fixedbank
     000081FD  Ffixedbank$__str_26$0$0            fixedbank
     00008209  Ffixedbank$__str_27$0$0            fixedbank
     00008215  Ffixedbank$__str_28$0$0            fixedbank
     00008229  Ffixedbank$__str_29$0$0            fixedbank
     00008232  Ffixedbank$__str_30$0$0            fixedbank
     0000823B  Ffixedbank$__str_31$0$0            fixedbank
     0000824A  Ffixedbank$__str_32$0$0            fixedbank
     00008259  Ffixedbank$__str_33$0$0            fixedbank
     00008266  Ffixedbank$__str_34$0$0            fixedbank
     00008272  Ffixedbank$__str_35$0$0            fixedbank
     0000827E  Ffixedbank$__str_36$0$0            fixedbank
     0000828A  Ffixedbank$__str_37$0$0            fixedbank
     00008296  Ffixedbank$__str_38$0$0            fixedbank
     000082A2  Ffixedbank$__str_39$0$0            fixedbank
     000082AA  Ffixedbank$__str_40$0$0            fixedbank
     000082B7  Ffixedbank$__str_41$0$0            fixedbank
     000082C4  Ffixedbank$__str_42$0$0            fixedbank
     000082D2  Ffixedbank$__str_43$0$0            fixedbank
     000082EE  Ffixedbank$__str_44$0$0            fixedbank
     0000830A  Ffixedbank$__str_45$0$0            fixedbank
     00008326  Ffixedbank$__str_46$0$0            fixedbank
     00008342  Ffixedbank$__str_47$0$0            fixedbank
     0000835E  Ffixedbank$__str_48$0$0            fixedbank
     0000837A  Ffixedbank$__str_49$0$0            fixedbank
ASxxxx Linker V03.00 + NoICE + sdld,  page 218.
Hexadecimal  [32-Bits]

Area                                    Addr        Size        Decimal Bytes (Attributes)
--------------------------------        ----        ----        ------- ----- ------------
_BANK15                             00008000    000006AC =        1708. bytes (REL,CON)

      Value  Global                              Global Defined In Module
      -----  --------------------------------   ------------------------
     00008396  Ffixedbank$__str_50$0$0            fixedbank
     000083B2  Ffixedbank$__str_51$0$0            fixedbank
     000083CE  Ffixedbank$__str_52$0$0            fixedbank
     000083EA  Ffixedbank$__str_53$0$0            fixedbank
     00008406  Ffixedbank$__str_54$0$0            fixedbank
     00008422  Ffixedbank$__str_55$0$0            fixedbank
     0000843E  Ffixedbank$__str_56$0$0            fixedbank
     0000845A  Ffixedbank$__str_57$0$0            fixedbank
     00008476  Ffixedbank$__str_58$0$0            fixedbank
     00008492  Ffixedbank$__str_59$0$0            fixedbank
     0000849B  Ffixedbank$__str_60$0$0            fixedbank
     000084B7  Ffixedbank$__str_61$0$0            fixedbank
     000084D3  Ffixedbank$__str_62$0$0            fixedbank
     000084EF  Ffixedbank$__str_63$0$0            fixedbank
     0000850B  Ffixedbank$__str_64$0$0            fixedbank
     00008526  Ffixedbank$__str_65$0$0            fixedbank
     00008542  Ffixedbank$__str_66$0$0            fixedbank
     0000855E  Ffixedbank$__str_67$0$0            fixedbank
     0000857A  Ffixedbank$__str_68$0$0            fixedbank
     00008587  Ffixedbank$__str_69$0$0            fixedbank
     00008593  Ffixedbank$__str_70$0$0            fixedbank
     000085A8  Ffixedbank$__str_71$0$0            fixedbank
     000085BD  Ffixedbank$__str_72$0$0            fixedbank
     000085DA  Ffixedbank$__str_73$0$0            fixedbank
     000085F7  Ffixedbank$__str_74$0$0            fixedbank
     00008600  Ffixedbank$__str_75$0$0            fixedbank
     00008609  Ffixedbank$__str_76$0$0            fixedbank
     00008612  Ffixedbank$__str_77$0$0            fixedbank
     00008620  Ffixedbank$__str_78$0$0            fixedbank
     0000862E  Ffixedbank$__str_79$0$0            fixedbank
     00008649  Ffixedbank$__str_80$0$0            fixedbank
     00008665  Ffixedbank$__str_81$0$0            fixedbank
     00008681  Ffixedbank$__str_82$0$0            fixedbank
     00008691  Ffixedbank$__str_83$0$0            fixedbank
ASxxxx Linker V03.00 + NoICE + sdld,  page 219.
Hexadecimal  [32-Bits]

Area                                    Addr        Size        Decimal Bytes (Attributes)
--------------------------------        ----        ----        ------- ----- ------------
_CABS0                              00000000    00000010 =          16. bytes (ABS,CON)

      Value  Global                              Global Defined In Module
      -----  --------------------------------   ------------------------
     00007FF0  G$__SMS__SEGA_signature$0$0        _sms_manager
     00007FF0  ___SMS__SEGA_signature             _sms_manager

ASxxxx Linker V03.00 + NoICE + sdld,  page 220.
Hexadecimal  [32-Bits]

Area                                    Addr        Size        Decimal Bytes (Attributes)
--------------------------------        ----        ----        ------- ----- ------------
_CABS1                              00000000    0000000E =          14. bytes (ABS,CON)

      Value  Global                              Global Defined In Module
      -----  --------------------------------   ------------------------
     00007FD2  G$__SMS__SDSC_author$0$0           _sms_manager
     00007FD2  ___SMS__SDSC_author                _sms_manager

ASxxxx Linker V03.00 + NoICE + sdld,  page 221.
Hexadecimal  [32-Bits]

Area                                    Addr        Size        Decimal Bytes (Attributes)
--------------------------------        ----        ----        ------- ----- ------------
_CABS2                              00000000    00000007 =           7. bytes (ABS,CON)

      Value  Global                              Global Defined In Module
      -----  --------------------------------   ------------------------
     00007FCB  G$__SMS__SDSC_name$0$0             _sms_manager
     00007FCB  ___SMS__SDSC_name                  _sms_manager

ASxxxx Linker V03.00 + NoICE + sdld,  page 222.
Hexadecimal  [32-Bits]

Area                                    Addr        Size        Decimal Bytes (Attributes)
--------------------------------        ----        ----        ------- ----- ------------
_CABS3                              00000000    00000015 =          21. bytes (ABS,CON)

      Value  Global                              Global Defined In Module
      -----  --------------------------------   ------------------------
     00007FB6  G$__SMS__SDSC_descr$0$0            _sms_manager
     00007FB6  ___SMS__SDSC_descr                 _sms_manager

ASxxxx Linker V03.00 + NoICE + sdld,  page 223.
Hexadecimal  [32-Bits]

Area                                    Addr        Size        Decimal Bytes (Attributes)
--------------------------------        ----        ----        ------- ----- ------------
_CABS4                              00000000    00000010 =          16. bytes (ABS,CON)

      Value  Global                              Global Defined In Module
      -----  --------------------------------   ------------------------
     00007FE0  G$__SMS__SDSC_signature$0$0        _sms_manager
     00007FE0  ___SMS__SDSC_signature             _sms_manager

ASxxxx Linker V03.00 + NoICE + sdld,  page 224.

Files Linked                              [ module(s) ]

../crt0/crt0_sms.rel                      [ crt0 ]
main.rel                                  [ main ]
../lib/PSGlib.rel                         [ PSGlib ]
banks\bank2.rel                           [ bank2 ]
banks\bank3.rel                           [ bank3 ]
banks\bank4.rel                           [ bank4 ]
banks\bank5.rel                           [ bank5 ]
banks\bank6.rel                           [ bank6 ]
banks\bank7.rel                           [ bank7 ]
banks\bank8.rel                           [ bank8 ]
banks\bank9.rel                           [ bank9 ]
banks\bank10.rel                          [ bank10 ]
banks\bank11.rel                          [ bank11 ]
banks\bank12.rel                          [ bank12 ]
banks\bank13.rel                          [ bank13 ]
banks\bank14.rel                          [ bank14 ]
banks\fixedbank.rel                       [ fixedbank ]
devkit/_sms_manager.rel                   [ _sms_manager ]
devkit/_snd_manager.rel                   [ _snd_manager ]
engine/asm_manager.rel                    [ asm_manager ]
engine/audio_manager.rel                  [ audio_manager ]
engine/content_manager.rel                [ content_manager ]
engine/enum_manager.rel                   [ enum_manager ]
engine/enemy_manager.rel                  [ enemy_manager ]
engine/fight_manager.rel                  [ fight_manager ]
engine/font_manager.rel                   [ font_manager ]
engine/game_manager.rel                   [ game_manager ]
engine/global_manager.rel                 [ global_manager ]
engine/hack_manager.rel                   [ hack_manager ]
engine/input_manager.rel                  [ input_manager ]
engine/player_manager.rel                 [ player_manager ]
engine/sample_manager.rel                 [ sample_manager ]
engine/screen_manager.rel                 [ screen_manager ]
engine/select_manager.rel                 [ select_manager ]
engine/text_manager.rel                   [ text_manager ]
engine/timer_manager.rel                  [ timer_manager ]
object/audio_object.rel                   [ audio_object ]
object/enemy_object.rel                   [ enemy_object ]
object/game_object.rel                    [ game_object ]
object/hack_object.rel                    [ hack_object ]
object/player_object.rel                  [ player_object ]
object/select_object.rel                  [ select_object ]
object/timer_object.rel                   [ timer_object ]
screen/none_screen.rel                    [ none_screen ]
screen/splash_screen.rel                  [ splash_screen ]
screen/title_screen.rel                   [ title_screen ]
screen/intro_screen.rel                   [ intro_screen ]
screen/load_screen.rel                    [ load_screen ]
screen/stats_screen.rel                   [ stats_screen ]
screen/forest_screen.rel                  [ forest_screen ]
screen/victory_screen.rel                 [ victory_screen ]
screen/shop_screen.rel                    [ shop_screen ]
screen/talk_screen.rel                    [ talk_screen ]
screen/prep_screen.rel                    [ prep_screen ]
screen/boss_screen.rel                    [ boss_screen ]
screen/complete_screen.rel                [ complete_screen ]
screen/menu_screen.rel                    [ menu_screen ]
screen/over_screen.rel                    [ over_screen ]
screen/detail_screen.rel                  [ detail_screen ]
screen/record_screen.rel                  [ record_screen ]
screen/select_screen.rel                  [ select_screen ]
screen/test_screen.rel                    [ test_screen ]
screen/func_screen.rel                    [ func_screen ]
content/gfx.rel                           [ gfx ]


Libraries Linked                          [ object file ]

../lib/SMSlib.lib                         [ SMSlib_spriteAdv.rel ]
C:\Program Files\SDCC\bin\..\lib\z80/z80.lib
                                          [ divunsigned.rel ]
../lib/SMSlib.lib                         [ SMSlib_UNSAFE.rel ]
../lib/SMSlib.lib                         [ SMSlib.rel ]
C:\Program Files\SDCC\bin\..\lib\z80/z80.lib
                                          [ rand.rel ]
../lib/SMSlib.lib                         [ SMSlib_spriteClip.rel ]
../lib/SMSlib.lib                         [ SMSlib_VRAMmemset.rel ]
../lib/SMSlib.lib                         [ SMSlib_paletteAdv.rel ]
../lib/SMSlib.lib                         [ SMSlib_loadTiles.rel ]
../lib/SMSlib.lib                         [ SMSlib_VRAMmemcpy.rel ]
../lib/SMSlib.lib                         [ SMSlib_STMcomp.rel ]
C:\Program Files\SDCC\bin\..\lib\z80/z80.lib
                                          [ __sdcc_call_hl.rel ]
../lib/SMSlib.lib                         [ SMSlib_PSGaiden.rel ]
../lib/SMSlib.lib                         [ SMSlib_loadTileMapArea.rel ]
C:\Program Files\SDCC\bin\..\lib\z80/z80.lib
                                          [ modsigned.rel ]
../lib/SMSlib.lib                         [ SMSlib_loadTileMap.rel ]
C:\Program Files\SDCC\bin\..\lib\z80/z80.lib
                                          [ modunsigned.rel ]
C:\Program Files\SDCC\bin\..\lib\z80/z80.lib
                                          [ divsigned.rel ]

ASxxxx Linker V03.00 + NoICE + sdld,  page 225.

User Base Address Definitions

_CODE = 0x0200
_DATA = 0xc000
_BANK2=0x8000
_BANK3=0x8000
_BANK4=0x8000
_BANK5=0x8000
_BANK6=0x8000
_BANK7=0x8000
_BANK8=0x8000
_BANK9=0x8000
_BANK10=0x8000
_BANK11=0x8000
_BANK12=0x8000
_BANK13=0x8000
_BANK14=0x8000
_BANK15=0x8000

