ASxxxx Linker V03.00 + NoICE + sdld,  page 1.
Hexadecimal  [32-Bits]

Area                                    Addr        Size        Decimal Bytes (Attributes)
--------------------------------        ----        ----        ------- ----- ------------
.  .ABS.                            00000000    00000000 =           0. bytes (ABS,CON)

      Value  Global                              Global Defined In Module
      -----  --------------------------------   ------------------------
     00000000  .__.ABS.                           
     00000000  l__BSEG                         
     00000000  l__BSS                          
     00000000  l__CABS                         
     00000000  l__DABS                         
     00000000  l__HEADER                       
     00000000  l__HEAP                         
     00000000  l__HOME                         
     00000000  s__CABS                         
     00000000  s__CABS0                        
     00000000  s__CABS1                        
     00000000  s__CABS2                        
     00000000  s__CABS3                        
     00000000  s__CABS4                        
     00000000  s__DABS                         
     00000000  s__HEADER                       
     00000000  s__HEADER0                      
     00000000  s__HEADER1                      
     00000000  s__HEADER2                      
     00000000  s__HEADER3                      
     00000000  s__HEADER4                      
     00000000  s__HEADER5                      
     00000001  l__GSFINAL                      
     00000003  l__HEADER3                      
     00000003  l__HEADER4                      
     00000006  l__HEADER0                      
     00000009  l__CABS2                        
     00000009  l__HEADER1                      
     0000000A  l__HEADER2                      
     0000000B  l__INITIALIZED                  
     0000000B  l__INITIALIZER                  
     0000000F  l__GSINIT                       
     00000010  l__CABS0                        
     00000010  l__CABS4                        
     00000011  l__CABS1                        
     00000019  l__CABS3                        
     000000BE  G$VDPDataPort$0_0$0                asm_manager
     000000BF  G$VDPControlPort$0_0$0             asm_manager
     0000012A  l__HEADER5                      
     00000200  s__CODE                         
     0000028B  l__DATA                         
     00002C81  l__BANK4                        
     00003C68  l__CODE                         
     00003E68  s__HOME                         
     00003E68  s__INITIALIZER                  
     00003E73  s__GSINIT                       
     00003E82  s__GSFINAL                      
     00003F06  l__BANK3                        
     00003F25  l__BANK2                        
     00008000  G$SMS_SRAM$0_0$0                   _sms_manager
ASxxxx Linker V03.00 + NoICE + sdld,  page 2.
Hexadecimal  [32-Bits]

Area                                    Addr        Size        Decimal Bytes (Attributes)
--------------------------------        ----        ----        ------- ----- ------------
.  .ABS.                            00000000    00000000 =           0. bytes (ABS,CON)

      Value  Global                              Global Defined In Module
      -----  --------------------------------   ------------------------
     00008000  _SMS_SRAM                          SMSlib_autotext
     00008000  s__BANK2                        
     00008000  s__BANK3                        
     00008000  s__BANK4                        
     0000C000  s__DATA                         
     0000C28B  s__INITIALIZED                  
     0000C296  s__BSEG                         
     0000C296  s__BSS                          
     0000C296  s__HEAP                         
     0000FFFC  G$SRAM_bank_to_be_mapped_on_slot   _sms_manager
     0000FFFC  _SRAM_bank_to_be_mapped_on_slot2   SMSlib_autotext
     0000FFFF  G$ROM_bank_to_be_mapped_on_slot2   _sms_manager
     0000FFFF  _ROM_bank_to_be_mapped_on_slot2    SMSlib_autotext
ASxxxx Linker V03.00 + NoICE + sdld,  page 3.
Hexadecimal  [32-Bits]

Area                                    Addr        Size        Decimal Bytes (Attributes)
--------------------------------        ----        ----        ------- ----- ------------
_CODE                               00000200    00003C68 =       15464. bytes (REL,CON)

      Value  Global                              Global Defined In Module
      -----  --------------------------------   ------------------------
     00000200  __clock                            crt0
     00000204  _exit                              crt0
     0000020A  A$main$71                          main
     0000020A  C$main.c$3$0_0$125                 main
     0000020A  C$main.c$8$1_0$125                 main
     0000020A  G$main$0$0                         main
     0000020A  _main                              main
     0000020D  A$main$75                          main
     0000020D  C$main.c$9$1_0$125                 main
     00000210  A$main$79                          main
     00000210  C$main.c$14$1_0$125                main
     00000212  A$main$80                          main
     00000213  A$main$81                          main
     00000214  A$main$82                          main
     00000217  A$main$83                          main
     00000218  A$main$87                          main
     00000218  C$main.c$15$1_0$125                main
     0000021B  A$main$91                          main
     0000021B  C$main.c$17$1_0$125                main
     0000021E  A$main$95                          main
     0000021E  C$main.c$18$1_0$125                main
     00000221  A$main$96                          main
     00000222  A$main$97                          main
     00000223  A$main$98                          main
     00000224  A$main$99                          main
     00000227  A$main$100                         main
     00000228  A$main$104                         main
     00000228  C$main.c$19$1_0$125                main
     00000229  A$main$105                         main
     0000022A  A$main$106                         main
     0000022B  A$main$107                         main
     0000022E  A$main$108                         main
     0000022F  A$main$112                         main
     0000022F  C$main.c$20$1_0$125                main
     00000232  A$main$113                         main
     00000233  A$main$114                         main
     00000236  A$main$115                         main
     00000237  A$main$120                         main
     00000237  C$main.c$24$3_0$127                main
     0000023A  A$main$124                         main
     0000023A  C$main.c$25$3_0$127                main
     0000023D  A$main$128                         main
     0000023D  C$main.c$27$3_0$127                main
     00000240  A$main$132                         main
     00000240  C$main.c$29$3_0$127                main
     00000243  A$main$136                         main
     00000243  C$main.c$31$3_0$127                main
     00000246  A$main$140                         main
     00000246  C$main.c$33$3_0$127                main
     00000249  A$main$148                         main
ASxxxx Linker V03.00 + NoICE + sdld,  page 4.
Hexadecimal  [32-Bits]

Area                                    Addr        Size        Decimal Bytes (Attributes)
--------------------------------        ----        ----        ------- ----- ------------
_CODE                               00000200    00003C68 =       15464. bytes (REL,CON)

      Value  Global                              Global Defined In Module
      -----  --------------------------------   ------------------------
     00000249  C$main.c$35$2_0$125                main
     00000249  XG$main$0$0                        main
     0000024B  _PSGStop                           PSGlib
     00000272  _PSGResume                         PSGlib
     000002BE  _PSGPlay                           PSGlib
     000002EB  _PSGPlayLoops                      PSGlib
     00000302  _PSGCancelLoop                     PSGlib
     0000030D  _PSGPlayNoRepeat                   PSGlib
     00000321  _PSGGetStatus                      PSGlib
     00000326  _PSGSilenceChannels                PSGlib
     00000337  _PSGRestoreVolumes                 PSGlib
     00000432  _PSGSetMusicVolumeAttenuation      PSGlib
     00000516  _PSGSFXStop                        PSGlib
     000005DE  _PSGSFXPlay                        PSGlib
     0000062B  _PSGSFXCancelLoop                  PSGlib
     00000631  _PSGSFXGetStatus                   PSGlib
     00000636  _PSGSFXPlayLoop                    PSGlib
     00000653  _PSGFrame                          PSGlib
     00000777  _PSGSFXFrame                       PSGlib
     000007FD  A$GSLib$78                         GSLib
     000007FD  C$GSLib.c$56$0_0$8                 GSLib
     000007FD  C$GSLib.c$68$1_0$8                 GSLib
     000007FD  G$GSL_positionWindow$0$0           GSLib
     000007FD  _GSL_positionWindow                GSLib
     000007FE  A$GSLib$79                         GSLib
     000007FF  A$GSLib$80                         GSLib
     00000800  A$GSLib$81                         GSLib
     00000801  A$GSLib$82                         GSLib
     00000802  A$GSLib$83                         GSLib
     00000803  A$GSLib$84                         GSLib
     00000806  A$GSLib$92                         GSLib
     00000806  C$GSLib.c$69$1_0$8                 GSLib
     00000806  XG$GSL_positionWindow$0$0          GSLib
     00000807  A$GSLib$105                        GSLib
     00000807  C$GSLib.c$73$1_0$10                GSLib
     00000807  C$GSLib.c$84$1_0$10                GSLib
     00000807  G$GSL_metatileLookup$0$0           GSLib
     00000807  _GSL_metatileLookup                GSLib
     00000808  A$GSLib$106                        GSLib
     00000809  A$GSLib$107                        GSLib
     0000080A  A$GSLib$108                        GSLib
     0000080B  A$GSLib$109                        GSLib
     0000080C  A$GSLib$110                        GSLib
     0000080D  A$GSLib$111                        GSLib
     00000810  A$GSLib$119                        GSLib
     00000810  C$GSLib.c$85$1_0$10                GSLib
     00000810  XG$GSL_metatileLookup$0$0          GSLib
     00000811  A$GSLib$132                        GSLib
     00000811  C$GSLib.c$101$1_0$12               GSLib
     00000811  C$GSLib.c$89$1_0$12                GSLib
     00000811  G$GSL_tileLookup$0$0               GSLib
ASxxxx Linker V03.00 + NoICE + sdld,  page 5.
Hexadecimal  [32-Bits]

Area                                    Addr        Size        Decimal Bytes (Attributes)
--------------------------------        ----        ----        ------- ----- ------------
_CODE                               00000200    00003C68 =       15464. bytes (REL,CON)

      Value  Global                              Global Defined In Module
      -----  --------------------------------   ------------------------
     00000811  _GSL_tileLookup                    GSLib
     00000812  A$GSLib$133                        GSLib
     00000813  A$GSLib$134                        GSLib
     00000814  A$GSLib$135                        GSLib
     00000815  A$GSLib$136                        GSLib
     00000816  A$GSLib$137                        GSLib
     00000817  A$GSLib$138                        GSLib
     0000081A  A$GSLib$146                        GSLib
     0000081A  C$GSLib.c$102$1_0$12               GSLib
     0000081A  XG$GSL_tileLookup$0$0              GSLib
     0000081B  A$GSLib$159                        GSLib
     0000081B  C$GSLib.c$106$1_0$13               GSLib
     0000081B  C$GSLib.c$112$1_0$13               GSLib
     0000081B  G$GSL_refreshVDP$0$0               GSLib
     0000081B  _GSL_refreshVDP                    GSLib
     0000081D  A$GSLib$160                        GSLib
     00000820  A$GSLib$161                        GSLib
     00000822  A$GSLib$169                        GSLib
     00000822  C$GSLib.c$113$1_0$13               GSLib
     00000822  XG$GSL_refreshVDP$0$0              GSLib
     00000823  A$GSLib$182                        GSLib
     00000823  C$GSLib.c$117$1_0$15               GSLib
     00000823  C$GSLib.c$135$1_0$15               GSLib
     00000823  G$GSL_scroll$0$0                   GSLib
     00000823  _GSL_scroll                        GSLib
     00000824  A$GSLib$183                        GSLib
     00000825  A$GSLib$184                        GSLib
     00000826  A$GSLib$185                        GSLib
     00000827  A$GSLib$186                        GSLib
     00000829  A$GSLib$187                        GSLib
     0000082A  A$GSLib$188                        GSLib
     0000082D  A$GSLib$189                        GSLib
     0000082E  A$GSLib$190                        GSLib
     00000831  A$GSLib$191                        GSLib
     00000834  A$GSLib$192                        GSLib
     00000836  A$GSLib$200                        GSLib
     00000836  C$GSLib.c$136$1_0$15               GSLib
     00000836  XG$GSL_scroll$0$0                  GSLib
     00000837  A$GSLib$213                        GSLib
     00000837  C$GSLib.c$140$1_0$16               GSLib
     00000837  C$GSLib.c$146$1_0$16               GSLib
     00000837  G$GSL_VBlank$0$0                   GSLib
     00000837  _GSL_VBlank                        GSLib
     00000839  A$GSLib$214                        GSLib
     0000083C  A$GSLib$215                        GSLib
     0000083E  A$GSLib$223                        GSLib
     0000083E  C$GSLib.c$147$1_0$16               GSLib
     0000083E  XG$GSL_VBlank$0$0                  GSLib
     0000083F  A$GSLib$236                        GSLib
     0000083F  C$GSLib.c$151$1_0$17               GSLib
     0000083F  C$GSLib.c$155$1_0$17               GSLib
ASxxxx Linker V03.00 + NoICE + sdld,  page 6.
Hexadecimal  [32-Bits]

Area                                    Addr        Size        Decimal Bytes (Attributes)
--------------------------------        ----        ----        ------- ----- ------------
_CODE                               00000200    00003C68 =       15464. bytes (REL,CON)

      Value  Global                              Global Defined In Module
      -----  --------------------------------   ------------------------
     0000083F  G$GSL_metatileUpdate$0$0           GSLib
     0000083F  _GSL_metatileUpdate                GSLib
     00000842  A$GSLib$244                        GSLib
     00000842  C$GSLib.c$156$1_0$17               GSLib
     00000842  XG$GSL_metatileUpdate$0$0          GSLib
     00000843  A$GSLib$257                        GSLib
     00000843  C$GSLib.c$160$1_0$19               GSLib
     00000843  C$GSLib.c$178$1_0$19               GSLib
     00000843  G$GSL_metatileUpdateCustom$0$0     GSLib
     00000843  _GSL_metatileUpdateCustom          GSLib
     00000844  A$GSLib$258                        GSLib
     00000845  A$GSLib$259                        GSLib
     00000848  A$GSLib$260                        GSLib
     00000849  A$GSLib$261                        GSLib
     0000084C  A$GSLib$262                        GSLib
     0000084D  A$GSLib$263                        GSLib
     00000851  A$GSLib$264                        GSLib
     00000852  A$GSLib$265                        GSLib
     00000855  A$GSLib$266                        GSLib
     00000856  A$GSLib$267                        GSLib
     00000857  A$GSLib$268                        GSLib
     00000858  A$GSLib$269                        GSLib
     00000859  A$GSLib$270                        GSLib
     0000085C  A$GSLib$278                        GSLib
     0000085C  C$GSLib.c$179$1_0$19               GSLib
     0000085C  XG$GSL_metatileUpdateCustom$0$0    GSLib
     0000085D  A$GSLib$291                        GSLib
     0000085D  C$GSLib.c$182$1_0$20               GSLib
     0000085D  C$GSLib.c$184$1_0$20               GSLib
     0000085D  G$GSL_getMapWidthInPixels$0$0      GSLib
     0000085D  _GSL_getMapWidthInPixels           GSLib
     00000860  A$GSLib$299                        GSLib
     00000860  C$GSLib.c$185$1_0$20               GSLib
     00000860  XG$GSL_getMapWidthInPixels$0$0     GSLib
     00000861  A$GSLib$312                        GSLib
     00000861  C$GSLib.c$189$1_0$21               GSLib
     00000861  C$GSLib.c$191$1_0$21               GSLib
     00000861  G$GSL_getMapHeightInPixels$0$0     GSLib
     00000861  _GSL_getMapHeightInPixels          GSLib
     00000864  A$GSLib$320                        GSLib
     00000864  C$GSLib.c$192$1_0$21               GSLib
     00000864  XG$GSL_getMapHeightInPixels$0$0    GSLib
     00000865  A$GSLib$333                        GSLib
     00000865  C$GSLib.c$196$1_0$22               GSLib
     00000865  C$GSLib.c$198$1_0$22               GSLib
     00000865  G$GSL_getMapWidthInMetatiles$0$0   GSLib
     00000865  _GSL_getMapWidthInMetatiles        GSLib
     00000868  A$GSLib$341                        GSLib
     00000868  C$GSLib.c$199$1_0$22               GSLib
     00000868  XG$GSL_getMapWidthInMetatiles$0$   GSLib
     00000869  A$GSLib$354                        GSLib
ASxxxx Linker V03.00 + NoICE + sdld,  page 7.
Hexadecimal  [32-Bits]

Area                                    Addr        Size        Decimal Bytes (Attributes)
--------------------------------        ----        ----        ------- ----- ------------
_CODE                               00000200    00003C68 =       15464. bytes (REL,CON)

      Value  Global                              Global Defined In Module
      -----  --------------------------------   ------------------------
     00000869  C$GSLib.c$203$1_0$23               GSLib
     00000869  C$GSLib.c$205$1_0$23               GSLib
     00000869  G$GSL_getMapHeightInMetatiles$0$   GSLib
     00000869  _GSL_getMapHeightInMetatiles       GSLib
     0000086C  A$GSLib$362                        GSLib
     0000086C  C$GSLib.c$206$1_0$23               GSLib
     0000086C  XG$GSL_getMapHeightInMetatiles$0   GSLib
     0000086D  A$GSLib$375                        GSLib
     0000086D  C$GSLib.c$210$1_0$24               GSLib
     0000086D  C$GSLib.c$212$1_0$24               GSLib
     0000086D  G$GSL_getScrolltableSize$0$0       GSLib
     0000086D  _GSL_getScrolltableSize            GSLib
     00000870  A$GSLib$383                        GSLib
     00000870  C$GSLib.c$213$1_0$24               GSLib
     00000870  XG$GSL_getScrolltableSize$0$0      GSLib
     00000871  A$GSLib$396                        GSLib
     00000871  C$GSLib.c$217$1_0$25               GSLib
     00000871  C$GSLib.c$219$1_0$25               GSLib
     00000871  G$GSL_getCurrentX$0$0              GSLib
     00000871  _GSL_getCurrentX                   GSLib
     00000874  A$GSLib$404                        GSLib
     00000874  C$GSLib.c$220$1_0$25               GSLib
     00000874  XG$GSL_getCurrentX$0$0             GSLib
     00000875  A$GSLib$417                        GSLib
     00000875  C$GSLib.c$224$1_0$26               GSLib
     00000875  C$GSLib.c$226$1_0$26               GSLib
     00000875  G$GSL_getCurrentY$0$0              GSLib
     00000875  _GSL_getCurrentY                   GSLib
     00000878  A$GSLib$425                        GSLib
     00000878  C$GSLib.c$227$1_0$26               GSLib
     00000878  XG$GSL_getCurrentY$0$0             GSLib
     00000879  A$GSLib$438                        GSLib
     00000879  C$GSLib.c$231$1_0$27               GSLib
     00000879  C$GSLib.c$233$1_0$27               GSLib
     00000879  G$GSL_getCollisionCount$0$0        GSLib
     00000879  _GSL_getCollisionCount             GSLib
     0000087C  A$GSLib$439                        GSLib
     0000087D  A$GSLib$447                        GSLib
     0000087D  C$GSLib.c$234$1_0$27               GSLib
     0000087D  XG$GSL_getCollisionCount$0$0       GSLib
     0000087E  A$GSLib$460                        GSLib
     0000087E  C$GSLib.c$237$1_0$28               GSLib
     0000087E  C$GSLib.c$239$1_0$28               GSLib
     0000087E  G$GSL_getScrolltableAddress$0$0    GSLib
     0000087E  _GSL_getScrolltableAddress         GSLib
     00000881  A$GSLib$468                        GSLib
     00000881  C$GSLib.c$240$1_0$28               GSLib
     00000881  XG$GSL_getScrolltableAddress$0$0   GSLib
     00000882  A$GSLib$481                        GSLib
     00000882  C$GSLib.c$1724$1_0$30              GSLib
     00000882  C$GSLib.c$244$1_0$30               GSLib
ASxxxx Linker V03.00 + NoICE + sdld,  page 8.
Hexadecimal  [32-Bits]

Area                                    Addr        Size        Decimal Bytes (Attributes)
--------------------------------        ----        ----        ------- ----- ------------
_CODE                               00000200    00003C68 =       15464. bytes (REL,CON)

      Value  Global                              Global Defined In Module
      -----  --------------------------------   ------------------------
     00000882  G$GSL_initializeMap$0$0            GSLib
     00000882  _GSL_initializeMap                 GSLib
     00000883  A$GSLib$482                        GSLib
     00000884  A$GSLib$483                        GSLib
     00000885  A$GSLib$484                        GSLib
     00000886  A$GSLib$485                        GSLib
     00000887  A$GSLib$486                        GSLib
     00000888  A$GSLib$487                        GSLib
     0000088B  A$GSLib$488                        GSLib
     0000088E  A$GSLib$493                        GSLib
     00000892  A$GSLib$495                        GSLib
     00000893  A$GSLib$496                        GSLib
     00000894  A$GSLib$497                        GSLib
     00000895  A$GSLib$498                        GSLib
     00000896  A$GSLib$499                        GSLib
     00000899  A$GSLib$501                        GSLib
     0000089C  A$GSLib$502                        GSLib
     0000089F  A$GSLib$503                        GSLib
     000008A1  A$GSLib$505                        GSLib
     000008A4  A$GSLib$507                        GSLib
     000008A7  A$GSLib$508                        GSLib
     000008AA  A$GSLib$509                        GSLib
     000008AB  A$GSLib$510                        GSLib
     000008AE  A$GSLib$511                        GSLib
     000008B1  A$GSLib$512                        GSLib
     000008B4  A$GSLib$513                        GSLib
     000008B5  A$GSLib$516                        GSLib
     000008B9  A$GSLib$517                        GSLib
     000008BC  A$GSLib$519                        GSLib
     000008BF  A$GSLib$521                        GSLib
     000008C2  A$GSLib$524                        GSLib
     000008C5  A$GSLib$525                        GSLib
     000008C7  A$GSLib$526                        GSLib
     000008C9  A$GSLib$528                        GSLib
     000008CB  A$GSLib$529                        GSLib
     000008CC  A$GSLib$530                        GSLib
     000008CE  A$GSLib$531                        GSLib
     000008CF  A$GSLib$532                        GSLib
     000008D1  A$GSLib$534                        GSLib
     000008D2  A$GSLib$535                        GSLib
     000008D3  A$GSLib$536                        GSLib
     000008D4  A$GSLib$538                        GSLib
     000008D6  A$GSLib$539                        GSLib
     000008D7  A$GSLib$540                        GSLib
     000008D8  A$GSLib$541                        GSLib
     000008D9  A$GSLib$543                        GSLib
     000008DA  A$GSLib$544                        GSLib
     000008DD  A$GSLib$547                        GSLib
     000008DF  A$GSLib$548                        GSLib
     000008E0  A$GSLib$549                        GSLib
     000008E1  A$GSLib$550                        GSLib
ASxxxx Linker V03.00 + NoICE + sdld,  page 9.
Hexadecimal  [32-Bits]

Area                                    Addr        Size        Decimal Bytes (Attributes)
--------------------------------        ----        ----        ------- ----- ------------
_CODE                               00000200    00003C68 =       15464. bytes (REL,CON)

      Value  Global                              Global Defined In Module
      -----  --------------------------------   ------------------------
     000008E2  A$GSLib$551                        GSLib
     000008E3  A$GSLib$552                        GSLib
     000008E4  A$GSLib$553                        GSLib
     000008E5  A$GSLib$554                        GSLib
     000008E6  A$GSLib$555                        GSLib
     000008E7  A$GSLib$558                        GSLib
     000008EA  A$GSLib$559                        GSLib
     000008EC  A$GSLib$560                        GSLib
     000008ED  A$GSLib$561                        GSLib
     000008EE  A$GSLib$562                        GSLib
     000008EF  A$GSLib$563                        GSLib
     000008F0  A$GSLib$565                        GSLib
     000008F3  A$GSLib$566                        GSLib
     000008F4  A$GSLib$568                        GSLib
     000008F5  A$GSLib$569                        GSLib
     000008F6  A$GSLib$570                        GSLib
     000008F9  A$GSLib$572                        GSLib
     000008FC  A$GSLib$573                        GSLib
     000008FE  A$GSLib$574                        GSLib
     00000900  A$GSLib$575                        GSLib
     00000902  A$GSLib$576                        GSLib
     00000905  A$GSLib$577                        GSLib
     00000907  A$GSLib$578                        GSLib
     00000909  A$GSLib$579                        GSLib
     0000090B  A$GSLib$580                        GSLib
     0000090C  A$GSLib$583                        GSLib
     0000090F  A$GSLib$584                        GSLib
     00000913  A$GSLib$586                        GSLib
     00000914  A$GSLib$587                        GSLib
     00000916  A$GSLib$588                        GSLib
     00000917  A$GSLib$589                        GSLib
     00000919  A$GSLib$590                        GSLib
     0000091A  A$GSLib$591                        GSLib
     0000091C  A$GSLib$592                        GSLib
     0000091D  A$GSLib$593                        GSLib
     0000091F  A$GSLib$594                        GSLib
     00000920  A$GSLib$595                        GSLib
     00000921  A$GSLib$597                        GSLib
     00000925  A$GSLib$598                        GSLib
     00000928  A$GSLib$599                        GSLib
     00000929  A$GSLib$600                        GSLib
     0000092B  A$GSLib$602                        GSLib
     0000092C  A$GSLib$603                        GSLib
     0000092E  A$GSLib$604                        GSLib
     0000092F  A$GSLib$605                        GSLib
     00000931  A$GSLib$606                        GSLib
     00000932  A$GSLib$608                        GSLib
     00000934  A$GSLib$610                        GSLib
     00000938  A$GSLib$611                        GSLib
     00000939  A$GSLib$612                        GSLib
     0000093B  A$GSLib$613                        GSLib
ASxxxx Linker V03.00 + NoICE + sdld,  page 10.
Hexadecimal  [32-Bits]

Area                                    Addr        Size        Decimal Bytes (Attributes)
--------------------------------        ----        ----        ------- ----- ------------
_CODE                               00000200    00003C68 =       15464. bytes (REL,CON)

      Value  Global                              Global Defined In Module
      -----  --------------------------------   ------------------------
     0000093C  A$GSLib$614                        GSLib
     0000093E  A$GSLib$615                        GSLib
     0000093F  A$GSLib$616                        GSLib
     00000941  A$GSLib$617                        GSLib
     00000942  A$GSLib$618                        GSLib
     00000944  A$GSLib$619                        GSLib
     00000945  A$GSLib$620                        GSLib
     00000946  A$GSLib$621                        GSLib
     00000947  A$GSLib$623                        GSLib
     0000094B  A$GSLib$624                        GSLib
     0000094C  A$GSLib$626                        GSLib
     0000094F  A$GSLib$627                        GSLib
     00000950  A$GSLib$630                        GSLib
     00000952  A$GSLib$631                        GSLib
     00000953  A$GSLib$632                        GSLib
     00000954  A$GSLib$633                        GSLib
     00000955  A$GSLib$634                        GSLib
     00000956  A$GSLib$635                        GSLib
     00000958  A$GSLib$636                        GSLib
     00000959  A$GSLib$637                        GSLib
     0000095A  A$GSLib$638                        GSLib
     0000095B  A$GSLib$639                        GSLib
     0000095C  A$GSLib$641                        GSLib
     0000095F  A$GSLib$643                        GSLib
     00000960  A$GSLib$644                        GSLib
     00000961  A$GSLib$645                        GSLib
     00000963  A$GSLib$646                        GSLib
     00000964  A$GSLib$647                        GSLib
     00000965  A$GSLib$648                        GSLib
     00000967  A$GSLib$649                        GSLib
     00000968  A$GSLib$650                        GSLib
     00000969  A$GSLib$651                        GSLib
     0000096A  A$GSLib$652                        GSLib
     0000096B  A$GSLib$653                        GSLib
     0000096F  A$GSLib$654                        GSLib
     00000970  A$GSLib$656                        GSLib
     00000971  A$GSLib$657                        GSLib
     00000972  A$GSLib$658                        GSLib
     00000973  A$GSLib$659                        GSLib
     00000974  A$GSLib$660                        GSLib
     00000975  A$GSLib$663                        GSLib
     00000978  A$GSLib$664                        GSLib
     0000097B  A$GSLib$666                        GSLib
     0000097E  A$GSLib$667                        GSLib
     00000981  A$GSLib$668                        GSLib
     00000984  A$GSLib$669                        GSLib
     00000986  A$GSLib$670                        GSLib
     00000988  A$GSLib$671                        GSLib
     0000098A  A$GSLib$672                        GSLib
     0000098C  A$GSLib$673                        GSLib
     0000098F  A$GSLib$674                        GSLib
ASxxxx Linker V03.00 + NoICE + sdld,  page 11.
Hexadecimal  [32-Bits]

Area                                    Addr        Size        Decimal Bytes (Attributes)
--------------------------------        ----        ----        ------- ----- ------------
_CODE                               00000200    00003C68 =       15464. bytes (REL,CON)

      Value  Global                              Global Defined In Module
      -----  --------------------------------   ------------------------
     00000991  A$GSLib$675                        GSLib
     00000994  A$GSLib$678                        GSLib
     00000997  A$GSLib$679                        GSLib
     00000999  A$GSLib$680                        GSLib
     0000099B  A$GSLib$681                        GSLib
     0000099D  A$GSLib$683                        GSLib
     000009A1  A$GSLib$684                        GSLib
     000009A4  A$GSLib$685                        GSLib
     000009A7  A$GSLib$687                        GSLib
     000009A8  A$GSLib$688                        GSLib
     000009AA  A$GSLib$690                        GSLib
     000009AD  A$GSLib$691                        GSLib
     000009AF  A$GSLib$692                        GSLib
     000009B0  A$GSLib$693                        GSLib
     000009B3  A$GSLib$694                        GSLib
     000009B6  A$GSLib$696                        GSLib
     000009B9  A$GSLib$697                        GSLib
     000009BA  A$GSLib$698                        GSLib
     000009BB  A$GSLib$699                        GSLib
     000009BD  A$GSLib$700                        GSLib
     000009BF  A$GSLib$701                        GSLib
     000009C2  A$GSLib$702                        GSLib
     000009C3  A$GSLib$703                        GSLib
     000009C4  A$GSLib$704                        GSLib
     000009C5  A$GSLib$705                        GSLib
     000009C6  A$GSLib$707                        GSLib
     000009C9  A$GSLib$708                        GSLib
     000009CB  A$GSLib$709                        GSLib
     000009CD  A$GSLib$710                        GSLib
     000009CE  A$GSLib$711                        GSLib
     000009CF  A$GSLib$712                        GSLib
     000009D0  A$GSLib$713                        GSLib
     000009D2  A$GSLib$714                        GSLib
     000009D3  A$GSLib$715                        GSLib
     000009D5  A$GSLib$716                        GSLib
     000009D6  A$GSLib$718                        GSLib
     000009D8  A$GSLib$720                        GSLib
     000009DA  A$GSLib$721                        GSLib
     000009DB  A$GSLib$722                        GSLib
     000009DE  A$GSLib$724                        GSLib
     000009E2  A$GSLib$725                        GSLib
     000009E4  A$GSLib$726                        GSLib
     000009E6  A$GSLib$727                        GSLib
     000009E7  A$GSLib$728                        GSLib
     000009E9  A$GSLib$729                        GSLib
     000009EB  A$GSLib$731                        GSLib
     000009EE  A$GSLib$732                        GSLib
     000009F0  A$GSLib$733                        GSLib
     000009F2  A$GSLib$734                        GSLib
     000009F3  A$GSLib$735                        GSLib
     000009F4  A$GSLib$736                        GSLib
ASxxxx Linker V03.00 + NoICE + sdld,  page 12.
Hexadecimal  [32-Bits]

Area                                    Addr        Size        Decimal Bytes (Attributes)
--------------------------------        ----        ----        ------- ----- ------------
_CODE                               00000200    00003C68 =       15464. bytes (REL,CON)

      Value  Global                              Global Defined In Module
      -----  --------------------------------   ------------------------
     000009F5  A$GSLib$737                        GSLib
     000009F7  A$GSLib$740                        GSLib
     000009F9  A$GSLib$741                        GSLib
     000009FA  A$GSLib$742                        GSLib
     000009FD  A$GSLib$745                        GSLib
     00000A00  A$GSLib$746                        GSLib
     00000A03  A$GSLib$747                        GSLib
     00000A04  A$GSLib$748                        GSLib
     00000A07  A$GSLib$750                        GSLib
     00000A0A  A$GSLib$751                        GSLib
     00000A0B  A$GSLib$752                        GSLib
     00000A0C  A$GSLib$753                        GSLib
     00000A0F  A$GSLib$755                        GSLib
     00000A12  A$GSLib$756                        GSLib
     00000A13  A$GSLib$757                        GSLib
     00000A16  A$GSLib$758                        GSLib
     00000A19  A$GSLib$759                        GSLib
     00000A1C  A$GSLib$760                        GSLib
     00000A1E  A$GSLib$761                        GSLib
     00000A20  A$GSLib$762                        GSLib
     00000A21  A$GSLib$763                        GSLib
     00000A22  A$GSLib$764                        GSLib
     00000A25  A$GSLib$767                        GSLib
     00000A28  A$GSLib$768                        GSLib
     00000A2A  A$GSLib$769                        GSLib
     00000A2C  A$GSLib$770                        GSLib
     00000A2D  A$GSLib$771                        GSLib
     00000A30  A$GSLib$772                        GSLib
     00000A33  A$GSLib$775                        GSLib
     00000A36  A$GSLib$776                        GSLib
     00000A3A  A$GSLib$778                        GSLib
     00000A3D  A$GSLib$779                        GSLib
     00000A3E  A$GSLib$780                        GSLib
     00000A41  A$GSLib$784                        GSLib
     00000A44  A$GSLib$785                        GSLib
     00000A46  A$GSLib$786                        GSLib
     00000A48  A$GSLib$788                        GSLib
     00000A4A  A$GSLib$789                        GSLib
     00000A4B  A$GSLib$790                        GSLib
     00000A4D  A$GSLib$791                        GSLib
     00000A4E  A$GSLib$792                        GSLib
     00000A50  A$GSLib$794                        GSLib
     00000A51  A$GSLib$795                        GSLib
     00000A52  A$GSLib$796                        GSLib
     00000A53  A$GSLib$798                        GSLib
     00000A55  A$GSLib$799                        GSLib
     00000A56  A$GSLib$800                        GSLib
     00000A57  A$GSLib$801                        GSLib
     00000A58  A$GSLib$802                        GSLib
     00000A59  A$GSLib$803                        GSLib
     00000A5A  A$GSLib$804                        GSLib
ASxxxx Linker V03.00 + NoICE + sdld,  page 13.
Hexadecimal  [32-Bits]

Area                                    Addr        Size        Decimal Bytes (Attributes)
--------------------------------        ----        ----        ------- ----- ------------
_CODE                               00000200    00003C68 =       15464. bytes (REL,CON)

      Value  Global                              Global Defined In Module
      -----  --------------------------------   ------------------------
     00000A5B  A$GSLib$805                        GSLib
     00000A5C  A$GSLib$806                        GSLib
     00000A5D  A$GSLib$807                        GSLib
     00000A5F  A$GSLib$808                        GSLib
     00000A61  A$GSLib$809                        GSLib
     00000A62  A$GSLib$810                        GSLib
     00000A63  A$GSLib$811                        GSLib
     00000A64  A$GSLib$812                        GSLib
     00000A65  A$GSLib$813                        GSLib
     00000A67  A$GSLib$814                        GSLib
     00000A69  A$GSLib$816                        GSLib
     00000A6C  A$GSLib$817                        GSLib
     00000A6E  A$GSLib$818                        GSLib
     00000A6F  A$GSLib$819                        GSLib
     00000A70  A$GSLib$820                        GSLib
     00000A71  A$GSLib$821                        GSLib
     00000A72  A$GSLib$823                        GSLib
     00000A73  A$GSLib$824                        GSLib
     00000A76  A$GSLib$825                        GSLib
     00000A77  A$GSLib$826                        GSLib
     00000A78  A$GSLib$827                        GSLib
     00000A79  A$GSLib$828                        GSLib
     00000A7A  A$GSLib$829                        GSLib
     00000A7B  A$GSLib$831                        GSLib
     00000A7E  A$GSLib$832                        GSLib
     00000A7F  A$GSLib$833                        GSLib
     00000A80  A$GSLib$834                        GSLib
     00000A82  A$GSLib$836                        GSLib
     00000A83  A$GSLib$837                        GSLib
     00000A84  A$GSLib$838                        GSLib
     00000A86  A$GSLib$839                        GSLib
     00000A87  A$GSLib$840                        GSLib
     00000A8B  A$GSLib$841                        GSLib
     00000A8C  A$GSLib$843                        GSLib
     00000A8E  A$GSLib$844                        GSLib
     00000A90  A$GSLib$845                        GSLib
     00000A92  A$GSLib$846                        GSLib
     00000A94  A$GSLib$847                        GSLib
     00000A96  A$GSLib$848                        GSLib
     00000A98  A$GSLib$849                        GSLib
     00000A9A  A$GSLib$850                        GSLib
     00000A9C  A$GSLib$852                        GSLib
     00000AA0  A$GSLib$853                        GSLib
     00000AA3  A$GSLib$854                        GSLib
     00000AA4  A$GSLib$855                        GSLib
     00000AA5  A$GSLib$857                        GSLib
     00000AA8  A$GSLib$858                        GSLib
     00000AAA  A$GSLib$860                        GSLib
     00000AAD  A$GSLib$861                        GSLib
     00000AAE  A$GSLib$862                        GSLib
     00000AB0  A$GSLib$863                        GSLib
ASxxxx Linker V03.00 + NoICE + sdld,  page 14.
Hexadecimal  [32-Bits]

Area                                    Addr        Size        Decimal Bytes (Attributes)
--------------------------------        ----        ----        ------- ----- ------------
_CODE                               00000200    00003C68 =       15464. bytes (REL,CON)

      Value  Global                              Global Defined In Module
      -----  --------------------------------   ------------------------
     00000AB1  A$GSLib$864                        GSLib
     00000AB2  A$GSLib$865                        GSLib
     00000AB4  A$GSLib$866                        GSLib
     00000AB5  A$GSLib$867                        GSLib
     00000AB8  A$GSLib$868                        GSLib
     00000AB9  A$GSLib$869                        GSLib
     00000ABA  A$GSLib$870                        GSLib
     00000ABB  A$GSLib$871                        GSLib
     00000ABF  A$GSLib$872                        GSLib
     00000AC0  A$GSLib$873                        GSLib
     00000AC1  A$GSLib$874                        GSLib
     00000AC3  A$GSLib$875                        GSLib
     00000AC5  A$GSLib$876                        GSLib
     00000AC7  A$GSLib$877                        GSLib
     00000AC9  A$GSLib$878                        GSLib
     00000ACA  A$GSLib$879                        GSLib
     00000ACB  A$GSLib$880                        GSLib
     00000ACC  A$GSLib$881                        GSLib
     00000ACE  A$GSLib$882                        GSLib
     00000AD1  A$GSLib$884                        GSLib
     00000AD4  A$GSLib$885                        GSLib
     00000AD6  A$GSLib$887                        GSLib
     00000AD9  A$GSLib$888                        GSLib
     00000ADA  A$GSLib$889                        GSLib
     00000ADC  A$GSLib$890                        GSLib
     00000ADD  A$GSLib$891                        GSLib
     00000ADE  A$GSLib$892                        GSLib
     00000AE0  A$GSLib$893                        GSLib
     00000AE1  A$GSLib$894                        GSLib
     00000AE4  A$GSLib$895                        GSLib
     00000AE5  A$GSLib$896                        GSLib
     00000AE6  A$GSLib$897                        GSLib
     00000AE7  A$GSLib$898                        GSLib
     00000AEB  A$GSLib$899                        GSLib
     00000AEC  A$GSLib$900                        GSLib
     00000AED  A$GSLib$901                        GSLib
     00000AEF  A$GSLib$902                        GSLib
     00000AF1  A$GSLib$903                        GSLib
     00000AF2  A$GSLib$904                        GSLib
     00000AF3  A$GSLib$905                        GSLib
     00000AF5  A$GSLib$906                        GSLib
     00000AF7  A$GSLib$907                        GSLib
     00000AF8  A$GSLib$908                        GSLib
     00000AF9  A$GSLib$909                        GSLib
     00000AFA  A$GSLib$910                        GSLib
     00000AFD  A$GSLib$911                        GSLib
     00000AFE  A$GSLib$912                        GSLib
     00000B00  A$GSLib$913                        GSLib
     00000B01  A$GSLib$914                        GSLib
     00000B04  A$GSLib$917                        GSLib
     00000B08  A$GSLib$918                        GSLib
ASxxxx Linker V03.00 + NoICE + sdld,  page 15.
Hexadecimal  [32-Bits]

Area                                    Addr        Size        Decimal Bytes (Attributes)
--------------------------------        ----        ----        ------- ----- ------------
_CODE                               00000200    00003C68 =       15464. bytes (REL,CON)

      Value  Global                              Global Defined In Module
      -----  --------------------------------   ------------------------
     00000B09  A$GSLib$919                        GSLib
     00000B0C  A$GSLib$920                        GSLib
     00000B0F  A$GSLib$923                        GSLib
     00000B12  A$GSLib$924                        GSLib
     00000B13  A$GSLib$925                        GSLib
     00000B16  A$GSLib$926                        GSLib
     00000B19  A$GSLib$929                        GSLib
     00000B1C  A$GSLib$930                        GSLib
     00000B1D  A$GSLib$931                        GSLib
     00000B1E  A$GSLib$932                        GSLib
     00000B20  A$GSLib$933                        GSLib
     00000B21  A$GSLib$935                        GSLib
     00000B22  A$GSLib$936                        GSLib
     00000B23  A$GSLib$937                        GSLib
     00000B24  A$GSLib$938                        GSLib
     00000B27  A$GSLib$941                        GSLib
     00000B29  A$GSLib$942                        GSLib
     00000B2C  A$GSLib$944                        GSLib
     00000B2E  A$GSLib$945                        GSLib
     00000B31  A$GSLib$946                        GSLib
     00000B34  A$GSLib$947                        GSLib
     00000B35  A$GSLib$948                        GSLib
     00000B37  A$GSLib$949                        GSLib
     00000B38  A$GSLib$950                        GSLib
     00000B39  A$GSLib$951                        GSLib
     00000B3B  A$GSLib$952                        GSLib
     00000B3D  A$GSLib$953                        GSLib
     00000B3E  A$GSLib$954                        GSLib
     00000B41  A$GSLib$957                        GSLib
     00000B42  A$GSLib$958                        GSLib
     00000B44  A$GSLib$959                        GSLib
     00000B47  A$GSLib$961                        GSLib
     00000B4A  A$GSLib$962                        GSLib
     00000B4B  A$GSLib$963                        GSLib
     00000B4E  A$GSLib$964                        GSLib
     00000B51  A$GSLib$967                        GSLib
     00000B54  A$GSLib$968                        GSLib
     00000B55  A$GSLib$969                        GSLib
     00000B56  A$GSLib$970                        GSLib
     00000B58  A$GSLib$971                        GSLib
     00000B59  A$GSLib$973                        GSLib
     00000B5A  A$GSLib$974                        GSLib
     00000B5B  A$GSLib$975                        GSLib
     00000B5C  A$GSLib$976                        GSLib
     00000B5F  A$GSLib$979                        GSLib
     00000B61  A$GSLib$980                        GSLib
     00000B64  A$GSLib$982                        GSLib
     00000B66  A$GSLib$983                        GSLib
     00000B69  A$GSLib$984                        GSLib
     00000B6C  A$GSLib$985                        GSLib
     00000B6D  A$GSLib$986                        GSLib
ASxxxx Linker V03.00 + NoICE + sdld,  page 16.
Hexadecimal  [32-Bits]

Area                                    Addr        Size        Decimal Bytes (Attributes)
--------------------------------        ----        ----        ------- ----- ------------
_CODE                               00000200    00003C68 =       15464. bytes (REL,CON)

      Value  Global                              Global Defined In Module
      -----  --------------------------------   ------------------------
     00000B6F  A$GSLib$987                        GSLib
     00000B70  A$GSLib$988                        GSLib
     00000B71  A$GSLib$989                        GSLib
     00000B73  A$GSLib$990                        GSLib
     00000B75  A$GSLib$991                        GSLib
     00000B76  A$GSLib$992                        GSLib
     00000B79  A$GSLib$995                        GSLib
     00000B7A  A$GSLib$996                        GSLib
     00000B7C  A$GSLib$997                        GSLib
     00000B7F  A$GSLib$999                        GSLib
     00000B82  A$GSLib$1000                       GSLib
     00000B83  A$GSLib$1001                       GSLib
     00000B86  A$GSLib$1004                       GSLib
     00000B89  A$GSLib$1005                       GSLib
     00000B8A  A$GSLib$1006                       GSLib
     00000B8D  A$GSLib$1007                       GSLib
     00000B90  A$GSLib$1010                       GSLib
     00000B91  A$GSLib$1011                       GSLib
     00000B94  A$GSLib$1012                       GSLib
     00000B95  A$GSLib$1013                       GSLib
     00000B97  A$GSLib$1014                       GSLib
     00000B9A  A$GSLib$1015                       GSLib
     00000B9C  A$GSLib$1017                       GSLib
     00000B9F  A$GSLib$1018                       GSLib
     00000BA0  A$GSLib$1020                       GSLib
     00000BA3  A$GSLib$1021                       GSLib
     00000BA4  A$GSLib$1022                       GSLib
     00000BA5  A$GSLib$1023                       GSLib
     00000BA7  A$GSLib$1024                       GSLib
     00000BA8  A$GSLib$1026                       GSLib
     00000BA9  A$GSLib$1027                       GSLib
     00000BAA  A$GSLib$1028                       GSLib
     00000BAB  A$GSLib$1029                       GSLib
     00000BAE  A$GSLib$1032                       GSLib
     00000BB0  A$GSLib$1033                       GSLib
     00000BB3  A$GSLib$1035                       GSLib
     00000BB5  A$GSLib$1036                       GSLib
     00000BB8  A$GSLib$1037                       GSLib
     00000BBB  A$GSLib$1038                       GSLib
     00000BBE  A$GSLib$1039                       GSLib
     00000BBF  A$GSLib$1040                       GSLib
     00000BC1  A$GSLib$1041                       GSLib
     00000BC2  A$GSLib$1042                       GSLib
     00000BC5  A$GSLib$1043                       GSLib
     00000BC7  A$GSLib$1045                       GSLib
     00000BCA  A$GSLib$1048                       GSLib
     00000BCB  A$GSLib$1049                       GSLib
     00000BCD  A$GSLib$1050                       GSLib
     00000BD0  A$GSLib$1052                       GSLib
     00000BD3  A$GSLib$1053                       GSLib
     00000BD7  A$GSLib$1054                       GSLib
ASxxxx Linker V03.00 + NoICE + sdld,  page 17.
Hexadecimal  [32-Bits]

Area                                    Addr        Size        Decimal Bytes (Attributes)
--------------------------------        ----        ----        ------- ----- ------------
_CODE                               00000200    00003C68 =       15464. bytes (REL,CON)

      Value  Global                              Global Defined In Module
      -----  --------------------------------   ------------------------
     00000BD8  A$GSLib$1055                       GSLib
     00000BDB  A$GSLib$1056                       GSLib
     00000BDE  A$GSLib$1059                       GSLib
     00000BDF  A$GSLib$1060                       GSLib
     00000BE2  A$GSLib$1061                       GSLib
     00000BE3  A$GSLib$1062                       GSLib
     00000BE6  A$GSLib$1063                       GSLib
     00000BE8  A$GSLib$1065                       GSLib
     00000BEB  A$GSLib$1066                       GSLib
     00000BEC  A$GSLib$1068                       GSLib
     00000BEF  A$GSLib$1069                       GSLib
     00000BF0  A$GSLib$1070                       GSLib
     00000BF1  A$GSLib$1071                       GSLib
     00000BF3  A$GSLib$1072                       GSLib
     00000BF4  A$GSLib$1074                       GSLib
     00000BF5  A$GSLib$1075                       GSLib
     00000BF6  A$GSLib$1076                       GSLib
     00000BF7  A$GSLib$1077                       GSLib
     00000BFA  A$GSLib$1080                       GSLib
     00000BFB  A$GSLib$1081                       GSLib
     00000BFD  A$GSLib$1082                       GSLib
     00000C00  A$GSLib$1084                       GSLib
     00000C02  A$GSLib$1085                       GSLib
     00000C05  A$GSLib$1086                       GSLib
     00000C08  A$GSLib$1087                       GSLib
     00000C0B  A$GSLib$1088                       GSLib
     00000C0C  A$GSLib$1089                       GSLib
     00000C0E  A$GSLib$1090                       GSLib
     00000C10  A$GSLib$1091                       GSLib
     00000C11  A$GSLib$1092                       GSLib
     00000C14  A$GSLib$1093                       GSLib
     00000C16  A$GSLib$1095                       GSLib
     00000C19  A$GSLib$1098                       GSLib
     00000C1A  A$GSLib$1099                       GSLib
     00000C1C  A$GSLib$1100                       GSLib
     00000C1F  A$GSLib$1102                       GSLib
     00000C22  A$GSLib$1103                       GSLib
     00000C26  A$GSLib$1104                       GSLib
     00000C27  A$GSLib$1105                       GSLib
     00000C29  A$GSLib$1106                       GSLib
     00000C2C  A$GSLib$1110                       GSLib
     00000C2F  A$GSLib$1111                       GSLib
     00000C30  A$GSLib$1112                       GSLib
     00000C33  A$GSLib$1113                       GSLib
     00000C36  A$GSLib$1116                       GSLib
     00000C3A  A$GSLib$1117                       GSLib
     00000C3D  A$GSLib$1118                       GSLib
     00000C3F  A$GSLib$1120                       GSLib
     00000C42  A$GSLib$1121                       GSLib
     00000C44  A$GSLib$1122                       GSLib
     00000C45  A$GSLib$1123                       GSLib
ASxxxx Linker V03.00 + NoICE + sdld,  page 18.
Hexadecimal  [32-Bits]

Area                                    Addr        Size        Decimal Bytes (Attributes)
--------------------------------        ----        ----        ------- ----- ------------
_CODE                               00000200    00003C68 =       15464. bytes (REL,CON)

      Value  Global                              Global Defined In Module
      -----  --------------------------------   ------------------------
     00000C46  A$GSLib$1124                       GSLib
     00000C49  A$GSLib$1126                       GSLib
     00000C4C  A$GSLib$1128                       GSLib
     00000C4F  A$GSLib$1129                       GSLib
     00000C50  A$GSLib$1130                       GSLib
     00000C52  A$GSLib$1131                       GSLib
     00000C53  A$GSLib$1132                       GSLib
     00000C54  A$GSLib$1133                       GSLib
     00000C56  A$GSLib$1134                       GSLib
     00000C58  A$GSLib$1135                       GSLib
     00000C59  A$GSLib$1136                       GSLib
     00000C5C  A$GSLib$1137                       GSLib
     00000C5F  A$GSLib$1138                       GSLib
     00000C62  A$GSLib$1139                       GSLib
     00000C65  A$GSLib$1142                       GSLib
     00000C66  A$GSLib$1143                       GSLib
     00000C69  A$GSLib$1145                       GSLib
     00000C6D  A$GSLib$1146                       GSLib
     00000C70  A$GSLib$1147                       GSLib
     00000C72  A$GSLib$1148                       GSLib
     00000C74  A$GSLib$1149                       GSLib
     00000C77  A$GSLib$1150                       GSLib
     00000C79  A$GSLib$1153                       GSLib
     00000C7A  A$GSLib$1154                       GSLib
     00000C7B  A$GSLib$1155                       GSLib
     00000C7E  A$GSLib$1157                       GSLib
     00000C81  A$GSLib$1159                       GSLib
     00000C84  A$GSLib$1160                       GSLib
     00000C87  A$GSLib$1163                       GSLib
     00000C8A  A$GSLib$1164                       GSLib
     00000C8B  A$GSLib$1165                       GSLib
     00000C8C  A$GSLib$1166                       GSLib
     00000C8F  A$GSLib$1169                       GSLib
     00000C90  A$GSLib$1170                       GSLib
     00000C91  A$GSLib$1172                       GSLib
     00000C95  A$GSLib$1173                       GSLib
     00000C99  A$GSLib$1174                       GSLib
     00000C9B  A$GSLib$1175                       GSLib
     00000C9F  A$GSLib$1176                       GSLib
     00000CA2  A$GSLib$1177                       GSLib
     00000CA4  A$GSLib$1178                       GSLib
     00000CA6  A$GSLib$1179                       GSLib
     00000CA9  A$GSLib$1180                       GSLib
     00000CAB  A$GSLib$1182                       GSLib
     00000CAC  A$GSLib$1183                       GSLib
     00000CAF  A$GSLib$1185                       GSLib
     00000CB2  A$GSLib$1187                       GSLib
     00000CB5  A$GSLib$1188                       GSLib
     00000CB8  A$GSLib$1189                       GSLib
     00000CB9  A$GSLib$1190                       GSLib
     00000CBB  A$GSLib$1191                       GSLib
ASxxxx Linker V03.00 + NoICE + sdld,  page 19.
Hexadecimal  [32-Bits]

Area                                    Addr        Size        Decimal Bytes (Attributes)
--------------------------------        ----        ----        ------- ----- ------------
_CODE                               00000200    00003C68 =       15464. bytes (REL,CON)

      Value  Global                              Global Defined In Module
      -----  --------------------------------   ------------------------
     00000CBD  A$GSLib$1192                       GSLib
     00000CBE  A$GSLib$1193                       GSLib
     00000CC1  A$GSLib$1194                       GSLib
     00000CC3  A$GSLib$1196                       GSLib
     00000CC6  A$GSLib$1197                       GSLib
     00000CC7  A$GSLib$1200                       GSLib
     00000CC8  A$GSLib$1201                       GSLib
     00000CC9  A$GSLib$1203                       GSLib
     00000CCD  A$GSLib$1205                       GSLib
     00000CD0  A$GSLib$1206                       GSLib
     00000CD2  A$GSLib$1207                       GSLib
     00000CD3  A$GSLib$1208                       GSLib
     00000CD6  A$GSLib$1209                       GSLib
     00000CD9  A$GSLib$1211                       GSLib
     00000CDC  A$GSLib$1212                       GSLib
     00000CDF  A$GSLib$1213                       GSLib
     00000CE0  A$GSLib$1216                       GSLib
     00000CE3  A$GSLib$1217                       GSLib
     00000CE4  A$GSLib$1218                       GSLib
     00000CE7  A$GSLib$1221                       GSLib
     00000CE8  A$GSLib$1222                       GSLib
     00000CEB  A$GSLib$1223                       GSLib
     00000CED  A$GSLib$1224                       GSLib
     00000CEF  A$GSLib$1225                       GSLib
     00000CF1  A$GSLib$1226                       GSLib
     00000CF2  A$GSLib$1227                       GSLib
     00000CF4  A$GSLib$1229                       GSLib
     00000CF7  A$GSLib$1230                       GSLib
     00000CF9  A$GSLib$1231                       GSLib
     00000CFA  A$GSLib$1232                       GSLib
     00000CFB  A$GSLib$1233                       GSLib
     00000CFE  A$GSLib$1234                       GSLib
     00000CFF  A$GSLib$1235                       GSLib
     00000D02  A$GSLib$1236                       GSLib
     00000D03  A$GSLib$1238                       GSLib
     00000D04  A$GSLib$1239                       GSLib
     00000D05  A$GSLib$1242                       GSLib
     00000D06  A$GSLib$1243                       GSLib
     00000D07  A$GSLib$1244                       GSLib
     00000D08  A$GSLib$1245                       GSLib
     00000D0C  A$GSLib$1246                       GSLib
     00000D0E  A$GSLib$1248                       GSLib
     00000D11  A$GSLib$1249                       GSLib
     00000D12  A$GSLib$1250                       GSLib
     00000D13  A$GSLib$1251                       GSLib
     00000D15  A$GSLib$1252                       GSLib
     00000D17  A$GSLib$1253                       GSLib
     00000D1A  A$GSLib$1254                       GSLib
     00000D1B  A$GSLib$1255                       GSLib
     00000D1C  A$GSLib$1256                       GSLib
     00000D1D  A$GSLib$1257                       GSLib
ASxxxx Linker V03.00 + NoICE + sdld,  page 20.
Hexadecimal  [32-Bits]

Area                                    Addr        Size        Decimal Bytes (Attributes)
--------------------------------        ----        ----        ------- ----- ------------
_CODE                               00000200    00003C68 =       15464. bytes (REL,CON)

      Value  Global                              Global Defined In Module
      -----  --------------------------------   ------------------------
     00000D1E  A$GSLib$1258                       GSLib
     00000D21  A$GSLib$1262                       GSLib
     00000D22  A$GSLib$1263                       GSLib
     00000D24  A$GSLib$1264                       GSLib
     00000D25  A$GSLib$1265                       GSLib
     00000D27  A$GSLib$1266                       GSLib
     00000D29  A$GSLib$1267                       GSLib
     00000D2A  A$GSLib$1269                       GSLib
     00000D2B  A$GSLib$1270                       GSLib
     00000D2C  A$GSLib$1271                       GSLib
     00000D2E  A$GSLib$1272                       GSLib
     00000D2F  A$GSLib$1273                       GSLib
     00000D30  A$GSLib$1274                       GSLib
     00000D33  A$GSLib$1275                       GSLib
     00000D34  A$GSLib$1279                       GSLib
     00000D35  A$GSLib$1280                       GSLib
     00000D36  A$GSLib$1281                       GSLib
     00000D37  A$GSLib$1282                       GSLib
     00000D3B  A$GSLib$1283                       GSLib
     00000D3D  A$GSLib$1284                       GSLib
     00000D3E  A$GSLib$1285                       GSLib
     00000D40  A$GSLib$1286                       GSLib
     00000D43  A$GSLib$1289                       GSLib
     00000D46  A$GSLib$1290                       GSLib
     00000D47  A$GSLib$1291                       GSLib
     00000D4A  A$GSLib$1293                       GSLib
     00000D4B  A$GSLib$1294                       GSLib
     00000D4E  A$GSLib$1295                       GSLib
     00000D51  A$GSLib$1296                       GSLib
     00000D53  A$GSLib$1297                       GSLib
     00000D54  A$GSLib$1298                       GSLib
     00000D56  A$GSLib$1300                       GSLib
     00000D59  A$GSLib$1301                       GSLib
     00000D5B  A$GSLib$1302                       GSLib
     00000D5C  A$GSLib$1303                       GSLib
     00000D5D  A$GSLib$1304                       GSLib
     00000D60  A$GSLib$1305                       GSLib
     00000D61  A$GSLib$1306                       GSLib
     00000D64  A$GSLib$1307                       GSLib
     00000D65  A$GSLib$1309                       GSLib
     00000D66  A$GSLib$1310                       GSLib
     00000D67  A$GSLib$1313                       GSLib
     00000D68  A$GSLib$1314                       GSLib
     00000D69  A$GSLib$1315                       GSLib
     00000D6A  A$GSLib$1316                       GSLib
     00000D6E  A$GSLib$1317                       GSLib
     00000D70  A$GSLib$1319                       GSLib
     00000D73  A$GSLib$1320                       GSLib
     00000D75  A$GSLib$1321                       GSLib
     00000D76  A$GSLib$1322                       GSLib
     00000D77  A$GSLib$1323                       GSLib
ASxxxx Linker V03.00 + NoICE + sdld,  page 21.
Hexadecimal  [32-Bits]

Area                                    Addr        Size        Decimal Bytes (Attributes)
--------------------------------        ----        ----        ------- ----- ------------
_CODE                               00000200    00003C68 =       15464. bytes (REL,CON)

      Value  Global                              Global Defined In Module
      -----  --------------------------------   ------------------------
     00000D7A  A$GSLib$1324                       GSLib
     00000D7B  A$GSLib$1325                       GSLib
     00000D7C  A$GSLib$1326                       GSLib
     00000D7D  A$GSLib$1327                       GSLib
     00000D7E  A$GSLib$1328                       GSLib
     00000D81  A$GSLib$1332                       GSLib
     00000D82  A$GSLib$1333                       GSLib
     00000D85  A$GSLib$1334                       GSLib
     00000D87  A$GSLib$1335                       GSLib
     00000D89  A$GSLib$1336                       GSLib
     00000D8A  A$GSLib$1337                       GSLib
     00000D8B  A$GSLib$1339                       GSLib
     00000D8C  A$GSLib$1340                       GSLib
     00000D8D  A$GSLib$1341                       GSLib
     00000D8F  A$GSLib$1342                       GSLib
     00000D90  A$GSLib$1343                       GSLib
     00000D91  A$GSLib$1344                       GSLib
     00000D94  A$GSLib$1345                       GSLib
     00000D95  A$GSLib$1349                       GSLib
     00000D96  A$GSLib$1350                       GSLib
     00000D97  A$GSLib$1351                       GSLib
     00000D98  A$GSLib$1352                       GSLib
     00000D9C  A$GSLib$1353                       GSLib
     00000D9E  A$GSLib$1354                       GSLib
     00000D9F  A$GSLib$1355                       GSLib
     00000DA1  A$GSLib$1356                       GSLib
     00000DA4  A$GSLib$1359                       GSLib
     00000DA7  A$GSLib$1360                       GSLib
     00000DA8  A$GSLib$1361                       GSLib
     00000DAB  A$GSLib$1362                       GSLib
     00000DAE  A$GSLib$1363                       GSLib
     00000DAF  A$GSLib$1366                       GSLib
     00000DB1  A$GSLib$1367                       GSLib
     00000DB2  A$GSLib$1368                       GSLib
     00000DB3  A$GSLib$1370                       GSLib
     00000DB4  A$GSLib$1371                       GSLib
     00000DB5  A$GSLib$1372                       GSLib
     00000DB6  A$GSLib$1373                       GSLib
     00000DB7  A$GSLib$1374                       GSLib
     00000DB9  A$GSLib$1375                       GSLib
     00000DBB  A$GSLib$1376                       GSLib
     00000DBD  A$GSLib$1378                       GSLib
     00000DBE  A$GSLib$1379                       GSLib
     00000DC0  A$GSLib$1380                       GSLib
     00000DC2  A$GSLib$1381                       GSLib
     00000DC4  A$GSLib$1382                       GSLib
     00000DC6  A$GSLib$1384                       GSLib
     00000DC8  A$GSLib$1385                       GSLib
     00000DC9  A$GSLib$1386                       GSLib
     00000DCA  A$GSLib$1387                       GSLib
     00000DCB  A$GSLib$1388                       GSLib
ASxxxx Linker V03.00 + NoICE + sdld,  page 22.
Hexadecimal  [32-Bits]

Area                                    Addr        Size        Decimal Bytes (Attributes)
--------------------------------        ----        ----        ------- ----- ------------
_CODE                               00000200    00003C68 =       15464. bytes (REL,CON)

      Value  Global                              Global Defined In Module
      -----  --------------------------------   ------------------------
     00000DCD  A$GSLib$1389                       GSLib
     00000DCF  A$GSLib$1391                       GSLib
     00000DD0  A$GSLib$1392                       GSLib
     00000DD2  A$GSLib$1393                       GSLib
     00000DD4  A$GSLib$1394                       GSLib
     00000DD6  A$GSLib$1395                       GSLib
     00000DD8  A$GSLib$1397                       GSLib
     00000DD9  A$GSLib$1398                       GSLib
     00000DDA  A$GSLib$1399                       GSLib
     00000DDD  A$GSLib$1402                       GSLib
     00000DE0  A$GSLib$1403                       GSLib
     00000DE3  A$GSLib$1404                       GSLib
     00000DE4  A$GSLib$1405                       GSLib
     00000DE7  A$GSLib$1406                       GSLib
     00000DEA  A$GSLib$1407                       GSLib
     00000DED  A$GSLib$1409                       GSLib
     00000DF0  A$GSLib$1410                       GSLib
     00000DF2  A$GSLib$1411                       GSLib
     00000DF4  A$GSLib$1412                       GSLib
     00000DF6  A$GSLib$1413                       GSLib
     00000DF8  A$GSLib$1414                       GSLib
     00000DFB  A$GSLib$1415                       GSLib
     00000DFD  A$GSLib$1416                       GSLib
     00000DFF  A$GSLib$1417                       GSLib
     00000E01  A$GSLib$1418                       GSLib
     00000E02  A$GSLib$1420                       GSLib
     00000E04  A$GSLib$1421                       GSLib
     00000E05  A$GSLib$1422                       GSLib
     00000E07  A$GSLib$1423                       GSLib
     00000E09  A$GSLib$1424                       GSLib
     00000E0B  A$GSLib$1425                       GSLib
     00000E0D  A$GSLib$1426                       GSLib
     00000E0F  A$GSLib$1427                       GSLib
     00000E11  A$GSLib$1428                       GSLib
     00000E13  A$GSLib$1429                       GSLib
     00000E15  A$GSLib$1430                       GSLib
     00000E17  A$GSLib$1431                       GSLib
     00000E19  A$GSLib$1432                       GSLib
     00000E1B  A$GSLib$1433                       GSLib
     00000E1D  A$GSLib$1434                       GSLib
     00000E1F  A$GSLib$1435                       GSLib
     00000E21  A$GSLib$1436                       GSLib
     00000E23  A$GSLib$1437                       GSLib
     00000E25  A$GSLib$1438                       GSLib
     00000E27  A$GSLib$1439                       GSLib
     00000E29  A$GSLib$1440                       GSLib
     00000E2B  A$GSLib$1441                       GSLib
     00000E2D  A$GSLib$1442                       GSLib
     00000E2F  A$GSLib$1443                       GSLib
     00000E31  A$GSLib$1444                       GSLib
     00000E33  A$GSLib$1445                       GSLib
ASxxxx Linker V03.00 + NoICE + sdld,  page 23.
Hexadecimal  [32-Bits]

Area                                    Addr        Size        Decimal Bytes (Attributes)
--------------------------------        ----        ----        ------- ----- ------------
_CODE                               00000200    00003C68 =       15464. bytes (REL,CON)

      Value  Global                              Global Defined In Module
      -----  --------------------------------   ------------------------
     00000E35  A$GSLib$1446                       GSLib
     00000E37  A$GSLib$1447                       GSLib
     00000E39  A$GSLib$1448                       GSLib
     00000E3B  A$GSLib$1449                       GSLib
     00000E3D  A$GSLib$1450                       GSLib
     00000E3F  A$GSLib$1451                       GSLib
     00000E41  A$GSLib$1452                       GSLib
     00000E43  A$GSLib$1453                       GSLib
     00000E45  A$GSLib$1454                       GSLib
     00000E47  A$GSLib$1455                       GSLib
     00000E49  A$GSLib$1456                       GSLib
     00000E4B  A$GSLib$1457                       GSLib
     00000E4D  A$GSLib$1458                       GSLib
     00000E4F  A$GSLib$1459                       GSLib
     00000E51  A$GSLib$1460                       GSLib
     00000E53  A$GSLib$1461                       GSLib
     00000E55  A$GSLib$1462                       GSLib
     00000E57  A$GSLib$1463                       GSLib
     00000E59  A$GSLib$1464                       GSLib
     00000E5B  A$GSLib$1465                       GSLib
     00000E5D  A$GSLib$1466                       GSLib
     00000E5F  A$GSLib$1467                       GSLib
     00000E61  A$GSLib$1468                       GSLib
     00000E63  A$GSLib$1469                       GSLib
     00000E65  A$GSLib$1470                       GSLib
     00000E67  A$GSLib$1471                       GSLib
     00000E69  A$GSLib$1472                       GSLib
     00000E6B  A$GSLib$1473                       GSLib
     00000E6D  A$GSLib$1474                       GSLib
     00000E6F  A$GSLib$1475                       GSLib
     00000E71  A$GSLib$1476                       GSLib
     00000E73  A$GSLib$1477                       GSLib
     00000E75  A$GSLib$1478                       GSLib
     00000E77  A$GSLib$1479                       GSLib
     00000E79  A$GSLib$1480                       GSLib
     00000E7B  A$GSLib$1481                       GSLib
     00000E7D  A$GSLib$1482                       GSLib
     00000E7F  A$GSLib$1483                       GSLib
     00000E81  A$GSLib$1484                       GSLib
     00000E83  A$GSLib$1485                       GSLib
     00000E85  A$GSLib$1487                       GSLib
     00000E86  A$GSLib$1488                       GSLib
     00000E87  A$GSLib$1489                       GSLib
     00000E89  A$GSLib$1490                       GSLib
     00000E8B  A$GSLib$1491                       GSLib
     00000E8C  A$GSLib$1492                       GSLib
     00000E8D  A$GSLib$1493                       GSLib
     00000E8F  A$GSLib$1494                       GSLib
     00000E91  A$GSLib$1495                       GSLib
     00000E92  A$GSLib$1496                       GSLib
     00000E94  A$GSLib$1497                       GSLib
ASxxxx Linker V03.00 + NoICE + sdld,  page 24.
Hexadecimal  [32-Bits]

Area                                    Addr        Size        Decimal Bytes (Attributes)
--------------------------------        ----        ----        ------- ----- ------------
_CODE                               00000200    00003C68 =       15464. bytes (REL,CON)

      Value  Global                              Global Defined In Module
      -----  --------------------------------   ------------------------
     00000E96  A$GSLib$1498                       GSLib
     00000E97  A$GSLib$1499                       GSLib
     00000E98  A$GSLib$1500                       GSLib
     00000E9A  A$GSLib$1501                       GSLib
     00000E9C  A$GSLib$1502                       GSLib
     00000E9D  A$GSLib$1503                       GSLib
     00000E9F  A$GSLib$1504                       GSLib
     00000EA1  A$GSLib$1505                       GSLib
     00000EA2  A$GSLib$1506                       GSLib
     00000EA3  A$GSLib$1507                       GSLib
     00000EA5  A$GSLib$1508                       GSLib
     00000EA7  A$GSLib$1509                       GSLib
     00000EA8  A$GSLib$1510                       GSLib
     00000EAA  A$GSLib$1511                       GSLib
     00000EAC  A$GSLib$1512                       GSLib
     00000EAD  A$GSLib$1513                       GSLib
     00000EAE  A$GSLib$1514                       GSLib
     00000EB0  A$GSLib$1515                       GSLib
     00000EB2  A$GSLib$1516                       GSLib
     00000EB3  A$GSLib$1517                       GSLib
     00000EB5  A$GSLib$1518                       GSLib
     00000EB7  A$GSLib$1519                       GSLib
     00000EB8  A$GSLib$1520                       GSLib
     00000EB9  A$GSLib$1521                       GSLib
     00000EBB  A$GSLib$1522                       GSLib
     00000EBD  A$GSLib$1523                       GSLib
     00000EBE  A$GSLib$1524                       GSLib
     00000EC0  A$GSLib$1525                       GSLib
     00000EC2  A$GSLib$1526                       GSLib
     00000EC3  A$GSLib$1527                       GSLib
     00000EC4  A$GSLib$1528                       GSLib
     00000EC6  A$GSLib$1529                       GSLib
     00000EC8  A$GSLib$1530                       GSLib
     00000EC9  A$GSLib$1531                       GSLib
     00000ECB  A$GSLib$1532                       GSLib
     00000ECD  A$GSLib$1533                       GSLib
     00000ECE  A$GSLib$1534                       GSLib
     00000ECF  A$GSLib$1535                       GSLib
     00000ED1  A$GSLib$1536                       GSLib
     00000ED3  A$GSLib$1537                       GSLib
     00000ED4  A$GSLib$1538                       GSLib
     00000ED6  A$GSLib$1539                       GSLib
     00000ED8  A$GSLib$1540                       GSLib
     00000ED9  A$GSLib$1541                       GSLib
     00000EDA  A$GSLib$1542                       GSLib
     00000EDC  A$GSLib$1543                       GSLib
     00000EDE  A$GSLib$1544                       GSLib
     00000EDF  A$GSLib$1545                       GSLib
     00000EE1  A$GSLib$1546                       GSLib
     00000EE3  A$GSLib$1547                       GSLib
     00000EE4  A$GSLib$1548                       GSLib
ASxxxx Linker V03.00 + NoICE + sdld,  page 25.
Hexadecimal  [32-Bits]

Area                                    Addr        Size        Decimal Bytes (Attributes)
--------------------------------        ----        ----        ------- ----- ------------
_CODE                               00000200    00003C68 =       15464. bytes (REL,CON)

      Value  Global                              Global Defined In Module
      -----  --------------------------------   ------------------------
     00000EE5  A$GSLib$1549                       GSLib
     00000EE7  A$GSLib$1550                       GSLib
     00000EE9  A$GSLib$1551                       GSLib
     00000EEA  A$GSLib$1552                       GSLib
     00000EEC  A$GSLib$1553                       GSLib
     00000EEE  A$GSLib$1554                       GSLib
     00000EEF  A$GSLib$1555                       GSLib
     00000EF0  A$GSLib$1556                       GSLib
     00000EF2  A$GSLib$1557                       GSLib
     00000EF4  A$GSLib$1558                       GSLib
     00000EF5  A$GSLib$1559                       GSLib
     00000EF7  A$GSLib$1560                       GSLib
     00000EF9  A$GSLib$1561                       GSLib
     00000EFA  A$GSLib$1562                       GSLib
     00000EFB  A$GSLib$1563                       GSLib
     00000EFD  A$GSLib$1564                       GSLib
     00000EFF  A$GSLib$1565                       GSLib
     00000F00  A$GSLib$1566                       GSLib
     00000F02  A$GSLib$1567                       GSLib
     00000F04  A$GSLib$1568                       GSLib
     00000F05  A$GSLib$1569                       GSLib
     00000F06  A$GSLib$1570                       GSLib
     00000F08  A$GSLib$1571                       GSLib
     00000F0A  A$GSLib$1572                       GSLib
     00000F0B  A$GSLib$1573                       GSLib
     00000F0D  A$GSLib$1574                       GSLib
     00000F0F  A$GSLib$1575                       GSLib
     00000F10  A$GSLib$1576                       GSLib
     00000F11  A$GSLib$1577                       GSLib
     00000F13  A$GSLib$1578                       GSLib
     00000F15  A$GSLib$1579                       GSLib
     00000F16  A$GSLib$1580                       GSLib
     00000F18  A$GSLib$1581                       GSLib
[...]
     0000C01D  _PSGSFXPointer                     PSGlib
     0000C01F  _PSGSFXLoopPoint                   PSGlib
     0000C021  _PSGSFXSkipFrames                  PSGlib
     0000C022  _PSGSFXLoopFlag                    PSGlib
     0000C023  _PSGSFXSubstringLen                PSGlib
     0000C024  _PSGSFXSubstringRetAddr            PSGlib
     0000C026  G$GSL_RAM$0_0$0                    GSLib
     0000C026  _GSL_RAM                           GSLib
     0000C12D  Finput_manager$hold_method$0_0$0   input_manager
     0000C12F  Finput_manager$move_method$0_0$0   input_manager
     0000C131  Fscreen_manager$curr_screen_type   screen_manager
     0000C132  Fscreen_manager$next_screen_type   screen_manager
     0000C133  Fscreen_manager$load_method$0_0$   screen_manager
     0000C163  Fscreen_manager$update_method$0_   screen_manager
     0000C193  _VDPBlank                          SMSlib
     0000C194  _SMS_VDPFlags                      SMSlib
     0000C195  _PauseRequested                    SMSlib
     0000C196  _SMS_Port3EBIOSvalue               SMSlib
     0000C197  _KeysStatus                        SMSlib
     0000C199  _PreviousKeysStatus                SMSlib
     0000C19B  _SMS_theLineInterruptHandler       SMSlib
     0000C19D  _decompBuffer                      SMSlib_PSGaiden
     0000C1BD  _clipWin_x0                        SMSlib_spriteClip
     0000C1BE  _clipWin_y0                        SMSlib_spriteClip
     0000C1BF  _SMS_TextRenderer_offset           SMSlib_textrenderer
     0000C1C1  _SpriteTableY                      SMSlib_sprite
ASxxxx Linker V03.00 + NoICE + sdld,  page 103.
Hexadecimal  [32-Bits]

Area                                    Addr        Size        Decimal Bytes (Attributes)
--------------------------------        ----        ----        ------- ----- ------------
_DATA                               0000C000    0000028B =         651. bytes (REL,CON)

      Value  Global                              Global Defined In Module
      -----  --------------------------------   ------------------------
     0000C201  _SpriteTableXN                     SMSlib_sprite
     0000C281  _SpriteNextFree                    SMSlib_sprite
     0000C282  _STM_src                           SMSlib_STMcomp
     0000C284  _STM_dest                          SMSlib_STMcomp
     0000C286  _STM_HH                            SMSlib_STMcomp
     0000C287  _STM_oldHH                         SMSlib_STMcomp
     0000C288  _STM_needRestore                   SMSlib_STMcomp
     0000C289  _STM_ttw                           SMSlib_STMcomp
     0000C28A  _STM_width                         SMSlib_STMcomp

ASxxxx Linker V03.00 + NoICE + sdld,  page 104.
Hexadecimal  [32-Bits]

Area                                    Addr        Size        Decimal Bytes (Attributes)
--------------------------------        ----        ----        ------- ----- ------------
_INITIALIZED                        0000C28B    0000000B =          11. bytes (REL,CON)

      Value  Global                              Global Defined In Module
      -----  --------------------------------   ------------------------
     0000C28B  Finput_manager$curr_joypad1$0_0$   input_manager
     0000C28D  Finput_manager$prev_joypad1$0_0$   input_manager
     0000C28F  _VDPReg                            SMSlib
     0000C291  _spritesHeight                     SMSlib
     0000C292  _spritesWidth                      SMSlib
     0000C293  _spritesTileOffset                 SMSlib
     0000C294  _clipWin_x1                        SMSlib_spriteClip
     0000C295  _clipWin_y1                        SMSlib_spriteClip

ASxxxx Linker V03.00 + NoICE + sdld,  page 105.
Hexadecimal  [32-Bits]

Area                                    Addr        Size        Decimal Bytes (Attributes)
--------------------------------        ----        ----        ------- ----- ------------
_BANK2                              00008000    00003F25 =       16165. bytes (REL,CON)

      Value  Global                              Global Defined In Module
      -----  --------------------------------   ------------------------
     00008000  G$gatopresentaciontiles_psgcompr   bank2
     00008000  _gatopresentaciontiles_psgcompr    bank2
     00008EBB  G$gatopresentaciontilemap_bin$0_   bank2
     00008EBB  _gatopresentaciontilemap_bin       bank2
     000094BB  G$gatopresentacionpalette_bin$0_   bank2
     000094BB  _gatopresentacionpalette_bin       bank2
     000094C7  G$presentation_psg$0_0$0           bank2
     000094C7  _presentation_psg                  bank2
     0000A18A  G$level1_metatiles_bin$0_0$0       bank2
     0000A18A  _level1_metatiles_bin              bank2
     0000A542  G$level1_palette_bin$0_0$0         bank2
     0000A542  _level1_palette_bin                bank2
     0000A54F  G$level1_scrolltable_bin$0_0$0     bank2
     0000A54F  _level1_scrolltable_bin            bank2
     0000AB5C  G$level1_tiles_bin$0_0$0           bank2
     0000AB5C  _level1_tiles_bin                  bank2
     0000BC5C  G$levelbackgroundtiles_psgcompr$   bank2
     0000BC5C  _levelbackgroundtiles_psgcompr     bank2
     0000BE16  G$playeranimation1frame1_bin$0_0   bank2
     0000BE16  _playeranimation1frame1_bin        bank2
     0000BF16  G$levelbackgroundpalette_bin$0_0   bank2
     0000BF16  _levelbackgroundpalette_bin        bank2

ASxxxx Linker V03.00 + NoICE + sdld,  page 106.
Hexadecimal  [32-Bits]

Area                                    Addr        Size        Decimal Bytes (Attributes)
--------------------------------        ----        ----        ------- ----- ------------
_BANK3                              00008000    00003F06 =       16134. bytes (REL,CON)

      Value  Global                              Global Defined In Module
      -----  --------------------------------   ------------------------
     00008000  G$player_palette_bin$0_0$0         bank3
     00008000  _player_palette_bin                bank3
     0000800D  G$playeranimation0frame0_bin$0_0   bank3
     0000800D  _playeranimation0frame0_bin        bank3
     0000810D  G$playeranimation0frame0mirrored   bank3
     0000810D  _playeranimation0frame0mirrored_   bank3
     0000820D  G$playeranimation1frame0_bin$0_0   bank3
     0000820D  _playeranimation1frame0_bin        bank3
     0000830D  G$playeranimation1frame0mirrored   bank3
     0000830D  _playeranimation1frame0mirrored_   bank3
     0000840D  G$playeranimation2frame0_bin$0_0   bank3
     0000840D  _playeranimation2frame0_bin        bank3
     0000850D  G$playeranimation2frame0mirrored   bank3
     0000850D  _playeranimation2frame0mirrored_   bank3
     0000860D  G$playeranimation2frame1_bin$0_0   bank3
     0000860D  _playeranimation2frame1_bin        bank3
     0000870D  G$playeranimation2frame1mirrored   bank3
     0000870D  _playeranimation2frame1mirrored_   bank3
     0000880D  G$playeranimation2frame2_bin$0_0   bank3
     0000880D  _playeranimation2frame2_bin        bank3
     0000890D  G$playeranimation2frame2mirrored   bank3
     0000890D  _playeranimation2frame2mirrored_   bank3
     00008A0D  G$playeranimation2frame3_bin$0_0   bank3
     00008A0D  _playeranimation2frame3_bin        bank3
     00008B0D  G$playeranimation2frame3mirrored   bank3
     00008B0D  _playeranimation2frame3mirrored_   bank3
     00008C0D  G$playeranimation3frame0_bin$0_0   bank3
     00008C0D  _playeranimation3frame0_bin        bank3
     00008D4D  G$playeranimation3frame0mirrored   bank3
     00008D4D  _playeranimation3frame0mirrored_   bank3
     00008E8D  G$playeranimation3frame1_bin$0_0   bank3
     00008E8D  _playeranimation3frame1_bin        bank3
     0000902D  G$playeranimation3frame1mirrored   bank3
     0000902D  _playeranimation3frame1mirrored_   bank3
     000091CD  G$playeranimation3frame2_bin$0_0   bank3
     000091CD  _playeranimation3frame2_bin        bank3
     0000932D  G$playeranimation3frame2mirrored   bank3
     0000932D  _playeranimation3frame2mirrored_   bank3
     0000948D  G$playeranimation4frame0_bin$0_0   bank3
     0000948D  _playeranimation4frame0_bin        bank3
     0000954D  G$playeranimation4frame0mirrored   bank3
     0000954D  _playeranimation4frame0mirrored_   bank3
     0000960D  G$playeranimation5frame0_bin$0_0   bank3
     0000960D  _playeranimation5frame0_bin        bank3
     0000972D  G$playeranimation5frame0mirrored   bank3
     0000972D  _playeranimation5frame0mirrored_   bank3
     0000984D  G$playeranimation6frame0_bin$0_0   bank3
     0000984D  _playeranimation6frame0_bin        bank3
     0000990D  G$playeranimation6frame0mirrored   bank3
     0000990D  _playeranimation6frame0mirrored_   bank3
ASxxxx Linker V03.00 + NoICE + sdld,  page 107.
Hexadecimal  [32-Bits]

Area                                    Addr        Size        Decimal Bytes (Attributes)
--------------------------------        ----        ----        ------- ----- ------------
_BANK3                              00008000    00003F06 =       16134. bytes (REL,CON)

      Value  Global                              Global Defined In Module
      -----  --------------------------------   ------------------------
     000099CD  G$playeranimation7frame0_bin$0_0   bank3
     000099CD  _playeranimation7frame0_bin        bank3
     00009AED  G$playeranimation7frame0mirrored   bank3
     00009AED  _playeranimation7frame0mirrored_   bank3
     00009C0D  G$playeranimation8frame0_bin$0_0   bank3
     00009C0D  _playeranimation8frame0_bin        bank3
     00009CCD  G$playeranimation8frame0mirrored   bank3
     00009CCD  _playeranimation8frame0mirrored_   bank3
     00009D8D  G$playeranimation9frame0_bin$0_0   bank3
     00009D8D  _playeranimation9frame0_bin        bank3
     00009E8D  G$playeranimation9frame0mirrored   bank3
     00009E8D  _playeranimation9frame0mirrored_   bank3
     00009F8D  G$playeranimation9frame1_bin$0_0   bank3
     00009F8D  _playeranimation9frame1_bin        bank3
     0000A02D  G$playeranimation9frame1mirrored   bank3
     0000A02D  _playeranimation9frame1mirrored_   bank3
     0000A0CD  G$logo1985tiles_bin$0_0$0          bank3
     0000A0CD  _logo1985tiles_bin                 bank3
     0000AD8D  G$logo1985tilemap_bin$0_0$0        bank3
     0000AD8D  _logo1985tilemap_bin               bank3
     0000B38D  G$logo1985palette_bin$0_0$0        bank3
     0000B38D  _logo1985palette_bin               bank3
     0000B392  G$logo1985music_psg$0_0$0          bank3
     0000B392  _logo1985music_psg                 bank3
     0000B45B  G$fnaclogotiles_psgcompr$0_0$0     bank3
     0000B45B  _fnaclogotiles_psgcompr            bank3
     0000B8F6  G$fnaclogotilemap_bin$0_0$0        bank3
     0000B8F6  _fnaclogotilemap_bin               bank3
     0000BEF6  G$fnaclogopalette_bin$0_0$0        bank3
     0000BEF6  _fnaclogopalette_bin               bank3

ASxxxx Linker V03.00 + NoICE + sdld,  page 108.
Hexadecimal  [32-Bits]

Area                                    Addr        Size        Decimal Bytes (Attributes)
--------------------------------        ----        ----        ------- ----- ------------
_BANK4                              00008000    00002C81 =       11393. bytes (REL,CON)

      Value  Global                              Global Defined In Module
      -----  --------------------------------   ------------------------
     00008000  G$level1music_psg$0_0$0            bank4
     00008000  _level1music_psg                   bank4
     0000926F  G$punch1_psg$0_0$0                 bank4
     0000926F  _punch1_psg                        bank4
     0000927F  G$punch2_psg$0_0$0                 bank4
     0000927F  _punch2_psg                        bank4
     0000928F  G$enemyanimation0frame0_bin$0_0$   bank4
     0000928F  _enemyanimation0frame0_bin         bank4
     0000938F  G$enemyanimation0frame0mirrored_   bank4
     0000938F  _enemyanimation0frame0mirrored_b   bank4
     0000948F  G$enemyanimation1frame0_bin$0_0$   bank4
     0000948F  _enemyanimation1frame0_bin         bank4
     0000958F  G$enemyanimation1frame0mirrored_   bank4
     0000958F  _enemyanimation1frame0mirrored_b   bank4
     0000968F  G$enemyanimation1frame1_bin$0_0$   bank4
     0000968F  _enemyanimation1frame1_bin         bank4
     0000978F  G$enemyanimation1frame1mirrored_   bank4
     0000978F  _enemyanimation1frame1mirrored_b   bank4
     0000988F  G$enemyanimation1frame2_bin$0_0$   bank4
     0000988F  _enemyanimation1frame2_bin         bank4
     0000998F  G$enemyanimation1frame2mirrored_   bank4
     0000998F  _enemyanimation1frame2mirrored_b   bank4
     00009A8F  G$enemyanimation1frame3_bin$0_0$   bank4
     00009A8F  _enemyanimation1frame3_bin         bank4
     00009B8F  G$enemyanimation1frame3mirrored_   bank4
     00009B8F  _enemyanimation1frame3mirrored_b   bank4
     00009C8F  G$levelbackgroundtilemap_bin$0_0   bank4
     00009C8F  _levelbackgroundtilemap_bin        bank4
     0000A28F  G$systemfont_psgcompr$0_0$0        bank4
     0000A28F  _systemfont_psgcompr               bank4
     0000A781  G$playeranimation1frame1mirrored   bank4
     0000A781  _playeranimation1frame1mirrored_   bank4
     0000A881  G$playeranimation1frame2_bin$0_0   bank4
     0000A881  _playeranimation1frame2_bin        bank4
     0000A981  G$playeranimation1frame2mirrored   bank4
     0000A981  _playeranimation1frame2mirrored_   bank4
     0000AA81  G$playeranimation1frame3_bin$0_0   bank4
     0000AA81  _playeranimation1frame3_bin        bank4
     0000AB81  G$playeranimation1frame3mirrored   bank4
     0000AB81  _playeranimation1frame3mirrored_   bank4

ASxxxx Linker V03.00 + NoICE + sdld,  page 109.
Hexadecimal  [32-Bits]

Area                                    Addr        Size        Decimal Bytes (Attributes)
--------------------------------        ----        ----        ------- ----- ------------
_CABS0                              00000000    00000010 =          16. bytes (ABS,CON)

      Value  Global                              Global Defined In Module
      -----  --------------------------------   ------------------------
     00007FF0  G$__SMS__SEGA_signature$0_0$0      _sms_manager
     00007FF0  ___SMS__SEGA_signature             _sms_manager

ASxxxx Linker V03.00 + NoICE + sdld,  page 110.
Hexadecimal  [32-Bits]

Area                                    Addr        Size        Decimal Bytes (Attributes)
--------------------------------        ----        ----        ------- ----- ------------
_CABS1                              00000000    00000011 =          17. bytes (ABS,CON)

      Value  Global                              Global Defined In Module
      -----  --------------------------------   ------------------------
     00007FCF  G$__SMS__SDSC_author$0_0$0         _sms_manager
     00007FCF  ___SMS__SDSC_author                _sms_manager

ASxxxx Linker V03.00 + NoICE + sdld,  page 111.
Hexadecimal  [32-Bits]

Area                                    Addr        Size        Decimal Bytes (Attributes)
--------------------------------        ----        ----        ------- ----- ------------
_CABS2                              00000000    00000009 =           9. bytes (ABS,CON)

      Value  Global                              Global Defined In Module
      -----  --------------------------------   ------------------------
     00007FC6  G$__SMS__SDSC_name$0_0$0           _sms_manager
     00007FC6  ___SMS__SDSC_name                  _sms_manager

ASxxxx Linker V03.00 + NoICE + sdld,  page 112.
Hexadecimal  [32-Bits]

Area                                    Addr        Size        Decimal Bytes (Attributes)
--------------------------------        ----        ----        ------- ----- ------------
_CABS3                              00000000    00000019 =          25. bytes (ABS,CON)

      Value  Global                              Global Defined In Module
      -----  --------------------------------   ------------------------
     00007FAD  G$__SMS__SDSC_descr$0_0$0          _sms_manager
     00007FAD  ___SMS__SDSC_descr                 _sms_manager

ASxxxx Linker V03.00 + NoICE + sdld,  page 113.
Hexadecimal  [32-Bits]

Area                                    Addr        Size        Decimal Bytes (Attributes)
--------------------------------        ----        ----        ------- ----- ------------
_CABS4                              00000000    00000010 =          16. bytes (ABS,CON)

      Value  Global                              Global Defined In Module
      -----  --------------------------------   ------------------------
     00007FE0  G$__SMS__SDSC_signature$0_0$0      _sms_manager
     00007FE0  ___SMS__SDSC_signature             _sms_manager

ASxxxx Linker V03.00 + NoICE + sdld,  page 114.

Files Linked                              [ module(s) ]

../crt0/crt0_sms.rel                      [ crt0 ]
main.rel                                  [ main ]
../lib/PSGLib.rel                         [ PSGlib ]
../lib/GSLib.rel                          [ GSLib ]
banks/bank2.rel                           [ bank2 ]
banks/bank3.rel                           [ bank3 ]
banks/bank4.rel                           [ bank4 ]
devkit/_sms_manager.rel                   [ _sms_manager ]
devkit/_snd_manager.rel                   [ _snd_manager ]
devkit/_gsl_manager.rel                   [ _gsl_manager ]
engine/asm_manager.rel                    [ asm_manager ]
engine/content_manager.rel                [ content_manager ]
engine/enum_manager.rel                   [ enum_manager ]
engine/font_manager.rel                   [ font_manager ]
engine/global_manager.rel                 [ global_manager ]
engine/input_manager.rel                  [ input_manager ]
engine/screen_manager.rel                 [ screen_manager ]
screen/none_screen.rel                    [ none_screen ]
screen/func_screen.rel                    [ func_screen ]
screen/test_screen.rel                    [ test_screen ]
gfx.rel                                   [ gfx ]


Libraries Linked                          [ object file ]

../lib/SMSlib.lib                         [ SMSlib_spriteAdv.rel ]
../lib/SMSlib.lib                         [ SMSlib_aPLib.rel ]
C:\Program Files\SDCC\bin\..\lib\z80/z80.lib
                                          [ divunsigned.rel ]
../lib/SMSlib.lib                         [ SMSlib_UNSAFE.rel ]
../lib/SMSlib.lib                         [ SMSlib.rel ]
../lib/SMSlib.lib                         [ SMSlib_PSGaiden.rel ]
../lib/SMSlib.lib                         [ SMSlib_load1bppTiles.rel ]
../lib/SMSlib.lib                         [ SMSlib_spriteClip.rel ]
../lib/SMSlib.lib                         [ SMSlib_VRAMmemset.rel ]
../lib/SMSlib.lib                         [ SMSlib_paletteAdv.rel ]
../lib/SMSlib.lib                         [ SMSlib_zx7.rel ]
../lib/SMSlib.lib                         [ SMSlib_textrenderer.rel ]
../lib/SMSlib.lib                         [ SMSlib_threesprites.rel ]
../lib/SMSlib.lib                         [ SMSlib_sprite.rel ]
../lib/SMSlib.lib                         [ SMSlib_twosprites.rel ]
../lib/SMSlib.lib                         [ SMSlib_paddle.rel ]
../lib/SMSlib.lib                         [ SMSlib_VRAMmemcpy_brief.rel ]
../lib/SMSlib.lib                         [ SMSlib_UNSAFE_zx7.rel ]
C:\Program Files\SDCC\bin\..\lib\z80/z80.lib
                                          [ __sdcc_call_hl.rel ]
../lib/SMSlib.lib                         [ SMSlib_deprecated.rel ]
../lib/SMSlib.lib                         [ SMSlib_VRAMmemcpy.rel ]
../lib/SMSlib.lib                         [ SMSlib_STMcomp.rel ]
../lib/SMSlib.lib                         [ SMSlib_loadTileMapArea.rel ]
../lib/SMSlib.lib                         [ SMSlib_autotext.rel ]
C:\Program Files\SDCC\bin\..\lib\z80/z80.lib
                                          [ modunsigned.rel ]

ASxxxx Linker V03.00 + NoICE + sdld,  page 115.

User Base Address Definitions

_CODE = 0x0200
_DATA = 0xc000
_BANK2=0x8000
_BANK3=0x8000
_BANK4=0x8000

