ASxxxx Linker V03.00 + NoICE + sdld,  page 1.
Hexadecimal  [32-Bits]

Area                                    Addr        Size        Decimal Bytes (Attributes)
--------------------------------        ----        ----        ------- ----- ------------
.  .ABS.                            00000000    00000000 =           0. bytes (ABS,CON)

      Value  Global                              Global Defined In Module
      -----  --------------------------------   ------------------------
     00000000  .__.ABS.                           SMSlib_autotext
     00000000  l__BSEG                         
     00000000  l__BSS                          
     00000000  l__CABS                         
     00000000  l__DABS                         
     00000000  l__HEADER                       
     00000000  l__HEAP                         
     00000000  l__HOME                         
     00000000  s__CABS                         
     00000000  s__CABS0                        
     00000000  s__CABS1                        
     00000000  s__CABS2                        
     00000000  s__CABS3                        
     00000000  s__CABS4                        
     00000000  s__DABS                         
     00000000  s__HEADER                       
     00000000  s__HEADER0                      
     00000000  s__HEADER1                      
     00000000  s__HEADER2                      
     00000000  s__HEADER3                      
     00000000  s__HEADER4                      
     00000000  s__HEADER5                      
     00000001  l__GSFINAL                      
     00000003  l__HEADER3                      
     00000003  l__HEADER4                      
     00000006  l__HEADER0                      
     00000007  l__INITIALIZED                  
     00000007  l__INITIALIZER                  
     00000009  l__CABS2                        
     00000009  l__HEADER1                      
     0000000A  l__HEADER2                      
     0000000F  l__GSINIT                       
     00000010  l__CABS0                        
     00000010  l__CABS4                        
     00000011  l__CABS1                        
     00000019  l__CABS3                        
     0000012A  l__HEADER5                      
     00000200  s__CODE                         
     00000225  l__DATA                         
     00002826  l__CODE                         
     00002A26  s__HOME                         
     00002A26  s__INITIALIZER                  
     00002A2D  s__GSINIT                       
     00002A3C  s__GSFINAL                      
     00002C81  l__BANK4                        
     00003F06  l__BANK3                        
     00003F25  l__BANK2                        
     00008000  G$SMS_SRAM$0_0$0                   _sms_manager
     00008000  _SMS_SRAM                          SMSlib_autotext
     00008000  s__BANK2                        
ASxxxx Linker V03.00 + NoICE + sdld,  page 2.
Hexadecimal  [32-Bits]

Area                                    Addr        Size        Decimal Bytes (Attributes)
--------------------------------        ----        ----        ------- ----- ------------
.  .ABS.                            00000000    00000000 =           0. bytes (ABS,CON)

      Value  Global                              Global Defined In Module
      -----  --------------------------------   ------------------------
     00008000  s__BANK3                        
     00008000  s__BANK4                        
     0000C000  s__DATA                         
     0000C225  s__INITIALIZED                  
     0000C22C  s__BSEG                         
     0000C22C  s__BSS                          
     0000C22C  s__HEAP                         
     0000FFFC  G$SRAM_bank_to_be_mapped_on_slot   _sms_manager
     0000FFFC  _SRAM_bank_to_be_mapped_on_slot2   SMSlib_autotext
     0000FFFF  G$ROM_bank_to_be_mapped_on_slot2   _sms_manager
     0000FFFF  _ROM_bank_to_be_mapped_on_slot2    SMSlib_autotext

ASxxxx Linker V03.00 + NoICE + sdld,  page 3.
Hexadecimal  [32-Bits]

Area                                    Addr        Size        Decimal Bytes (Attributes)
--------------------------------        ----        ----        ------- ----- ------------
_CODE                               00000200    00002826 =       10278. bytes (REL,CON)

      Value  Global                              Global Defined In Module
      -----  --------------------------------   ------------------------
     00000200  __clock                            crt0
     00000204  _exit                              crt0
     0000020A  A$main$66                          main
     0000020A  C$main.c$3$0_0$122                 main
     0000020A  C$main.c$5$1_0$122                 main
     0000020A  G$main$0$0                         main
     0000020A  _main                              main
     0000020D  A$main$70                          main
     0000020D  C$main.c$6$1_0$122                 main
     00000210  A$main$71                          main
     00000211  A$main$72                          main
     00000212  A$main$73                          main
     00000213  A$main$74                          main
     00000216  A$main$75                          main
     00000217  A$main$79                          main
     00000217  C$main.c$7$1_0$122                 main
     00000218  A$main$80                          main
     00000219  A$main$81                          main
     0000021A  A$main$82                          main
     0000021D  A$main$83                          main
     0000021E  A$main$87                          main
     0000021E  C$main.c$8$1_0$122                 main
     00000221  A$main$88                          main
     00000222  A$main$89                          main
     00000225  A$main$90                          main
     00000226  A$main$94                          main
     00000226  C$main.c$10$1_0$122                main
     00000229  A$main$98                          main
     00000229  C$main.c$11$1_0$122                main
     0000022A  A$main$99                          main
     0000022B  A$main$100                         main
     0000022C  A$main$101                         main
     0000022D  A$main$102                         main
     0000022E  A$main$103                         main
     00000230  A$main$104                         main
     00000231  A$main$105                         main
     00000234  A$main$106                         main
     00000235  A$main$107                         main
     00000236  A$main$108                         main
     00000237  A$main$109                         main
     00000238  A$main$110                         main
     00000239  A$main$111                         main
     0000023A  A$main$112                         main
     0000023B  A$main$113                         main
     0000023C  A$main$114                         main
     0000023F  A$main$115                         main
     00000240  A$main$119                         main
     00000240  C$main.c$12$1_0$122                main
     00000243  A$main$124                         main
     00000243  C$main.c$15$3_0$124                main
ASxxxx Linker V03.00 + NoICE + sdld,  page 4.
Hexadecimal  [32-Bits]

Area                                    Addr        Size        Decimal Bytes (Attributes)
--------------------------------        ----        ----        ------- ----- ------------
_CODE                               00000200    00002826 =       10278. bytes (REL,CON)

      Value  Global                              Global Defined In Module
      -----  --------------------------------   ------------------------
     00000246  A$main$132                         main
     00000246  C$main.c$17$2_0$122                main
     00000246  XG$main$0$0                        main
     00000248  _PSGStop                           PSGlib
     0000026F  _PSGResume                         PSGlib
     000002BB  _PSGPlay                           PSGlib
     000002E8  _PSGPlayLoops                      PSGlib
     000002FF  _PSGCancelLoop                     PSGlib
     0000030A  _PSGPlayNoRepeat                   PSGlib
     0000031E  _PSGGetStatus                      PSGlib
     00000323  _PSGSilenceChannels                PSGlib
     00000334  _PSGRestoreVolumes                 PSGlib
     0000042F  _PSGSetMusicVolumeAttenuation      PSGlib
     00000513  _PSGSFXStop                        PSGlib
     000005DB  _PSGSFXPlay                        PSGlib
     00000628  _PSGSFXCancelLoop                  PSGlib
     0000062E  _PSGSFXGetStatus                   PSGlib
     00000633  _PSGSFXPlayLoop                    PSGlib
     00000650  _PSGFrame                          PSGlib
     00000774  _PSGSFXFrame                       PSGlib
     000007FA  A$GSLib$78                         GSLib
     000007FA  C$GSLib.c$56$0_0$8                 GSLib
     000007FA  C$GSLib.c$68$1_0$8                 GSLib
     000007FA  G$GSL_positionWindow$0$0           GSLib
     000007FA  _GSL_positionWindow                GSLib
     000007FB  A$GSLib$79                         GSLib
     000007FC  A$GSLib$80                         GSLib
     000007FD  A$GSLib$81                         GSLib
     000007FE  A$GSLib$82                         GSLib
     000007FF  A$GSLib$83                         GSLib
     00000800  A$GSLib$84                         GSLib
     00000803  A$GSLib$92                         GSLib
     00000803  C$GSLib.c$69$1_0$8                 GSLib
     00000803  XG$GSL_positionWindow$0$0          GSLib
     00000804  A$GSLib$105                        GSLib
     00000804  C$GSLib.c$73$1_0$10                GSLib
     00000804  C$GSLib.c$84$1_0$10                GSLib
     00000804  G$GSL_metatileLookup$0$0           GSLib
     00000804  _GSL_metatileLookup                GSLib
     00000805  A$GSLib$106                        GSLib
     00000806  A$GSLib$107                        GSLib
     00000807  A$GSLib$108                        GSLib
     00000808  A$GSLib$109                        GSLib
     00000809  A$GSLib$110                        GSLib
     0000080A  A$GSLib$111                        GSLib
     0000080D  A$GSLib$119                        GSLib
     0000080D  C$GSLib.c$85$1_0$10                GSLib
     0000080D  XG$GSL_metatileLookup$0$0          GSLib
     0000080E  A$GSLib$132                        GSLib
     0000080E  C$GSLib.c$101$1_0$12               GSLib
     0000080E  C$GSLib.c$89$1_0$12                GSLib
ASxxxx Linker V03.00 + NoICE + sdld,  page 5.
Hexadecimal  [32-Bits]

Area                                    Addr        Size        Decimal Bytes (Attributes)
--------------------------------        ----        ----        ------- ----- ------------
_CODE                               00000200    00002826 =       10278. bytes (REL,CON)

      Value  Global                              Global Defined In Module
      -----  --------------------------------   ------------------------
     0000080E  G$GSL_tileLookup$0$0               GSLib
     0000080E  _GSL_tileLookup                    GSLib
     0000080F  A$GSLib$133                        GSLib
     00000810  A$GSLib$134                        GSLib
     00000811  A$GSLib$135                        GSLib
     00000812  A$GSLib$136                        GSLib
     00000813  A$GSLib$137                        GSLib
     00000814  A$GSLib$138                        GSLib
     00000817  A$GSLib$146                        GSLib
     00000817  C$GSLib.c$102$1_0$12               GSLib
     00000817  XG$GSL_tileLookup$0$0              GSLib
     00000818  A$GSLib$159                        GSLib
     00000818  C$GSLib.c$106$1_0$13               GSLib
     00000818  C$GSLib.c$112$1_0$13               GSLib
     00000818  G$GSL_refreshVDP$0$0               GSLib
     00000818  _GSL_refreshVDP                    GSLib
     0000081A  A$GSLib$160                        GSLib
     0000081D  A$GSLib$161                        GSLib
     0000081F  A$GSLib$169                        GSLib
     0000081F  C$GSLib.c$113$1_0$13               GSLib
     0000081F  XG$GSL_refreshVDP$0$0              GSLib
     00000820  A$GSLib$182                        GSLib
     00000820  C$GSLib.c$117$1_0$15               GSLib
     00000820  C$GSLib.c$135$1_0$15               GSLib
     00000820  G$GSL_scroll$0$0                   GSLib
     00000820  _GSL_scroll                        GSLib
     00000821  A$GSLib$183                        GSLib
     00000822  A$GSLib$184                        GSLib
     00000823  A$GSLib$185                        GSLib
     00000824  A$GSLib$186                        GSLib
     00000826  A$GSLib$187                        GSLib
     00000827  A$GSLib$188                        GSLib
     0000082A  A$GSLib$189                        GSLib
     0000082B  A$GSLib$190                        GSLib
     0000082E  A$GSLib$191                        GSLib
     00000831  A$GSLib$192                        GSLib
     00000833  A$GSLib$200                        GSLib
     00000833  C$GSLib.c$136$1_0$15               GSLib
     00000833  XG$GSL_scroll$0$0                  GSLib
     00000834  A$GSLib$213                        GSLib
     00000834  C$GSLib.c$140$1_0$16               GSLib
     00000834  C$GSLib.c$146$1_0$16               GSLib
     00000834  G$GSL_VBlank$0$0                   GSLib
     00000834  _GSL_VBlank                        GSLib
     00000836  A$GSLib$214                        GSLib
     00000839  A$GSLib$215                        GSLib
     0000083B  A$GSLib$223                        GSLib
     0000083B  C$GSLib.c$147$1_0$16               GSLib
     0000083B  XG$GSL_VBlank$0$0                  GSLib
     0000083C  A$GSLib$236                        GSLib
     0000083C  C$GSLib.c$151$1_0$17               GSLib
ASxxxx Linker V03.00 + NoICE + sdld,  page 6.
Hexadecimal  [32-Bits]

Area                                    Addr        Size        Decimal Bytes (Attributes)
--------------------------------        ----        ----        ------- ----- ------------
_CODE                               00000200    00002826 =       10278. bytes (REL,CON)

      Value  Global                              Global Defined In Module
      -----  --------------------------------   ------------------------
     0000083C  C$GSLib.c$155$1_0$17               GSLib
     0000083C  G$GSL_metatileUpdate$0$0           GSLib
     0000083C  _GSL_metatileUpdate                GSLib
     0000083F  A$GSLib$244                        GSLib
     0000083F  C$GSLib.c$156$1_0$17               GSLib
     0000083F  XG$GSL_metatileUpdate$0$0          GSLib
     00000840  A$GSLib$257                        GSLib
     00000840  C$GSLib.c$160$1_0$19               GSLib
     00000840  C$GSLib.c$178$1_0$19               GSLib
     00000840  G$GSL_metatileUpdateCustom$0$0     GSLib
     00000840  _GSL_metatileUpdateCustom          GSLib
     00000841  A$GSLib$258                        GSLib
     00000842  A$GSLib$259                        GSLib
     00000845  A$GSLib$260                        GSLib
     00000846  A$GSLib$261                        GSLib
     00000849  A$GSLib$262                        GSLib
     0000084A  A$GSLib$263                        GSLib
     0000084E  A$GSLib$264                        GSLib
     0000084F  A$GSLib$265                        GSLib
     00000852  A$GSLib$266                        GSLib
     00000853  A$GSLib$267                        GSLib
     00000854  A$GSLib$268                        GSLib
     00000855  A$GSLib$269                        GSLib
     00000856  A$GSLib$270                        GSLib
     00000859  A$GSLib$278                        GSLib
     00000859  C$GSLib.c$179$1_0$19               GSLib
     00000859  XG$GSL_metatileUpdateCustom$0$0    GSLib
     0000085A  A$GSLib$291                        GSLib
     0000085A  C$GSLib.c$182$1_0$20               GSLib
     0000085A  C$GSLib.c$184$1_0$20               GSLib
     0000085A  G$GSL_getMapWidthInPixels$0$0      GSLib
     0000085A  _GSL_getMapWidthInPixels           GSLib
     0000085D  A$GSLib$299                        GSLib
     0000085D  C$GSLib.c$185$1_0$20               GSLib
     0000085D  XG$GSL_getMapWidthInPixels$0$0     GSLib
     0000085E  A$GSLib$312                        GSLib
     0000085E  C$GSLib.c$189$1_0$21               GSLib
     0000085E  C$GSLib.c$191$1_0$21               GSLib
     0000085E  G$GSL_getMapHeightInPixels$0$0     GSLib
     0000085E  _GSL_getMapHeightInPixels          GSLib
     00000861  A$GSLib$320                        GSLib
     00000861  C$GSLib.c$192$1_0$21               GSLib
     00000861  XG$GSL_getMapHeightInPixels$0$0    GSLib
     00000862  A$GSLib$333                        GSLib
     00000862  C$GSLib.c$196$1_0$22               GSLib
     00000862  C$GSLib.c$198$1_0$22               GSLib
     00000862  G$GSL_getMapWidthInMetatiles$0$0   GSLib
     00000862  _GSL_getMapWidthInMetatiles        GSLib
     00000865  A$GSLib$341                        GSLib
     00000865  C$GSLib.c$199$1_0$22               GSLib
     00000865  XG$GSL_getMapWidthInMetatiles$0$   GSLib
ASxxxx Linker V03.00 + NoICE + sdld,  page 7.
Hexadecimal  [32-Bits]

Area                                    Addr        Size        Decimal Bytes (Attributes)
--------------------------------        ----        ----        ------- ----- ------------
_CODE                               00000200    00002826 =       10278. bytes (REL,CON)

      Value  Global                              Global Defined In Module
      -----  --------------------------------   ------------------------
     00000866  A$GSLib$354                        GSLib
     00000866  C$GSLib.c$203$1_0$23               GSLib
     00000866  C$GSLib.c$205$1_0$23               GSLib
     00000866  G$GSL_getMapHeightInMetatiles$0$   GSLib
     00000866  _GSL_getMapHeightInMetatiles       GSLib
     00000869  A$GSLib$362                        GSLib
     00000869  C$GSLib.c$206$1_0$23               GSLib
     00000869  XG$GSL_getMapHeightInMetatiles$0   GSLib
     0000086A  A$GSLib$375                        GSLib
     0000086A  C$GSLib.c$210$1_0$24               GSLib
     0000086A  C$GSLib.c$212$1_0$24               GSLib
     0000086A  G$GSL_getScrolltableSize$0$0       GSLib
     0000086A  _GSL_getScrolltableSize            GSLib
     0000086D  A$GSLib$383                        GSLib
     0000086D  C$GSLib.c$213$1_0$24               GSLib
     0000086D  XG$GSL_getScrolltableSize$0$0      GSLib
     0000086E  A$GSLib$396                        GSLib
     0000086E  C$GSLib.c$217$1_0$25               GSLib
     0000086E  C$GSLib.c$219$1_0$25               GSLib
     0000086E  G$GSL_getCurrentX$0$0              GSLib
     0000086E  _GSL_getCurrentX                   GSLib
     00000871  A$GSLib$404                        GSLib
     00000871  C$GSLib.c$220$1_0$25               GSLib
     00000871  XG$GSL_getCurrentX$0$0             GSLib
     00000872  A$GSLib$417                        GSLib
     00000872  C$GSLib.c$224$1_0$26               GSLib
     00000872  C$GSLib.c$226$1_0$26               GSLib
     00000872  G$GSL_getCurrentY$0$0              GSLib
     00000872  _GSL_getCurrentY                   GSLib
     00000875  A$GSLib$425                        GSLib
     00000875  C$GSLib.c$227$1_0$26               GSLib
     00000875  XG$GSL_getCurrentY$0$0             GSLib
     00000876  A$GSLib$438                        GSLib
     00000876  C$GSLib.c$231$1_0$27               GSLib
     00000876  C$GSLib.c$233$1_0$27               GSLib
     00000876  G$GSL_getCollisionCount$0$0        GSLib
     00000876  _GSL_getCollisionCount             GSLib
     00000879  A$GSLib$439                        GSLib
     0000087A  A$GSLib$447                        GSLib
     0000087A  C$GSLib.c$234$1_0$27               GSLib
     0000087A  XG$GSL_getCollisionCount$0$0       GSLib
     0000087B  A$GSLib$460                        GSLib
     0000087B  C$GSLib.c$237$1_0$28               GSLib
     0000087B  C$GSLib.c$239$1_0$28               GSLib
     0000087B  G$GSL_getScrolltableAddress$0$0    GSLib
     0000087B  _GSL_getScrolltableAddress         GSLib
     0000087E  A$GSLib$468                        GSLib
     0000087E  C$GSLib.c$240$1_0$28               GSLib
     0000087E  XG$GSL_getScrolltableAddress$0$0   GSLib
     0000087F  A$GSLib$481                        GSLib
     0000087F  C$GSLib.c$1724$1_0$30              GSLib
ASxxxx Linker V03.00 + NoICE + sdld,  page 8.
Hexadecimal  [32-Bits]

Area                                    Addr        Size        Decimal Bytes (Attributes)
--------------------------------        ----        ----        ------- ----- ------------
_CODE                               00000200    00002826 =       10278. bytes (REL,CON)

      Value  Global                              Global Defined In Module
      -----  --------------------------------   ------------------------
     0000087F  C$GSLib.c$244$1_0$30               GSLib
     0000087F  G$GSL_initializeMap$0$0            GSLib
     0000087F  _GSL_initializeMap                 GSLib
     00000880  A$GSLib$482                        GSLib
     00000881  A$GSLib$483                        GSLib
     00000882  A$GSLib$484                        GSLib
     00000883  A$GSLib$485                        GSLib
     00000884  A$GSLib$486                        GSLib
     00000885  A$GSLib$487                        GSLib
     00000888  A$GSLib$488                        GSLib
     0000088B  A$GSLib$493                        GSLib
     0000088F  A$GSLib$495                        GSLib
     00000890  A$GSLib$496                        GSLib
     00000891  A$GSLib$497                        GSLib
     00000892  A$GSLib$498                        GSLib
     00000893  A$GSLib$499                        GSLib
     00000896  A$GSLib$501                        GSLib
     00000899  A$GSLib$502                        GSLib
     0000089C  A$GSLib$503                        GSLib
     0000089E  A$GSLib$505                        GSLib
     000008A1  A$GSLib$507                        GSLib
     000008A4  A$GSLib$508                        GSLib
     000008A7  A$GSLib$509                        GSLib
     000008A8  A$GSLib$510                        GSLib
     000008AB  A$GSLib$511                        GSLib
     000008AE  A$GSLib$512                        GSLib
     000008B1  A$GSLib$513                        GSLib
     000008B2  A$GSLib$516                        GSLib
     000008B6  A$GSLib$517                        GSLib
     000008B9  A$GSLib$519                        GSLib
     000008BC  A$GSLib$521                        GSLib
     000008BF  A$GSLib$524                        GSLib
     000008C2  A$GSLib$525                        GSLib
     000008C4  A$GSLib$526                        GSLib
     000008C6  A$GSLib$528                        GSLib
     000008C8  A$GSLib$529                        GSLib
     000008C9  A$GSLib$530                        GSLib
     000008CB  A$GSLib$531                        GSLib
     000008CC  A$GSLib$532                        GSLib
     000008CE  A$GSLib$534                        GSLib
     000008CF  A$GSLib$535                        GSLib
     000008D0  A$GSLib$536                        GSLib
     000008D1  A$GSLib$538                        GSLib
     000008D3  A$GSLib$539                        GSLib
     000008D4  A$GSLib$540                        GSLib
     000008D5  A$GSLib$541                        GSLib
     000008D6  A$GSLib$543                        GSLib
     000008D7  A$GSLib$544                        GSLib
     000008DA  A$GSLib$547                        GSLib
     000008DC  A$GSLib$548                        GSLib
     000008DD  A$GSLib$549                        GSLib
ASxxxx Linker V03.00 + NoICE + sdld,  page 9.
Hexadecimal  [32-Bits]

Area                                    Addr        Size        Decimal Bytes (Attributes)
--------------------------------        ----        ----        ------- ----- ------------
_CODE                               00000200    00002826 =       10278. bytes (REL,CON)

      Value  Global                              Global Defined In Module
      -----  --------------------------------   ------------------------
     000008DE  A$GSLib$550                        GSLib
     000008DF  A$GSLib$551                        GSLib
     000008E0  A$GSLib$552                        GSLib
     000008E1  A$GSLib$553                        GSLib
     000008E2  A$GSLib$554                        GSLib
     000008E3  A$GSLib$555                        GSLib
     000008E4  A$GSLib$558                        GSLib
     000008E7  A$GSLib$559                        GSLib
     000008E9  A$GSLib$560                        GSLib
     000008EA  A$GSLib$561                        GSLib
     000008EB  A$GSLib$562                        GSLib
     000008EC  A$GSLib$563                        GSLib
     000008ED  A$GSLib$565                        GSLib
     000008F0  A$GSLib$566                        GSLib
     000008F1  A$GSLib$568                        GSLib
     000008F2  A$GSLib$569                        GSLib
     000008F3  A$GSLib$570                        GSLib
     000008F6  A$GSLib$572                        GSLib
     000008F9  A$GSLib$573                        GSLib
     000008FB  A$GSLib$574                        GSLib
     000008FD  A$GSLib$575                        GSLib
     000008FF  A$GSLib$576                        GSLib
     00000902  A$GSLib$577                        GSLib
     00000904  A$GSLib$578                        GSLib
     00000906  A$GSLib$579                        GSLib
     00000908  A$GSLib$580                        GSLib
     00000909  A$GSLib$583                        GSLib
     0000090C  A$GSLib$584                        GSLib
     00000910  A$GSLib$586                        GSLib
     00000911  A$GSLib$587                        GSLib
     00000913  A$GSLib$588                        GSLib
     00000914  A$GSLib$589                        GSLib
     00000916  A$GSLib$590                        GSLib
     00000917  A$GSLib$591                        GSLib
     00000919  A$GSLib$592                        GSLib
     0000091A  A$GSLib$593                        GSLib
     0000091C  A$GSLib$594                        GSLib
     0000091D  A$GSLib$595                        GSLib
     0000091E  A$GSLib$597                        GSLib
     00000922  A$GSLib$598                        GSLib
     00000925  A$GSLib$599                        GSLib
     00000926  A$GSLib$600                        GSLib
     00000928  A$GSLib$602                        GSLib
     00000929  A$GSLib$603                        GSLib
     0000092B  A$GSLib$604                        GSLib
     0000092C  A$GSLib$605                        GSLib
     0000092E  A$GSLib$606                        GSLib
     0000092F  A$GSLib$608                        GSLib
     00000931  A$GSLib$610                        GSLib
     00000935  A$GSLib$611                        GSLib
     00000936  A$GSLib$612                        GSLib
ASxxxx Linker V03.00 + NoICE + sdld,  page 10.
Hexadecimal  [32-Bits]

Area                                    Addr        Size        Decimal Bytes (Attributes)
--------------------------------        ----        ----        ------- ----- ------------
_CODE                               00000200    00002826 =       10278. bytes (REL,CON)

      Value  Global                              Global Defined In Module
      -----  --------------------------------   ------------------------
     00000938  A$GSLib$613                        GSLib
     00000939  A$GSLib$614                        GSLib
     0000093B  A$GSLib$615                        GSLib
     0000093C  A$GSLib$616                        GSLib
     0000093E  A$GSLib$617                        GSLib
     0000093F  A$GSLib$618                        GSLib
     00000941  A$GSLib$619                        GSLib
     00000942  A$GSLib$620                        GSLib
     00000943  A$GSLib$621                        GSLib
     00000944  A$GSLib$623                        GSLib
     00000948  A$GSLib$624                        GSLib
     00000949  A$GSLib$626                        GSLib
     0000094C  A$GSLib$627                        GSLib
     0000094D  A$GSLib$630                        GSLib
     0000094F  A$GSLib$631                        GSLib
     00000950  A$GSLib$632                        GSLib
     00000951  A$GSLib$633                        GSLib
     00000952  A$GSLib$634                        GSLib
     00000953  A$GSLib$635                        GSLib
     00000955  A$GSLib$636                        GSLib
     00000956  A$GSLib$637                        GSLib
     00000957  A$GSLib$638                        GSLib
     00000958  A$GSLib$639                        GSLib
     00000959  A$GSLib$641                        GSLib
     0000095C  A$GSLib$643                        GSLib
     0000095D  A$GSLib$644                        GSLib
     0000095E  A$GSLib$645                        GSLib
     00000960  A$GSLib$646                        GSLib
     00000961  A$GSLib$647                        GSLib
     00000962  A$GSLib$648                        GSLib
     00000964  A$GSLib$649                        GSLib
     00000965  A$GSLib$650                        GSLib
     00000966  A$GSLib$651                        GSLib
     00000967  A$GSLib$652                        GSLib
     00000968  A$GSLib$653                        GSLib
     0000096C  A$GSLib$654                        GSLib
     0000096D  A$GSLib$656                        GSLib
     0000096E  A$GSLib$657                        GSLib
     0000096F  A$GSLib$658                        GSLib
     00000970  A$GSLib$659                        GSLib
     00000971  A$GSLib$660                        GSLib
     00000972  A$GSLib$663                        GSLib
     00000975  A$GSLib$664                        GSLib
     00000978  A$GSLib$666                        GSLib
     0000097B  A$GSLib$667                        GSLib
     0000097E  A$GSLib$668                        GSLib
     00000981  A$GSLib$669                        GSLib
     00000983  A$GSLib$670                        GSLib
     00000985  A$GSLib$671                        GSLib
     00000987  A$GSLib$672                        GSLib
     00000989  A$GSLib$673                        GSLib
ASxxxx Linker V03.00 + NoICE + sdld,  page 11.
Hexadecimal  [32-Bits]

Area                                    Addr        Size        Decimal Bytes (Attributes)
--------------------------------        ----        ----        ------- ----- ------------
_CODE                               00000200    00002826 =       10278. bytes (REL,CON)

      Value  Global                              Global Defined In Module
      -----  --------------------------------   ------------------------
     0000098C  A$GSLib$674                        GSLib
     0000098E  A$GSLib$675                        GSLib
     00000991  A$GSLib$678                        GSLib
     00000994  A$GSLib$679                        GSLib
     00000996  A$GSLib$680                        GSLib
     00000998  A$GSLib$681                        GSLib
     0000099A  A$GSLib$683                        GSLib
     0000099E  A$GSLib$684                        GSLib
     000009A1  A$GSLib$685                        GSLib
     000009A4  A$GSLib$687                        GSLib
     000009A5  A$GSLib$688                        GSLib
     000009A7  A$GSLib$690                        GSLib
     000009AA  A$GSLib$691                        GSLib
     000009AC  A$GSLib$692                        GSLib
     000009AD  A$GSLib$693                        GSLib
     000009B0  A$GSLib$694                        GSLib
     000009B3  A$GSLib$696                        GSLib
     000009B6  A$GSLib$697                        GSLib
     000009B7  A$GSLib$698                        GSLib
     000009B8  A$GSLib$699                        GSLib
     000009BA  A$GSLib$700                        GSLib
     000009BC  A$GSLib$701                        GSLib
     000009BF  A$GSLib$702                        GSLib
     000009C0  A$GSLib$703                        GSLib
     000009C1  A$GSLib$704                        GSLib
     000009C2  A$GSLib$705                        GSLib
     000009C3  A$GSLib$707                        GSLib
     000009C6  A$GSLib$708                        GSLib
     000009C8  A$GSLib$709                        GSLib
     000009CA  A$GSLib$710                        GSLib
     000009CB  A$GSLib$711                        GSLib
     000009CC  A$GSLib$712                        GSLib
     000009CD  A$GSLib$713                        GSLib
     000009CF  A$GSLib$714                        GSLib
     000009D0  A$GSLib$715                        GSLib
     000009D2  A$GSLib$716                        GSLib
     000009D3  A$GSLib$718                        GSLib
     000009D5  A$GSLib$720                        GSLib
     000009D7  A$GSLib$721                        GSLib
     000009D8  A$GSLib$722                        GSLib
     000009DB  A$GSLib$724                        GSLib
     000009DF  A$GSLib$725                        GSLib
     000009E1  A$GSLib$726                        GSLib
     000009E3  A$GSLib$727                        GSLib
     000009E4  A$GSLib$728                        GSLib
     000009E6  A$GSLib$729                        GSLib
     000009E8  A$GSLib$731                        GSLib
     000009EB  A$GSLib$732                        GSLib
     000009ED  A$GSLib$733                        GSLib
     000009EF  A$GSLib$734                        GSLib
     000009F0  A$GSLib$735                        GSLib
ASxxxx Linker V03.00 + NoICE + sdld,  page 12.
Hexadecimal  [32-Bits]

Area                                    Addr        Size        Decimal Bytes (Attributes)
--------------------------------        ----        ----        ------- ----- ------------
_CODE                               00000200    00002826 =       10278. bytes (REL,CON)

      Value  Global                              Global Defined In Module
      -----  --------------------------------   ------------------------
     000009F1  A$GSLib$736                        GSLib
     000009F2  A$GSLib$737                        GSLib
     000009F4  A$GSLib$740                        GSLib
     000009F6  A$GSLib$741                        GSLib
     000009F7  A$GSLib$742                        GSLib
     000009FA  A$GSLib$745                        GSLib
     000009FD  A$GSLib$746                        GSLib
     00000A00  A$GSLib$747                        GSLib
     00000A01  A$GSLib$748                        GSLib
     00000A04  A$GSLib$750                        GSLib
     00000A07  A$GSLib$751                        GSLib
     00000A08  A$GSLib$752                        GSLib
     00000A09  A$GSLib$753                        GSLib
     00000A0C  A$GSLib$755                        GSLib
     00000A0F  A$GSLib$756                        GSLib
     00000A10  A$GSLib$757                        GSLib
     00000A13  A$GSLib$758                        GSLib
     00000A16  A$GSLib$759                        GSLib
     00000A19  A$GSLib$760                        GSLib
     00000A1B  A$GSLib$761                        GSLib
     00000A1D  A$GSLib$762                        GSLib
     00000A1E  A$GSLib$763                        GSLib
     00000A1F  A$GSLib$764                        GSLib
     00000A22  A$GSLib$767                        GSLib
     00000A25  A$GSLib$768                        GSLib
     00000A27  A$GSLib$769                        GSLib
     00000A29  A$GSLib$770                        GSLib
     00000A2A  A$GSLib$771                        GSLib
     00000A2D  A$GSLib$772                        GSLib
     00000A30  A$GSLib$775                        GSLib
     00000A33  A$GSLib$776                        GSLib
     00000A37  A$GSLib$778                        GSLib
     00000A3A  A$GSLib$779                        GSLib
     00000A3B  A$GSLib$780                        GSLib
     00000A3E  A$GSLib$784                        GSLib
     00000A41  A$GSLib$785                        GSLib
     00000A43  A$GSLib$786                        GSLib
     00000A45  A$GSLib$788                        GSLib
     00000A47  A$GSLib$789                        GSLib
     00000A48  A$GSLib$790                        GSLib
     00000A4A  A$GSLib$791                        GSLib
     00000A4B  A$GSLib$792                        GSLib
     00000A4D  A$GSLib$794                        GSLib
     00000A4E  A$GSLib$795                        GSLib
     00000A4F  A$GSLib$796                        GSLib
     00000A50  A$GSLib$798                        GSLib
     00000A52  A$GSLib$799                        GSLib
     00000A53  A$GSLib$800                        GSLib
     00000A54  A$GSLib$801                        GSLib
     00000A55  A$GSLib$802                        GSLib
     00000A56  A$GSLib$803                        GSLib
ASxxxx Linker V03.00 + NoICE + sdld,  page 13.
Hexadecimal  [32-Bits]

Area                                    Addr        Size        Decimal Bytes (Attributes)
--------------------------------        ----        ----        ------- ----- ------------
_CODE                               00000200    00002826 =       10278. bytes (REL,CON)

      Value  Global                              Global Defined In Module
      -----  --------------------------------   ------------------------
     00000A57  A$GSLib$804                        GSLib
     00000A58  A$GSLib$805                        GSLib
     00000A59  A$GSLib$806                        GSLib
     00000A5A  A$GSLib$807                        GSLib
     00000A5C  A$GSLib$808                        GSLib
     00000A5E  A$GSLib$809                        GSLib
     00000A5F  A$GSLib$810                        GSLib
     00000A60  A$GSLib$811                        GSLib
     00000A61  A$GSLib$812                        GSLib
     00000A62  A$GSLib$813                        GSLib
     00000A64  A$GSLib$814                        GSLib
     00000A66  A$GSLib$816                        GSLib
     00000A69  A$GSLib$817                        GSLib
     00000A6B  A$GSLib$818                        GSLib
     00000A6C  A$GSLib$819                        GSLib
     00000A6D  A$GSLib$820                        GSLib
     00000A6E  A$GSLib$821                        GSLib
     00000A6F  A$GSLib$823                        GSLib
     00000A70  A$GSLib$824                        GSLib
     00000A73  A$GSLib$825                        GSLib
     00000A74  A$GSLib$826                        GSLib
     00000A75  A$GSLib$827                        GSLib
     00000A76  A$GSLib$828                        GSLib
     00000A77  A$GSLib$829                        GSLib
     00000A78  A$GSLib$831                        GSLib
     00000A7B  A$GSLib$832                        GSLib
     00000A7C  A$GSLib$833                        GSLib
     00000A7D  A$GSLib$834                        GSLib
     00000A7F  A$GSLib$836                        GSLib
     00000A80  A$GSLib$837                        GSLib
     00000A81  A$GSLib$838                        GSLib
     00000A83  A$GSLib$839                        GSLib
     00000A84  A$GSLib$840                        GSLib
     00000A88  A$GSLib$841                        GSLib
     00000A89  A$GSLib$843                        GSLib
     00000A8B  A$GSLib$844                        GSLib
     00000A8D  A$GSLib$845                        GSLib
     00000A8F  A$GSLib$846                        GSLib
     00000A91  A$GSLib$847                        GSLib
     00000A93  A$GSLib$848                        GSLib
     00000A95  A$GSLib$849                        GSLib
     00000A97  A$GSLib$850                        GSLib
     00000A99  A$GSLib$852                        GSLib
     00000A9D  A$GSLib$853                        GSLib
     00000AA0  A$GSLib$854                        GSLib
     00000AA1  A$GSLib$855                        GSLib
     00000AA2  A$GSLib$857                        GSLib
     00000AA5  A$GSLib$858                        GSLib
     00000AA7  A$GSLib$860                        GSLib
     00000AAA  A$GSLib$861                        GSLib
     00000AAB  A$GSLib$862                        GSLib
ASxxxx Linker V03.00 + NoICE + sdld,  page 14.
Hexadecimal  [32-Bits]

Area                                    Addr        Size        Decimal Bytes (Attributes)
--------------------------------        ----        ----        ------- ----- ------------
_CODE                               00000200    00002826 =       10278. bytes (REL,CON)

      Value  Global                              Global Defined In Module
      -----  --------------------------------   ------------------------
     00000AAD  A$GSLib$863                        GSLib
     00000AAE  A$GSLib$864                        GSLib
     00000AAF  A$GSLib$865                        GSLib
     00000AB1  A$GSLib$866                        GSLib
     00000AB2  A$GSLib$867                        GSLib
     00000AB5  A$GSLib$868                        GSLib
     00000AB6  A$GSLib$869                        GSLib
     00000AB7  A$GSLib$870                        GSLib
     00000AB8  A$GSLib$871                        GSLib
     00000ABC  A$GSLib$872                        GSLib
     00000ABD  A$GSLib$873                        GSLib
     00000ABE  A$GSLib$874                        GSLib
     00000AC0  A$GSLib$875                        GSLib
     00000AC2  A$GSLib$876                        GSLib
     00000AC4  A$GSLib$877                        GSLib
     00000AC6  A$GSLib$878                        GSLib
     00000AC7  A$GSLib$879                        GSLib
     00000AC8  A$GSLib$880                        GSLib
     00000AC9  A$GSLib$881                        GSLib
     00000ACB  A$GSLib$882                        GSLib
     00000ACE  A$GSLib$884                        GSLib
     00000AD1  A$GSLib$885                        GSLib
     00000AD3  A$GSLib$887                        GSLib
     00000AD6  A$GSLib$888                        GSLib
     00000AD7  A$GSLib$889                        GSLib
     00000AD9  A$GSLib$890                        GSLib
     00000ADA  A$GSLib$891                        GSLib
     00000ADB  A$GSLib$892                        GSLib
     00000ADD  A$GSLib$893                        GSLib
     00000ADE  A$GSLib$894                        GSLib
     00000AE1  A$GSLib$895                        GSLib
     00000AE2  A$GSLib$896                        GSLib
     00000AE3  A$GSLib$897                        GSLib
     00000AE4  A$GSLib$898                        GSLib
     00000AE8  A$GSLib$899                        GSLib
     00000AE9  A$GSLib$900                        GSLib
     00000AEA  A$GSLib$901                        GSLib
     00000AEC  A$GSLib$902                        GSLib
     00000AEE  A$GSLib$903                        GSLib
     00000AEF  A$GSLib$904                        GSLib
     00000AF0  A$GSLib$905                        GSLib
     00000AF2  A$GSLib$906                        GSLib
     00000AF4  A$GSLib$907                        GSLib
     00000AF5  A$GSLib$908                        GSLib
     00000AF6  A$GSLib$909                        GSLib
     00000AF7  A$GSLib$910                        GSLib
     00000AFA  A$GSLib$911                        GSLib
     00000AFB  A$GSLib$912                        GSLib
     00000AFD  A$GSLib$913                        GSLib
     00000AFE  A$GSLib$914                        GSLib
     00000B01  A$GSLib$917                        GSLib
ASxxxx Linker V03.00 + NoICE + sdld,  page 15.
Hexadecimal  [32-Bits]

Area                                    Addr        Size        Decimal Bytes (Attributes)
--------------------------------        ----        ----        ------- ----- ------------
_CODE                               00000200    00002826 =       10278. bytes (REL,CON)

      Value  Global                              Global Defined In Module
      -----  --------------------------------   ------------------------
     00000B05  A$GSLib$918                        GSLib
     00000B06  A$GSLib$919                        GSLib
     00000B09  A$GSLib$920                        GSLib
     00000B0C  A$GSLib$923                        GSLib
     00000B0F  A$GSLib$924                        GSLib
     00000B10  A$GSLib$925                        GSLib
     00000B13  A$GSLib$926                        GSLib
     00000B16  A$GSLib$929                        GSLib
     00000B19  A$GSLib$930                        GSLib
     00000B1A  A$GSLib$931                        GSLib
     00000B1B  A$GSLib$932                        GSLib
     00000B1D  A$GSLib$933                        GSLib
     00000B1E  A$GSLib$935                        GSLib
     00000B1F  A$GSLib$936                        GSLib
     00000B20  A$GSLib$937                        GSLib
     00000B21  A$GSLib$938                        GSLib
     00000B24  A$GSLib$941                        GSLib
     00000B26  A$GSLib$942                        GSLib
     00000B29  A$GSLib$944                        GSLib
     00000B2B  A$GSLib$945                        GSLib
     00000B2E  A$GSLib$946                        GSLib
     00000B31  A$GSLib$947                        GSLib
     00000B32  A$GSLib$948                        GSLib
     00000B34  A$GSLib$949                        GSLib
     00000B35  A$GSLib$950                        GSLib
     00000B36  A$GSLib$951                        GSLib
     00000B38  A$GSLib$952                        GSLib
     00000B3A  A$GSLib$953                        GSLib
     00000B3B  A$GSLib$954                        GSLib
     00000B3E  A$GSLib$957                        GSLib
     00000B3F  A$GSLib$958                        GSLib
     00000B41  A$GSLib$959                        GSLib
     00000B44  A$GSLib$961                        GSLib
     00000B47  A$GSLib$962                        GSLib
     00000B48  A$GSLib$963                        GSLib
     00000B4B  A$GSLib$964                        GSLib
     00000B4E  A$GSLib$967                        GSLib
     00000B51  A$GSLib$968                        GSLib
     00000B52  A$GSLib$969                        GSLib
     00000B53  A$GSLib$970                        GSLib
     00000B55  A$GSLib$971                        GSLib
     00000B56  A$GSLib$973                        GSLib
     00000B57  A$GSLib$974                        GSLib
     00000B58  A$GSLib$975                        GSLib
     00000B59  A$GSLib$976                        GSLib
     00000B5C  A$GSLib$979                        GSLib
     00000B5E  A$GSLib$980                        GSLib
     00000B61  A$GSLib$982                        GSLib
     00000B63  A$GSLib$983                        GSLib
     00000B66  A$GSLib$984                        GSLib
     00000B69  A$GSLib$985                        GSLib
ASxxxx Linker V03.00 + NoICE + sdld,  page 16.
Hexadecimal  [32-Bits]

Area                                    Addr        Size        Decimal Bytes (Attributes)
--------------------------------        ----        ----        ------- ----- ------------
_CODE                               00000200    00002826 =       10278. bytes (REL,CON)

      Value  Global                              Global Defined In Module
      -----  --------------------------------   ------------------------
     00000B6A  A$GSLib$986                        GSLib
     00000B6C  A$GSLib$987                        GSLib
     00000B6D  A$GSLib$988                        GSLib
     00000B6E  A$GSLib$989                        GSLib
     00000B70  A$GSLib$990                        GSLib
     00000B72  A$GSLib$991                        GSLib
     00000B73  A$GSLib$992                        GSLib
     00000B76  A$GSLib$995                        GSLib
     00000B77  A$GSLib$996                        GSLib
     00000B79  A$GSLib$997                        GSLib
     00000B7C  A$GSLib$999                        GSLib
     00000B7F  A$GSLib$1000                       GSLib
     00000B80  A$GSLib$1001                       GSLib
     00000B83  A$GSLib$1004                       GSLib
     00000B86  A$GSLib$1005                       GSLib
     00000B87  A$GSLib$1006                       GSLib
     00000B8A  A$GSLib$1007                       GSLib
     00000B8D  A$GSLib$1010                       GSLib
     00000B8E  A$GSLib$1011                       GSLib
     00000B91  A$GSLib$1012                       GSLib
     00000B92  A$GSLib$1013                       GSLib
     00000B94  A$GSLib$1014                       GSLib
     00000B97  A$GSLib$1015                       GSLib
     00000B99  A$GSLib$1017                       GSLib
     00000B9C  A$GSLib$1018                       GSLib
     00000B9D  A$GSLib$1020                       GSLib
     00000BA0  A$GSLib$1021                       GSLib
     00000BA1  A$GSLib$1022                       GSLib
     00000BA2  A$GSLib$1023                       GSLib
     00000BA4  A$GSLib$1024                       GSLib
     00000BA5  A$GSLib$1026                       GSLib
     00000BA6  A$GSLib$1027                       GSLib
     00000BA7  A$GSLib$1028                       GSLib
     00000BA8  A$GSLib$1029                       GSLib
     00000BAB  A$GSLib$1032                       GSLib
     00000BAD  A$GSLib$1033                       GSLib
     00000BB0  A$GSLib$1035                       GSLib
     00000BB2  A$GSLib$1036                       GSLib
     00000BB5  A$GSLib$1037                       GSLib
     00000BB8  A$GSLib$1038                       GSLib
     00000BBB  A$GSLib$1039                       GSLib
     00000BBC  A$GSLib$1040                       GSLib
     00000BBE  A$GSLib$1041                       GSLib
     00000BBF  A$GSLib$1042                       GSLib
     00000BC2  A$GSLib$1043                       GSLib
     00000BC4  A$GSLib$1045                       GSLib
     00000BC7  A$GSLib$1048                       GSLib
     00000BC8  A$GSLib$1049                       GSLib
     00000BCA  A$GSLib$1050                       GSLib
     00000BCD  A$GSLib$1052                       GSLib
     00000BD0  A$GSLib$1053                       GSLib
ASxxxx Linker V03.00 + NoICE + sdld,  page 17.
Hexadecimal  [32-Bits]

Area                                    Addr        Size        Decimal Bytes (Attributes)
--------------------------------        ----        ----        ------- ----- ------------
_CODE                               00000200    00002826 =       10278. bytes (REL,CON)

      Value  Global                              Global Defined In Module
      -----  --------------------------------   ------------------------
     00000BD4  A$GSLib$1054                       GSLib
     00000BD5  A$GSLib$1055                       GSLib
     00000BD8  A$GSLib$1056                       GSLib
     00000BDB  A$GSLib$1059                       GSLib
     00000BDC  A$GSLib$1060                       GSLib
     00000BDF  A$GSLib$1061                       GSLib
     00000BE0  A$GSLib$1062                       GSLib
     00000BE3  A$GSLib$1063                       GSLib
     00000BE5  A$GSLib$1065                       GSLib
     00000BE8  A$GSLib$1066                       GSLib
     00000BE9  A$GSLib$1068                       GSLib
     00000BEC  A$GSLib$1069                       GSLib
     00000BED  A$GSLib$1070                       GSLib
     00000BEE  A$GSLib$1071                       GSLib
     00000BF0  A$GSLib$1072                       GSLib
     00000BF1  A$GSLib$1074                       GSLib
     00000BF2  A$GSLib$1075                       GSLib
     00000BF3  A$GSLib$1076                       GSLib
     00000BF4  A$GSLib$1077                       GSLib
     00000BF7  A$GSLib$1080                       GSLib
     00000BF8  A$GSLib$1081                       GSLib
     00000BFA  A$GSLib$1082                       GSLib
     00000BFD  A$GSLib$1084                       GSLib
     00000BFF  A$GSLib$1085                       GSLib
     00000C02  A$GSLib$1086                       GSLib
     00000C05  A$GSLib$1087                       GSLib
     00000C08  A$GSLib$1088                       GSLib
     00000C09  A$GSLib$1089                       GSLib
     00000C0B  A$GSLib$1090                       GSLib
     00000C0D  A$GSLib$1091                       GSLib
     00000C0E  A$GSLib$1092                       GSLib
     00000C11  A$GSLib$1093                       GSLib
     00000C13  A$GSLib$1095                       GSLib
     00000C16  A$GSLib$1098                       GSLib
     00000C17  A$GSLib$1099                       GSLib
     00000C19  A$GSLib$1100                       GSLib
     00000C1C  A$GSLib$1102                       GSLib
     00000C1F  A$GSLib$1103                       GSLib
     00000C23  A$GSLib$1104                       GSLib
     00000C24  A$GSLib$1105                       GSLib
     00000C26  A$GSLib$1106                       GSLib
     00000C29  A$GSLib$1110                       GSLib
     00000C2C  A$GSLib$1111                       GSLib
     00000C2D  A$GSLib$1112                       GSLib
     00000C30  A$GSLib$1113                       GSLib
     00000C33  A$GSLib$1116                       GSLib
     00000C37  A$GSLib$1117                       GSLib
     00000C3A  A$GSLib$1118                       GSLib
     00000C3C  A$GSLib$1120                       GSLib
     00000C3F  A$GSLib$1121                       GSLib
     00000C41  A$GSLib$1122                       GSLib
ASxxxx Linker V03.00 + NoICE + sdld,  page 18.
Hexadecimal  [32-Bits]

Area                                    Addr        Size        Decimal Bytes (Attributes)
--------------------------------        ----        ----        ------- ----- ------------
_CODE                               00000200    00002826 =       10278. bytes (REL,CON)

      Value  Global                              Global Defined In Module
      -----  --------------------------------   ------------------------
     00000C42  A$GSLib$1123                       GSLib
     00000C43  A$GSLib$1124                       GSLib
     00000C46  A$GSLib$1126                       GSLib
     00000C49  A$GSLib$1128                       GSLib
     00000C4C  A$GSLib$1129                       GSLib
     00000C4D  A$GSLib$1130                       GSLib
     00000C4F  A$GSLib$1131                       GSLib
     00000C50  A$GSLib$1132                       GSLib
     00000C51  A$GSLib$1133                       GSLib
     00000C53  A$GSLib$1134                       GSLib
     00000C55  A$GSLib$1135                       GSLib
     00000C56  A$GSLib$1136                       GSLib
     00000C59  A$GSLib$1137                       GSLib
     00000C5C  A$GSLib$1138                       GSLib
     00000C5F  A$GSLib$1139                       GSLib
     00000C62  A$GSLib$1142                       GSLib
     00000C63  A$GSLib$1143                       GSLib
     00000C66  A$GSLib$1145                       GSLib
     00000C6A  A$GSLib$1146                       GSLib
     00000C6D  A$GSLib$1147                       GSLib
     00000C6F  A$GSLib$1148                       GSLib
     00000C71  A$GSLib$1149                       GSLib
     00000C74  A$GSLib$1150                       GSLib
     00000C76  A$GSLib$1153                       GSLib
     00000C77  A$GSLib$1154                       GSLib
     00000C78  A$GSLib$1155                       GSLib
     00000C7B  A$GSLib$1157                       GSLib
     00000C7E  A$GSLib$1159                       GSLib
     00000C81  A$GSLib$1160                       GSLib
     00000C84  A$GSLib$1163                       GSLib
     00000C87  A$GSLib$1164                       GSLib
     00000C88  A$GSLib$1165                       GSLib
     00000C89  A$GSLib$1166                       GSLib
     00000C8C  A$GSLib$1169                       GSLib
     00000C8D  A$GSLib$1170                       GSLib
     00000C8E  A$GSLib$1172                       GSLib
     00000C92  A$GSLib$1173                       GSLib
     00000C96  A$GSLib$1174                       GSLib
     00000C98  A$GSLib$1175                       GSLib
     00000C9C  A$GSLib$1176                       GSLib
     00000C9F  A$GSLib$1177                       GSLib
     00000CA1  A$GSLib$1178                       GSLib
     00000CA3  A$GSLib$1179                       GSLib
     00000CA6  A$GSLib$1180                       GSLib
     00000CA8  A$GSLib$1182                       GSLib
     00000CA9  A$GSLib$1183                       GSLib
     00000CAC  A$GSLib$1185                       GSLib
     00000CAF  A$GSLib$1187                       GSLib
     00000CB2  A$GSLib$1188                       GSLib
     00000CB5  A$GSLib$1189                       GSLib
     00000CB6  A$GSLib$1190                       GSLib
ASxxxx Linker V03.00 + NoICE + sdld,  page 19.
Hexadecimal  [32-Bits]

Area                                    Addr        Size        Decimal Bytes (Attributes)
--------------------------------        ----        ----        ------- ----- ------------
_CODE                               00000200    00002826 =       10278. bytes (REL,CON)

      Value  Global                              Global Defined In Module
      -----  --------------------------------   ------------------------
     00000CB8  A$GSLib$1191                       GSLib
     00000CBA  A$GSLib$1192                       GSLib
     00000CBB  A$GSLib$1193                       GSLib
     00000CBE  A$GSLib$1194                       GSLib
     00000CC0  A$GSLib$1196                       GSLib
     00000CC3  A$GSLib$1197                       GSLib
     00000CC4  A$GSLib$1200                       GSLib
     00000CC5  A$GSLib$1201                       GSLib
     00000CC6  A$GSLib$1203                       GSLib
     00000CCA  A$GSLib$1205                       GSLib
     00000CCD  A$GSLib$1206                       GSLib
     00000CCF  A$GSLib$1207                       GSLib
     00000CD0  A$GSLib$1208                       GSLib
     00000CD3  A$GSLib$1209                       GSLib
     00000CD6  A$GSLib$1211                       GSLib
     00000CD9  A$GSLib$1212                       GSLib
     00000CDC  A$GSLib$1213                       GSLib
     00000CDD  A$GSLib$1216                       GSLib
     00000CE0  A$GSLib$1217                       GSLib
     00000CE1  A$GSLib$1218                       GSLib
     00000CE4  A$GSLib$1221                       GSLib
     00000CE5  A$GSLib$1222                       GSLib
     00000CE8  A$GSLib$1223                       GSLib
     00000CEA  A$GSLib$1224                       GSLib
     00000CEC  A$GSLib$1225                       GSLib
     00000CEE  A$GSLib$1226                       GSLib
     00000CEF  A$GSLib$1227                       GSLib
     00000CF1  A$GSLib$1229                       GSLib
     00000CF4  A$GSLib$1230                       GSLib
     00000CF6  A$GSLib$1231                       GSLib
     00000CF7  A$GSLib$1232                       GSLib
     00000CF8  A$GSLib$1233                       GSLib
     00000CFB  A$GSLib$1234                       GSLib
     00000CFC  A$GSLib$1235                       GSLib
     00000CFF  A$GSLib$1236                       GSLib
     00000D00  A$GSLib$1238                       GSLib
     00000D01  A$GSLib$1239                       GSLib
     00000D02  A$GSLib$1242                       GSLib
     00000D03  A$GSLib$1243                       GSLib
     00000D04  A$GSLib$1244                       GSLib
     00000D05  A$GSLib$1245                       GSLib
     00000D09  A$GSLib$1246                       GSLib
     00000D0B  A$GSLib$1248                       GSLib
     00000D0E  A$GSLib$1249                       GSLib
     00000D0F  A$GSLib$1250                       GSLib
     00000D10  A$GSLib$1251                       GSLib
     00000D12  A$GSLib$1252                       GSLib
     00000D14  A$GSLib$1253                       GSLib
     00000D17  A$GSLib$1254                       GSLib
     00000D18  A$GSLib$1255                       GSLib
     00000D19  A$GSLib$1256                       GSLib
ASxxxx Linker V03.00 + NoICE + sdld,  page 20.
Hexadecimal  [32-Bits]

Area                                    Addr        Size        Decimal Bytes (Attributes)
--------------------------------        ----        ----        ------- ----- ------------
_CODE                               00000200    00002826 =       10278. bytes (REL,CON)

      Value  Global                              Global Defined In Module
      -----  --------------------------------   ------------------------
     00000D1A  A$GSLib$1257                       GSLib
     00000D1B  A$GSLib$1258                       GSLib
     00000D1E  A$GSLib$1262                       GSLib
     00000D1F  A$GSLib$1263                       GSLib
     00000D21  A$GSLib$1264                       GSLib
     00000D22  A$GSLib$1265                       GSLib
     00000D24  A$GSLib$1266                       GSLib
     00000D26  A$GSLib$1267                       GSLib
     00000D27  A$GSLib$1269                       GSLib
     00000D28  A$GSLib$1270                       GSLib
     00000D29  A$GSLib$1271                       GSLib
     00000D2B  A$GSLib$1272                       GSLib
     00000D2C  A$GSLib$1273                       GSLib
     00000D2D  A$GSLib$1274                       GSLib
     00000D30  A$GSLib$1275                       GSLib
     00000D31  A$GSLib$1279                       GSLib
     00000D32  A$GSLib$1280                       GSLib
     00000D33  A$GSLib$1281                       GSLib
     00000D34  A$GSLib$1282                       GSLib
     00000D38  A$GSLib$1283                       GSLib
     00000D3A  A$GSLib$1284                       GSLib
     00000D3B  A$GSLib$1285                       GSLib
     00000D3D  A$GSLib$1286                       GSLib
     00000D40  A$GSLib$1289                       GSLib
     00000D43  A$GSLib$1290                       GSLib
     00000D44  A$GSLib$1291                       GSLib
     00000D47  A$GSLib$1293                       GSLib
     00000D48  A$GSLib$1294                       GSLib
     00000D4B  A$GSLib$1295                       GSLib
     00000D4E  A$GSLib$1296                       GSLib
     00000D50  A$GSLib$1297                       GSLib
     00000D51  A$GSLib$1298                       GSLib
     00000D53  A$GSLib$1300                       GSLib
     00000D56  A$GSLib$1301                       GSLib
     00000D58  A$GSLib$1302                       GSLib
     00000D59  A$GSLib$1303                       GSLib
     00000D5A  A$GSLib$1304                       GSLib
     00000D5D  A$GSLib$1305                       GSLib
     00000D5E  A$GSLib$1306                       GSLib
     00000D61  A$GSLib$1307                       GSLib
     00000D62  A$GSLib$1309                       GSLib
     00000D63  A$GSLib$1310                       GSLib
     00000D64  A$GSLib$1313                       GSLib
     00000D65  A$GSLib$1314                       GSLib
     00000D66  A$GSLib$1315                       GSLib
     00000D67  A$GSLib$1316                       GSLib
     00000D6B  A$GSLib$1317                       GSLib
     00000D6D  A$GSLib$1319                       GSLib
     00000D70  A$GSLib$1320                       GSLib
     00000D72  A$GSLib$1321                       GSLib
     00000D73  A$GSLib$1322                       GSLib
ASxxxx Linker V03.00 + NoICE + sdld,  page 21.
Hexadecimal  [32-Bits]

Area                                    Addr        Size        Decimal Bytes (Attributes)
--------------------------------        ----        ----        ------- ----- ------------
_CODE                               00000200    00002826 =       10278. bytes (REL,CON)

      Value  Global                              Global Defined In Module
      -----  --------------------------------   ------------------------
     00000D74  A$GSLib$1323                       GSLib
     00000D77  A$GSLib$1324                       GSLib
     00000D78  A$GSLib$1325                       GSLib
     00000D79  A$GSLib$1326                       GSLib
     00000D7A  A$GSLib$1327                       GSLib
     00000D7B  A$GSLib$1328                       GSLib
     00000D7E  A$GSLib$1332                       GSLib
     00000D7F  A$GSLib$1333                       GSLib
     00000D82  A$GSLib$1334                       GSLib
     00000D84  A$GSLib$1335                       GSLib
     00000D86  A$GSLib$1336                       GSLib
     00000D87  A$GSLib$1337                       GSLib
     00000D88  A$GSLib$1339                       GSLib
     00000D89  A$GSLib$1340                       GSLib
     00000D8A  A$GSLib$1341                       GSLib
     00000D8C  A$GSLib$1342                       GSLib
     00000D8D  A$GSLib$1343                       GSLib
     00000D8E  A$GSLib$1344                       GSLib
     00000D91  A$GSLib$1345                       GSLib
     00000D92  A$GSLib$1349                       GSLib
     00000D93  A$GSLib$1350                       GSLib
     00000D94  A$GSLib$1351                       GSLib
     00000D95  A$GSLib$1352                       GSLib
     00000D99  A$GSLib$1353                       GSLib
     00000D9B  A$GSLib$1354                       GSLib
     00000D9C  A$GSLib$1355                       GSLib
     00000D9E  A$GSLib$1356                       GSLib
     00000DA1  A$GSLib$1359                       GSLib
     00000DA4  A$GSLib$1360                       GSLib
     00000DA5  A$GSLib$1361                       GSLib
     00000DA8  A$GSLib$1362                       GSLib
     00000DAB  A$GSLib$1363                       GSLib
     00000DAC  A$GSLib$1366                       GSLib
     00000DAE  A$GSLib$1367                       GSLib
     00000DAF  A$GSLib$1368                       GSLib
     00000DB0  A$GSLib$1370                       GSLib
     00000DB1  A$GSLib$1371                       GSLib
     00000DB2  A$GSLib$1372                       GSLib
     00000DB3  A$GSLib$1373                       GSLib
     00000DB4  A$GSLib$1374                       GSLib
     00000DB6  A$GSLib$1375                       GSLib
     00000DB8  A$GSLib$1376                       GSLib
     00000DBA  A$GSLib$1378                       GSLib
     00000DBB  A$GSLib$1379                       GSLib
     00000DBD  A$GSLib$1380                       GSLib
     00000DBF  A$GSLib$1381                       GSLib
     00000DC1  A$GSLib$1382                       GSLib
     00000DC3  A$GSLib$1384                       GSLib
     00000DC5  A$GSLib$1385                       GSLib
     00000DC6  A$GSLib$1386                       GSLib
     00000DC7  A$GSLib$1387                       GSLib
ASxxxx Linker V03.00 + NoICE + sdld,  page 22.
Hexadecimal  [32-Bits]

Area                                    Addr        Size        Decimal Bytes (Attributes)
--------------------------------        ----        ----        ------- ----- ------------
_CODE                               00000200    00002826 =       10278. bytes (REL,CON)

      Value  Global                              Global Defined In Module
      -----  --------------------------------   ------------------------
     00000DC8  A$GSLib$1388                       GSLib
     00000DCA  A$GSLib$1389                       GSLib
     00000DCC  A$GSLib$1391                       GSLib
     00000DCD  A$GSLib$1392                       GSLib
     00000DCF  A$GSLib$1393                       GSLib
     00000DD1  A$GSLib$1394                       GSLib
     00000DD3  A$GSLib$1395                       GSLib
     00000DD5  A$GSLib$1397                       GSLib
     00000DD6  A$GSLib$1398                       GSLib
     00000DD7  A$GSLib$1399                       GSLib
     00000DDA  A$GSLib$1402                       GSLib
     00000DDD  A$GSLib$1403                       GSLib
     00000DE0  A$GSLib$1404                       GSLib
     00000DE1  A$GSLib$1405                       GSLib
     00000DE4  A$GSLib$1406                       GSLib
     00000DE7  A$GSLib$1407                       GSLib
     00000DEA  A$GSLib$1409                       GSLib
     00000DED  A$GSLib$1410                       GSLib
     00000DEF  A$GSLib$1411                       GSLib
     00000DF1  A$GSLib$1412                       GSLib
     00000DF3  A$GSLib$1413                       GSLib
     00000DF5  A$GSLib$1414                       GSLib
     00000DF8  A$GSLib$1415                       GSLib
     00000DFA  A$GSLib$1416                       GSLib
     00000DFC  A$GSLib$1417                       GSLib
     00000DFE  A$GSLib$1418                       GSLib
     00000DFF  A$GSLib$1420                       GSLib
     00000E01  A$GSLib$1421                       GSLib
     00000E02  A$GSLib$1422                       GSLib
     00000E04  A$GSLib$1423                       GSLib
     00000E06  A$GSLib$1424                       GSLib
     00000E08  A$GSLib$1425                       GSLib
     00000E0A  A$GSLib$1426                       GSLib
     00000E0C  A$GSLib$1427                       GSLib
     00000E0E  A$GSLib$1428                       GSLib
     00000E10  A$GSLib$1429                       GSLib
     00000E12  A$GSLib$1430                       GSLib
     00000E14  A$GSLib$1431                       GSLib
     00000E16  A$GSLib$1432                       GSLib
     00000E18  A$GSLib$1433                       GSLib
     00000E1A  A$GSLib$1434                       GSLib
     00000E1C  A$GSLib$1435                       GSLib
     00000E1E  A$GSLib$1436                       GSLib
     00000E20  A$GSLib$1437                       GSLib
     00000E22  A$GSLib$1438                       GSLib
     00000E24  A$GSLib$1439                       GSLib
     00000E26  A$GSLib$1440                       GSLib
     00000E28  A$GSLib$1441                       GSLib
     00000E2A  A$GSLib$1442                       GSLib
     00000E2C  A$GSLib$1443                       GSLib
     00000E2E  A$GSLib$1444                       GSLib
ASxxxx Linker V03.00 + NoICE + sdld,  page 23.
Hexadecimal  [32-Bits]

Area                                    Addr        Size        Decimal Bytes (Attributes)
--------------------------------        ----        ----        ------- ----- ------------
_CODE                               00000200    00002826 =       10278. bytes (REL,CON)

      Value  Global                              Global Defined In Module
      -----  --------------------------------   ------------------------
     00000E30  A$GSLib$1445                       GSLib
     00000E32  A$GSLib$1446                       GSLib
     00000E34  A$GSLib$1447                       GSLib
     00000E36  A$GSLib$1448                       GSLib
     00000E38  A$GSLib$1449                       GSLib
     00000E3A  A$GSLib$1450                       GSLib
     00000E3C  A$GSLib$1451                       GSLib
     00000E3E  A$GSLib$1452                       GSLib
     00000E40  A$GSLib$1453                       GSLib
     00000E42  A$GSLib$1454                       GSLib
     00000E44  A$GSLib$1455                       GSLib
     00000E46  A$GSLib$1456                       GSLib
     00000E48  A$GSLib$1457                       GSLib
     00000E4A  A$GSLib$1458                       GSLib
     00000E4C  A$GSLib$1459                       GSLib
     00000E4E  A$GSLib$1460                       GSLib
     00000E50  A$GSLib$1461                       GSLib
     00000E52  A$GSLib$1462                       GSLib
     00000E54  A$GSLib$1463                       GSLib
     00000E56  A$GSLib$1464                       GSLib
     00000E58  A$GSLib$1465                       GSLib
     00000E5A  A$GSLib$1466                       GSLib
     00000E5C  A$GSLib$1467                       GSLib
     00000E5E  A$GSLib$1468                       GSLib
     00000E60  A$GSLib$1469                       GSLib
     00000E62  A$GSLib$1470                       GSLib
     00000E64  A$GSLib$1471                       GSLib
     00000E66  A$GSLib$1472                       GSLib
     00000E68  A$GSLib$1473                       GSLib
     00000E6A  A$GSLib$1474                       GSLib
     00000E6C  A$GSLib$1475                       GSLib
     00000E6E  A$GSLib$1476                       GSLib
     00000E70  A$GSLib$1477                       GSLib
     00000E72  A$GSLib$1478                       GSLib
     00000E74  A$GSLib$1479                       GSLib
     00000E76  A$GSLib$1480                       GSLib
     00000E78  A$GSLib$1481                       GSLib
     00000E7A  A$GSLib$1482                       GSLib
     00000E7C  A$GSLib$1483                       GSLib
     00000E7E  A$GSLib$1484                       GSLib
     00000E80  A$GSLib$1485                       GSLib
     00000E82  A$GSLib$1487                       GSLib
     00000E83  A$GSLib$1488                       GSLib
     00000E84  A$GSLib$1489                       GSLib
     00000E86  A$GSLib$1490                       GSLib
     00000E88  A$GSLib$1491                       GSLib
     00000E89  A$GSLib$1492                       GSLib
     00000E8A  A$GSLib$1493                       GSLib
     00000E8C  A$GSLib$1494                       GSLib
     00000E8E  A$GSLib$1495                       GSLib
     00000E8F  A$GSLib$1496                       GSLib
ASxxxx Linker V03.00 + NoICE + sdld,  page 24.
Hexadecimal  [32-Bits]

Area                                    Addr        Size        Decimal Bytes (Attributes)
--------------------------------        ----        ----        ------- ----- ------------
_CODE                               00000200    00002826 =       10278. bytes (REL,CON)

      Value  Global                              Global Defined In Module
      -----  --------------------------------   ------------------------
     00000E91  A$GSLib$1497                       GSLib
     00000E93  A$GSLib$1498                       GSLib
     00000E94  A$GSLib$1499                       GSLib
     00000E95  A$GSLib$1500                       GSLib
     00000E97  A$GSLib$1501                       GSLib
     00000E99  A$GSLib$1502                       GSLib
     00000E9A  A$GSLib$1503                       GSLib
     00000E9C  A$GSLib$1504                       GSLib
     00000E9E  A$GSLib$1505                       GSLib
     00000E9F  A$GSLib$1506                       GSLib
     00000EA0  A$GSLib$1507                       GSLib
     00000EA2  A$GSLib$1508                       GSLib
     00000EA4  A$GSLib$1509                       GSLib
     00000EA5  A$GSLib$1510                       GSLib
     00000EA7  A$GSLib$1511                       GSLib
     00000EA9  A$GSLib$1512                       GSLib
     00000EAA  A$GSLib$1513                       GSLib
     00000EAB  A$GSLib$1514                       GSLib
     00000EAD  A$GSLib$1515                       GSLib
     00000EAF  A$GSLib$1516                       GSLib
     00000EB0  A$GSLib$1517                       GSLib
     00000EB2  A$GSLib$1518                       GSLib
     00000EB4  A$GSLib$1519                       GSLib
     00000EB5  A$GSLib$1520                       GSLib
     00000EB6  A$GSLib$1521                       GSLib
     00000EB8  A$GSLib$1522                       GSLib
     00000EBA  A$GSLib$1523                       GSLib
     00000EBB  A$GSLib$1524                       GSLib
     00000EBD  A$GSLib$1525                       GSLib
     00000EBF  A$GSLib$1526                       GSLib
     00000EC0  A$GSLib$1527                       GSLib
     00000EC1  A$GSLib$1528                       GSLib
     00000EC3  A$GSLib$1529                       GSLib
     00000EC5  A$GSLib$1530                       GSLib
     00000EC6  A$GSLib$1531                       GSLib
     00000EC8  A$GSLib$1532                       GSLib
     00000ECA  A$GSLib$1533                       GSLib
     00000ECB  A$GSLib$1534                       GSLib
     00000ECC  A$GSLib$1535                       GSLib
     00000ECE  A$GSLib$1536                       GSLib
     00000ED0  A$GSLib$1537                       GSLib
     00000ED1  A$GSLib$1538                       GSLib
     00000ED3  A$GSLib$1539                       GSLib
     00000ED5  A$GSLib$1540                       GSLib
     00000ED6  A$GSLib$1541                       GSLib
     00000ED7  A$GSLib$1542                       GSLib
     00000ED9  A$GSLib$1543                       GSLib
     00000EDB  A$GSLib$1544                       GSLib
     00000EDC  A$GSLib$1545                       GSLib
     00000EDE  A$GSLib$1546                       GSLib
     00000EE0  A$GSLib$1547                       GSLib
ASxxxx Linker V03.00 + NoICE + sdld,  page 25.
Hexadecimal  [32-Bits]

Area                                    Addr        Size        Decimal Bytes (Attributes)
--------------------------------        ----        ----        ------- ----- ------------
_CODE                               00000200    00002826 =       10278. bytes (REL,CON)

      Value  Global                              Global Defined In Module
      -----  --------------------------------   ------------------------
     00000EE1  A$GSLib$1548                       GSLib
     00000EE2  A$GSLib$1549                       GSLib
     00000EE4  A$GSLib$1550                       GSLib
     00000EE6  A$GSLib$1551                       GSLib
     00000EE7  A$GSLib$1552                       GSLib
     00000EE9  A$GSLib$1553                       GSLib
     00000EEB  A$GSLib$1554                       GSLib
     00000EEC  A$GSLib$1555                       GSLib
     00000EED  A$GSLib$1556                       GSLib
     00000EEF  A$GSLib$1557                       GSLib
     00000EF1  A$GSLib$1558                       GSLib
     00000EF2  A$GSLib$1559                       GSLib
     00000EF4  A$GSLib$1560                       GSLib
     00000EF6  A$GSLib$1561                       GSLib
     00000EF7  A$GSLib$1562                       GSLib
     00000EF8  A$GSLib$1563                       GSLib
     00000EFA  A$GSLib$1564                       GSLib
     00000EFC  A$GSLib$1565                       GSLib
     00000EFD  A$GSLib$1566                       GSLib
     00000EFF  A$GSLib$1567                       GSLib
     00000F01  A$GSLib$1568                       GSLib
     00000F02  A$GSLib$1569                       GSLib
     00000F03  A$GSLib$1570                       GSLib
     00000F05  A$GSLib$1571                       GSLib
     00000F07  A$GSLib$1572                       GSLib
     00000F08  A$GSLib$1573                       GSLib
     00000F0A  A$GSLib$1574                       GSLib
     00000F0C  A$GSLib$1575                       GSLib
     00000F0D  A$GSLib$1576                       GSLib
     00000F0E  A$GSLib$1577                       GSLib
     00000F10  A$GSLib$1578                       GSLib
     00000F12  A$GSLib$1579                       GSLib
     00000F13  A$GSLib$1580                       GSLib
     00000F15  A$GSLib$1581                       GSLib
     00000F17  A$GSLib$1582                       GSLib
[...]
     0000C000  _PSGMusicStatus                    PSGlib
     0000C001  _PSGMusicStart                     PSGlib
     0000C003  _PSGMusicPointer                   PSGlib
     0000C005  _PSGMusicLoopPoint                 PSGlib
     0000C007  _PSGMusicSkipFrames                PSGlib
     0000C008  _PSGLoopFlag                       PSGlib
     0000C009  _PSGLoopCounter                    PSGlib
     0000C00A  _PSGMusicLastLatch                 PSGlib
     0000C00B  _PSGMusicVolumeAttenuation         PSGlib
     0000C00C  _PSGMusicSubstringLen              PSGlib
     0000C00D  _PSGMusicSubstringRetAddr          PSGlib
     0000C00F  _PSGChan0Volume                    PSGlib
     0000C010  _PSGChan1Volume                    PSGlib
     0000C011  _PSGChan2Volume                    PSGlib
     0000C012  _PSGChan3Volume                    PSGlib
     0000C013  _PSGChan2LowTone                   PSGlib
     0000C014  _PSGChan2HighTone                  PSGlib
     0000C015  _PSGChan3LowTone                   PSGlib
     0000C016  _PSGChannel2SFX                    PSGlib
     0000C017  _PSGChannel3SFX                    PSGlib
     0000C018  _PSGSFXChan2Volume                 PSGlib
     0000C019  _PSGSFXChan3Volume                 PSGlib
     0000C01A  _PSGSFXStatus                      PSGlib
     0000C01B  _PSGSFXStart                       PSGlib
     0000C01D  _PSGSFXPointer                     PSGlib
     0000C01F  _PSGSFXLoopPoint                   PSGlib
     0000C021  _PSGSFXSkipFrames                  PSGlib
     0000C022  _PSGSFXLoopFlag                    PSGlib
     0000C023  _PSGSFXSubstringLen                PSGlib
     0000C024  _PSGSFXSubstringRetAddr            PSGlib
     0000C026  G$GSL_RAM$0_0$0                    GSLib
     0000C026  _GSL_RAM                           GSLib
     0000C12D  _VDPBlank                          SMSlib
     0000C12E  _SMS_VDPFlags                      SMSlib
     0000C12F  _PauseRequested                    SMSlib
     0000C130  _SMS_Port3EBIOSvalue               SMSlib
     0000C131  _KeysStatus                        SMSlib
     0000C133  _PreviousKeysStatus                SMSlib
     0000C135  _SMS_theLineInterruptHandler       SMSlib
     0000C137  _decompBuffer                      SMSlib_PSGaiden
     0000C157  _clipWin_x0                        SMSlib_spriteClip
     0000C158  _clipWin_y0                        SMSlib_spriteClip
     0000C159  _SMS_TextRenderer_offset           SMSlib_textrenderer
     0000C15B  _SpriteTableY                      SMSlib_sprite
     0000C19B  _SpriteTableXN                     SMSlib_sprite
     0000C21B  _SpriteNextFree                    SMSlib_sprite
     0000C21C  _STM_src                           SMSlib_STMcomp
     0000C21E  _STM_dest                          SMSlib_STMcomp
     0000C220  _STM_HH                            SMSlib_STMcomp
     0000C221  _STM_oldHH                         SMSlib_STMcomp
ASxxxx Linker V03.00 + NoICE + sdld,  page 88.
Hexadecimal  [32-Bits]

Area                                    Addr        Size        Decimal Bytes (Attributes)
--------------------------------        ----        ----        ------- ----- ------------
_DATA                               0000C000    00000225 =         549. bytes (REL,CON)

      Value  Global                              Global Defined In Module
      -----  --------------------------------   ------------------------
     0000C222  _STM_needRestore                   SMSlib_STMcomp
     0000C223  _STM_ttw                           SMSlib_STMcomp
     0000C224  _STM_width                         SMSlib_STMcomp

ASxxxx Linker V03.00 + NoICE + sdld,  page 89.
Hexadecimal  [32-Bits]

Area                                    Addr        Size        Decimal Bytes (Attributes)
--------------------------------        ----        ----        ------- ----- ------------
_INITIALIZED                        0000C225    00000007 =           7. bytes (REL,CON)

      Value  Global                              Global Defined In Module
      -----  --------------------------------   ------------------------
     0000C225  _VDPReg                            SMSlib
     0000C227  _spritesHeight                     SMSlib
     0000C228  _spritesWidth                      SMSlib
     0000C229  _spritesTileOffset                 SMSlib
     0000C22A  _clipWin_x1                        SMSlib_spriteClip
     0000C22B  _clipWin_y1                        SMSlib_spriteClip
ASxxxx Linker V03.00 + NoICE + sdld,  page 90.
Hexadecimal  [32-Bits]

Area                                    Addr        Size        Decimal Bytes (Attributes)
--------------------------------        ----        ----        ------- ----- ------------
_BANK2                              00008000    00003F25 =       16165. bytes (REL,CON)

      Value  Global                              Global Defined In Module
      -----  --------------------------------   ------------------------
     00008000  G$gatopresentaciontiles_psgcompr   bank2
     00008000  _gatopresentaciontiles_psgcompr    bank2
     00008EBB  G$gatopresentaciontilemap_bin$0_   bank2
     00008EBB  _gatopresentaciontilemap_bin       bank2
     000094BB  G$gatopresentacionpalette_bin$0_   bank2
     000094BB  _gatopresentacionpalette_bin       bank2
     000094C7  G$presentation_psg$0_0$0           bank2
     000094C7  _presentation_psg                  bank2
     0000A18A  G$level1_metatiles_bin$0_0$0       bank2
     0000A18A  _level1_metatiles_bin              bank2
     0000A542  G$level1_palette_bin$0_0$0         bank2
     0000A542  _level1_palette_bin                bank2
     0000A54F  G$level1_scrolltable_bin$0_0$0     bank2
     0000A54F  _level1_scrolltable_bin            bank2
     0000AB5C  G$level1_tiles_bin$0_0$0           bank2
     0000AB5C  _level1_tiles_bin                  bank2
     0000BC5C  G$levelbackgroundtiles_psgcompr$   bank2
     0000BC5C  _levelbackgroundtiles_psgcompr     bank2
     0000BE16  G$playeranimation1frame1_bin$0_0   bank2
     0000BE16  _playeranimation1frame1_bin        bank2
     0000BF16  G$levelbackgroundpalette_bin$0_0   bank2
     0000BF16  _levelbackgroundpalette_bin        bank2

ASxxxx Linker V03.00 + NoICE + sdld,  page 91.
Hexadecimal  [32-Bits]

Area                                    Addr        Size        Decimal Bytes (Attributes)
--------------------------------        ----        ----        ------- ----- ------------
_BANK3                              00008000    00003F06 =       16134. bytes (REL,CON)

      Value  Global                              Global Defined In Module
      -----  --------------------------------   ------------------------
     00008000  G$player_palette_bin$0_0$0         bank3
     00008000  _player_palette_bin                bank3
     0000800D  G$playeranimation0frame0_bin$0_0   bank3
     0000800D  _playeranimation0frame0_bin        bank3
     0000810D  G$playeranimation0frame0mirrored   bank3
     0000810D  _playeranimation0frame0mirrored_   bank3
     0000820D  G$playeranimation1frame0_bin$0_0   bank3
     0000820D  _playeranimation1frame0_bin        bank3
     0000830D  G$playeranimation1frame0mirrored   bank3
     0000830D  _playeranimation1frame0mirrored_   bank3
     0000840D  G$playeranimation2frame0_bin$0_0   bank3
     0000840D  _playeranimation2frame0_bin        bank3
     0000850D  G$playeranimation2frame0mirrored   bank3
     0000850D  _playeranimation2frame0mirrored_   bank3
     0000860D  G$playeranimation2frame1_bin$0_0   bank3
     0000860D  _playeranimation2frame1_bin        bank3
     0000870D  G$playeranimation2frame1mirrored   bank3
     0000870D  _playeranimation2frame1mirrored_   bank3
     0000880D  G$playeranimation2frame2_bin$0_0   bank3
     0000880D  _playeranimation2frame2_bin        bank3
     0000890D  G$playeranimation2frame2mirrored   bank3
     0000890D  _playeranimation2frame2mirrored_   bank3
     00008A0D  G$playeranimation2frame3_bin$0_0   bank3
     00008A0D  _playeranimation2frame3_bin        bank3
     00008B0D  G$playeranimation2frame3mirrored   bank3
     00008B0D  _playeranimation2frame3mirrored_   bank3
     00008C0D  G$playeranimation3frame0_bin$0_0   bank3
     00008C0D  _playeranimation3frame0_bin        bank3
     00008D4D  G$playeranimation3frame0mirrored   bank3
     00008D4D  _playeranimation3frame0mirrored_   bank3
     00008E8D  G$playeranimation3frame1_bin$0_0   bank3
     00008E8D  _playeranimation3frame1_bin        bank3
     0000902D  G$playeranimation3frame1mirrored   bank3
     0000902D  _playeranimation3frame1mirrored_   bank3
     000091CD  G$playeranimation3frame2_bin$0_0   bank3
     000091CD  _playeranimation3frame2_bin        bank3
     0000932D  G$playeranimation3frame2mirrored   bank3
     0000932D  _playeranimation3frame2mirrored_   bank3
     0000948D  G$playeranimation4frame0_bin$0_0   bank3
     0000948D  _playeranimation4frame0_bin        bank3
     0000954D  G$playeranimation4frame0mirrored   bank3
     0000954D  _playeranimation4frame0mirrored_   bank3
     0000960D  G$playeranimation5frame0_bin$0_0   bank3
     0000960D  _playeranimation5frame0_bin        bank3
     0000972D  G$playeranimation5frame0mirrored   bank3
     0000972D  _playeranimation5frame0mirrored_   bank3
     0000984D  G$playeranimation6frame0_bin$0_0   bank3
     0000984D  _playeranimation6frame0_bin        bank3
     0000990D  G$playeranimation6frame0mirrored   bank3
     0000990D  _playeranimation6frame0mirrored_   bank3
ASxxxx Linker V03.00 + NoICE + sdld,  page 92.
Hexadecimal  [32-Bits]

Area                                    Addr        Size        Decimal Bytes (Attributes)
--------------------------------        ----        ----        ------- ----- ------------
_BANK3                              00008000    00003F06 =       16134. bytes (REL,CON)

      Value  Global                              Global Defined In Module
      -----  --------------------------------   ------------------------
     000099CD  G$playeranimation7frame0_bin$0_0   bank3
     000099CD  _playeranimation7frame0_bin        bank3
     00009AED  G$playeranimation7frame0mirrored   bank3
     00009AED  _playeranimation7frame0mirrored_   bank3
     00009C0D  G$playeranimation8frame0_bin$0_0   bank3
     00009C0D  _playeranimation8frame0_bin        bank3
     00009CCD  G$playeranimation8frame0mirrored   bank3
     00009CCD  _playeranimation8frame0mirrored_   bank3
     00009D8D  G$playeranimation9frame0_bin$0_0   bank3
     00009D8D  _playeranimation9frame0_bin        bank3
     00009E8D  G$playeranimation9frame0mirrored   bank3
     00009E8D  _playeranimation9frame0mirrored_   bank3
     00009F8D  G$playeranimation9frame1_bin$0_0   bank3
     00009F8D  _playeranimation9frame1_bin        bank3
     0000A02D  G$playeranimation9frame1mirrored   bank3
     0000A02D  _playeranimation9frame1mirrored_   bank3
     0000A0CD  G$logo1985tiles_bin$0_0$0          bank3
     0000A0CD  _logo1985tiles_bin                 bank3
     0000AD8D  G$logo1985tilemap_bin$0_0$0        bank3
     0000AD8D  _logo1985tilemap_bin               bank3
     0000B38D  G$logo1985palette_bin$0_0$0        bank3
     0000B38D  _logo1985palette_bin               bank3
     0000B392  G$logo1985music_psg$0_0$0          bank3
     0000B392  _logo1985music_psg                 bank3
     0000B45B  G$fnaclogotiles_psgcompr$0_0$0     bank3
     0000B45B  _fnaclogotiles_psgcompr            bank3
     0000B8F6  G$fnaclogotilemap_bin$0_0$0        bank3
     0000B8F6  _fnaclogotilemap_bin               bank3
     0000BEF6  G$fnaclogopalette_bin$0_0$0        bank3
     0000BEF6  _fnaclogopalette_bin               bank3

ASxxxx Linker V03.00 + NoICE + sdld,  page 93.
Hexadecimal  [32-Bits]

Area                                    Addr        Size        Decimal Bytes (Attributes)
--------------------------------        ----        ----        ------- ----- ------------
_BANK4                              00008000    00002C81 =       11393. bytes (REL,CON)

      Value  Global                              Global Defined In Module
      -----  --------------------------------   ------------------------
     00008000  G$level1music_psg$0_0$0            bank4
     00008000  _level1music_psg                   bank4
     0000926F  G$punch1_psg$0_0$0                 bank4
     0000926F  _punch1_psg                        bank4
     0000927F  G$punch2_psg$0_0$0                 bank4
     0000927F  _punch2_psg                        bank4
     0000928F  G$enemyanimation0frame0_bin$0_0$   bank4
     0000928F  _enemyanimation0frame0_bin         bank4
     0000938F  G$enemyanimation0frame0mirrored_   bank4
     0000938F  _enemyanimation0frame0mirrored_b   bank4
     0000948F  G$enemyanimation1frame0_bin$0_0$   bank4
     0000948F  _enemyanimation1frame0_bin         bank4
     0000958F  G$enemyanimation1frame0mirrored_   bank4
     0000958F  _enemyanimation1frame0mirrored_b   bank4
     0000968F  G$enemyanimation1frame1_bin$0_0$   bank4
     0000968F  _enemyanimation1frame1_bin         bank4
     0000978F  G$enemyanimation1frame1mirrored_   bank4
     0000978F  _enemyanimation1frame1mirrored_b   bank4
     0000988F  G$enemyanimation1frame2_bin$0_0$   bank4
     0000988F  _enemyanimation1frame2_bin         bank4
     0000998F  G$enemyanimation1frame2mirrored_   bank4
     0000998F  _enemyanimation1frame2mirrored_b   bank4
     00009A8F  G$enemyanimation1frame3_bin$0_0$   bank4
     00009A8F  _enemyanimation1frame3_bin         bank4
     00009B8F  G$enemyanimation1frame3mirrored_   bank4
     00009B8F  _enemyanimation1frame3mirrored_b   bank4
     00009C8F  G$levelbackgroundtilemap_bin$0_0   bank4
     00009C8F  _levelbackgroundtilemap_bin        bank4
     0000A28F  G$systemfont_psgcompr$0_0$0        bank4
     0000A28F  _systemfont_psgcompr               bank4
     0000A781  G$playeranimation1frame1mirrored   bank4
     0000A781  _playeranimation1frame1mirrored_   bank4
     0000A881  G$playeranimation1frame2_bin$0_0   bank4
     0000A881  _playeranimation1frame2_bin        bank4
     0000A981  G$playeranimation1frame2mirrored   bank4
     0000A981  _playeranimation1frame2mirrored_   bank4
     0000AA81  G$playeranimation1frame3_bin$0_0   bank4
     0000AA81  _playeranimation1frame3_bin        bank4
     0000AB81  G$playeranimation1frame3mirrored   bank4
     0000AB81  _playeranimation1frame3mirrored_   bank4

ASxxxx Linker V03.00 + NoICE + sdld,  page 94.
Hexadecimal  [32-Bits]

Area                                    Addr        Size        Decimal Bytes (Attributes)
--------------------------------        ----        ----        ------- ----- ------------
_CABS0                              00000000    00000010 =          16. bytes (ABS,CON)

      Value  Global                              Global Defined In Module
      -----  --------------------------------   ------------------------
     00007FF0  G$__SMS__SEGA_signature$0_0$0      _sms_manager
     00007FF0  ___SMS__SEGA_signature             _sms_manager

ASxxxx Linker V03.00 + NoICE + sdld,  page 95.
Hexadecimal  [32-Bits]

Area                                    Addr        Size        Decimal Bytes (Attributes)
--------------------------------        ----        ----        ------- ----- ------------
_CABS1                              00000000    00000011 =          17. bytes (ABS,CON)

      Value  Global                              Global Defined In Module
      -----  --------------------------------   ------------------------
     00007FCF  G$__SMS__SDSC_author$0_0$0         _sms_manager
     00007FCF  ___SMS__SDSC_author                _sms_manager

ASxxxx Linker V03.00 + NoICE + sdld,  page 96.
Hexadecimal  [32-Bits]

Area                                    Addr        Size        Decimal Bytes (Attributes)
--------------------------------        ----        ----        ------- ----- ------------
_CABS2                              00000000    00000009 =           9. bytes (ABS,CON)

      Value  Global                              Global Defined In Module
      -----  --------------------------------   ------------------------
     00007FC6  G$__SMS__SDSC_name$0_0$0           _sms_manager
     00007FC6  ___SMS__SDSC_name                  _sms_manager

ASxxxx Linker V03.00 + NoICE + sdld,  page 97.
Hexadecimal  [32-Bits]

Area                                    Addr        Size        Decimal Bytes (Attributes)
--------------------------------        ----        ----        ------- ----- ------------
_CABS3                              00000000    00000019 =          25. bytes (ABS,CON)

      Value  Global                              Global Defined In Module
      -----  --------------------------------   ------------------------
     00007FAD  G$__SMS__SDSC_descr$0_0$0          _sms_manager
     00007FAD  ___SMS__SDSC_descr                 _sms_manager

ASxxxx Linker V03.00 + NoICE + sdld,  page 98.
Hexadecimal  [32-Bits]

Area                                    Addr        Size        Decimal Bytes (Attributes)
--------------------------------        ----        ----        ------- ----- ------------
_CABS4                              00000000    00000010 =          16. bytes (ABS,CON)

      Value  Global                              Global Defined In Module
      -----  --------------------------------   ------------------------
     00007FE0  G$__SMS__SDSC_signature$0_0$0      _sms_manager
     00007FE0  ___SMS__SDSC_signature             _sms_manager

ASxxxx Linker V03.00 + NoICE + sdld,  page 99.

Files Linked                              [ module(s) ]

../crt0/crt0_sms.rel                      [ crt0 ]
main.rel                                  [ main ]
../lib/PSGLib.rel                         [ PSGlib ]
../lib/GSLib.rel                          [ GSLib ]
banks/bank2.rel                           [ bank2 ]
banks/bank3.rel                           [ bank3 ]
banks/bank4.rel                           [ bank4 ]
devkit/_sms_manager.rel                   [ _sms_manager ]
devkit/_snd_manager.rel                   [ _snd_manager ]
devkit/_gsl_manager.rel                   [ _gsl_manager ]


Libraries Linked                          [ object file ]

../lib/SMSlib.lib                         [ SMSlib_spriteAdv.rel ]
../lib/SMSlib.lib                         [ SMSlib_aPLib.rel ]
../lib/SMSlib.lib                         [ SMSlib_UNSAFE.rel ]
../lib/SMSlib.lib                         [ SMSlib.rel ]
../lib/SMSlib.lib                         [ SMSlib_PSGaiden.rel ]
../lib/SMSlib.lib                         [ SMSlib_load1bppTiles.rel ]
../lib/SMSlib.lib                         [ SMSlib_spriteClip.rel ]
../lib/SMSlib.lib                         [ SMSlib_VRAMmemset.rel ]
../lib/SMSlib.lib                         [ SMSlib_paletteAdv.rel ]
../lib/SMSlib.lib                         [ SMSlib_zx7.rel ]
../lib/SMSlib.lib                         [ SMSlib_textrenderer.rel ]
../lib/SMSlib.lib                         [ SMSlib_threesprites.rel ]
../lib/SMSlib.lib                         [ SMSlib_sprite.rel ]
../lib/SMSlib.lib                         [ SMSlib_twosprites.rel ]
../lib/SMSlib.lib                         [ SMSlib_paddle.rel ]
../lib/SMSlib.lib                         [ SMSlib_VRAMmemcpy_brief.rel ]
../lib/SMSlib.lib                         [ SMSlib_UNSAFE_zx7.rel ]
C:\Program Files\SDCC\bin\..\lib\z80/z80.lib
                                          [ __sdcc_call_hl.rel ]
../lib/SMSlib.lib                         [ SMSlib_deprecated.rel ]
../lib/SMSlib.lib                         [ SMSlib_VRAMmemcpy.rel ]
../lib/SMSlib.lib                         [ SMSlib_STMcomp.rel ]
../lib/SMSlib.lib                         [ SMSlib_loadTileMapArea.rel ]
../lib/SMSlib.lib                         [ SMSlib_autotext.rel ]

ASxxxx Linker V03.00 + NoICE + sdld,  page 100.

User Base Address Definitions

_CODE = 0x0200
_DATA = 0xc000
_BANK2=0x8000
_BANK3=0x8000
_BANK4=0x8000

