ASxxxx Linker V03.00 + NoICE + sdld,  page 1.
Hexadecimal  [32-Bits]

Area                                    Addr        Size        Decimal Bytes (Attributes)
--------------------------------        ----        ----        ------- ----- ------------
.  .ABS.                            00000000    00000000 =           0. bytes (ABS,CON)

      Value  Global                              Global Defined In Module
      -----  --------------------------------   ------------------------
     00000000  .__.ABS.                           
     00000000  l__BSEG                         
     00000000  l__BSS                          
     00000000  l__CABS                         
     00000000  l__DABS                         
     00000000  l__HEADER                       
     00000000  l__HEAP                         
     00000000  l__HOME                         
     00000000  s__CABS                         
     00000000  s__CABS0                        
     00000000  s__CABS1                        
     00000000  s__CABS2                        
     00000000  s__CABS3                        
     00000000  s__CABS4                        
     00000000  s__DABS                         
     00000000  s__HEADER                       
     00000000  s__HEADER0                      
     00000000  s__HEADER1                      
     00000000  s__HEADER2                      
     00000000  s__HEADER3                      
     00000000  s__HEADER4                      
     00000001  l__GSFINAL                      
     00000005  l__INITIALIZED                  
     00000005  l__INITIALIZER                  
     00000008  l__HEADER0                      
     00000009  l__HEADER1                      
     0000000F  l__GSINIT                       
     00000010  l__CABS0                        
     00000010  l__CABS4                        
     00000011  l__CABS1                        
     00000013  l__CABS2                        
     00000018  l__HEADER2                      
     0000002B  l__HEADER3                      
     00000037  l__CABS3                        
     00000104  l__HEADER4                      
     0000017C  l__DATA                         
     00000200  s__CODE                         
     00000B90  l__CODE                         
     00000D90  s__HOME                         
     00000D90  s__INITIALIZER                  
     00000D95  s__GSINIT                       
     00000DA4  s__GSFINAL                      
     00008000  G$SMS_SRAM$0_0$0                   main
     00008000  _SMS_SRAM                          SMSlib_sprite
     0000C000  s__DATA                         
     0000C17C  s__INITIALIZED                  
     0000C181  s__BSEG                         
     0000C181  s__BSS                          
     0000C181  s__HEAP                         
     0000FFFC  G$SRAM_bank_to_be_mapped_on_slot   main
ASxxxx Linker V03.00 + NoICE + sdld,  page 2.
Hexadecimal  [32-Bits]

Area                                    Addr        Size        Decimal Bytes (Attributes)
--------------------------------        ----        ----        ------- ----- ------------
.  .ABS.                            00000000    00000000 =           0. bytes (ABS,CON)

      Value  Global                              Global Defined In Module
      -----  --------------------------------   ------------------------
     0000FFFC  _SRAM_bank_to_be_mapped_on_slot2   SMSlib_sprite
     0000FFFF  G$ROM_bank_to_be_mapped_on_slot2   main
     0000FFFF  _ROM_bank_to_be_mapped_on_slot2    SMSlib_sprite

ASxxxx Linker V03.00 + NoICE + sdld,  page 3.
Hexadecimal  [32-Bits]

Area                                    Addr        Size        Decimal Bytes (Attributes)
--------------------------------        ----        ----        ------- ----- ------------
_CODE                               00000200    00000B90 =        2960. bytes (REL,CON)

      Value  Global                              Global Defined In Module
      -----  --------------------------------   ------------------------
     00000200  A$main$73                          main
     00000200  C$main.c$3$0_0$66                  main
     00000200  C$main.c$5$1_0$66                  main
     00000200  G$main$0$0                         main
     00000200  _main                              main
     00000203  A$main$77                          main
     00000203  C$main.c$6$1_0$66                  main
     00000205  A$main$78                          main
     00000206  A$main$79                          main
     00000207  A$main$80                          main
     00000208  A$main$81                          main
     00000209  A$main$82                          main
     0000020A  A$main$83                          main
     0000020D  A$main$84                          main
     0000020E  A$main$88                          main
     0000020E  C$main.c$7$1_0$66                  main
     00000211  A$main$89                          main
     00000214  A$main$94                          main
     00000214  C$main.c$10$3_0$68                 main
     00000217  A$main$102                         main
     00000217  C$main.c$12$2_0$66                 main
     00000217  XG$main$0$0                        main
     00000219  Fmain$__str_0$0_0$0                main
     0000022A  Fmain$__str_1$0_0$0                main
     0000023D  Fmain$__str_2$0_0$0                main
     00000274  _MBMPlay                           MBMlib
     000003C7  _MBMCancelLoop                     MBMlib
     000003CD  _MBMPlayNoRepeat                   MBMlib
     000003D3  _MBMResume                         MBMlib
     000003DD  _MBMStop                           MBMlib
     00000426  _MBMGetStatus                      MBMlib
     0000042E  _MBMFreqencyLUT                    MBMlib
     000004EE  _MBMDrumReg                        MBMlib
     000004F7  _MBMModVal                         MBMlib
     0000050B  _MBMFadeOut                        MBMlib
     00000513  _MBMFrame                          MBMlib
     000009E4  _SMS_GetFMAudioCapabilities        MBMlib
     00000A2F  _SMS_EnableAudio                   MBMlib
     00000A3F  _MBMSFXPlay                        MBMlib
     00000A65  _MBMSFXPlayLoop                    MBMlib
     00000A6E  _MBMSFXCancelLoop                  MBMlib
     00000A74  _MBMSFXStop                        MBMlib
     00000ABC  _MBMSFXGetStatus                   MBMlib
     00000AC4  _MBMSFXFrame                       MBMlib
     00000B1F  _SMS_init                          SMSlib
     00000B51  _VDPReg_init                       SMSlib
     00000B5C  _SMS_VDPturnOnFeature              SMSlib
     00000B71  _SMS_VDPturnOffFeature             SMSlib
     00000B89  _SMS_setBGScrollX                  SMSlib
     00000B93  _SMS_setBGScrollY                  SMSlib
ASxxxx Linker V03.00 + NoICE + sdld,  page 4.
Hexadecimal  [32-Bits]

Area                                    Addr        Size        Decimal Bytes (Attributes)
--------------------------------        ----        ----        ------- ----- ------------
_CODE                               00000200    00000B90 =        2960. bytes (REL,CON)

      Value  Global                              Global Defined In Module
      -----  --------------------------------   ------------------------
     00000B9D  _SMS_setBackdropColor              SMSlib
     00000BA7  _SMS_useFirstHalfTilesforSprites   SMSlib
     00000BBD  _SMS_setSpriteMode                 SMSlib
     00000C0B  _SMS_setBGPaletteColor             SMSlib
     00000C1F  _SMS_setSpritePaletteColor         SMSlib
     00000C33  _SMS_loadBGPalette                 SMSlib
     00000C48  _SMS_loadSpritePalette             SMSlib
     00000C5D  _SMS_setColor                      SMSlib
     00000C61  _SMS_waitForVBlank                 SMSlib
     00000C6E  _SMS_getKeysStatus                 SMSlib
     00000C72  _SMS_getKeysPressed                SMSlib
     00000C8F  _SMS_getKeysHeld                   SMSlib
     00000CA3  _SMS_getKeysReleased               SMSlib
     00000CC0  _SMS_queryPauseRequested           SMSlib
     00000CC5  _SMS_resetPauseRequest             SMSlib
     00000CCB  _SMS_setLineInterruptHandler       SMSlib
     00000CCF  _SMS_setLineCounter                SMSlib
     00000CD9  _SMS_getVCount                     SMSlib
     00000CDD  _SMS_getHCount                     SMSlib
     00000CE1  _SMS_isr                           SMSlib
     00000D17  _SMS_nmi_isr                       SMSlib
     00000D20  _SMS_initSprites                   SMSlib_sprite
     00000D26  _SMS_addSprite                     SMSlib_sprite
     00000D59  _SMS_copySpritestoSAT              SMSlib_sprite
     00000D8F  ___sdcc_call_hl                    
ASxxxx Linker V03.00 + NoICE + sdld,  page 5.
Hexadecimal  [32-Bits]

Area                                    Addr        Size        Decimal Bytes (Attributes)
--------------------------------        ----        ----        ------- ----- ------------
_HEADER0                            00000000    00000008 =           8. bytes (ABS,CON)

      Value  Global                              Global Defined In Module
      -----  --------------------------------   ------------------------
ASxxxx Linker V03.00 + NoICE + sdld,  page 6.
Hexadecimal  [32-Bits]

Area                                    Addr        Size        Decimal Bytes (Attributes)
--------------------------------        ----        ----        ------- ----- ------------
_HEADER1                            00000000    00000009 =           9. bytes (ABS,CON)

      Value  Global                              Global Defined In Module
      -----  --------------------------------   ------------------------
     00000008  _SMS_crt0_RST08                    crt0

ASxxxx Linker V03.00 + NoICE + sdld,  page 7.
Hexadecimal  [32-Bits]

Area                                    Addr        Size        Decimal Bytes (Attributes)
--------------------------------        ----        ----        ------- ----- ------------
_HEADER2                            00000000    00000018 =          24. bytes (ABS,CON)

      Value  Global                              Global Defined In Module
      -----  --------------------------------   ------------------------
     00000018  _SMS_crt0_RST18                    crt0

ASxxxx Linker V03.00 + NoICE + sdld,  page 8.
Hexadecimal  [32-Bits]

Area                                    Addr        Size        Decimal Bytes (Attributes)
--------------------------------        ----        ----        ------- ----- ------------
_HEADER3                            00000000    0000002B =          43. bytes (ABS,CON)

      Value  Global                              Global Defined In Module
      -----  --------------------------------   ------------------------
ASxxxx Linker V03.00 + NoICE + sdld,  page 9.
Hexadecimal  [32-Bits]

Area                                    Addr        Size        Decimal Bytes (Attributes)
--------------------------------        ----        ----        ------- ----- ------------
_HEADER4                            00000000    00000104 =         260. bytes (ABS,CON)

      Value  Global                              Global Defined In Module
      -----  --------------------------------   ------------------------
     00000069  _OUTI128                           crt0
     000000E9  _OUTI64                            crt0
     00000129  _OUTI32                            crt0
     00000169  _outi_block                        crt0

ASxxxx Linker V03.00 + NoICE + sdld,  page 10.
Hexadecimal  [32-Bits]

Area                                    Addr        Size        Decimal Bytes (Attributes)
--------------------------------        ----        ----        ------- ----- ------------
_INITIALIZER                        00000D90    00000005 =           5. bytes (REL,CON)

      Value  Global                              Global Defined In Module
      -----  --------------------------------   ------------------------
ASxxxx Linker V03.00 + NoICE + sdld,  page 11.
Hexadecimal  [32-Bits]

Area                                    Addr        Size        Decimal Bytes (Attributes)
--------------------------------        ----        ----        ------- ----- ------------
_GSINIT                             00000D95    0000000F =          15. bytes (REL,CON)

      Value  Global                              Global Defined In Module
      -----  --------------------------------   ------------------------
     00000D95  gsinit                             crt0

ASxxxx Linker V03.00 + NoICE + sdld,  page 12.
Hexadecimal  [32-Bits]

Area                                    Addr        Size        Decimal Bytes (Attributes)
--------------------------------        ----        ----        ------- ----- ------------
_GSFINAL                            00000DA4    00000001 =           1. bytes (REL,CON)

      Value  Global                              Global Defined In Module
      -----  --------------------------------   ------------------------
ASxxxx Linker V03.00 + NoICE + sdld,  page 13.
Hexadecimal  [32-Bits]

Area                                    Addr        Size        Decimal Bytes (Attributes)
--------------------------------        ----        ----        ------- ----- ------------
_DATA                               0000C000    0000017C =         380. bytes (REL,CON)

      Value  Global                              Global Defined In Module
      -----  --------------------------------   ------------------------
     0000C000  _MBMStatus                         MBMlib
     0000C001  _MBMStart                          MBMlib
     0000C003  _MBMPosition                       MBMlib
     0000C004  _MBMStep                           MBMlib
     0000C005  _MBMStatusByte                     MBMlib
     0000C008  _MBMStepBuffer                     MBMlib
     0000C015  _MBMFrequency                      MBMlib
     0000C016  _MBMTransposeValue                 MBMlib
     0000C017  _MBMSpeed                          MBMlib
     0000C018  _MBMSpeedCounter                   MBMlib
     0000C019  _MBMPatternAddress                 MBMlib
     0000C01B  _MBMPatternPointer                 MBMlib
     0000C01D  _MBMPAT                            MBMlib
     0000C01F  _MBMFading                         MBMlib
     0000C020  _MBMFadeCounter                    MBMlib
     0000C021  _MBMChannelBuffer                  MBMlib
     0000C09F  _MBMIVListAddr                     MBMlib
     0000C0A1  _MBMDrumBlockAddr                  MBMlib
     0000C0A3  _MBMSongLength                     MBMlib
     0000C0A4  _MBMChannelInfo                    MBMlib
     0000C0A5  _MBMLoopPoint                      MBMlib
     0000C0A6  _MBMLastCustInstr                  MBMlib
     0000C0A7  _MBMSFXStatus                      MBMlib
     0000C0A8  _MBMSFXStart                       MBMlib
     0000C0AA  _MBMSFXPointer                     MBMlib
     0000C0AC  _MBMSFXLoopPoint                   MBMlib
     0000C0AE  _MBMSFXSkipFrames                  MBMlib
     0000C0AF  _MBMSFXLoopFlag                    MBMlib
     0000C0B0  _MBMSFXDelayIVR                    MBMlib
     0000C0B1  _VDPBlank                          SMSlib
     0000C0B2  _SMS_VDPFlags                      SMSlib
     0000C0B3  _PauseRequested                    SMSlib
     0000C0B4  _SMS_Port3EBIOSvalue               SMSlib
     0000C0B5  _KeysStatus                        SMSlib
     0000C0B7  _PreviousKeysStatus                SMSlib
     0000C0B9  _SMS_theLineInterruptHandler       SMSlib
     0000C0BB  _SpriteTableY                      SMSlib_sprite
     0000C0FB  _SpriteTableXN                     SMSlib_sprite
     0000C17B  _SpriteNextFree                    SMSlib_sprite
ASxxxx Linker V03.00 + NoICE + sdld,  page 14.
Hexadecimal  [32-Bits]

Area                                    Addr        Size        Decimal Bytes (Attributes)
--------------------------------        ----        ----        ------- ----- ------------
_INITIALIZED                        0000C17C    00000005 =           5. bytes (REL,CON)

      Value  Global                              Global Defined In Module
      -----  --------------------------------   ------------------------
     0000C17C  _VDPReg                            SMSlib
     0000C17E  _spritesHeight                     SMSlib
     0000C17F  _spritesWidth                      SMSlib
     0000C180  _spritesTileOffset                 SMSlib

ASxxxx Linker V03.00 + NoICE + sdld,  page 15.
Hexadecimal  [32-Bits]

Area                                    Addr        Size        Decimal Bytes (Attributes)
--------------------------------        ----        ----        ------- ----- ------------
_CABS0                              00000000    00000010 =          16. bytes (ABS,CON)

      Value  Global                              Global Defined In Module
      -----  --------------------------------   ------------------------
     00007FF0  G$__SMS__SEGA_signature$0_0$0      main
     00007FF0  ___SMS__SEGA_signature             main

ASxxxx Linker V03.00 + NoICE + sdld,  page 16.
Hexadecimal  [32-Bits]

Area                                    Addr        Size        Decimal Bytes (Attributes)
--------------------------------        ----        ----        ------- ----- ------------
_CABS1                              00000000    00000011 =          17. bytes (ABS,CON)

      Value  Global                              Global Defined In Module
      -----  --------------------------------   ------------------------
     00007FCF  G$__SMS__SDSC_author$0_0$0         main
     00007FCF  ___SMS__SDSC_author                main

ASxxxx Linker V03.00 + NoICE + sdld,  page 17.
Hexadecimal  [32-Bits]

Area                                    Addr        Size        Decimal Bytes (Attributes)
--------------------------------        ----        ----        ------- ----- ------------
_CABS2                              00000000    00000013 =          19. bytes (ABS,CON)

      Value  Global                              Global Defined In Module
      -----  --------------------------------   ------------------------
     00007FBC  G$__SMS__SDSC_name$0_0$0           main
     00007FBC  ___SMS__SDSC_name                  main

ASxxxx Linker V03.00 + NoICE + sdld,  page 18.
Hexadecimal  [32-Bits]

Area                                    Addr        Size        Decimal Bytes (Attributes)
--------------------------------        ----        ----        ------- ----- ------------
_CABS3                              00000000    00000037 =          55. bytes (ABS,CON)

      Value  Global                              Global Defined In Module
      -----  --------------------------------   ------------------------
     00007F85  G$__SMS__SDSC_descr$0_0$0          main
     00007F85  ___SMS__SDSC_descr                 main

ASxxxx Linker V03.00 + NoICE + sdld,  page 19.
Hexadecimal  [32-Bits]

Area                                    Addr        Size        Decimal Bytes (Attributes)
--------------------------------        ----        ----        ------- ----- ------------
_CABS4                              00000000    00000010 =          16. bytes (ABS,CON)

      Value  Global                              Global Defined In Module
      -----  --------------------------------   ------------------------
     00007FE0  G$__SMS__SDSC_signature$0_0$0      main
     00007FE0  ___SMS__SDSC_signature             main

ASxxxx Linker V03.00 + NoICE + sdld,  page 20.

Files Linked                              [ module(s) ]

crt0_sms.rel                              [ crt0 ]
main.rel                                  [ main ]
MBMlib.rel                                [ MBMlib ]


Libraries Linked                          [ object file ]

SMSlib.lib                                [ SMSlib.rel ]
SMSlib.lib                                [ SMSlib_sprite.rel ]
C:\Program Files\SDCC\bin\..\lib\z80/z80.lib
                                          [ __sdcc_call_hl.rel ]

ASxxxx Linker V03.00 + NoICE + sdld,  page 21.

User Base Address Definitions

_CODE = 0x0200
_DATA = 0xc000

