ASxxxx Linker V03.00 + NoICE + sdld,  page 1.
Hexadecimal  [32-Bits]

Area                                    Addr        Size        Decimal Bytes (Attributes)
--------------------------------        ----        ----        ------- ----- ------------
.  .ABS.                            00000000    00000000 =           0. bytes (ABS,CON)

      Value  Global                              Global Defined In Module
      -----  --------------------------------   ------------------------
     00000000  .__.ABS.                           SGlib
     00000000  l__BSEG                         
     00000000  l__BSS                          
     00000000  l__CABS                         
     00000000  l__DABS                         
     00000000  l__HEADER                       
     00000000  l__HEAP                         
     00000000  l__HOME                         
     00000000  s__CABS                         
     00000000  s__DABS                         
     00000000  s__HEADER                       
     00000000  s__HEADER0                      
     00000000  s__HEADER1                      
     00000000  s__HEADER2                      
     00000000  s__HEADER3                      
     00000001  l__GSFINAL                      
     00000003  l__HEADER1                      
     00000003  l__HEADER2                      
     00000006  l__HEADER0                      
     00000006  l__INITIALIZED                  
     00000006  l__INITIALIZER                  
     0000000F  l__GSINIT                       
     0000008B  l__DATA                         
     0000011E  l__HEADER3                      
     00000200  s__CODE                         
     0000067B  l__CODE                         
     0000087B  s__HOME                         
     0000087B  s__INITIALIZER                  
     00000881  s__GSINIT                       
     00000890  s__GSFINAL                      
     0000C000  s__DATA                         
     0000C08B  s__INITIALIZED                  
     0000C091  s__BSEG                         
     0000C091  s__BSS                          
     0000C091  s__HEAP                         

ASxxxx Linker V03.00 + NoICE + sdld,  page 2.
Hexadecimal  [32-Bits]

Area                                    Addr        Size        Decimal Bytes (Attributes)
--------------------------------        ----        ----        ------- ----- ------------
_CODE                               00000200    0000067B =        1659. bytes (REL,CON)

      Value  Global                              Global Defined In Module
      -----  --------------------------------   ------------------------
     00000200  __clock                            crt0
     00000204  _exit                              crt0
     0000020A  A$main$59                          main
     0000020A  C$main.c$3$0$0                     main
     0000020A  C$main.c$5$1$34                    main
     0000020A  G$main$0$0                         main
     0000020A  _main                              main
     0000020D  A$main$63                          main
     0000020D  C$main.c$7$1$34                    main
     0000020F  A$main$64                          main
     00000210  A$main$65                          main
     00000211  A$main$66                          main
     00000214  A$main$67                          main
     00000215  A$main$71                          main
     00000215  C$main.c$8$1$34                    main
     00000218  A$main$72                          main
     00000219  A$main$73                          main
     0000021C  A$main$74                          main
     0000021D  A$main$79                          main
     0000021D  C$main.c$11$3$36                   main
     00000220  A$main$84                          main
     00000220  C$main.c$13$2$35                   main
     00000220  XG$main$0$0                        main
     00000222  _SG_VDPturnOnFeature               SGlib
     0000025C  _VDPReg_init                       SGlib
     00000264  _SG_VDPturnOffFeature              SGlib
     00000295  _SG_init                           SGlib
     000002C4  _SG_setBackdropColor               SGlib
     000002D8  _SG_setSpriteMode                  SGlib
     00000343  _SG_loadTilePatterns               SGlib
     00000384  _SG_loadTileColours                SGlib
     000003C9  _SG_loadSpritePatterns             SGlib
     0000040E  _SG_setTileatXY                    SGlib
     0000044D  _SG_setNextTileatXY                SGlib
     00000487  _SG_setTile                        SGlib
     0000048F  _SG_loadTileMap                    SGlib
     000004E2  _SG_loadTileMapArea                SGlib
     00000569  _SG_initSprites                    SGlib
     0000056F  _SG_addSprite                      SGlib
     000005C7  _SG_setClippingWindow              SGlib
     000005E8  _SG_addSpriteClipping              SGlib
     000006B3  _SG_finalizeSprites                SGlib
     000006C5  _SG_copySpritestoSAT               SGlib
     000006DB  _SG_waitForVBlank                  SGlib
     000006E8  _SG_getKeysStatus                  SGlib
     000006EC  _SG_getKeysPressed                 SGlib
     00000701  _SG_getKeysHeld                    SGlib
     00000718  _SG_getKeysReleased                SGlib
     00000735  _SG_queryPauseRequested            SGlib
     0000073D  _SG_resetPauseRequest              SGlib
ASxxxx Linker V03.00 + NoICE + sdld,  page 3.
Hexadecimal  [32-Bits]

Area                                    Addr        Size        Decimal Bytes (Attributes)
--------------------------------        ----        ----        ------- ----- ------------
_CODE                               00000200    0000067B =        1659. bytes (REL,CON)

      Value  Global                              Global Defined In Module
      -----  --------------------------------   ------------------------
     00000743  _SG_VRAMmemcpy                     SGlib
     00000778  _SG_VRAMmemcpy_brief               SGlib
     000007A2  _SG_VRAMmemset                     SGlib
     000007CE  _SG_VRAMmemsetW                    SGlib
     00000815  _SG_isr                            SGlib
     00000868  _SG_nmi_isr                        SGlib

ASxxxx Linker V03.00 + NoICE + sdld,  page 4.
Hexadecimal  [32-Bits]

Area                                    Addr        Size        Decimal Bytes (Attributes)
--------------------------------        ----        ----        ------- ----- ------------
_HEADER0                            00000000    00000006 =           6. bytes (ABS,CON)

      Value  Global                              Global Defined In Module
      -----  --------------------------------   ------------------------
ASxxxx Linker V03.00 + NoICE + sdld,  page 5.
Hexadecimal  [32-Bits]

Area                                    Addr        Size        Decimal Bytes (Attributes)
--------------------------------        ----        ----        ------- ----- ------------
_HEADER1                            00000000    00000003 =           3. bytes (ABS,CON)

      Value  Global                              Global Defined In Module
      -----  --------------------------------   ------------------------
ASxxxx Linker V03.00 + NoICE + sdld,  page 6.
Hexadecimal  [32-Bits]

Area                                    Addr        Size        Decimal Bytes (Attributes)
--------------------------------        ----        ----        ------- ----- ------------
_HEADER2                            00000000    00000003 =           3. bytes (ABS,CON)

      Value  Global                              Global Defined In Module
      -----  --------------------------------   ------------------------
ASxxxx Linker V03.00 + NoICE + sdld,  page 7.
Hexadecimal  [32-Bits]

Area                                    Addr        Size        Decimal Bytes (Attributes)
--------------------------------        ----        ----        ------- ----- ------------
_HEADER3                            00000000    0000011E =         286. bytes (ABS,CON)

      Value  Global                              Global Defined In Module
      -----  --------------------------------   ------------------------
     0000018D  _outi_block                        crt0

ASxxxx Linker V03.00 + NoICE + sdld,  page 8.
Hexadecimal  [32-Bits]

Area                                    Addr        Size        Decimal Bytes (Attributes)
--------------------------------        ----        ----        ------- ----- ------------
_INITIALIZER                        0000087B    00000006 =           6. bytes (REL,CON)

      Value  Global                              Global Defined In Module
      -----  --------------------------------   ------------------------
ASxxxx Linker V03.00 + NoICE + sdld,  page 9.
Hexadecimal  [32-Bits]

Area                                    Addr        Size        Decimal Bytes (Attributes)
--------------------------------        ----        ----        ------- ----- ------------
_GSINIT                             00000881    0000000F =          15. bytes (REL,CON)

      Value  Global                              Global Defined In Module
      -----  --------------------------------   ------------------------
     00000881  gsinit                             crt0

ASxxxx Linker V03.00 + NoICE + sdld,  page 10.
Hexadecimal  [32-Bits]

Area                                    Addr        Size        Decimal Bytes (Attributes)
--------------------------------        ----        ----        ------- ----- ------------
_GSFINAL                            00000890    00000001 =           1. bytes (REL,CON)

      Value  Global                              Global Defined In Module
      -----  --------------------------------   ------------------------
ASxxxx Linker V03.00 + NoICE + sdld,  page 11.
Hexadecimal  [32-Bits]

Area                                    Addr        Size        Decimal Bytes (Attributes)
--------------------------------        ----        ----        ------- ----- ------------
_DATA                               0000C000    0000008B =         139. bytes (REL,CON)

      Value  Global                              Global Defined In Module
      -----  --------------------------------   ------------------------
     0000C000  _VDPBlank                          SGlib
     0000C001  _PauseRequested                    SGlib
     0000C002  _KeysStatus                        SGlib
     0000C004  _PreviousKeysStatus                SGlib
     0000C006  _clipWin_x0                        SGlib
     0000C007  _clipWin_y0                        SGlib
     0000C008  _clipWin_x1                        SGlib
     0000C009  _clipWin_y1                        SGlib
     0000C00A  _SpriteTable                       SGlib
     0000C08A  _SpriteNextFree                    SGlib

ASxxxx Linker V03.00 + NoICE + sdld,  page 12.
Hexadecimal  [32-Bits]

Area                                    Addr        Size        Decimal Bytes (Attributes)
--------------------------------        ----        ----        ------- ----- ------------
_INITIALIZED                        0000C08B    00000006 =           6. bytes (REL,CON)

      Value  Global                              Global Defined In Module
      -----  --------------------------------   ------------------------
     0000C08B  _VDPReg                            SGlib
     0000C08D  _spritesHeight                     SGlib
     0000C08F  _spritesWidth                      SGlib
ASxxxx Linker V03.00 + NoICE + sdld,  page 13.

Files Linked                              [ module(s) ]

crt0_sg.rel                               [ crt0 ]
main.rel                                  [ main ]
SGlib.rel                                 [ SGlib ]

ASxxxx Linker V03.00 + NoICE + sdld,  page 14.

User Base Address Definitions

_CODE = 0x0200
_DATA = 0xc000

