ASxxxx Linker V03.00 + NoICE + sdld,  page 1.
Hexadecimal  [32-Bits]

Area                                    Addr        Size        Decimal Bytes (Attributes)
--------------------------------        ----        ----        ------- ----- ------------
.  .ABS.                            00000000    00000000 =           0. bytes (ABS,CON)

      Value  Global                              Global Defined In Module
      -----  --------------------------------   ------------------------
     00000000  .__.ABS.                           SMSlib_autotext
     00000000  l__BSEG                         
     00000000  l__BSS                          
     00000000  l__CABS                         
     00000000  l__DABS                         
     00000000  l__HEADER                       
     00000000  l__HEAP                         
     00000000  l__HOME                         
     00000000  s__CABS                         
     00000000  s__CABS0                        
     00000000  s__CABS1                        
     00000000  s__CABS2                        
     00000000  s__CABS3                        
     00000000  s__CABS4                        
     00000000  s__DABS                         
     00000000  s__HEADER                       
     00000000  s__HEADER0                      
     00000000  s__HEADER1                      
     00000000  s__HEADER2                      
     00000000  s__HEADER3                      
     00000000  s__HEADER4                      
     00000001  l__GSFINAL                      
     00000008  l__CABS2                        
     00000008  l__HEADER0                      
     00000009  l__CABS1                        
     00000009  l__HEADER1                      
     0000000F  l__GSINIT                       
     00000010  l__CABS0                        
     00000010  l__CABS4                        
     00000018  l__HEADER2                      
     0000001C  l__INITIALIZED                  
     0000001C  l__INITIALIZER                  
     00000026  l__HEADER3                      
     0000002E  l__CABS3                        
     00000104  l__HEADER4                      
     00000200  s__CODE                         
     0000121D  l__BANK3                        
     00001236  l__DATA                         
     000034CA  l__CODE                         
     000036CA  s__HOME                         
     000036CA  s__INITIALIZER                  
     000036E6  s__GSINIT                       
     000036F5  s__GSFINAL                      
     00003F9F  l__BANK2                        
     00008000  G$SMS_SRAM$0_0$0                   _sms_manager
     00008000  _SMS_SRAM                          SMSlib_autotext
     00008000  s__BANK2                        
     00008000  s__BANK3                        
     0000C000  s__DATA                         
     0000D236  s__INITIALIZED                  
ASxxxx Linker V03.00 + NoICE + sdld,  page 2.
Hexadecimal  [32-Bits]

Area                                    Addr        Size        Decimal Bytes (Attributes)
--------------------------------        ----        ----        ------- ----- ------------
.  .ABS.                            00000000    00000000 =           0. bytes (ABS,CON)

      Value  Global                              Global Defined In Module
      -----  --------------------------------   ------------------------
     0000D252  s__BSEG                         
     0000D252  s__BSS                          
     0000D252  s__HEAP                         
     0000FFFC  G$SRAM_bank_to_be_mapped_on_slot   _sms_manager
     0000FFFC  _SRAM_bank_to_be_mapped_on_slot2   SMSlib_autotext
     0000FFFF  G$ROM_bank_to_be_mapped_on_slot2   _sms_manager
     0000FFFF  _ROM_bank_to_be_mapped_on_slot2    SMSlib_autotext
ASxxxx Linker V03.00 + NoICE + sdld,  page 3.
Hexadecimal  [32-Bits]

Area                                    Addr        Size        Decimal Bytes (Attributes)
--------------------------------        ----        ----        ------- ----- ------------
_CODE                               00000200    000034CA =       13514. bytes (REL,CON)

      Value  Global                              Global Defined In Module
      -----  --------------------------------   ------------------------
     00000200  A$main$174                         main
     00000200  C$main.c$62$0_0$103                main
     00000200  C$main.c$67$1_0$103                main
     00000200  G$main$0$0                         main
     00000200  _main                              main
     00000203  A$main$175                         main
     00000204  A$main$176                         main
     00000205  A$main$177                         main
     00000206  A$main$178                         main
     00000207  A$main$179                         main
     00000209  A$main$180                         main
     0000020A  A$main$181                         main
     0000020D  A$main$182                         main
     0000020E  A$main$186                         main
     0000020E  C$main.c$68$1_0$103                main
     0000020F  A$main$187                         main
     00000212  A$main$188                         main
     00000213  A$main$189                         main
     00000214  A$main$190                         main
     00000215  A$main$191                         main
     00000216  A$main$192                         main
     00000219  A$main$193                         main
     0000021A  A$main$194                         main
     0000021D  A$main$195                         main
     0000021E  A$main$196                         main
     0000021F  A$main$197                         main
     00000220  A$main$201                         main
     00000220  C$main.c$69$1_0$103                main
     00000222  A$main$202                         main
     00000223  A$main$203                         main
     00000224  A$main$204                         main
     00000227  A$main$205                         main
     00000228  A$main$209                         main
     00000228  C$main.c$70$1_0$103                main
     0000022B  A$main$210                         main
     0000022C  A$main$211                         main
     0000022D  A$main$212                         main
     0000022E  A$main$213                         main
     00000231  A$main$214                         main
     00000232  A$main$215                         main
     00000235  A$main$216                         main
     00000238  A$main$217                         main
     00000239  A$main$218                         main
     0000023A  A$main$222                         main
     0000023A  C$main.c$71$1_0$103                main
     0000023D  A$main$223                         main
     0000023E  A$main$224                         main
     00000241  A$main$225                         main
     00000242  A$main$229                         main
     00000242  C$main.c$72$1_0$103                main
ASxxxx Linker V03.00 + NoICE + sdld,  page 4.
Hexadecimal  [32-Bits]

Area                                    Addr        Size        Decimal Bytes (Attributes)
--------------------------------        ----        ----        ------- ----- ------------
_CODE                               00000200    000034CA =       13514. bytes (REL,CON)

      Value  Global                              Global Defined In Module
      -----  --------------------------------   ------------------------
     00000245  A$main$230                         main
     00000246  A$main$231                         main
     00000248  A$main$232                         main
     00000249  A$main$233                         main
     0000024C  A$main$234                         main
     0000024D  A$main$235                         main
     00000250  A$main$236                         main
     00000253  A$main$237                         main
     00000254  A$main$238                         main
     00000255  A$main$242                         main
     00000255  C$main.c$73$1_0$103                main
     00000258  A$main$243                         main
     00000259  A$main$244                         main
     0000025C  A$main$245                         main
     0000025D  A$main$250                         main
     0000025D  C$main.c$80$3_0$105                main
     0000025F  A$main$251                         main
     00000260  A$main$252                         main
     00000261  A$main$253                         main
     00000264  A$main$254                         main
     00000265  A$main$258                         main
     00000265  C$main.c$81$5_0$107                main
     00000268  A$main$260                         main
     00000269  A$main$261                         main
     0000026B  A$main$262                         main
     0000026C  A$main$263                         main
     0000026D  A$main$264                         main
     0000026E  A$main$265                         main
     0000026F  A$main$266                         main
     00000271  A$main$267                         main
     00000273  A$main$271                         main
     00000273  C$main.c$83$5_0$107                main
     00000276  A$main$272                         main
     00000277  A$main$273                         main
     00000278  A$main$274                         main
     0000027B  A$main$275                         main
     0000027C  A$main$276                         main
     0000027D  A$main$277                         main
     0000027E  A$main$281                         main
     0000027E  C$main.c$81$4_0$106                main
     0000027F  A$main$282                         main
     00000281  A$main$287                         main
     00000281  C$main.c$87$3_0$105                main
     00000284  A$main$288                         main
     00000285  A$main$289                         main
     00000288  A$main$290                         main
     00000289  A$main$291                         main
     0000028C  A$main$292                         main
     0000028D  A$main$293                         main
     0000028E  A$main$297                         main
     0000028E  C$main.c$88$3_0$105                main
ASxxxx Linker V03.00 + NoICE + sdld,  page 5.
Hexadecimal  [32-Bits]

Area                                    Addr        Size        Decimal Bytes (Attributes)
--------------------------------        ----        ----        ------- ----- ------------
_CODE                               00000200    000034CA =       13514. bytes (REL,CON)

      Value  Global                              Global Defined In Module
      -----  --------------------------------   ------------------------
     00000291  A$main$298                         main
     00000292  A$main$299                         main
     00000294  A$main$300                         main
     00000295  A$main$301                         main
     00000298  A$main$302                         main
     00000299  A$main$303                         main
     0000029A  A$main$307                         main
     0000029A  C$main.c$89$3_0$105                main
     0000029D  A$main$311                         main
     0000029D  C$main.c$90$3_0$105                main
     0000029F  A$main$312                         main
     000002A0  A$main$313                         main
     000002A1  A$main$314                         main
     000002A4  A$main$315                         main
     000002A5  A$main$319                         main
     000002A5  C$main.c$91$3_0$105                main
     000002A8  A$main$320                         main
     000002A9  A$main$321                         main
     000002AC  A$main$322                         main
     000002AD  A$main$326                         main
     000002AD  C$main.c$92$3_0$105                main
     000002B0  A$main$330                         main
     000002B0  C$main.c$94$3_0$105                main
     000002B3  A$main$331                         main
     000002B4  A$main$332                         main
     000002B7  A$main$333                         main
     000002B8  A$main$337                         main
     000002B8  C$main.c$96$3_0$105                main
     000002BB  A$main$338                         main
     000002BE  A$main$342                         main
     000002BE  C$main.c$97$3_0$105                main
     000002C0  A$main$343                         main
     000002C3  A$main$347                         main
     000002C3  C$main.c$98$3_0$105                main
     000002C6  A$main$348                         main
     000002C8  A$main$352                         main
     000002C8  C$main.c$99$3_0$105                main
     000002CB  A$main$353                         main
     000002CD  A$main$357                         main
     000002CD  C$main.c$100$3_0$105               main
     000002D0  A$main$358                         main
     000002D2  A$main$363                         main
     000002D2  C$main.c$105$5_0$109               main
     000002D5  A$main$364                         main
     000002D6  A$main$365                         main
     000002D9  A$main$366                         main
     000002DA  A$main$367                         main
     000002DD  A$main$368                         main
     000002DE  A$main$369                         main
     000002DF  A$main$370                         main
     000002E0  A$main$374                         main
ASxxxx Linker V03.00 + NoICE + sdld,  page 6.
Hexadecimal  [32-Bits]

Area                                    Addr        Size        Decimal Bytes (Attributes)
--------------------------------        ----        ----        ------- ----- ------------
_CODE                               00000200    000034CA =       13514. bytes (REL,CON)

      Value  Global                              Global Defined In Module
      -----  --------------------------------   ------------------------
     000002E0  C$main.c$106$5_0$109               main
     000002E2  A$main$375                         main
     000002E5  A$main$379                         main
     000002E5  C$main.c$108$5_0$109               main
     000002E8  A$main$383                         main
     000002E8  C$main.c$109$5_0$109               main
     000002EB  A$main$387                         main
     000002EB  C$main.c$110$5_0$109               main
     000002EC  A$main$388                         main
     000002EF  A$main$389                         main
     000002F0  A$main$390                         main
     000002F1  A$main$391                         main
     000002F2  A$main$392                         main
     000002F3  A$main$393                         main
     000002F4  A$main$394                         main
     000002F5  A$main$395                         main
     000002F6  A$main$396                         main
     000002F8  A$main$397                         main
     000002FB  A$main$398                         main
     000002FD  A$main$403                         main
     000002FD  C$main.c$115$5_0$109               main
     00000300  A$main$404                         main
     00000301  A$main$405                         main
     00000303  A$main$406                         main
     00000306  A$main$411                         main
     00000306  C$main.c$116$5_0$109               main
     0000030A  A$main$412                         main
     0000030D  A$main$413                         main
     0000030E  A$main$414                         main
     00000310  A$main$415                         main
     00000313  A$main$420                         main
     00000313  C$main.c$118$5_0$109               main
     00000316  A$main$421                         main
     00000317  A$main$422                         main
     0000031A  A$main$423                         main
     0000031B  A$main$424                         main
     0000031C  A$main$425                         main
     0000031D  A$main$426                         main
     0000031E  A$main$427                         main
     0000031F  A$main$428                         main
     00000320  A$main$429                         main
     00000321  A$main$430                         main
     00000322  A$main$431                         main
     00000323  A$main$432                         main
     00000324  A$main$433                         main
     00000325  A$main$437                         main
     00000325  C$main.c$119$5_0$109               main
     00000328  A$main$438                         main
     00000329  A$main$439                         main
     0000032C  A$main$440                         main
     0000032D  A$main$441                         main
ASxxxx Linker V03.00 + NoICE + sdld,  page 7.
Hexadecimal  [32-Bits]

Area                                    Addr        Size        Decimal Bytes (Attributes)
--------------------------------        ----        ----        ------- ----- ------------
_CODE                               00000200    000034CA =       13514. bytes (REL,CON)

      Value  Global                              Global Defined In Module
      -----  --------------------------------   ------------------------
     0000032E  A$main$442                         main
     0000032F  A$main$443                         main
     00000330  A$main$444                         main
     00000331  A$main$445                         main
     00000332  A$main$446                         main
     00000333  A$main$447                         main
     00000334  A$main$448                         main
     00000335  A$main$449                         main
     00000336  A$main$450                         main
     00000337  A$main$454                         main
     00000337  C$main.c$120$5_0$109               main
     0000033A  A$main$455                         main
     0000033B  A$main$456                         main
     0000033F  A$main$457                         main
     00000342  A$main$458                         main
     00000343  A$main$462                         main
     00000343  C$main.c$121$5_0$109               main
     00000346  A$main$463                         main
     00000347  A$main$464                         main
     0000034B  A$main$465                         main
     0000034E  A$main$466                         main
     0000034F  A$main$470                         main
     0000034F  C$main.c$122$5_0$109               main
     00000352  A$main$471                         main
     00000353  A$main$472                         main
     00000354  A$main$473                         main
     00000357  A$main$474                         main
     00000358  A$main$475                         main
     00000359  A$main$476                         main
     0000035C  A$main$477                         main
     0000035D  A$main$481                         main
     0000035D  C$main.c$124$5_0$109               main
     00000360  A$main$485                         main
     00000360  C$main.c$126$5_0$109               main
     00000363  A$main$489                         main
     00000363  C$main.c$127$5_0$109               main
     00000366  A$main$493                         main
     00000366  C$main.c$128$5_0$109               main
     00000369  A$main$497                         main
     00000369  C$main.c$129$5_0$109               main
     0000036C  A$main$498                         main
     0000036F  A$main$503                         main
     0000036F  C$main.c$132$3_0$105               main
     00000372  A$main$511                         main
     00000372  C$main.c$134$2_0$103               main
     00000372  XG$main$0$0                        main
     00000375  A$main$524                         main
     00000375  C$main.c$138$2_0$110               main
     00000375  C$main.c$141$1_0$110               main
     00000375  G$processSpritesActiveDisplay$0$   main
     00000375  _processSpritesActiveDisplay       main
ASxxxx Linker V03.00 + NoICE + sdld,  page 8.
Hexadecimal  [32-Bits]

Area                                    Addr        Size        Decimal Bytes (Attributes)
--------------------------------        ----        ----        ------- ----- ------------
_CODE                               00000200    000034CA =       13514. bytes (REL,CON)

      Value  Global                              Global Defined In Module
      -----  --------------------------------   ------------------------
     00000378  A$main$525                         main
     0000037A  A$main$526                         main
     0000037B  A$main$527                         main
     0000037E  A$main$528                         main
     00000380  A$main$529                         main
     00000383  A$main$530                         main
     00000384  A$main$531                         main
     00000385  A$main$532                         main
     00000386  A$main$533                         main
     00000387  A$main$534                         main
     00000388  A$main$535                         main
     0000038B  A$main$536                         main
     0000038C  A$main$537                         main
     0000038D  A$main$541                         main
     0000038D  C$main.c$142$1_0$110               main
     00000390  A$main$542                         main
     00000392  A$main$543                         main
     00000395  A$main$544                         main
     00000396  A$main$545                         main
     00000397  A$main$546                         main
     00000398  A$main$547                         main
     0000039B  A$main$548                         main
     0000039C  A$main$549                         main
     0000039D  A$main$550                         main
     000003A0  A$main$551                         main
     000003A1  A$main$552                         main
     000003A2  A$main$556                         main
     000003A2  C$main.c$143$1_0$110               main
     000003A5  A$main$557                         main
     000003A7  A$main$558                         main
     000003AA  A$main$559                         main
     000003AB  A$main$560                         main
     000003AF  A$main$561                         main
     000003B2  A$main$562                         main
     000003B3  A$main$563                         main
     000003B4  A$main$564                         main
     000003B5  A$main$565                         main
     000003B6  A$main$566                         main
     000003B9  A$main$567                         main
     000003BA  A$main$571                         main
     000003BA  C$main.c$144$1_0$110               main
     000003BD  A$main$572                         main
     000003BE  A$main$573                         main
     000003C1  A$main$574                         main
     000003C2  A$main$575                         main
     000003C3  A$main$576                         main
     000003C6  A$main$577                         main
     000003C7  A$main$578                         main
     000003C8  A$main$579                         main
     000003CB  A$main$580                         main
     000003CC  A$main$581                         main
ASxxxx Linker V03.00 + NoICE + sdld,  page 9.
Hexadecimal  [32-Bits]

Area                                    Addr        Size        Decimal Bytes (Attributes)
--------------------------------        ----        ----        ------- ----- ------------
_CODE                               00000200    000034CA =       13514. bytes (REL,CON)

      Value  Global                              Global Defined In Module
      -----  --------------------------------   ------------------------
     000003CD  A$main$585                         main
     000003CD  C$main.c$148$1_0$110               main
     000003D0  A$main$586                         main
     000003D1  A$main$587                         main
     000003D2  A$main$591                         main
     000003D2  C$main.c$151$2_0$111               main
     000003D5  A$main$592                         main
     000003D7  A$main$593                         main
     000003D9  A$main$594                         main
     000003DC  A$main$599                         main
     000003DC  C$main.c$153$2_0$111               main
     000003DF  A$main$600                         main
     000003E1  A$main$601                         main
     000003E3  A$main$602                         main
     000003E4  A$main$603                         main
     000003E5  A$main$604                         main
     000003E6  A$main$605                         main
     000003E7  A$main$606                         main
     000003E8  A$main$607                         main
     000003EB  A$main$608                         main
     000003EF  A$main$609                         main
     000003F2  A$main$610                         main
     000003F3  A$main$611                         main
     000003F4  A$main$612                         main
     000003F7  A$main$613                         main
     000003F8  A$main$614                         main
     000003F9  A$main$615                         main
     000003FA  A$main$619                         main
     000003FA  C$main.c$154$2_0$111               main
     000003FD  A$main$620                         main
     000003FE  A$main$621                         main
     000003FF  A$main$622                         main
     00000400  A$main$623                         main
     00000402  A$main$624                         main
     00000405  A$main$625                         main
     00000406  A$main$626                         main
     00000407  A$main$627                         main
     0000040A  A$main$628                         main
     0000040B  A$main$629                         main
     0000040C  A$main$630                         main
     0000040F  A$main$631                         main
     00000410  A$main$632                         main
     00000413  A$main$633                         main
     00000414  A$main$634                         main
     00000415  A$main$635                         main
     00000416  A$main$636                         main
     00000417  A$main$637                         main
     00000418  A$main$638                         main
     00000419  A$main$639                         main
     0000041C  A$main$640                         main
     0000041D  A$main$641                         main
ASxxxx Linker V03.00 + NoICE + sdld,  page 10.
Hexadecimal  [32-Bits]

Area                                    Addr        Size        Decimal Bytes (Attributes)
--------------------------------        ----        ----        ------- ----- ------------
_CODE                               00000200    000034CA =       13514. bytes (REL,CON)

      Value  Global                              Global Defined In Module
      -----  --------------------------------   ------------------------
     0000041E  A$main$645                         main
     0000041E  C$main.c$155$2_0$111               main
     00000421  A$main$646                         main
     00000424  A$main$647                         main
     00000425  A$main$648                         main
     00000426  A$main$649                         main
     00000428  A$main$650                         main
     0000042B  A$main$651                         main
     0000042E  A$main$652                         main
     0000042F  A$main$653                         main
     00000430  A$main$654                         main
     00000433  A$main$655                         main
     00000434  A$main$656                         main
     00000435  A$main$657                         main
     00000438  A$main$658                         main
     00000439  A$main$659                         main
     0000043A  A$main$660                         main
     0000043B  A$main$661                         main
     0000043C  A$main$662                         main
     0000043F  A$main$663                         main
     00000440  A$main$664                         main
     00000441  A$main$665                         main
     00000442  A$main$666                         main
     00000443  A$main$667                         main
     00000444  A$main$668                         main
     00000445  A$main$669                         main
     00000448  A$main$670                         main
     00000449  A$main$671                         main
     0000044A  A$main$675                         main
     0000044A  C$main.c$156$2_0$111               main
     0000044D  A$main$676                         main
     00000450  A$main$677                         main
     00000451  A$main$678                         main
     00000452  A$main$679                         main
     00000454  A$main$680                         main
     00000457  A$main$681                         main
     0000045A  A$main$682                         main
     0000045B  A$main$683                         main
     0000045C  A$main$684                         main
     0000045F  A$main$685                         main
     00000460  A$main$686                         main
     00000461  A$main$687                         main
     00000464  A$main$688                         main
     00000465  A$main$689                         main
     00000468  A$main$690                         main
     00000469  A$main$691                         main
     0000046A  A$main$692                         main
     0000046B  A$main$693                         main
     0000046E  A$main$694                         main
     0000046F  A$main$695                         main
     00000470  A$main$696                         main
ASxxxx Linker V03.00 + NoICE + sdld,  page 11.
Hexadecimal  [32-Bits]

Area                                    Addr        Size        Decimal Bytes (Attributes)
--------------------------------        ----        ----        ------- ----- ------------
_CODE                               00000200    000034CA =       13514. bytes (REL,CON)

      Value  Global                              Global Defined In Module
      -----  --------------------------------   ------------------------
     00000471  A$main$697                         main
     00000472  A$main$698                         main
     00000473  A$main$699                         main
     00000474  A$main$700                         main
     00000477  A$main$701                         main
     00000478  A$main$702                         main
     00000479  A$main$706                         main
     00000479  C$main.c$157$2_0$111               main
     0000047C  A$main$707                         main
     0000047F  A$main$708                         main
     00000480  A$main$709                         main
     00000481  A$main$710                         main
     00000483  A$main$711                         main
     00000486  A$main$712                         main
     00000489  A$main$713                         main
     0000048A  A$main$714                         main
     0000048B  A$main$715                         main
     0000048E  A$main$716                         main
     0000048F  A$main$717                         main
     00000490  A$main$718                         main
     00000493  A$main$719                         main
     00000494  A$main$720                         main
     00000497  A$main$721                         main
     00000498  A$main$722                         main
     00000499  A$main$723                         main
     0000049A  A$main$724                         main
     0000049D  A$main$725                         main
     0000049E  A$main$726                         main
     0000049F  A$main$727                         main
     000004A0  A$main$728                         main
     000004A1  A$main$729                         main
     000004A2  A$main$730                         main
     000004A3  A$main$731                         main
     000004A6  A$main$732                         main
     000004A7  A$main$733                         main
     000004A8  A$main$741                         main
     000004A8  C$main.c$159$1_0$110               main
     000004A8  XG$processSpritesActiveDisplay$0   main
     000004A9  A$main$754                         main
     000004A9  C$main.c$162$1_0$112               main
     000004A9  C$main.c$165$1_0$112               main
     000004A9  G$processSpritesVBlank$0$0         main
     000004A9  _processSpritesVBlank              main
     000004AC  A$main$758                         main
     000004AC  C$main.c$168$1_0$112               main
     000004AF  A$main$759                         main
     000004B0  A$main$760                         main
     000004B2  A$main$764                         main
     000004B2  C$main.c$170$2_0$113               main
     000004B5  A$main$765                         main
     000004B7  A$main$766                         main
ASxxxx Linker V03.00 + NoICE + sdld,  page 12.
Hexadecimal  [32-Bits]

Area                                    Addr        Size        Decimal Bytes (Attributes)
--------------------------------        ----        ----        ------- ----- ------------
_CODE                               00000200    000034CA =       13514. bytes (REL,CON)

      Value  Global                              Global Defined In Module
      -----  --------------------------------   ------------------------
     000004B8  A$main$767                         main
     000004BA  A$main$768                         main
     000004BC  A$main$769                         main
     000004BE  A$main$770                         main
     000004BF  A$main$771                         main
     000004C0  A$main$772                         main
     000004C1  A$main$773                         main
     000004C4  A$main$774                         main
     000004C5  A$main$775                         main
     000004C6  A$main$776                         main
     000004C7  A$main$777                         main
     000004C8  A$main$778                         main
     000004CB  A$main$779                         main
     000004CC  A$main$780                         main
     000004CF  A$main$781                         main
     000004D0  A$main$782                         main
     000004D1  A$main$783                         main
     000004D4  A$main$784                         main
     000004D5  A$main$785                         main
     000004D6  A$main$789                         main
     000004D6  C$main.c$171$2_0$113               main
     000004D9  A$main$790                         main
     000004DB  A$main$791                         main
     000004DC  A$main$792                         main
     000004DE  A$main$793                         main
     000004E0  A$main$794                         main
     000004E2  A$main$795                         main
     000004E3  A$main$796                         main
     000004E4  A$main$797                         main
     000004E5  A$main$798                         main
     000004E8  A$main$799                         main
     000004E9  A$main$800                         main
     000004EA  A$main$801                         main
     000004EB  A$main$802                         main
     000004EC  A$main$803                         main
     000004EF  A$main$804                         main
     000004F0  A$main$805                         main
     000004F3  A$main$806                         main
     000004F4  A$main$807                         main
     000004F5  A$main$808                         main
     000004F8  A$main$809                         main
     000004F9  A$main$810                         main
     000004FA  A$main$811                         main
     000004FB  A$main$816                         main
     000004FB  C$main.c$175$1_0$112               main
     000004FE  A$main$817                         main
     000004FF  A$main$818                         main
     00000501  A$main$819                         main
     00000502  A$main$820                         main
     00000503  A$main$821                         main
     00000504  A$main$822                         main
ASxxxx Linker V03.00 + NoICE + sdld,  page 13.
Hexadecimal  [32-Bits]

Area                                    Addr        Size        Decimal Bytes (Attributes)
--------------------------------        ----        ----        ------- ----- ------------
_CODE                               00000200    000034CA =       13514. bytes (REL,CON)

      Value  Global                              Global Defined In Module
      -----  --------------------------------   ------------------------
     00000507  A$main$823                         main
     00000508  A$main$824                         main
     00000509  A$main$825                         main
     0000050A  A$main$826                         main
     0000050B  A$main$827                         main
     0000050E  A$main$828                         main
     0000050F  A$main$829                         main
     00000512  A$main$830                         main
     00000513  A$main$831                         main
     00000514  A$main$832                         main
     00000517  A$main$833                         main
     00000518  A$main$834                         main
     00000519  A$main$842                         main
     00000519  C$main.c$176$1_0$112               main
     00000519  XG$processSpritesVBlank$0$0        main
     0000051A  A$main$855                         main
     0000051A  C$main.c$181$1_0$114               main
     0000051A  C$main.c$183$1_0$114               main
     0000051A  G$processUserInput$0$0             main
     0000051A  _processUserInput                  main
     0000051D  A$main$856                         main
     0000051E  A$main$860                         main
     0000051E  C$main.c$186$1_0$114               main
     00000521  A$main$861                         main
     00000523  A$main$865                         main
     00000523  C$main.c$187$1_0$114               main
     00000526  A$main$866                         main
     00000528  A$main$870                         main
     00000528  C$main.c$188$1_0$114               main
     0000052B  A$main$871                         main
     0000052D  A$main$875                         main
     0000052D  C$main.c$189$1_0$114               main
     00000530  A$main$876                         main
     00000533  A$main$880                         main
     00000533  C$main.c$190$1_0$114               main
     00000534  A$main$881                         main
     00000537  A$main$885                         main
     00000537  C$main.c$191$1_0$114               main
     0000053A  A$main$886                         main
     0000053C  A$main$890                         main
     0000053C  C$main.c$192$1_0$114               main
     0000053F  A$main$891                         main
     00000541  A$main$895                         main
     00000541  C$main.c$194$1_0$114               main
     00000544  A$main$896                         main
     00000545  A$main$897                         main
     00000547  A$main$898                         main
     00000548  A$main$899                         main
     0000054B  A$main$900                         main
     0000054C  A$main$901                         main
     0000054D  A$main$902                         main
ASxxxx Linker V03.00 + NoICE + sdld,  page 14.
Hexadecimal  [32-Bits]

Area                                    Addr        Size        Decimal Bytes (Attributes)
--------------------------------        ----        ----        ------- ----- ------------
_CODE                               00000200    000034CA =       13514. bytes (REL,CON)

      Value  Global                              Global Defined In Module
      -----  --------------------------------   ------------------------
     0000054E  A$main$903                         main
     0000054F  A$main$904                         main
     00000550  A$main$905                         main
     00000551  A$main$906                         main
     00000552  A$main$913                         main
     00000552  C$main.c$196$2_0$115               main
     00000552  C$main.c$197$2_0$115               main
     00000555  A$main$918                         main
     00000555  C$main.c$199$1_0$114               main
     00000556  A$main$919                         main
     00000559  A$main$920                         main
     0000055A  A$main$921                         main
     0000055B  A$main$922                         main
     0000055C  A$main$923                         main
     0000055D  A$main$924                         main
     0000055E  A$main$925                         main
     0000055F  A$main$926                         main
     00000560  A$main$933                         main
     00000560  C$main.c$201$2_0$116               main
     00000560  C$main.c$202$2_0$116               main
     00000563  A$main$937                         main
     00000563  C$main.c$205$1_0$114               main
     00000564  A$main$938                         main
     00000567  A$main$939                         main
     00000568  A$main$940                         main
     00000569  A$main$941                         main
     0000056A  A$main$942                         main
     0000056B  A$main$943                         main
     0000056C  A$main$944                         main
     0000056D  A$main$945                         main
     0000056E  A$main$952                         main
     0000056E  C$main.c$207$2_0$117               main
     0000056E  C$main.c$208$2_0$117               main
     00000571  A$main$956                         main
     00000571  C$main.c$211$1_0$114               main
     00000572  A$main$957                         main
     00000575  A$main$958                         main
     00000576  A$main$959                         main
     00000577  A$main$960                         main
     00000578  A$main$961                         main
     00000579  A$main$962                         main
     0000057A  A$main$963                         main
     0000057B  A$main$964                         main
     0000057C  A$main$971                         main
     0000057C  C$main.c$213$2_0$118               main
     0000057C  C$main.c$214$2_0$118               main
     0000057F  A$main$975                         main
     0000057F  C$main.c$217$1_0$114               main
     00000580  A$main$976                         main
     00000583  A$main$977                         main
     00000584  A$main$978                         main
ASxxxx Linker V03.00 + NoICE + sdld,  page 15.
Hexadecimal  [32-Bits]

Area                                    Addr        Size        Decimal Bytes (Attributes)
--------------------------------        ----        ----        ------- ----- ------------
_CODE                               00000200    000034CA =       13514. bytes (REL,CON)

      Value  Global                              Global Defined In Module
      -----  --------------------------------   ------------------------
     00000585  A$main$979                         main
     00000586  A$main$980                         main
     00000587  A$main$981                         main
     00000588  A$main$982                         main
     00000589  A$main$983                         main
     0000058A  A$main$990                         main
     0000058A  C$main.c$219$2_0$119               main
     0000058A  C$main.c$220$2_0$119               main
     0000058D  A$main$998                         main
     0000058D  C$main.c$222$1_0$114               main
     0000058D  XG$processUserInput$0$0            main
     0000058E  A$main$1008                        main
     0000058E  C$main.c$225$1_0$120               main
     0000058E  G$processUpKey$0$0                 main
     0000058E  _processUpKey                      main
     00000590  A$main$1009                        main
     00000594  A$main$1010                        main
     00000596  A$main$1011                        main
     00000597  A$main$1015                        main
     00000597  C$main.c$229$1_0$120               main
     0000059B  A$main$1016                        main
     0000059C  A$main$1017                        main
     000005A0  A$main$1018                        main
     000005A3  A$main$1019                        main
     000005A5  A$main$1020                        main
     000005A6  A$main$1021                        main
     000005A9  A$main$1022                        main
     000005AB  A$main$1023                        main
     000005AC  A$main$1024                        main
     000005AD  A$main$1025                        main
     000005AE  A$main$1026                        main
     000005B1  A$main$1027                        main
     000005B2  A$main$1028                        main
     000005B3  A$main$1029                        main
     000005B4  A$main$1030                        main
     000005B7  A$main$1034                        main
     000005B7  C$main.c$230$1_0$120               main
     000005BB  A$main$1035                        main
     000005BC  A$main$1036                        main
     000005BF  A$main$1037                        main
     000005C2  A$main$1038                        main
     000005C3  A$main$1039                        main
     000005C4  A$main$1040                        main
     000005C5  A$main$1041                        main
     000005C8  A$main$1042                        main
     000005C9  A$main$1043                        main
     000005CA  A$main$1044                        main
     000005CB  A$main$1048                        main
     000005CB  C$main.c$233$1_0$120               main
     000005CF  A$main$1049                        main
     000005D2  A$main$1050                        main
ASxxxx Linker V03.00 + NoICE + sdld,  page 16.
Hexadecimal  [32-Bits]

Area                                    Addr        Size        Decimal Bytes (Attributes)
--------------------------------        ----        ----        ------- ----- ------------
_CODE                               00000200    000034CA =       13514. bytes (REL,CON)

      Value  Global                              Global Defined In Module
      -----  --------------------------------   ------------------------
     000005D4  A$main$1051                        main
     000005D7  A$main$1052                        main
     000005D9  A$main$1053                        main
     000005DB  A$main$1054                        main
     000005DE  A$main$1055                        main
     000005DF  A$main$1056                        main
     000005E1  A$main$1057                        main
     000005E3  A$main$1058                        main
     000005E4  A$main$1059                        main
     000005E5  A$main$1060                        main
     000005E6  A$main$1061                        main
     000005E8  A$main$1062                        main
     000005E9  A$main$1063                        main
     000005EB  A$main$1064                        main
     000005EC  A$main$1065                        main
     000005ED  A$main$1066                        main
     000005EF  A$main$1067                        main
     000005F1  A$main$1068                        main
     000005F2  A$main$1069                        main
     000005F3  A$main$1070                        main
     000005F5  A$main$1071                        main
     000005F7  A$main$1072                        main
     000005F8  A$main$1073                        main
     000005F9  A$main$1074                        main
     000005FA  A$main$1075                        main
     000005FC  A$main$1080                        main
     000005FC  C$main.c$236$2_0$121               main
     000005FF  A$main$1081                        main
     00000601  A$main$1085                        main
     00000601  C$main.c$237$2_0$121               main
     00000604  A$main$1086                        main
     00000606  A$main$1090                        main
     00000606  C$main.c$238$2_0$121               main
     00000609  A$main$1091                        main
     0000060A  A$main$1092                        main
     0000060C  A$main$1093                        main
     0000060F  A$main$1097                        main
     0000060F  C$main.c$239$2_0$121               main
     00000612  A$main$1098                        main
     00000614  A$main$1102                        main
     00000614  C$main.c$240$2_0$121               main
     00000617  A$main$1103                        main
     0000061A  A$main$1107                        main
     0000061A  C$main.c$242$2_0$121               main
     0000061D  A$main$1108                        main
     0000061F  A$main$1112                        main
     0000061F  C$main.c$243$2_0$121               main
     00000622  A$main$1113                        main
     00000624  A$main$1117                        main
     00000624  C$main.c$244$2_0$121               main
     00000627  A$main$1118                        main
ASxxxx Linker V03.00 + NoICE + sdld,  page 17.
Hexadecimal  [32-Bits]

Area                                    Addr        Size        Decimal Bytes (Attributes)
--------------------------------        ----        ----        ------- ----- ------------
_CODE                               00000200    000034CA =       13514. bytes (REL,CON)

      Value  Global                              Global Defined In Module
      -----  --------------------------------   ------------------------
     0000062A  A$main$1122                        main
     0000062A  C$main.c$245$2_0$121               main
     0000062B  A$main$1123                        main
     0000062E  A$main$1130                        main
     0000062E  C$main.c$246$2_0$121               main
     0000062E  C$main.c$247$2_0$121               main
     00000630  A$main$1131                        main
     00000633  A$main$1132                        main
     00000636  A$main$1136                        main
     00000636  C$main.c$249$2_0$121               main
     00000639  A$main$1141                        main
     00000639  C$main.c$254$1_0$120               main
     0000063A  A$main$1142                        main
     0000063C  A$main$1143                        main
     0000063E  A$main$1144                        main
     0000063F  A$main$1145                        main
     00000640  A$main$1146                        main
     00000642  A$main$1147                        main
     00000645  A$main$1148                        main
     00000647  A$main$1149                        main
     00000648  A$main$1150                        main
     00000649  A$main$1151                        main
     0000064A  A$main$1152                        main
     0000064C  A$main$1156                        main
     0000064C  C$main.c$256$2_0$122               main
     0000064F  A$main$1160                        main
     0000064F  C$main.c$257$2_0$122               main
     00000652  A$main$1165                        main
     00000652  C$main.c$259$1_0$120               main
     00000653  A$main$1166                        main
     00000654  A$main$1167                        main
     00000656  A$main$1168                        main
     00000659  A$main$1169                        main
     0000065B  A$main$1170                        main
     0000065C  A$main$1171                        main
     0000065D  A$main$1172                        main
     0000065F  A$main$1173                        main
     00000661  A$main$1174                        main
     00000662  A$main$1175                        main
     00000663  A$main$1176                        main
     00000665  A$main$1180                        main
     00000665  C$main.c$261$2_0$123               main
     00000668  A$main$1184                        main
     00000668  C$main.c$262$2_0$123               main
     0000066A  A$main$1189                        main
     0000066A  C$main.c$266$1_0$120               main
     0000066D  A$main$1190                        main
     0000066F  A$main$1194                        main
     0000066F  C$main.c$267$1_0$120               main
     00000672  A$main$1195                        main
     00000674  A$main$1199                        main
ASxxxx Linker V03.00 + NoICE + sdld,  page 18.
Hexadecimal  [32-Bits]

Area                                    Addr        Size        Decimal Bytes (Attributes)
--------------------------------        ----        ----        ------- ----- ------------
_CODE                               00000200    000034CA =       13514. bytes (REL,CON)

      Value  Global                              Global Defined In Module
      -----  --------------------------------   ------------------------
     00000674  C$main.c$268$1_0$120               main
     00000677  A$main$1200                        main
     00000678  A$main$1201                        main
     0000067A  A$main$1202                        main
     0000067D  A$main$1206                        main
     0000067D  C$main.c$269$1_0$120               main
     00000680  A$main$1207                        main
     00000682  A$main$1211                        main
     00000682  C$main.c$270$1_0$120               main
     00000685  A$main$1212                        main
     00000688  A$main$1216                        main
     00000688  C$main.c$272$1_0$120               main
     0000068B  A$main$1217                        main
     0000068D  A$main$1221                        main
     0000068D  C$main.c$273$1_0$120               main
     00000690  A$main$1222                        main
     00000693  A$main$1226                        main
     00000693  C$main.c$274$1_0$120               main
     00000696  A$main$1227                        main
     00000698  A$main$1231                        main
     00000698  C$main.c$275$1_0$120               main
     0000069B  A$main$1232                        main
     0000069E  A$main$1236                        main
     0000069E  C$main.c$279$1_0$120               main
     000006A0  A$main$1237                        main
     000006A4  A$main$1238                        main
     000006A7  A$main$1239                        main
     000006A9  A$main$1240                        main
     000006AC  A$main$1241                        main
     000006AE  A$main$1242                        main
     000006B1  A$main$1243                        main
     000006B2  A$main$1244                        main
     000006B4  A$main$1245                        main
     000006B5  A$main$1246                        main
     000006B6  A$main$1247                        main
     000006B8  A$main$1248                        main
     000006B9  A$main$1249                        main
     000006BA  A$main$1250                        main
     000006BE  A$main$1251                        main
     000006C1  A$main$1252                        main
     000006C2  A$main$1253                        main
     000006C5  A$main$1254                        main
     000006C7  A$main$1259                        main
     000006C7  C$main.c$281$2_0$124               main
     000006C9  A$main$1260                        main
     000006CC  A$main$1264                        main
     000006CC  C$main.c$282$2_0$124               main
     000006CE  A$main$1265                        main
     000006D1  A$main$1266                        main
     000006D3  A$main$1271                        main
     000006D3  C$main.c$286$2_0$125               main
ASxxxx Linker V03.00 + NoICE + sdld,  page 19.
Hexadecimal  [32-Bits]

Area                                    Addr        Size        Decimal Bytes (Attributes)
--------------------------------        ----        ----        ------- ----- ------------
_CODE                               00000200    000034CA =       13514. bytes (REL,CON)

      Value  Global                              Global Defined In Module
      -----  --------------------------------   ------------------------
     000006D5  A$main$1272                        main
     000006D8  A$main$1276                        main
     000006D8  C$main.c$287$2_0$125               main
     000006DA  A$main$1277                        main
     000006DD  A$main$1282                        main
     000006DE  A$main$1283                        main
     000006E0  A$main$1288                        main
     000006E0  C$main.c$289$1_0$120               main
     000006E0  XG$processUpKey$0$0                main
     000006E1  A$main$1298                        main
     000006E1  C$main.c$292$1_0$126               main
     000006E1  G$processDownKey$0$0               main
     000006E1  _processDownKey                    main
     000006E3  A$main$1299                        main
     000006E7  A$main$1300                        main
     000006E9  A$main$1301                        main
     000006EA  A$main$1305                        main
     000006EA  C$main.c$296$1_0$126               main
     000006EE  A$main$1306                        main
     000006F1  A$main$1307                        main
     000006F3  A$main$1308                        main
     000006F4  A$main$1309                        main
     000006F7  A$main$1310                        main
     000006F9  A$main$1311                        main
     000006FA  A$main$1312                        main
     000006FE  A$main$1313                        main
     00000701  A$main$1314                        main
     00000703  A$main$1315                        main
     00000704  A$main$1316                        main
     00000707  A$main$1317                        main
     00000709  A$main$1318                        main
     0000070A  A$main$1319                        main
     0000070B  A$main$1320                        main
     0000070C  A$main$1321                        main
     0000070F  A$main$1322                        main
     00000710  A$main$1323                        main
     00000711  A$main$1324                        main
     00000712  A$main$1325                        main
     00000715  A$main$1329                        main
     00000715  C$main.c$297$1_0$126               main
     00000719  A$main$1330                        main
     0000071C  A$main$1331                        main
     0000071E  A$main$1332                        main
     0000071F  A$main$1333                        main
     00000722  A$main$1334                        main
     00000724  A$main$1335                        main
     00000725  A$main$1336                        main
     00000728  A$main$1337                        main
     0000072B  A$main$1338                        main
     0000072C  A$main$1339                        main
     0000072D  A$main$1340                        main
ASxxxx Linker V03.00 + NoICE + sdld,  page 20.
Hexadecimal  [32-Bits]

Area                                    Addr        Size        Decimal Bytes (Attributes)
--------------------------------        ----        ----        ------- ----- ------------
_CODE                               00000200    000034CA =       13514. bytes (REL,CON)

      Value  Global                              Global Defined In Module
      -----  --------------------------------   ------------------------
     0000072E  A$main$1341                        main
     00000731  A$main$1342                        main
     00000732  A$main$1343                        main
     00000733  A$main$1344                        main
     00000734  A$main$1348                        main
     00000734  C$main.c$300$1_0$126               main
     00000735  A$main$1349                        main
     00000738  A$main$1350                        main
     00000739  A$main$1351                        main
     0000073C  A$main$1352                        main
     0000073D  A$main$1353                        main
     0000073E  A$main$1354                        main
     0000073F  A$main$1355                        main
     00000740  A$main$1356                        main
     00000743  A$main$1357                        main
     00000744  A$main$1358                        main
     00000746  A$main$1359                        main
     00000748  A$main$1360                        main
     0000074A  A$main$1361                        main
     0000074D  A$main$1362                        main
     0000074E  A$main$1363                        main
     00000750  A$main$1364                        main
     00000752  A$main$1365                        main
     00000753  A$main$1366                        main
     00000754  A$main$1367                        main
     00000757  A$main$1368                        main
     00000759  A$main$1369                        main
     0000075A  A$main$1370                        main
     0000075C  A$main$1371                        main
     0000075D  A$main$1372                        main
     0000075E  A$main$1373                        main
     00000760  A$main$1374                        main
     00000763  A$main$1375                        main
     00000765  A$main$1376                        main
     00000766  A$main$1377                        main
     00000767  A$main$1378                        main
     00000768  A$main$1379                        main
     0000076A  A$main$1384                        main
     0000076A  C$main.c$303$2_0$127               main
     0000076D  A$main$1385                        main
     0000076F  A$main$1389                        main
     0000076F  C$main.c$304$2_0$127               main
     00000772  A$main$1390                        main
     00000774  A$main$1394                        main
     00000774  C$main.c$305$2_0$127               main
     00000777  A$main$1395                        main
     00000778  A$main$1396                        main
     0000077A  A$main$1397                        main
     0000077D  A$main$1401                        main
     0000077D  C$main.c$306$2_0$127               main
     00000780  A$main$1402                        main
ASxxxx Linker V03.00 + NoICE + sdld,  page 21.
Hexadecimal  [32-Bits]

Area                                    Addr        Size        Decimal Bytes (Attributes)
--------------------------------        ----        ----        ------- ----- ------------
_CODE                               00000200    000034CA =       13514. bytes (REL,CON)

      Value  Global                              Global Defined In Module
      -----  --------------------------------   ------------------------
     00000782  A$main$1406                        main
     00000782  C$main.c$307$2_0$127               main
     00000785  A$main$1407                        main
     00000788  A$main$1411                        main
     00000788  C$main.c$309$2_0$127               main
     0000078B  A$main$1412                        main
     0000078D  A$main$1416                        main
     0000078D  C$main.c$310$2_0$127               main
     00000790  A$main$1417                        main
     00000792  A$main$1421                        main
     00000792  C$main.c$311$2_0$127               main
     00000795  A$main$1422                        main
     00000798  A$main$1426                        main
     00000798  C$main.c$312$2_0$127               main
     00000799  A$main$1427                        main
     0000079C  A$main$1434                        main
     0000079C  C$main.c$313$2_0$127               main
     0000079C  C$main.c$314$2_0$127               main
     0000079E  A$main$1435                        main
     000007A1  A$main$1436                        main
     000007A4  A$main$1440                        main
     000007A4  C$main.c$316$2_0$127               main
     000007A7  A$main$1445                        main
     000007A7  C$main.c$321$1_0$126               main
     000007AA  A$main$1446                        main
     000007AC  A$main$1447                        main
     000007AE  A$main$1448                        main
     000007AF  A$main$1449                        main
     000007B0  A$main$1450                        main
     000007B2  A$main$1451                        main
     000007B5  A$main$1452                        main
     000007B7  A$main$1453                        main
     000007B8  A$main$1454                        main
     000007B9  A$main$1455                        main
     000007BA  A$main$1456                        main
     000007BC  A$main$1460                        main
     000007BC  C$main.c$323$2_0$128               main
     000007BF  A$main$1464                        main
     000007BF  C$main.c$324$2_0$128               main
     000007C2  A$main$1469                        main
     000007C2  C$main.c$326$1_0$126               main
     000007C3  A$main$1470                        main
     000007C4  A$main$1471                        main
     000007C6  A$main$1472                        main
     000007C9  A$main$1473                        main
     000007CB  A$main$1474                        main
     000007CC  A$main$1475                        main
     000007CD  A$main$1476                        main
     000007CF  A$main$1477                        main
     000007D1  A$main$1478                        main
     000007D2  A$main$1479                        main
ASxxxx Linker V03.00 + NoICE + sdld,  page 22.
Hexadecimal  [32-Bits]

Area                                    Addr        Size        Decimal Bytes (Attributes)
--------------------------------        ----        ----        ------- ----- ------------
_CODE                               00000200    000034CA =       13514. bytes (REL,CON)

      Value  Global                              Global Defined In Module
      -----  --------------------------------   ------------------------
     000007D3  A$main$1480                        main
     000007D5  A$main$1484                        main
     000007D5  C$main.c$328$2_0$129               main
     000007D8  A$main$1488                        main
     000007D8  C$main.c$329$2_0$129               main
     000007DA  A$main$1493                        main
     000007DA  C$main.c$333$1_0$126               main
     000007DD  A$main$1494                        main
     000007DF  A$main$1498                        main
     000007DF  C$main.c$334$1_0$126               main
     000007E2  A$main$1499                        main
     000007E4  A$main$1503                        main
     000007E4  C$main.c$335$1_0$126               main
     000007E7  A$main$1504                        main
     000007E8  A$main$1505                        main
     000007EA  A$main$1506                        main
     000007ED  A$main$1510                        main
     000007ED  C$main.c$336$1_0$126               main
     000007F0  A$main$1511                        main
     000007F2  A$main$1515                        main
     000007F2  C$main.c$337$1_0$126               main
     000007F5  A$main$1516                        main
     000007F8  A$main$1520                        main
     000007F8  C$main.c$339$1_0$126               main
     000007FB  A$main$1521                        main
     000007FD  A$main$1525                        main
     000007FD  C$main.c$340$1_0$126               main
     00000800  A$main$1526                        main
     00000803  A$main$1530                        main
     00000803  C$main.c$341$1_0$126               main
     00000807  A$main$1531                        main
     0000080B  A$main$1535                        main
     0000080B  C$main.c$342$1_0$126               main
     0000080D  A$main$1536                        main
     00000810  A$main$1540                        main
     00000810  C$main.c$346$1_0$126               main
     00000814  A$main$1541                        main
     00000817  A$main$1542                        main
     00000819  A$main$1543                        main
     0000081C  A$main$1544                        main
     0000081E  A$main$1545                        main
     00000820  A$main$1546                        main
     00000823  A$main$1547                        main
     00000826  A$main$1548                        main
     00000827  A$main$1549                        main
     00000828  A$main$1550                        main
     00000829  A$main$1551                        main
     0000082C  A$main$1552                        main
     0000082D  A$main$1553                        main
     0000082F  A$main$1554                        main
     00000831  A$main$1559                        main
ASxxxx Linker V03.00 + NoICE + sdld,  page 23.
Hexadecimal  [32-Bits]

Area                                    Addr        Size        Decimal Bytes (Attributes)
--------------------------------        ----        ----        ------- ----- ------------
_CODE                               00000200    000034CA =       13514. bytes (REL,CON)

      Value  Global                              Global Defined In Module
      -----  --------------------------------   ------------------------
     00000831  C$main.c$348$2_0$130               main
     00000833  A$main$1560                        main
     00000836  A$main$1564                        main
     00000836  C$main.c$349$2_0$130               main
     00000838  A$main$1565                        main
     0000083B  A$main$1566                        main
     0000083D  A$main$1571                        main
     0000083D  C$main.c$353$2_0$131               main
     0000083F  A$main$1572                        main
     00000842  A$main$1576                        main
     00000842  C$main.c$354$2_0$131               main
     00000844  A$main$1577                        main
     00000847  A$main$1582                        main
     00000848  A$main$1583                        main
     0000084A  A$main$1588                        main
     0000084A  C$main.c$356$1_0$126               main
     0000084A  XG$processDownKey$0$0              main
     0000084B  A$main$1601                        main
     0000084B  C$main.c$359$1_0$132               main
     0000084B  C$main.c$363$1_0$132               main
     0000084B  G$processLeftKey$0$0               main
     0000084B  _processLeftKey                    main
     0000084F  A$main$1602                        main
     00000852  A$main$1603                        main
     00000854  A$main$1604                        main
     00000855  A$main$1605                        main
     00000858  A$main$1606                        main
     0000085A  A$main$1607                        main
     0000085B  A$main$1608                        main
     0000085E  A$main$1609                        main
     0000085F  A$main$1610                        main
     00000860  A$main$1611                        main
     00000863  A$main$1612                        main
     00000864  A$main$1613                        main
     00000865  A$main$1614                        main
     00000866  A$main$1618                        main
     00000866  C$main.c$371$1_0$132               main
     00000869  A$main$1619                        main
     0000086A  A$main$1620                        main
     0000086C  A$main$1621                        main
     0000086D  A$main$1625                        main
     0000086D  C$main.c$366$1_0$132               main
     00000871  A$main$1626                        main
     00000874  A$main$1627                        main
     00000876  A$main$1628                        main
     00000879  A$main$1629                        main
     0000087B  A$main$1630                        main
     0000087E  A$main$1631                        main
     00000880  A$main$1632                        main
     00000881  A$main$1633                        main
     00000882  A$main$1634                        main
ASxxxx Linker V03.00 + NoICE + sdld,  page 24.
Hexadecimal  [32-Bits]

Area                                    Addr        Size        Decimal Bytes (Attributes)
--------------------------------        ----        ----        ------- ----- ------------
_CODE                               00000200    000034CA =       13514. bytes (REL,CON)

      Value  Global                              Global Defined In Module
      -----  --------------------------------   ------------------------
     00000883  A$main$1635                        main
     00000885  A$main$1640                        main
     00000885  C$main.c$369$2_0$133               main
     00000888  A$main$1641                        main
     0000088A  A$main$1645                        main
     0000088A  C$main.c$370$2_0$133               main
     0000088D  A$main$1646                        main
     0000088F  A$main$1650                        main
     0000088F  C$main.c$371$2_0$133               main
     00000892  A$main$1651                        main
     00000893  A$main$1655                        main
     00000893  C$main.c$372$2_0$133               main
     00000896  A$main$1656                        main
     00000898  A$main$1660                        main
     00000898  C$main.c$373$2_0$133               main
     0000089B  A$main$1661                        main
     0000089E  A$main$1665                        main
     0000089E  C$main.c$375$2_0$133               main
     000008A1  A$main$1666                        main
     000008A3  A$main$1670                        main
     000008A3  C$main.c$376$2_0$133               main
     000008A6  A$main$1671                        main
     000008A8  A$main$1675                        main
     000008A8  C$main.c$377$2_0$133               main
     000008AB  A$main$1676                        main
     000008AE  A$main$1680                        main
     000008AE  C$main.c$378$2_0$133               main
     000008AF  A$main$1681                        main
     000008B2  A$main$1688                        main
     000008B2  C$main.c$379$2_0$133               main
     000008B2  C$main.c$380$2_0$133               main
     000008B4  A$main$1689                        main
     000008B7  A$main$1690                        main
     000008BA  A$main$1694                        main
     000008BA  C$main.c$382$2_0$133               main
     000008BB  A$main$1699                        main
     000008BB  C$main.c$386$1_0$132               main
     000008BE  A$main$1700                        main
     000008C0  A$main$1704                        main
     000008C0  C$main.c$387$1_0$132               main
     000008C3  A$main$1705                        main
     000008C5  A$main$1709                        main
     000008C5  C$main.c$388$1_0$132               main
     000008C8  A$main$1710                        main
     000008C9  A$main$1714                        main
     000008C9  C$main.c$389$1_0$132               main
     000008CC  A$main$1715                        main
     000008CE  A$main$1719                        main
     000008CE  C$main.c$390$1_0$132               main
     000008D1  A$main$1720                        main
     000008D4  A$main$1724                        main
ASxxxx Linker V03.00 + NoICE + sdld,  page 25.
Hexadecimal  [32-Bits]

Area                                    Addr        Size        Decimal Bytes (Attributes)
--------------------------------        ----        ----        ------- ----- ------------
_CODE                               00000200    000034CA =       13514. bytes (REL,CON)

      Value  Global                              Global Defined In Module
      -----  --------------------------------   ------------------------
     000008D4  C$main.c$392$1_0$132               main
     000008D7  A$main$1725                        main
     000008DA  A$main$1729                        main
     000008DA  C$main.c$393$1_0$132               main
     000008DD  A$main$1730                        main
     000008DF  A$main$1734                        main
     000008DF  C$main.c$394$1_0$132               main
     000008E2  A$main$1735                        main
     000008E5  A$main$1739                        main
     000008E5  C$main.c$395$1_0$132               main
     000008E7  A$main$1740                        main
     000008EA  A$main$1744                        main
     000008EA  C$main.c$399$1_0$132               main
     000008EC  A$main$1745                        main
     000008F0  A$main$1746                        main
     000008F3  A$main$1747                        main
     000008F5  A$main$1748                        main
     000008F8  A$main$1749                        main
     000008FA  A$main$1750                        main
     000008FD  A$main$1751                        main
     000008FE  A$main$1752                        main
     00000900  A$main$1753                        main
     00000901  A$main$1754                        main
     00000902  A$main$1755                        main
     00000904  A$main$1756                        main
     00000905  A$main$1757                        main
     00000906  A$main$1758                        main
     0000090A  A$main$1759                        main
     0000090D  A$main$1760                        main
     0000090E  A$main$1761                        main
     00000911  A$main$1762                        main
     00000913  A$main$1767                        main
     00000913  C$main.c$401$2_0$134               main
     00000915  A$main$1768                        main
     00000918  A$main$1772                        main
     00000918  C$main.c$402$2_0$134               main
     0000091A  A$main$1773                        main
     0000091D  A$main$1774                        main
     0000091E  A$main$1779                        main
     0000091E  C$main.c$406$2_0$135               main
     00000920  A$main$1780                        main
     00000923  A$main$1784                        main
     00000923  C$main.c$407$2_0$135               main
     00000925  A$main$1785                        main
     00000928  A$main$1793                        main
     00000928  C$main.c$409$1_0$132               main
     00000928  XG$processLeftKey$0$0              main
     00000929  A$main$1806                        main
     00000929  C$main.c$413$1_0$136               main
     00000929  C$main.c$417$1_0$136               main
     00000929  G$processRightKey$0$0              main
ASxxxx Linker V03.00 + NoICE + sdld,  page 26.
Hexadecimal  [32-Bits]

Area                                    Addr        Size        Decimal Bytes (Attributes)
--------------------------------        ----        ----        ------- ----- ------------
_CODE                               00000200    000034CA =       13514. bytes (REL,CON)

      Value  Global                              Global Defined In Module
[...]
     000031E5  _SMS_loadSTMcompressedTileMapatA   SMSlib_STMcomp
     0000330D  _SMS_loadTileMapArea               SMSlib_loadTileMapArea
     0000338D  _SMS_autoSetUpTextRenderer         SMSlib_autotext
     000033CA  _devkitSMS_font__tiles__1bpp       SMSlib_autotext

ASxxxx Linker V03.00 + NoICE + sdld,  page 110.
Hexadecimal  [32-Bits]

Area                                    Addr        Size        Decimal Bytes (Attributes)
--------------------------------        ----        ----        ------- ----- ------------
_HEADER0                            00000000    00000008 =           8. bytes (ABS,CON)

      Value  Global                              Global Defined In Module
      -----  --------------------------------   ------------------------
     00000008  _SMS_crt0_RST08                    crt0

ASxxxx Linker V03.00 + NoICE + sdld,  page 111.
Hexadecimal  [32-Bits]

Area                                    Addr        Size        Decimal Bytes (Attributes)
--------------------------------        ----        ----        ------- ----- ------------
_HEADER1                            00000000    00000009 =           9. bytes (ABS,CON)

      Value  Global                              Global Defined In Module
      -----  --------------------------------   ------------------------
     00000011  _SMS_crt0_RST18                    crt0

ASxxxx Linker V03.00 + NoICE + sdld,  page 112.
Hexadecimal  [32-Bits]

Area                                    Addr        Size        Decimal Bytes (Attributes)
--------------------------------        ----        ----        ------- ----- ------------
_HEADER2                            00000000    00000018 =          24. bytes (ABS,CON)

      Value  Global                              Global Defined In Module
      -----  --------------------------------   ------------------------
ASxxxx Linker V03.00 + NoICE + sdld,  page 113.
Hexadecimal  [32-Bits]

Area                                    Addr        Size        Decimal Bytes (Attributes)
--------------------------------        ----        ----        ------- ----- ------------
_HEADER3                            00000000    00000026 =          38. bytes (ABS,CON)

      Value  Global                              Global Defined In Module
      -----  --------------------------------   ------------------------
ASxxxx Linker V03.00 + NoICE + sdld,  page 114.
Hexadecimal  [32-Bits]

Area                                    Addr        Size        Decimal Bytes (Attributes)
--------------------------------        ----        ----        ------- ----- ------------
_HEADER4                            00000000    00000104 =         260. bytes (ABS,CON)

      Value  Global                              Global Defined In Module
      -----  --------------------------------   ------------------------
     00000069  _OUTI128                           crt0
     000000E9  _OUTI64                            crt0
     00000129  _OUTI32                            crt0
     00000169  _outi_block                        crt0

ASxxxx Linker V03.00 + NoICE + sdld,  page 115.
Hexadecimal  [32-Bits]

Area                                    Addr        Size        Decimal Bytes (Attributes)
--------------------------------        ----        ----        ------- ----- ------------
_INITIALIZER                        000036CA    0000001C =          28. bytes (REL,CON)

      Value  Global                              Global Defined In Module
      -----  --------------------------------   ------------------------
     000036CA  Fmain$__xinit_playerX$0_0$0        main
     000036CC  Fmain$__xinit_playerY$0_0$0        main
     000036CE  Fmain$__xinit_playerSpriteX$0_0$   main
     000036CF  Fmain$__xinit_playerSpriteY$0_0$   main
     000036D0  Fmain$__xinit_animationCount$0_0   main
     000036D1  Fmain$__xinit_actionCount$0_0$0    main
     000036D2  Fmain$__xinit_action$0_0$0         main
     000036D3  Fmain$__xinit_actionButtonWatch$   main
     000036D4  Fmain$__xinit_spriteTileOffsets$   main
     000036D6  Fmain$__xinit_scrollXOffset$0_0$   main
     000036D7  Fmain$__xinit_scrollYOffset$0_0$   main
     000036D8  Fmain$__xinit_spriteXOffset$0_0$   main
     000036D9  Fmain$__xinit_spriteYOffset$0_0$   main
     000036DA  Fmain$__xinit_playerXOffset$0_0$   main
     000036DC  Fmain$__xinit_playerYOffset$0_0$   main
     000036DE  Fmain$__xinit_direction$0_0$0      main

ASxxxx Linker V03.00 + NoICE + sdld,  page 116.
Hexadecimal  [32-Bits]

Area                                    Addr        Size        Decimal Bytes (Attributes)
--------------------------------        ----        ----        ------- ----- ------------
_GSINIT                             000036E6    0000000F =          15. bytes (REL,CON)

      Value  Global                              Global Defined In Module
      -----  --------------------------------   ------------------------
     000036E6  gsinit                             crt0

ASxxxx Linker V03.00 + NoICE + sdld,  page 117.
Hexadecimal  [32-Bits]

Area                                    Addr        Size        Decimal Bytes (Attributes)
--------------------------------        ----        ----        ------- ----- ------------
_GSFINAL                            000036F5    00000001 =           1. bytes (REL,CON)

      Value  Global                              Global Defined In Module
      -----  --------------------------------   ------------------------
ASxxxx Linker V03.00 + NoICE + sdld,  page 118.
Hexadecimal  [32-Bits]

Area                                    Addr        Size        Decimal Bytes (Attributes)
--------------------------------        ----        ----        ------- ----- ------------
_DATA                               0000C000    00001236 =        4662. bytes (REL,CON)

      Value  Global                              Global Defined In Module
      -----  --------------------------------   ------------------------
     0000C000  G$attackSprites$0_0$0              main
     0000C000  _attackSprites                     main
     0000C002  G$currentAttackSprites$0_0$0       main
     0000C002  _currentAttackSprites              main
     0000C004  G$scrolltable$0_0$0                main
     0000C004  _scrolltable                       main
     0000D011  _PSGMusicStatus                    PSGlib
     0000D012  _PSGMusicStart                     PSGlib
     0000D014  _PSGMusicPointer                   PSGlib
     0000D016  _PSGMusicLoopPoint                 PSGlib
     0000D018  _PSGMusicSkipFrames                PSGlib
     0000D019  _PSGLoopFlag                       PSGlib
     0000D01A  _PSGLoopCounter                    PSGlib
     0000D01B  _PSGMusicLastLatch                 PSGlib
     0000D01C  _PSGMusicVolumeAttenuation         PSGlib
     0000D01D  _PSGMusicSubstringLen              PSGlib
     0000D01E  _PSGMusicSubstringRetAddr          PSGlib
     0000D020  _PSGChan0Volume                    PSGlib
     0000D021  _PSGChan1Volume                    PSGlib
     0000D022  _PSGChan2Volume                    PSGlib
     0000D023  _PSGChan3Volume                    PSGlib
     0000D024  _PSGChan2LowTone                   PSGlib
     0000D025  _PSGChan2HighTone                  PSGlib
     0000D026  _PSGChan3LowTone                   PSGlib
     0000D027  _PSGChannel2SFX                    PSGlib
     0000D028  _PSGChannel3SFX                    PSGlib
     0000D029  _PSGSFXChan2Volume                 PSGlib
     0000D02A  _PSGSFXChan3Volume                 PSGlib
     0000D02B  _PSGSFXStatus                      PSGlib
     0000D02C  _PSGSFXStart                       PSGlib
     0000D02E  _PSGSFXPointer                     PSGlib
     0000D030  _PSGSFXLoopPoint                   PSGlib
     0000D032  _PSGSFXSkipFrames                  PSGlib
     0000D033  _PSGSFXLoopFlag                    PSGlib
     0000D034  _PSGSFXSubstringLen                PSGlib
     0000D035  _PSGSFXSubstringRetAddr            PSGlib
     0000D037  G$GSL_RAM$0_0$0                    GSLib
     0000D037  _GSL_RAM                           GSLib
     0000D13E  _VDPBlank                          SMSlib
     0000D13F  _SMS_VDPFlags                      SMSlib
     0000D140  _PauseRequested                    SMSlib
     0000D141  _SMS_Port3EBIOSvalue               SMSlib
     0000D142  _KeysStatus                        SMSlib
     0000D144  _PreviousKeysStatus                SMSlib
     0000D146  _SMS_theLineInterruptHandler       SMSlib
     0000D148  _decompBuffer                      SMSlib_PSGaiden
     0000D168  _clipWin_x0                        SMSlib_spriteClip
     0000D169  _clipWin_y0                        SMSlib_spriteClip
     0000D16A  _SMS_TextRenderer_offset           SMSlib_textrenderer
     0000D16C  _SpriteTableY                      SMSlib_sprite
ASxxxx Linker V03.00 + NoICE + sdld,  page 119.
Hexadecimal  [32-Bits]

Area                                    Addr        Size        Decimal Bytes (Attributes)
--------------------------------        ----        ----        ------- ----- ------------
_DATA                               0000C000    00001236 =        4662. bytes (REL,CON)

      Value  Global                              Global Defined In Module
      -----  --------------------------------   ------------------------
     0000D1AC  _SpriteTableXN                     SMSlib_sprite
     0000D22C  _SpriteNextFree                    SMSlib_sprite
     0000D22D  _STM_src                           SMSlib_STMcomp
     0000D22F  _STM_dest                          SMSlib_STMcomp
     0000D231  _STM_HH                            SMSlib_STMcomp
     0000D232  _STM_oldHH                         SMSlib_STMcomp
     0000D233  _STM_needRestore                   SMSlib_STMcomp
     0000D234  _STM_ttw                           SMSlib_STMcomp
     0000D235  _STM_width                         SMSlib_STMcomp

ASxxxx Linker V03.00 + NoICE + sdld,  page 120.
Hexadecimal  [32-Bits]

Area                                    Addr        Size        Decimal Bytes (Attributes)
--------------------------------        ----        ----        ------- ----- ------------
_INITIALIZED                        0000D236    0000001C =          28. bytes (REL,CON)

      Value  Global                              Global Defined In Module
      -----  --------------------------------   ------------------------
     0000D236  G$playerX$0_0$0                    main
     0000D236  _playerX                           main
     0000D238  G$playerY$0_0$0                    main
     0000D238  _playerY                           main
     0000D23A  G$playerSpriteX$0_0$0              main
     0000D23A  _playerSpriteX                     main
     0000D23B  G$playerSpriteY$0_0$0              main
     0000D23B  _playerSpriteY                     main
     0000D23C  G$animationCount$0_0$0             main
     0000D23C  _animationCount                    main
     0000D23D  G$actionCount$0_0$0                main
     0000D23D  _actionCount                       main
     0000D23E  G$action$0_0$0                     main
     0000D23E  _action                            main
     0000D23F  G$actionButtonWatch$0_0$0          main
     0000D23F  _actionButtonWatch                 main
     0000D240  G$spriteTileOffsets$0_0$0          main
     0000D240  _spriteTileOffsets                 main
     0000D242  G$scrollXOffset$0_0$0              main
     0000D242  _scrollXOffset                     main
     0000D243  G$scrollYOffset$0_0$0              main
     0000D243  _scrollYOffset                     main
     0000D244  G$spriteXOffset$0_0$0              main
     0000D244  _spriteXOffset                     main
     0000D245  G$spriteYOffset$0_0$0              main
     0000D245  _spriteYOffset                     main
     0000D246  G$playerXOffset$0_0$0              main
     0000D246  _playerXOffset                     main
     0000D248  G$playerYOffset$0_0$0              main
     0000D248  _playerYOffset                     main
     0000D24A  G$direction$0_0$0                  main
     0000D24A  _direction                         main
     0000D24B  _VDPReg                            SMSlib
     0000D24D  _spritesHeight                     SMSlib
     0000D24E  _spritesWidth                      SMSlib
     0000D24F  _spritesTileOffset                 SMSlib
     0000D250  _clipWin_x1                        SMSlib_spriteClip
     0000D251  _clipWin_y1                        SMSlib_spriteClip

ASxxxx Linker V03.00 + NoICE + sdld,  page 121.
Hexadecimal  [32-Bits]

Area                                    Addr        Size        Decimal Bytes (Attributes)
--------------------------------        ----        ----        ------- ----- ------------
_BANK2                              00008000    00003F9F =       16287. bytes (REL,CON)

      Value  Global                              Global Defined In Module
      -----  --------------------------------   ------------------------
     00008000  G$resources_c$0_0$0                bank2
     00008000  _resources_c                       bank2
     0000986E  G$sprite_tiles_bin$0_0$0           bank2
     0000986E  _sprite_tiles_bin                  bank2
     0000B06E  G$tiles_bin$0_0$0                  bank2
     0000B06E  _tiles_bin                         bank2
     0000BB6E  G$village_psg$0_0$0                bank2
     0000BB6E  _village_psg                       bank2
     0000BF8B  G$palette_bin$0_0$0                bank2
     0000BF8B  _palette_bin                       bank2
     0000BF98  G$sprite_palette_bin$0_0$0         bank2
     0000BF98  _sprite_palette_bin                bank2
ASxxxx Linker V03.00 + NoICE + sdld,  page 122.
Hexadecimal  [32-Bits]

Area                                    Addr        Size        Decimal Bytes (Attributes)
--------------------------------        ----        ----        ------- ----- ------------
_BANK3                              00008000    0000121D =        4637. bytes (REL,CON)

      Value  Global                              Global Defined In Module
      -----  --------------------------------   ------------------------
     00008000  G$scrolltable_bin$0_0$0            bank3
     00008000  _scrolltable_bin                   bank3
     0000900D  G$metatiles_bin$0_0$0              bank3
     0000900D  _metatiles_bin                     bank3

ASxxxx Linker V03.00 + NoICE + sdld,  page 123.
Hexadecimal  [32-Bits]

Area                                    Addr        Size        Decimal Bytes (Attributes)
--------------------------------        ----        ----        ------- ----- ------------
_CABS0                              00000000    00000010 =          16. bytes (ABS,CON)

      Value  Global                              Global Defined In Module
      -----  --------------------------------   ------------------------
     00007FF0  G$__SMS__SEGA_signature$0_0$0      _sms_manager
     00007FF0  ___SMS__SEGA_signature             _sms_manager

ASxxxx Linker V03.00 + NoICE + sdld,  page 124.
Hexadecimal  [32-Bits]

Area                                    Addr        Size        Decimal Bytes (Attributes)
--------------------------------        ----        ----        ------- ----- ------------
_CABS1                              00000000    00000009 =           9. bytes (ABS,CON)

      Value  Global                              Global Defined In Module
      -----  --------------------------------   ------------------------
     00007FD7  G$__SMS__SDSC_author$0_0$0         _sms_manager
     00007FD7  ___SMS__SDSC_author                _sms_manager

ASxxxx Linker V03.00 + NoICE + sdld,  page 125.
Hexadecimal  [32-Bits]

Area                                    Addr        Size        Decimal Bytes (Attributes)
--------------------------------        ----        ----        ------- ----- ------------
_CABS2                              00000000    00000008 =           8. bytes (ABS,CON)

      Value  Global                              Global Defined In Module
      -----  --------------------------------   ------------------------
     00007FCF  G$__SMS__SDSC_name$0_0$0           _sms_manager
     00007FCF  ___SMS__SDSC_name                  _sms_manager

ASxxxx Linker V03.00 + NoICE + sdld,  page 126.
Hexadecimal  [32-Bits]

Area                                    Addr        Size        Decimal Bytes (Attributes)
--------------------------------        ----        ----        ------- ----- ------------
_CABS3                              00000000    0000002E =          46. bytes (ABS,CON)

      Value  Global                              Global Defined In Module
      -----  --------------------------------   ------------------------
     00007FA1  G$__SMS__SDSC_descr$0_0$0          _sms_manager
     00007FA1  ___SMS__SDSC_descr                 _sms_manager

ASxxxx Linker V03.00 + NoICE + sdld,  page 127.
Hexadecimal  [32-Bits]

Area                                    Addr        Size        Decimal Bytes (Attributes)
--------------------------------        ----        ----        ------- ----- ------------
_CABS4                              00000000    00000010 =          16. bytes (ABS,CON)

      Value  Global                              Global Defined In Module
      -----  --------------------------------   ------------------------
     00007FE0  G$__SMS__SDSC_signature$0_0$0      _sms_manager
     00007FE0  ___SMS__SDSC_signature             _sms_manager

ASxxxx Linker V03.00 + NoICE + sdld,  page 128.

Files Linked                              [ module(s) ]

../crt0/crt0_sms.rel                      [ crt0 ]
main.rel                                  [ main ]
../lib/PSGlib.rel                         [ PSGlib ]
../lib/GSLib.rel                          [ GSLib ]
banks/bank2.rel                           [ bank2 ]
banks/bank3.rel                           [ bank3 ]
content/resources.rel                     [ resources ]
devkit/_sms_manager.rel                   [ _sms_manager ]
devkit/_snd_manager.rel                   [ _snd_manager ]
devkit/_gsl_manager.rel                   [ _gsl_manager ]


Libraries Linked                          [ object file ]

../lib/SMSlib.lib                         [ SMSlib_spriteAdv.rel ]
../lib/SMSlib.lib                         [ SMSlib_aPLib.rel ]
../lib/SMSlib.lib                         [ SMSlib_UNSAFE.rel ]
../lib/SMSlib.lib                         [ SMSlib.rel ]
../lib/SMSlib.lib                         [ SMSlib_PSGaiden.rel ]
../lib/SMSlib.lib                         [ SMSlib_load1bppTiles.rel ]
../lib/SMSlib.lib                         [ SMSlib_spriteClip.rel ]
../lib/SMSlib.lib                         [ SMSlib_VRAMmemset.rel ]
../lib/SMSlib.lib                         [ SMSlib_paletteAdv.rel ]
../lib/SMSlib.lib                         [ SMSlib_zx7.rel ]
../lib/SMSlib.lib                         [ SMSlib_textrenderer.rel ]
../lib/SMSlib.lib                         [ SMSlib_threesprites.rel ]
../lib/SMSlib.lib                         [ SMSlib_sprite.rel ]
../lib/SMSlib.lib                         [ SMSlib_twosprites.rel ]
../lib/SMSlib.lib                         [ SMSlib_paddle.rel ]
../lib/SMSlib.lib                         [ SMSlib_VRAMmemcpy_brief.rel ]
../lib/SMSlib.lib                         [ SMSlib_UNSAFE_zx7.rel ]
C:\Program Files\SDCC\bin\..\lib\z80/z80.lib
                                          [ __sdcc_call_hl.rel ]
../lib/SMSlib.lib                         [ SMSlib_deprecated.rel ]
../lib/SMSlib.lib                         [ SMSlib_VRAMmemcpy.rel ]
../lib/SMSlib.lib                         [ SMSlib_STMcomp.rel ]
../lib/SMSlib.lib                         [ SMSlib_loadTileMapArea.rel ]
../lib/SMSlib.lib                         [ SMSlib_autotext.rel ]

ASxxxx Linker V03.00 + NoICE + sdld,  page 129.

User Base Address Definitions

_CODE = 0x0200
_DATA = 0xc000
_BANK2=0x8000
_BANK3=0x8000

