ASxxxx Linker V03.00 + NoICE + sdld,  page 1.
Hexadecimal  [32-Bits]

Area                                    Addr        Size        Decimal Bytes (Attributes)
--------------------------------        ----        ----        ------- ----- ------------
.  .ABS.                            00000000    00000000 =           0. bytes (ABS,CON)

      Value  Global                              Global Defined In Module
      -----  --------------------------------   ------------------------
     00000000  .__.ABS.                           
     00000000  _SMS_autoSetUpTextRenderer      
     00000000  _putchar                        
     00000000  l__BSEG                         
     00000000  l__BSS                          
     00000000  l__CABS                         
     00000000  l__DABS                         
     00000000  l__HEADER                       
     00000000  l__HEAP                         
     00000000  l__HOME                         
     00000000  s__CABS                         
     00000000  s__CABS0                        
     00000000  s__CABS1                        
     00000000  s__CABS2                        
     00000000  s__CABS3                        
     00000000  s__CABS4                        
     00000000  s__DABS                         
     00000000  s__HEADER                       
     00000000  s__HEADER0                      
     00000000  s__HEADER1                      
     00000000  s__HEADER2                      
     00000000  s__HEADER3                      
     00000000  s__HEADER4                      
     00000000  s__HEADER5                      
     00000001  l__GSFINAL                      
     00000003  l__HEADER3                      
     00000003  l__HEADER4                      
     00000006  l__HEADER0                      
     00000009  l__HEADER1                      
     0000000A  l__HEADER2                      
     00000018  l__CABS2                        
     00000020  l__CABS0                        
     00000020  l__CABS4                        
     00000022  l__CABS1                        
     0000003B  l__GSINIT                       
     0000003F  G$port3F$0$0                       inlib
     0000006E  l__CABS3                        
     000000BE  G$VDPDataPort$0$0                  main
     000000DC  G$portDC$0$0                       inlib
     000000DD  G$portDD$0$0                       inlib
     0000012A  l__HEADER5                      
     00000200  s__CODE                         
     00000481  l__INITIALIZED                  
     00000481  l__INITIALIZER                  
     00000C7A  l__DATA                         
     00008000  G$SMS_SRAM$0$0                     util
     00008000  _SMS_SRAM                          SMSlib_loadTileMap
     000082A2  l__CODE                         
     000084A2  s__HOME                         
     000084A2  s__INITIALIZER                  
ASxxxx Linker V03.00 + NoICE + sdld,  page 2.
Hexadecimal  [32-Bits]

Area                                    Addr        Size        Decimal Bytes (Attributes)
--------------------------------        ----        ----        ------- ----- ------------
.  .ABS.                            00000000    00000000 =           0. bytes (ABS,CON)

      Value  Global                              Global Defined In Module
      -----  --------------------------------   ------------------------
     00008923  s__GSINIT                       
     0000895E  s__GSFINAL                      
     0000C000  s__DATA                         
     0000CC7A  s__INITIALIZED                  
     0000D0FB  s__BSEG                         
     0000D0FB  s__BSS                          
     0000D0FB  s__HEAP                         
     0000FFFC  G$SRAM_bank_to_be_mapped_on_slot   util
     0000FFFC  _SRAM_bank_to_be_mapped_on_slot2   SMSlib_loadTileMap
     0000FFFF  G$ROM_bank_to_be_mapped_on_slot2   util
     0000FFFF  _ROM_bank_to_be_mapped_on_slot2    SMSlib_loadTileMap

ASxxxx Linker V03.00 + NoICE + sdld,  page 3.
Hexadecimal  [32-Bits]

Area                                    Addr        Size        Decimal Bytes (Attributes)
--------------------------------        ----        ----        ------- ----- ------------
_CODE                               00000200    000082A2 =       33442. bytes (REL,CON)

      Value  Global                              Global Defined In Module
      -----  --------------------------------   ------------------------
     00000200  __clock                            crt0
     00000204  _exit                              crt0
     00002150  _PSGStop                           PSGlib
     00002177  _PSGResume                         PSGlib
     000021C3  _PSGPlay                           PSGlib
     000021F0  _PSGCancelLoop                     PSGlib
     000021F6  _PSGPlayNoRepeat                   PSGlib
     00002205  _PSGGetStatus                      PSGlib
     0000220D  _PSGSilenceChannels                PSGlib
     0000221E  _PSGRestoreVolumes                 PSGlib
     0000231D  _PSGSetMusicVolumeAttenuation      PSGlib
     0000240C  _PSGSFXStop                        PSGlib
     000024D6  _PSGSFXPlay                        PSGlib
     00002523  _PSGSFXCancelLoop                  PSGlib
     00002529  _PSGSFXGetStatus                   PSGlib
     00002531  _PSGSFXPlayLoop                    PSGlib
     00002552  _PSGFrame                          PSGlib
     0000266B  _PSGSFXFrame                       PSGlib
     000026F1  G$main_tilemap$0$0                 data
     000026F1  _main_tilemap                      data
     00002CF1  G$main_pal$0$0                     data
     00002CF1  _main_pal                          data
     00002D01  G$main_tiles$0$0                   data
     00002D01  _main_tiles                        data
     00003501  G$promenade_psgc$0$0               data
     00003501  _promenade_psgc                    data
     000040A9  G$sprites_pal$0$0                  data
     000040A9  _sprites_pal                       data
     000040B9  G$sprites_tiles$0$0                data
     000040B9  _sprites_tiles                     data
     000041B9  G$bank2$0$0                        data_bank2
     000041B9  _bank2                             data_bank2
     000041BB  G$bank3$0$0                        data_bank3
     000041BB  _bank3                             data_bank3
     000041BD  A$flash$68                         flash
     000041BD  C$flash.c$287$0$0                  flash
     000041BD  G$flash_erase64kSector$0$0         flash
     000041BD  _flash_erase64kSector              flash
     000041BF  A$flash$69                         flash
     000041C3  A$flash$70                         flash
     000041C5  A$flash$71                         flash
     000041C8  A$flash$72                         flash
     000041C9  A$flash$73                         flash
     000041CA  A$flash$77                         flash
     000041CA  C$flash.c$293$1$92                 flash
     000041CD  A$flash$78                         flash
     000041CE  A$flash$79                         flash
     000041CF  A$flash$80                         flash
     000041D0  A$flash$81                         flash
     000041D1  A$flash$82                         flash
ASxxxx Linker V03.00 + NoICE + sdld,  page 4.
Hexadecimal  [32-Bits]

Area                                    Addr        Size        Decimal Bytes (Attributes)
--------------------------------        ----        ----        ------- ----- ------------
_CODE                               00000200    000082A2 =       33442. bytes (REL,CON)

      Value  Global                              Global Defined In Module
      -----  --------------------------------   ------------------------
     000041D2  A$flash$83                         flash
     000041D3  A$flash$84                         flash
     000041D6  A$flash$85                         flash
     000041D9  A$flash$86                         flash
     000041DB  A$flash$87                         flash
     000041DC  A$flash$94                         flash
     000041DC  C$flash.c$294$1$92                 flash
     000041DC  C$flash.c$297$1$92                 flash
     000041DF  A$flash$95                         flash
     000041E0  A$flash$96                         flash
     000041E1  A$flash$97                         flash
     000041E2  A$flash$98                         flash
     000041E3  A$flash$99                         flash
     000041E4  A$flash$100                        flash
     000041E5  A$flash$101                        flash
     000041E6  A$flash$102                        flash
     000041E9  A$flash$103                        flash
     000041EB  A$flash$104                        flash
     000041ED  A$flash$109                        flash
     000041ED  C$flash.c$298$1$92                 flash
     000041ED  XG$flash_erase64kSector$0$0        flash
     000041EE  Fflash$ll_readSiliconID$0$0        flash
     0000420A  Fflash$ll_sector_erase$0$0         flash
     00004247  Fflash$ll_program_byte$0$0         flash
     00004283  Fflash$ll_read_byte$0$0            flash
     000042A2  A$flash$307                        flash
     000042A2  C$flash.c$310$1$92                 flash
     000042A2  G$flash_readSiliconID$0$0          flash
     000042A2  _flash_readSiliconID               flash
     000042A4  A$flash$308                        flash
     000042A8  A$flash$309                        flash
     000042AA  A$flash$310                        flash
     000042AD  A$flash$311                        flash
     000042AE  A$flash$312                        flash
     000042AF  A$flash$316                        flash
     000042AF  C$flash.c$316$1$94                 flash
     000042B2  A$flash$317                        flash
     000042B3  A$flash$318                        flash
     000042B4  A$flash$319                        flash
     000042B5  A$flash$320                        flash
     000042B8  A$flash$321                        flash
     000042B9  A$flash$322                        flash
     000042BA  A$flash$323                        flash
     000042BB  A$flash$324                        flash
     000042BE  A$flash$325                        flash
     000042C0  A$flash$326                        flash
     000042C1  A$flash$333                        flash
     000042C1  C$flash.c$317$1$94                 flash
     000042C1  C$flash.c$319$1$94                 flash
     000042C4  A$flash$334                        flash
     000042C6  A$flash$335                        flash
ASxxxx Linker V03.00 + NoICE + sdld,  page 5.
Hexadecimal  [32-Bits]

Area                                    Addr        Size        Decimal Bytes (Attributes)
--------------------------------        ----        ----        ------- ----- ------------
_CODE                               00000200    000082A2 =       33442. bytes (REL,CON)

      Value  Global                              Global Defined In Module
      -----  --------------------------------   ------------------------
     000042C8  A$flash$340                        flash
     000042C8  C$flash.c$320$1$94                 flash
     000042C8  XG$flash_readSiliconID$0$0         flash
     000042C9  A$flash$350                        flash
     000042C9  C$flash.c$329$1$94                 flash
     000042C9  G$flash_programByte$0$0            flash
     000042C9  _flash_programByte                 flash
     000042CB  A$flash$351                        flash
     000042CF  A$flash$352                        flash
     000042D1  A$flash$353                        flash
     000042D4  A$flash$354                        flash
     000042D5  A$flash$355                        flash
     000042D6  A$flash$359                        flash
     000042D6  C$flash.c$335$1$96                 flash
     000042D9  A$flash$360                        flash
     000042DA  A$flash$361                        flash
     000042DB  A$flash$362                        flash
     000042DC  A$flash$363                        flash
     000042DD  A$flash$364                        flash
     000042DE  A$flash$365                        flash
     000042DF  A$flash$366                        flash
     000042E2  A$flash$367                        flash
     000042E5  A$flash$368                        flash
     000042E7  A$flash$369                        flash
     000042E8  A$flash$376                        flash
     000042E8  C$flash.c$336$1$96                 flash
     000042E8  C$flash.c$339$1$96                 flash
     000042EB  A$flash$377                        flash
     000042EC  A$flash$378                        flash
     000042ED  A$flash$379                        flash
     000042EE  A$flash$383                        flash
     000042EE  C$flash.c$340$1$96                 flash
     000042F1  A$flash$384                        flash
     000042F2  A$flash$385                        flash
     000042F3  A$flash$386                        flash
     000042F5  A$flash$387                        flash
     000042F6  A$flash$388                        flash
     000042F8  A$flash$389                        flash
     000042F9  A$flash$390                        flash
     000042FA  A$flash$394                        flash
     000042FA  C$flash.c$343$1$96                 flash
     000042FD  A$flash$395                        flash
     000042FF  A$flash$399                        flash
     000042FF  C$flash.c$344$1$96                 flash
     00004302  A$flash$400                        flash
     00004304  A$flash$401                        flash
     00004307  A$flash$405                        flash
     00004307  C$flash.c$347$1$96                 flash
     00004308  A$flash$406                        flash
     00004309  A$flash$407                        flash
     0000430C  A$flash$408                        flash
ASxxxx Linker V03.00 + NoICE + sdld,  page 6.
Hexadecimal  [32-Bits]

Area                                    Addr        Size        Decimal Bytes (Attributes)
--------------------------------        ----        ----        ------- ----- ------------
_CODE                               00000200    000082A2 =       33442. bytes (REL,CON)

      Value  Global                              Global Defined In Module
      -----  --------------------------------   ------------------------
     0000430F  A$flash$409                        flash
     00004310  A$flash$410                        flash
     00004313  A$flash$411                        flash
     00004314  A$flash$412                        flash
     00004315  A$flash$413                        flash
     00004316  A$flash$414                        flash
     00004317  A$flash$415                        flash
     0000431A  A$flash$416                        flash
     0000431C  A$flash$417                        flash
     0000431E  A$flash$422                        flash
     0000431E  C$flash.c$348$1$96                 flash
     0000431E  XG$flash_programByte$0$0           flash
     0000431F  A$flash$435                        flash
     0000431F  C$flash.c$356$1$96                 flash
     0000431F  C$flash.c$358$1$98                 flash
     0000431F  G$flash_isKnownId$0$0              flash
     0000431F  _flash_isKnownId                   flash
     00004322  A$flash$439                        flash
     00004322  C$flash.c$360$1$98                 flash
     00004323  A$flash$440                        flash
     00004325  A$flash$441                        flash
     00004327  A$flash$442                        flash
     00004328  A$flash$443                        flash
     0000432A  A$flash$444                        flash
     0000432C  A$flash$448                        flash
     0000432C  C$flash.c$362$2$99                 flash
     0000432E  A$flash$449                        flash
     0000432F  A$flash$454                        flash
     0000432F  C$flash.c$365$1$98                 flash
     00004331  A$flash$459                        flash
     00004331  C$flash.c$366$1$98                 flash
     00004331  XG$flash_isKnownId$0$0             flash
     00004332  A$flash$469                        flash
     00004332  C$flash.c$369$1$98                 flash
     00004332  G$flash_programBytes$0$0           flash
     00004332  _flash_programBytes                flash
     00004334  A$flash$470                        flash
     00004338  A$flash$471                        flash
     0000433A  A$flash$472                        flash
     0000433B  A$flash$473                        flash
     0000433C  A$flash$477                        flash
     0000433C  C$flash.c$371$1$101                flash
     0000433F  A$flash$478                        flash
     00004342  A$flash$479                        flash
     00004345  A$flash$480                        flash
     00004348  A$flash$481                        flash
     0000434B  A$flash$482                        flash
     0000434E  A$flash$483                        flash
     00004351  A$flash$484                        flash
     00004354  A$flash$486                        flash
     00004355  A$flash$487                        flash
ASxxxx Linker V03.00 + NoICE + sdld,  page 7.
Hexadecimal  [32-Bits]

Area                                    Addr        Size        Decimal Bytes (Attributes)
--------------------------------        ----        ----        ------- ----- ------------
_CODE                               00000200    000082A2 =       33442. bytes (REL,CON)

      Value  Global                              Global Defined In Module
      -----  --------------------------------   ------------------------
     00004356  A$flash$488                        flash
     00004357  A$flash$489                        flash
     00004358  A$flash$490                        flash
     00004359  A$flash$491                        flash
     0000435B  A$flash$495                        flash
     0000435B  C$flash.c$373$2$102                flash
     0000435C  A$flash$496                        flash
     0000435F  A$flash$497                        flash
     00004360  A$flash$498                        flash
     00004361  A$flash$499                        flash
     00004364  A$flash$500                        flash
     00004367  A$flash$501                        flash
     00004368  A$flash$502                        flash
     0000436B  A$flash$503                        flash
     0000436E  A$flash$504                        flash
     0000436F  A$flash$505                        flash
     00004372  A$flash$506                        flash
     00004373  A$flash$507                        flash
     00004374  A$flash$508                        flash
     00004375  A$flash$509                        flash
     00004376  A$flash$513                        flash
     00004376  C$flash.c$374$2$102                flash
     00004377  A$flash$517                        flash
     00004377  C$flash.c$375$2$102                flash
     0000437A  A$flash$518                        flash
     0000437C  A$flash$519                        flash
     0000437F  A$flash$520                        flash
     00004381  A$flash$522                        flash
     00004383  A$flash$523                        flash
     00004385  A$flash$528                        flash
     00004385  C$flash.c$377$1$101                flash
     00004385  XG$flash_programBytes$0$0          flash
     00004386  A$flash$538                        flash
     00004386  C$flash.c$385$1$101                flash
     00004386  G$flash_readByte$0$0               flash
     00004386  _flash_readByte                    flash
     00004388  A$flash$539                        flash
     0000438C  A$flash$540                        flash
     0000438E  A$flash$541                        flash
     00004391  A$flash$542                        flash
     00004392  A$flash$543                        flash
     00004393  A$flash$547                        flash
     00004393  C$flash.c$392$1$104                flash
     00004396  A$flash$548                        flash
     00004397  A$flash$549                        flash
     00004398  A$flash$550                        flash
     00004399  A$flash$551                        flash
     0000439A  A$flash$552                        flash
     0000439B  A$flash$553                        flash
     0000439C  A$flash$554                        flash
     0000439F  A$flash$555                        flash
ASxxxx Linker V03.00 + NoICE + sdld,  page 8.
Hexadecimal  [32-Bits]

Area                                    Addr        Size        Decimal Bytes (Attributes)
--------------------------------        ----        ----        ------- ----- ------------
_CODE                               00000200    000082A2 =       33442. bytes (REL,CON)

      Value  Global                              Global Defined In Module
      -----  --------------------------------   ------------------------
     000043A2  A$flash$556                        flash
     000043A4  A$flash$557                        flash
     000043A5  A$flash$564                        flash
     000043A5  C$flash.c$393$1$104                flash
     000043A5  C$flash.c$396$1$104                flash
     000043A8  A$flash$565                        flash
     000043A9  A$flash$566                        flash
     000043AA  A$flash$567                        flash
     000043AB  A$flash$571                        flash
     000043AB  C$flash.c$397$1$104                flash
     000043AE  A$flash$572                        flash
     000043AF  A$flash$573                        flash
     000043B0  A$flash$574                        flash
     000043B2  A$flash$575                        flash
     000043B3  A$flash$576                        flash
     000043B5  A$flash$577                        flash
     000043B6  A$flash$578                        flash
     000043B7  A$flash$582                        flash
     000043B7  C$flash.c$400$1$104                flash
     000043BA  A$flash$583                        flash
     000043BC  A$flash$587                        flash
     000043BC  C$flash.c$401$1$104                flash
     000043BF  A$flash$588                        flash
     000043C1  A$flash$589                        flash
     000043C4  A$flash$593                        flash
     000043C4  C$flash.c$403$1$104                flash
     000043C5  A$flash$594                        flash
     000043C6  A$flash$595                        flash
     000043C9  A$flash$596                        flash
     000043CC  A$flash$597                        flash
     000043CD  A$flash$598                        flash
     000043CE  A$flash$599                        flash
     000043CF  A$flash$600                        flash
     000043D2  A$flash$601                        flash
     000043D4  A$flash$602                        flash
     000043D6  A$flash$607                        flash
     000043D6  C$flash.c$404$1$104                flash
     000043D6  XG$flash_readByte$0$0              flash
     000043D7  A$flash$617                        flash
     000043D7  C$flash.c$411$1$104                flash
     000043D7  G$flash_readBytes$0$0              flash
     000043D7  _flash_readBytes                   flash
     000043D9  A$flash$618                        flash
     000043DD  A$flash$619                        flash
     000043DF  A$flash$620                        flash
     000043E0  A$flash$624                        flash
     000043E0  C$flash.c$413$1$106                flash
     000043E3  A$flash$625                        flash
     000043E6  A$flash$626                        flash
     000043E9  A$flash$627                        flash
     000043EC  A$flash$628                        flash
ASxxxx Linker V03.00 + NoICE + sdld,  page 9.
Hexadecimal  [32-Bits]

Area                                    Addr        Size        Decimal Bytes (Attributes)
--------------------------------        ----        ----        ------- ----- ------------
_CODE                               00000200    000082A2 =       33442. bytes (REL,CON)

      Value  Global                              Global Defined In Module
      -----  --------------------------------   ------------------------
     000043EF  A$flash$629                        flash
     000043F2  A$flash$630                        flash
     000043F5  A$flash$631                        flash
     000043F8  A$flash$633                        flash
     000043F9  A$flash$634                        flash
     000043FA  A$flash$635                        flash
     000043FD  A$flash$636                        flash
     000043FF  A$flash$637                        flash
     00004402  A$flash$638                        flash
     00004405  A$flash$639                        flash
     00004407  A$flash$640                        flash
     0000440A  A$flash$641                        flash
     0000440B  A$flash$642                        flash
     0000440C  A$flash$643                        flash
     0000440E  A$flash$647                        flash
     0000440E  C$flash.c$415$2$107                flash
     0000440F  A$flash$648                        flash
     00004410  A$flash$649                        flash
     00004411  A$flash$650                        flash
     00004414  A$flash$651                        flash
     00004415  A$flash$652                        flash
     00004416  A$flash$653                        flash
     00004419  A$flash$654                        flash
     0000441A  A$flash$655                        flash
     0000441B  A$flash$656                        flash
     0000441C  A$flash$657                        flash
     0000441D  A$flash$658                        flash
     0000441E  A$flash$659                        flash
     0000441F  A$flash$663                        flash
     0000441F  C$flash.c$416$2$107                flash
     00004420  A$flash$667                        flash
     00004420  C$flash.c$417$2$107                flash
     00004421  A$flash$668                        flash
     00004423  A$flash$670                        flash
     00004425  A$flash$671                        flash
     00004427  A$flash$676                        flash
     00004427  C$flash.c$419$1$106                flash
     00004427  XG$flash_readBytes$0$0             flash
     00004428  A$flash$686                        flash
     00004428  C$flash.c$426$1$106                flash
     00004428  G$flash_compareBytes$0$0           flash
     00004428  _flash_compareBytes                flash
     0000442A  A$flash$687                        flash
     0000442E  A$flash$688                        flash
     00004430  A$flash$689                        flash
     00004431  A$flash$690                        flash
     00004432  A$flash$694                        flash
     00004432  C$flash.c$430$1$109                flash
     00004435  A$flash$695                        flash
     00004438  A$flash$696                        flash
     0000443B  A$flash$697                        flash
ASxxxx Linker V03.00 + NoICE + sdld,  page 10.
Hexadecimal  [32-Bits]

Area                                    Addr        Size        Decimal Bytes (Attributes)
--------------------------------        ----        ----        ------- ----- ------------
_CODE                               00000200    000082A2 =       33442. bytes (REL,CON)

      Value  Global                              Global Defined In Module
      -----  --------------------------------   ------------------------
     0000443E  A$flash$698                        flash
     00004441  A$flash$699                        flash
     00004444  A$flash$700                        flash
     00004447  A$flash$701                        flash
     0000444A  A$flash$703                        flash
     0000444B  A$flash$704                        flash
     0000444C  A$flash$705                        flash
     0000444D  A$flash$706                        flash
     0000444E  A$flash$707                        flash
     0000444F  A$flash$708                        flash
     00004451  A$flash$712                        flash
     00004451  C$flash.c$432$2$110                flash
     00004452  A$flash$713                        flash
     00004453  A$flash$714                        flash
     00004454  A$flash$715                        flash
     00004457  A$flash$716                        flash
     00004458  A$flash$717                        flash
     00004459  A$flash$718                        flash
     0000445C  A$flash$719                        flash
     0000445D  A$flash$720                        flash
     0000445E  A$flash$721                        flash
     0000445F  A$flash$722                        flash
     00004460  A$flash$723                        flash
     00004463  A$flash$727                        flash
     00004463  C$flash.c$433$2$110                flash
     00004466  A$flash$728                        flash
     00004469  A$flash$729                        flash
     0000446A  A$flash$730                        flash
     0000446D  A$flash$731                        flash
     00004470  A$flash$732                        flash
     00004473  A$flash$733                        flash
     00004475  A$flash$737                        flash
     00004475  C$flash.c$435$3$111                flash
     00004477  A$flash$738                        flash
     00004479  A$flash$743                        flash
     00004479  C$flash.c$437$2$110                flash
     0000447A  A$flash$747                        flash
     0000447A  C$flash.c$438$2$110                flash
     0000447D  A$flash$748                        flash
     0000447F  A$flash$749                        flash
     00004482  A$flash$750                        flash
     00004484  A$flash$755                        flash
     00004484  C$flash.c$441$1$109                flash
     00004486  A$flash$757                        flash
     00004488  A$flash$758                        flash
     0000448A  A$flash$763                        flash
     0000448A  C$flash.c$442$1$109                flash
     0000448A  XG$flash_compareBytes$0$0          flash
     0000448B  A$inlib$88                         inlib
     0000448B  C$inlib.c$27$0$0                   inlib
     0000448B  C$inlib.c$31$1$59                  inlib
ASxxxx Linker V03.00 + NoICE + sdld,  page 11.
Hexadecimal  [32-Bits]

Area                                    Addr        Size        Decimal Bytes (Attributes)
--------------------------------        ----        ----        ------- ----- ------------
_CODE                               00000200    000082A2 =       33442. bytes (REL,CON)

      Value  Global                              Global Defined In Module
      -----  --------------------------------   ------------------------
     0000448B  G$SMS_detectPaddleA$0$0            inlib
     0000448B  _SMS_detectPaddleA                 inlib
     0000448D  A$inlib$89                         inlib
     0000448F  A$inlib$91                         inlib
     00004490  A$inlib$92                         inlib
     00004492  A$inlib$96                         inlib
     00004492  C$inlib.c$33$3$61                  inlib
     00004494  A$inlib$97                         inlib
     00004496  A$inlib$98                         inlib
     00004498  A$inlib$102                        inlib
     00004498  C$inlib.c$35$4$62                  inlib
     00004499  A$inlib$107                        inlib
     00004499  C$inlib.c$31$2$60                  inlib
     0000449A  A$inlib$108                        inlib
     0000449C  A$inlib$113                        inlib
     0000449C  C$inlib.c$38$1$59                  inlib
     0000449D  A$inlib$114                        inlib
     0000449F  A$inlib$115                        inlib
     000044A1  A$inlib$119                        inlib
     000044A1  C$inlib.c$40$2$63                  inlib
     000044A3  A$inlib$120                        inlib
     000044A4  A$inlib$125                        inlib
     000044A4  C$inlib.c$42$1$59                  inlib
     000044A6  A$inlib$126                        inlib
     000044A7  A$inlib$127                        inlib
     000044A9  A$inlib$131                        inlib
     000044A9  C$inlib.c$44$2$64                  inlib
     000044AB  A$inlib$132                        inlib
     000044AC  A$inlib$137                        inlib
     000044AC  C$inlib.c$47$1$59                  inlib
     000044AE  A$inlib$142                        inlib
     000044AE  C$inlib.c$48$1$59                  inlib
     000044AE  XG$SMS_detectPaddleA$0$0           inlib
     000044AF  A$inlib$155                        inlib
     000044AF  C$inlib.c$50$1$59                  inlib
     000044AF  C$inlib.c$54$1$66                  inlib
     000044AF  G$SMS_detectPaddleB$0$0            inlib
     000044AF  _SMS_detectPaddleB                 inlib
     000044B1  A$inlib$156                        inlib
     000044B3  A$inlib$158                        inlib
     000044B4  A$inlib$159                        inlib
     000044B6  A$inlib$163                        inlib
     000044B6  C$inlib.c$56$3$68                  inlib
     000044B8  A$inlib$164                        inlib
     000044BA  A$inlib$165                        inlib
     000044BC  A$inlib$169                        inlib
     000044BC  C$inlib.c$58$4$69                  inlib
     000044BD  A$inlib$174                        inlib
     000044BD  C$inlib.c$54$2$67                  inlib
     000044BE  A$inlib$175                        inlib
     000044C0  A$inlib$180                        inlib
ASxxxx Linker V03.00 + NoICE + sdld,  page 12.
Hexadecimal  [32-Bits]

Area                                    Addr        Size        Decimal Bytes (Attributes)
--------------------------------        ----        ----        ------- ----- ------------
_CODE                               00000200    000082A2 =       33442. bytes (REL,CON)

      Value  Global                              Global Defined In Module
      -----  --------------------------------   ------------------------
     000044C0  C$inlib.c$61$1$66                  inlib
     000044C1  A$inlib$181                        inlib
     000044C3  A$inlib$182                        inlib
     000044C5  A$inlib$186                        inlib
     000044C5  C$inlib.c$63$2$70                  inlib
     000044C7  A$inlib$187                        inlib
     000044C8  A$inlib$192                        inlib
     000044C8  C$inlib.c$65$1$66                  inlib
     000044CA  A$inlib$193                        inlib
     000044CB  A$inlib$194                        inlib
     000044CD  A$inlib$198                        inlib
     000044CD  C$inlib.c$67$2$71                  inlib
     000044CF  A$inlib$199                        inlib
     000044D0  A$inlib$204                        inlib
     000044D0  C$inlib.c$70$1$66                  inlib
     000044D2  A$inlib$209                        inlib
     000044D2  C$inlib.c$71$1$66                  inlib
     000044D2  XG$SMS_detectPaddleB$0$0           inlib
     000044D3  A$inlib$219                        inlib
     000044D3  C$inlib.c$73$1$66                  inlib
     000044D3  G$SMS_paddleReadA$0$0              inlib
     000044D3  _SMS_paddleReadA                   inlib
     000044D4  A$inlib$223                        inlib
     000044D4  C$inlib.c$88$1$73                  inlib
     000044D7  A$inlib$228                        inlib
     000044D7  C$inlib.c$90$2$74                  inlib
     000044D9  A$inlib$229                        inlib
     000044DD  A$inlib$230                        inlib
     000044DF  A$inlib$231                        inlib
     000044E2  A$inlib$235                        inlib
     000044E2  C$inlib.c$91$2$74                  inlib
     000044E3  A$inlib$239                        inlib
     000044E3  C$inlib.c$92$2$74                  inlib
     000044E4  A$inlib$240                        inlib
     000044E5  A$inlib$241                        inlib
     000044E7  A$inlib$245                        inlib
     000044E7  C$inlib.c$94$3$75                  inlib
     000044EA  A$inlib$246                        inlib
     000044EC  A$inlib$251                        inlib
     000044EC  C$inlib.c$96$1$73                  inlib
     000044EF  A$inlib$252                        inlib
     000044F0  A$inlib$253                        inlib
     000044F1  A$inlib$254                        inlib
     000044F3  A$inlib$255                        inlib
     000044F5  A$inlib$263                        inlib
     000044F5  C$inlib.c$101$2$76                 inlib
     000044F5  C$inlib.c$99$1$73                  inlib
     000044F7  A$inlib$264                        inlib
     000044F8  A$inlib$268                        inlib
     000044F8  C$inlib.c$102$2$76                 inlib
     000044F9  A$inlib$272                        inlib
ASxxxx Linker V03.00 + NoICE + sdld,  page 13.
Hexadecimal  [32-Bits]

Area                                    Addr        Size        Decimal Bytes (Attributes)
--------------------------------        ----        ----        ------- ----- ------------
_CODE                               00000200    000082A2 =       33442. bytes (REL,CON)

      Value  Global                              Global Defined In Module
      -----  --------------------------------   ------------------------
     000044F9  C$inlib.c$103$2$76                 inlib
     000044FA  A$inlib$273                        inlib
     000044FB  A$inlib$274                        inlib
     000044FD  A$inlib$278                        inlib
     000044FD  C$inlib.c$105$3$77                 inlib
     00004500  A$inlib$279                        inlib
     00004502  A$inlib$284                        inlib
     00004502  C$inlib.c$107$1$73                 inlib
     00004504  A$inlib$285                        inlib
     00004506  A$inlib$289                        inlib
     00004506  C$inlib.c$109$1$73                 inlib
     00004507  A$inlib$290                        inlib
     00004509  A$inlib$291                        inlib
     0000450A  A$inlib$299                        inlib
     0000450A  C$inlib.c$112$1$73                 inlib
     0000450A  C$inlib.c$114$2$78                 inlib
     0000450C  A$inlib$300                        inlib
     0000450D  A$inlib$304                        inlib
     0000450D  C$inlib.c$115$2$78                 inlib
     0000450E  A$inlib$308                        inlib
     0000450E  C$inlib.c$116$2$78                 inlib
     0000450F  A$inlib$309                        inlib
     00004510  A$inlib$310                        inlib
     00004512  A$inlib$314                        inlib
     00004512  C$inlib.c$118$3$79                 inlib
     00004515  A$inlib$315                        inlib
     00004517  A$inlib$320                        inlib
     00004517  C$inlib.c$120$1$73                 inlib
     00004519  A$inlib$321                        inlib
     0000451B  A$inlib$325                        inlib
     0000451B  C$inlib.c$122$1$73                 inlib
     0000451C  A$inlib$326                        inlib
     0000451D  A$inlib$327                        inlib
     0000451E  A$inlib$328                        inlib
     0000451F  A$inlib$329                        inlib
     00004520  A$inlib$330                        inlib
     00004522  A$inlib$331                        inlib
     00004523  A$inlib$332                        inlib
     00004524  A$inlib$336                        inlib
     00004524  C$inlib.c$124$1$73                 inlib
     00004526  A$inlib$338                        inlib
     00004527  A$inlib$343                        inlib
     00004527  C$inlib.c$125$1$73                 inlib
     00004527  XG$SMS_paddleReadA$0$0             inlib
     00004528  A$inlib$356                        inlib
     00004528  C$inlib.c$127$1$73                 inlib
     00004528  C$inlib.c$130$1$73                 inlib
     00004528  G$SMS_paddleReadB$0$0              inlib
     00004528  _SMS_paddleReadB                   inlib
     0000452B  A$inlib$360                        inlib
     0000452B  C$inlib.c$133$1$81                 inlib
ASxxxx Linker V03.00 + NoICE + sdld,  page 14.
Hexadecimal  [32-Bits]

Area                                    Addr        Size        Decimal Bytes (Attributes)
--------------------------------        ----        ----        ------- ----- ------------
_CODE                               00000200    000082A2 =       33442. bytes (REL,CON)

      Value  Global                              Global Defined In Module
      -----  --------------------------------   ------------------------
     0000452E  A$inlib$362                        inlib
     00004530  A$inlib$363                        inlib
     00004532  A$inlib$364                        inlib
     00004534  A$inlib$368                        inlib
     00004534  C$inlib.c$135$2$82                 inlib
     00004535  A$inlib$369                        inlib
     00004536  A$inlib$373                        inlib
     00004536  C$inlib.c$136$2$82                 inlib
     00004537  A$inlib$374                        inlib
     00004538  A$inlib$375                        inlib
     00004539  A$inlib$376                        inlib
     0000453B  A$inlib$380                        inlib
     0000453B  C$inlib.c$138$3$83                 inlib
     0000453E  A$inlib$381                        inlib
     0000453F  A$inlib$386                        inlib
     0000453F  C$inlib.c$143$1$81                 inlib
     00004540  A$inlib$387                        inlib
     00004541  A$inlib$389                        inlib
     00004543  A$inlib$390                        inlib
     00004545  A$inlib$391                        inlib
     00004547  A$inlib$395                        inlib
     00004547  C$inlib.c$145$2$84                 inlib
     00004548  A$inlib$396                        inlib
     00004549  A$inlib$400                        inlib
     00004549  C$inlib.c$146$2$84                 inlib
     0000454A  A$inlib$401                        inlib
     0000454B  A$inlib$402                        inlib
     0000454C  A$inlib$403                        inlib
     0000454E  A$inlib$407                        inlib
     0000454E  C$inlib.c$148$3$85                 inlib
     00004551  A$inlib$408                        inlib
     00004552  A$inlib$413                        inlib
     00004552  C$inlib.c$151$1$81                 inlib
     00004554  A$inlib$414                        inlib
     00004555  A$inlib$415                        inlib
     00004556  A$inlib$416                        inlib
     00004558  A$inlib$417                        inlib
     00004559  A$inlib$418                        inlib
     0000455B  A$inlib$419                        inlib
     0000455D  A$inlib$420                        inlib
     0000455E  A$inlib$421                        inlib
     0000455F  A$inlib$422                        inlib
     00004560  A$inlib$423                        inlib
     00004561  A$inlib$428                        inlib
     00004561  C$inlib.c$155$1$81                 inlib
     00004563  A$inlib$429                        inlib
     00004565  A$inlib$430                        inlib
     00004567  A$inlib$434                        inlib
     00004567  C$inlib.c$157$2$86                 inlib
     00004568  A$inlib$438                        inlib
     00004568  C$inlib.c$158$2$86                 inlib
ASxxxx Linker V03.00 + NoICE + sdld,  page 15.
Hexadecimal  [32-Bits]

Area                                    Addr        Size        Decimal Bytes (Attributes)
--------------------------------        ----        ----        ------- ----- ------------
_CODE                               00000200    000082A2 =       33442. bytes (REL,CON)

      Value  Global                              Global Defined In Module
      -----  --------------------------------   ------------------------
     00004569  A$inlib$439                        inlib
     0000456A  A$inlib$440                        inlib
     0000456C  A$inlib$444                        inlib
     0000456C  C$inlib.c$160$3$87                 inlib
     0000456F  A$inlib$445                        inlib
     00004570  A$inlib$450                        inlib
     00004570  C$inlib.c$164$1$81                 inlib
     00004572  A$inlib$451                        inlib
     00004573  A$inlib$452                        inlib
     00004574  A$inlib$453                        inlib
     00004576  A$inlib$454                        inlib
     00004577  A$inlib$455                        inlib
     00004579  A$inlib$456                        inlib
     0000457B  A$inlib$457                        inlib
     0000457C  A$inlib$458                        inlib
     0000457D  A$inlib$459                        inlib
     0000457E  A$inlib$463                        inlib
     0000457E  C$inlib.c$165$1$81                 inlib
     0000457F  A$inlib$464                        inlib
     00004580  A$inlib$465                        inlib
     00004581  A$inlib$466                        inlib
     00004582  A$inlib$467                        inlib
     00004584  A$inlib$468                        inlib
     00004585  A$inlib$469                        inlib
     00004586  A$inlib$473                        inlib
     00004586  C$inlib.c$167$1$81                 inlib
     00004588  A$inlib$478                        inlib
     00004588  C$inlib.c$168$1$81                 inlib
     00004588  XG$SMS_paddleReadB$0$0             inlib
     00004589  A$inlib$491                        inlib
     00004589  C$inlib.c$170$1$81                 inlib
     00004589  C$inlib.c$172$1$89                 inlib
     00004589  Finlib$SMS_paddle_meka_workaroun   inlib
     0000458B  A$inlib$492                        inlib
     0000458D  A$inlib$497                        inlib
     0000458D  C$inlib.c$173$1$89                 inlib
     0000458D  XFinlib$SMS_paddle_meka_workarou   inlib
     0000458E  A$inlib$510                        inlib
     0000458E  C$inlib.c$175$1$89                 inlib
     0000458E  C$inlib.c$177$1$91                 inlib
     0000458E  Finlib$SMS_paddle_undo_meka_work   inlib
     00004590  A$inlib$511                        inlib
     00004592  A$inlib$516                        inlib
     00004592  C$inlib.c$178$1$91                 inlib
     00004592  XFinlib$SMS_paddle_undo_meka_wor   inlib
     00004593  A$inlib$529                        inlib
     00004593  C$inlib.c$180$1$91                 inlib
     00004593  C$inlib.c$183$1$92                 inlib
     00004593  Finlib$TH_TR_outputmode$0$0        inlib
     00004595  A$inlib$530                        inlib
     00004597  A$inlib$535                        inlib
ASxxxx Linker V03.00 + NoICE + sdld,  page 16.
Hexadecimal  [32-Bits]

Area                                    Addr        Size        Decimal Bytes (Attributes)
--------------------------------        ----        ----        ------- ----- ------------
_CODE                               00000200    000082A2 =       33442. bytes (REL,CON)

      Value  Global                              Global Defined In Module
      -----  --------------------------------   ------------------------
     00004597  C$inlib.c$184$1$92                 inlib
     00004597  XFinlib$TH_TR_outputmode$0$0       inlib
     00004598  A$inlib$545                        inlib
     00004598  C$inlib.c$194$1$92                 inlib
     00004598  Finlib$_delayN$0$0                 inlib
     00004599  A$inlib$549                        inlib
     00004599  C$inlib.c$196$1$92                 inlib
     0000459C  A$inlib$550                        inlib
     0000459D  A$inlib$551                        inlib
     0000459E  A$inlib$552                        inlib
     000045A2  A$inlib$553                        inlib
     000045A4  A$inlib$554                        inlib
     000045A7  A$inlib$555                        inlib
     000045AA  A$inlib$556                        inlib
     000045AB  A$inlib$557                        inlib
     000045AC  A$inlib$558                        inlib
     000045B0  A$inlib$559                        inlib
     000045B2  A$inlib$560                        inlib
     000045B5  A$inlib$565                        inlib
     000045B5  C$inlib.c$198$1$94                 inlib
     000045B6  A$inlib$566                        inlib
     000045B7  A$inlib$567                        inlib
     000045B8  A$inlib$568                        inlib
     000045B9  A$inlib$569                        inlib
     000045BA  A$inlib$570                        inlib
     000045BB  A$inlib$571                        inlib
     000045BC  A$inlib$572                        inlib
     000045BD  A$inlib$573                        inlib
     000045BF  A$inlib$577                        inlib
     000045BF  C$inlib.c$201$2$95                 inlib
     000045C0  A$inlib$578                        inlib
     000045C2  A$inlib$580                        inlib
     000045C3  A$inlib$585                        inlib
     000045C3  C$inlib.c$203$1$94                 inlib
     000045C3  XFinlib$_delayN$0$0                inlib
     000045C4  A$inlib$595                        inlib
     000045C4  C$inlib.c$205$1$94                 inlib
     000045C4  Finlib$sportsPad_read$0$0          inlib
     000045C5  A$inlib$599                        inlib
     000045C5  C$inlib.c$211$1$97                 inlib
     000045C7  A$inlib$600                        inlib
     000045C9  A$inlib$604                        inlib
     000045C9  C$inlib.c$212$1$97                 inlib
     000045CC  A$inlib$605                        inlib
     000045CD  A$inlib$606                        inlib
     000045D0  A$inlib$607                        inlib
     000045D1  A$inlib$611                        inlib
     000045D1  C$inlib.c$213$1$97                 inlib
     000045D3  A$inlib$612                        inlib
     000045D5  A$inlib$613                        inlib
     000045D6  A$inlib$614                        inlib
ASxxxx Linker V03.00 + NoICE + sdld,  page 17.
Hexadecimal  [32-Bits]

Area                                    Addr        Size        Decimal Bytes (Attributes)
--------------------------------        ----        ----        ------- ----- ------------
_CODE                               00000200    000082A2 =       33442. bytes (REL,CON)

      Value  Global                              Global Defined In Module
      -----  --------------------------------   ------------------------
     000045D7  A$inlib$615                        inlib
     000045D8  A$inlib$616                        inlib
     000045D9  A$inlib$617                        inlib
     000045DB  A$inlib$618                        inlib
     000045DC  A$inlib$622                        inlib
     000045DC  C$inlib.c$215$1$97                 inlib
     000045DE  A$inlib$623                        inlib
     000045E0  A$inlib$627                        inlib
     000045E0  C$inlib.c$216$1$97                 inlib
     000045E1  A$inlib$628                        inlib
     000045E4  A$inlib$629                        inlib
     000045E5  A$inlib$630                        inlib
     000045E8  A$inlib$631                        inlib
     000045E9  A$inlib$632                        inlib
     000045EA  A$inlib$636                        inlib
     000045EA  C$inlib.c$217$1$97                 inlib
     000045EC  A$inlib$637                        inlib
     000045EE  A$inlib$638                        inlib
     000045EF  A$inlib$639                        inlib
     000045F0  A$inlib$640                        inlib
     000045F1  A$inlib$641                        inlib
     000045F2  A$inlib$645                        inlib
     000045F2  C$inlib.c$219$1$97                 inlib
     000045F5  A$inlib$646                        inlib
     000045F6  A$inlib$647                        inlib
     000045F7  A$inlib$648                        inlib
     000045F8  A$inlib$649                        inlib
     000045F9  A$inlib$650                        inlib
     000045FC  A$inlib$651                        inlib
     000045FD  A$inlib$652                        inlib
     000045FE  A$inlib$653                        inlib
     000045FF  A$inlib$657                        inlib
     000045FF  C$inlib.c$221$1$97                 inlib
     00004601  A$inlib$658                        inlib
     00004603  A$inlib$662                        inlib
     00004603  C$inlib.c$222$1$97                 inlib
     00004604  A$inlib$663                        inlib
     00004607  A$inlib$664                        inlib
     00004608  A$inlib$665                        inlib
     0000460B  A$inlib$666                        inlib
     0000460C  A$inlib$667                        inlib
     0000460D  A$inlib$671                        inlib
     0000460D  C$inlib.c$223$1$97                 inlib
     0000460F  A$inlib$672                        inlib
     00004611  A$inlib$673                        inlib
     00004612  A$inlib$674                        inlib
     00004613  A$inlib$675                        inlib
     00004614  A$inlib$676                        inlib
     00004615  A$inlib$677                        inlib
     00004617  A$inlib$678                        inlib
     00004618  A$inlib$682                        inlib
ASxxxx Linker V03.00 + NoICE + sdld,  page 18.
Hexadecimal  [32-Bits]

Area                                    Addr        Size        Decimal Bytes (Attributes)
--------------------------------        ----        ----        ------- ----- ------------
_CODE                               00000200    000082A2 =       33442. bytes (REL,CON)

      Value  Global                              Global Defined In Module
      -----  --------------------------------   ------------------------
     00004618  C$inlib.c$225$1$97                 inlib
     0000461A  A$inlib$683                        inlib
     0000461C  A$inlib$687                        inlib
     0000461C  C$inlib.c$226$1$97                 inlib
     0000461D  A$inlib$688                        inlib
     0000461E  A$inlib$689                        inlib
     00004621  A$inlib$690                        inlib
     00004622  A$inlib$691                        inlib
     00004625  A$inlib$692                        inlib
     00004626  A$inlib$693                        inlib
     00004627  A$inlib$694                        inlib
     00004628  A$inlib$698                        inlib
     00004628  C$inlib.c$227$1$97                 inlib
     0000462A  A$inlib$699                        inlib
     0000462C  A$inlib$700                        inlib
     0000462D  A$inlib$701                        inlib
     0000462E  A$inlib$705                        inlib
     0000462E  C$inlib.c$229$1$97                 inlib
     0000462F  A$inlib$706                        inlib
     00004630  A$inlib$707                        inlib
     00004631  A$inlib$708                        inlib
     00004632  A$inlib$713                        inlib
     00004632  C$inlib.c$230$1$97                 inlib
     00004632  XFinlib$sportsPad_read$0$0         inlib
     00004633  A$inlib$723                        inlib
     00004633  C$inlib.c$232$1$97                 inlib
     00004633  Finlib$detectSportsPad$0$0         inlib
     00004635  A$inlib$724                        inlib
     00004639  A$inlib$725                        inlib
     0000463B  A$inlib$726                        inlib
     0000463C  A$inlib$727                        inlib
     0000463D  A$inlib$731                        inlib
     0000463D  C$inlib.c$238$1$98                 inlib
     0000463F  A$inlib$732                        inlib
     00004641  A$inlib$736                        inlib
     00004641  C$inlib.c$240$3$100                inlib
     00004644  A$inlib$737                        inlib
     00004645  A$inlib$738                        inlib
     00004646  A$inlib$739                        inlib
     00004647  A$inlib$740                        inlib
     0000464B  A$inlib$745                        inlib
     0000464B  C$inlib.c$243$3$100                inlib
     0000464C  A$inlib$746                        inlib
     0000464F  A$inlib$747                        inlib
     00004652  A$inlib$748                        inlib
     00004653  A$inlib$752                        inlib
     00004653  C$inlib.c$246$3$100                inlib
     00004654  A$inlib$753                        inlib
     00004655  A$inlib$754                        inlib
     00004656  A$inlib$755                        inlib
     00004657  A$inlib$756                        inlib
ASxxxx Linker V03.00 + NoICE + sdld,  page 19.
Hexadecimal  [32-Bits]

Area                                    Addr        Size        Decimal Bytes (Attributes)
--------------------------------        ----        ----        ------- ----- ------------
_CODE                               00000200    000082A2 =       33442. bytes (REL,CON)

      Value  Global                              Global Defined In Module
      -----  --------------------------------   ------------------------
     0000465A  A$inlib$757                        inlib
     0000465B  A$inlib$758                        inlib
     0000465C  A$inlib$762                        inlib
     0000465C  C$inlib.c$250$1$98                 inlib
     0000465E  A$inlib$767                        inlib
     0000465E  C$inlib.c$252$5$102                inlib
     0000465F  A$inlib$768                        inlib
     00004661  A$inlib$769                        inlib
     00004662  A$inlib$770                        inlib
     00004663  A$inlib$771                        inlib
     00004664  A$inlib$772                        inlib
     00004666  A$inlib$773                        inlib
     00004667  A$inlib$774                        inlib
     00004668  A$inlib$775                        inlib
     00004669  A$inlib$776                        inlib
     0000466A  A$inlib$777                        inlib
     0000466B  A$inlib$778                        inlib
     0000466C  A$inlib$779                        inlib
     0000466E  A$inlib$783                        inlib
     0000466E  C$inlib.c$254$6$103                inlib
     0000466F  A$inlib$784                        inlib
     00004671  A$inlib$785                        inlib
     00004672  A$inlib$786                        inlib
     00004674  A$inlib$791                        inlib
     00004674  C$inlib.c$250$4$101                inlib
     00004675  A$inlib$792                        inlib
     00004676  A$inlib$793                        inlib
     00004678  A$inlib$794                        inlib
     0000467A  A$inlib$798                        inlib
     0000467A  C$inlib.c$240$2$99                 inlib
     0000467D  A$inlib$799                        inlib
     00004680  A$inlib$800                        inlib
     00004682  A$inlib$801                        inlib
     00004684  A$inlib$805                        inlib
     00004684  C$inlib.c$259$1$98                 inlib
     00004686  A$inlib$807                        inlib
     00004688  A$inlib$808                        inlib
     0000468A  A$inlib$813                        inlib
     0000468A  C$inlib.c$260$1$98                 inlib
     0000468A  XFinlib$detectSportsPad$0$0        inlib
     0000468B  A$inlib$826                        inlib
     0000468B  C$inlib.c$262$1$98                 inlib
     0000468B  C$inlib.c$266$1$104                inlib
     0000468B  Finlib$detectMouse$0$0             inlib
     0000468D  A$inlib$827                        inlib
     0000468F  A$inlib$831                        inlib
     0000468F  C$inlib.c$270$1$104                inlib
     00004691  A$inlib$832                        inlib
     00004693  A$inlib$836                        inlib
     00004693  C$inlib.c$272$1$104                inlib
     00004696  A$inlib$838                        inlib
ASxxxx Linker V03.00 + NoICE + sdld,  page 20.
Hexadecimal  [32-Bits]

Area                                    Addr        Size        Decimal Bytes (Attributes)
--------------------------------        ----        ----        ------- ----- ------------
_CODE                               00000200    000082A2 =       33442. bytes (REL,CON)

      Value  Global                              Global Defined In Module
      -----  --------------------------------   ------------------------
     00004698  A$inlib$839                        inlib
     0000469A  A$inlib$840                        inlib
     0000469C  A$inlib$844                        inlib
     0000469C  C$inlib.c$274$2$105                inlib
     0000469D  A$inlib$848                        inlib
     0000469D  C$inlib.c$275$2$105                inlib
     0000469E  A$inlib$849                        inlib
     0000469F  A$inlib$850                        inlib
     000046A1  A$inlib$854                        inlib
     000046A1  C$inlib.c$277$3$106                inlib
     000046A3  A$inlib$855                        inlib
     000046A5  A$inlib$859                        inlib
     000046A5  C$inlib.c$278$3$106                inlib
     000046A7  A$inlib$860                        inlib
     000046A8  A$inlib$865                        inlib
     000046A8  C$inlib.c$282$1$104                inlib
     000046AA  A$inlib$866                        inlib
     000046AC  A$inlib$870                        inlib
     000046AC  C$inlib.c$284$1$104                inlib
     000046AF  A$inlib$872                        inlib
     000046B1  A$inlib$873                        inlib
     000046B3  A$inlib$874                        inlib
     000046B5  A$inlib$878                        inlib
     000046B5  C$inlib.c$286$2$107                inlib
     000046B6  A$inlib$882                        inlib
     000046B6  C$inlib.c$287$2$107                inlib
     000046B7  A$inlib$883                        inlib
     000046B8  A$inlib$884                        inlib
     000046BA  A$inlib$888                        inlib
     000046BA  C$inlib.c$289$3$108                inlib
     000046BC  A$inlib$889                        inlib
     000046BE  A$inlib$893                        inlib
     000046BE  C$inlib.c$290$3$108                inlib
     000046C0  A$inlib$894                        inlib
     000046C1  A$inlib$899                        inlib
     000046C1  C$inlib.c$294$1$104                inlib
     000046C3  A$inlib$900                        inlib
     000046C5  A$inlib$904                        inlib
     000046C5  C$inlib.c$296$1$104                inlib
     000046C7  A$inlib$909                        inlib
     000046C7  C$inlib.c$297$1$104                inlib
     000046C7  XFinlib$detectMouse$0$0            inlib
     000046C8  A$inlib$922                        inlib
     000046C8  C$inlib.c$299$1$104                inlib
     000046C8  C$inlib.c$303$1$109                inlib
     000046C8  Finlib$detectGraphics2$0$0         inlib
     000046CB  A$inlib$926                        inlib
     000046CB  C$inlib.c$305$1$109                inlib
     000046CD  A$inlib$927                        inlib
     000046CF  A$inlib$928                        inlib
     000046D0  A$inlib$932                        inlib
ASxxxx Linker V03.00 + NoICE + sdld,  page 21.
Hexadecimal  [32-Bits]

Area                                    Addr        Size        Decimal Bytes (Attributes)
--------------------------------        ----        ----        ------- ----- ------------
_CODE                               00000200    000082A2 =       33442. bytes (REL,CON)

      Value  Global                              Global Defined In Module
      -----  --------------------------------   ------------------------
     000046D0  C$inlib.c$307$1$109                inlib
     000046D2  A$inlib$933                        inlib
     000046D4  A$inlib$937                        inlib
     000046D4  C$inlib.c$309$1$109                inlib
     000046D5  A$inlib$938                        inlib
     000046D6  A$inlib$939                        inlib
     000046D8  A$inlib$940                        inlib
     000046DA  A$inlib$941                        inlib
     000046DC  A$inlib$943                        inlib
     000046DD  A$inlib$945                        inlib
     000046DE  A$inlib$950                        inlib
     000046DE  C$inlib.c$310$1$109                inlib
     000046DE  XFinlib$detectGraphics2$0$0        inlib
     000046DF  A$inlib$960                        inlib
     000046DF  C$inlib.c$312$1$109                inlib
     000046DF  Finlib$readGraphics2$0$0           inlib
     000046E1  A$inlib$961                        inlib
     000046E5  A$inlib$962                        inlib
     000046E7  A$inlib$963                        inlib
     000046EA  A$inlib$964                        inlib
     000046EB  A$inlib$965                        inlib
     000046EC  A$inlib$969                        inlib
     000046EC  C$inlib.c$316$1$109                inlib
     000046EF  A$inlib$970                        inlib
     000046F0  A$inlib$971                        inlib
     000046F1  A$inlib$972                        inlib
     000046F2  A$inlib$973                        inlib
     000046F3  A$inlib$974                        inlib
     000046F4  A$inlib$975                        inlib
     000046F7  A$inlib$976                        inlib
     000046F8  A$inlib$977                        inlib
     000046FB  A$inlib$978                        inlib
     000046FE  A$inlib$979                        inlib
     00004700  A$inlib$980                        inlib
     00004703  A$inlib$981                        inlib
     00004704  A$inlib$982                        inlib
     00004707  A$inlib$983                        inlib
     0000470A  A$inlib$984                        inlib
     0000470C  A$inlib$988                        inlib
     0000470C  C$inlib.c$320$1$111                inlib
     0000470E  A$inlib$989                        inlib
     00004710  A$inlib$990                        inlib
     00004712  A$inlib$991                        inlib
     00004714  A$inlib$992                        inlib
     00004715  A$inlib$993                        inlib
     00004716  A$inlib$997                        inlib
     00004716  C$inlib.c$323$1$111                inlib
     00004718  A$inlib$998                        inlib
     0000471A  A$inlib$1002                       inlib
     0000471A  C$inlib.c$324$1$111                inlib
     0000471B  A$inlib$1003                       inlib
ASxxxx Linker V03.00 + NoICE + sdld,  page 22.
Hexadecimal  [32-Bits]

Area                                    Addr        Size        Decimal Bytes (Attributes)
--------------------------------        ----        ----        ------- ----- ------------
_CODE                               00000200    000082A2 =       33442. bytes (REL,CON)

      Value  Global                              Global Defined In Module
      -----  --------------------------------   ------------------------
     0000471C  A$inlib$1004                       inlib
     0000471F  A$inlib$1005                       inlib
     00004720  A$inlib$1006                       inlib
     00004723  A$inlib$1007                       inlib
     00004724  A$inlib$1008                       inlib
     00004725  A$inlib$1009                       inlib
     00004726  A$inlib$1013                       inlib
     00004726  C$inlib.c$325$1$111                inlib
     00004728  A$inlib$1014                       inlib
     0000472A  A$inlib$1015                       inlib
     0000472D  A$inlib$1019                       inlib
     0000472D  C$inlib.c$327$1$111                inlib
     0000472E  A$inlib$1020                       inlib
     0000472F  A$inlib$1021                       inlib
     00004731  A$inlib$1025                       inlib
     00004731  C$inlib.c$330$1$111                inlib
     00004733  A$inlib$1030                       inlib
     00004733  C$inlib.c$333$4$114                inlib
     00004735  A$inlib$1031                       inlib
     00004737  A$inlib$1035                       inlib
     00004737  C$inlib.c$334$4$114                inlib
     00004738  A$inlib$1036                       inlib
     00004739  A$inlib$1037                       inlib
     0000473C  A$inlib$1038                       inlib
     0000473D  A$inlib$1039                       inlib
     00004740  A$inlib$1040                       inlib
     00004741  A$inlib$1041                       inlib
     00004742  A$inlib$1042                       inlib
     00004743  A$inlib$1046                       inlib
     00004743  C$inlib.c$335$4$114                inlib
     00004745  A$inlib$1047                       inlib
     00004747  A$inlib$1051                       inlib
     00004747  C$inlib.c$336$4$114                inlib
     00004748  A$inlib$1052                       inlib
     00004749  A$inlib$1053                       inlib
     0000474A  A$inlib$1054                       inlib
     0000474B  A$inlib$1055                       inlib
     0000474D  A$inlib$1056                       inlib
     0000474E  A$inlib$1060                       inlib
     0000474E  C$inlib.c$339$4$114                inlib
     00004750  A$inlib$1061                       inlib
     00004752  A$inlib$1065                       inlib
     00004752  C$inlib.c$340$4$114                inlib
     00004753  A$inlib$1066                       inlib
     00004754  A$inlib$1067                       inlib
     00004757  A$inlib$1068                       inlib
     00004758  A$inlib$1069                       inlib
     0000475B  A$inlib$1070                       inlib
     0000475C  A$inlib$1071                       inlib
     0000475D  A$inlib$1072                       inlib
     0000475E  A$inlib$1076                       inlib
ASxxxx Linker V03.00 + NoICE + sdld,  page 23.
Hexadecimal  [32-Bits]

Area                                    Addr        Size        Decimal Bytes (Attributes)
--------------------------------        ----        ----        ------- ----- ------------
_CODE                               00000200    000082A2 =       33442. bytes (REL,CON)

      Value  Global                              Global Defined In Module
      -----  --------------------------------   ------------------------
     0000475E  C$inlib.c$341$4$114                inlib
     00004760  A$inlib$1077                       inlib
     00004762  A$inlib$1078                       inlib
     00004763  A$inlib$1079                       inlib
     00004764  A$inlib$1083                       inlib
     00004764  C$inlib.c$344$4$114                inlib
     00004765  A$inlib$1084                       inlib
     00004767  A$inlib$1085                       inlib
     00004768  A$inlib$1086                       inlib
     00004769  A$inlib$1090                       inlib
     00004769  C$inlib.c$330$3$113                inlib
     0000476A  A$inlib$1091                       inlib
     0000476B  A$inlib$1092                       inlib
     0000476D  A$inlib$1093                       inlib
     0000476F  A$inlib$1098                       inlib
     0000476F  C$inlib.c$348$1$111                inlib
     00004772  A$inlib$1099                       inlib
     00004775  A$inlib$1100                       inlib
     00004777  A$inlib$1101                       inlib
     00004778  A$inlib$1105                       inlib
     00004778  C$inlib.c$349$1$111                inlib
     00004779  A$inlib$1106                       inlib
     0000477A  A$inlib$1107                       inlib
     0000477B  A$inlib$1108                       inlib
     0000477E  A$inlib$1109                       inlib
     00004780  A$inlib$1110                       inlib
     00004781  A$inlib$1114                       inlib
     00004781  C$inlib.c$350$1$111                inlib
     00004782  A$inlib$1115                       inlib
     00004784  A$inlib$1116                       inlib
     00004786  A$inlib$1117                       inlib
     00004788  A$inlib$1118                       inlib
     00004789  A$inlib$1119                       inlib
     0000478C  A$inlib$1123                       inlib
     0000478C  C$inlib.c$351$1$111                inlib
     0000478D  A$inlib$1124                       inlib
     0000478E  A$inlib$1125                       inlib
     0000478F  A$inlib$1126                       inlib
     00004790  A$inlib$1127                       inlib
     00004791  A$inlib$1128                       inlib
     00004794  A$inlib$1129                       inlib
     00004797  A$inlib$1130                       inlib
     00004798  A$inlib$1131                       inlib
     00004799  A$inlib$1135                       inlib
     00004799  C$inlib.c$352$1$111                inlib
     0000479A  A$inlib$1136                       inlib
     0000479B  A$inlib$1137                       inlib
     0000479C  A$inlib$1138                       inlib
     0000479D  A$inlib$1139                       inlib
     000047A0  A$inlib$1140                       inlib
     000047A3  A$inlib$1141                       inlib
ASxxxx Linker V03.00 + NoICE + sdld,  page 24.
Hexadecimal  [32-Bits]

Area                                    Addr        Size        Decimal Bytes (Attributes)
--------------------------------        ----        ----        ------- ----- ------------
_CODE                               00000200    000082A2 =       33442. bytes (REL,CON)

      Value  Global                              Global Defined In Module
      -----  --------------------------------   ------------------------
     000047A4  A$inlib$1142                       inlib
     000047A5  A$inlib$1146                       inlib
     000047A5  C$inlib.c$354$1$111                inlib
     000047A7  A$inlib$1147                       inlib
     000047A9  A$inlib$1148                       inlib
     000047AB  A$inlib$1149                       inlib
     000047AD  A$inlib$1154                       inlib
     000047AD  C$inlib.c$355$1$111                inlib
     000047AD  XFinlib$readGraphics2$0$0          inlib
     000047AE  A$inlib$1167                       inlib
     000047AE  C$inlib.c$357$1$111                inlib
     000047AE  C$inlib.c$362$1$116                inlib
     000047AE  Finlib$readMouse$0$0               inlib
     000047B0  A$inlib$1168                       inlib
     000047B2  A$inlib$1172                       inlib
     000047B2  C$inlib.c$364$1$116                inlib
     000047B4  A$inlib$1177                       inlib
     000047B4  C$inlib.c$368$3$118                inlib
     000047B6  A$inlib$1178                       inlib
     000047B8  A$inlib$1183                       inlib
     000047B8  C$inlib.c$369$3$118                inlib
     000047BA  A$inlib$1184                       inlib
     000047BC  A$inlib$1185                       inlib
     000047BE  A$inlib$1189                       inlib
     000047BE  C$inlib.c$372$3$118                inlib
     000047C0  A$inlib$1190                       inlib
     000047C2  A$inlib$1194                       inlib
     000047C2  C$inlib.c$373$3$118                inlib
     000047C3  A$inlib$1195                       inlib
     000047C4  A$inlib$1196                       inlib
     000047C5  A$inlib$1197                       inlib
     000047C6  A$inlib$1198                       inlib
     000047C8  A$inlib$1199                       inlib
     000047C9  A$inlib$1203                       inlib
     000047C9  C$inlib.c$376$3$118                inlib
     000047CB  A$inlib$1204                       inlib
     000047CD  A$inlib$1209                       inlib
     000047CD  C$inlib.c$377$3$118                inlib
     000047CF  A$inlib$1210                       inlib
     000047D1  A$inlib$1211                       inlib
     000047D3  A$inlib$1215                       inlib
     000047D3  C$inlib.c$380$3$118                inlib
     000047D5  A$inlib$1216                       inlib
     000047D7  A$inlib$1217                       inlib
     000047D8  A$inlib$1218                       inlib
     000047D9  A$inlib$1222                       inlib
     000047D9  C$inlib.c$383$3$118                inlib
     000047DD  A$inlib$1223                       inlib
     000047DF  A$inlib$1224                       inlib
     000047E2  A$inlib$1225                       inlib
     000047E3  A$inlib$1226                       inlib
ASxxxx Linker V03.00 + NoICE + sdld,  page 25.
Hexadecimal  [32-Bits]

Area                                    Addr        Size        Decimal Bytes (Attributes)
--------------------------------        ----        ----        ------- ----- ------------
_CODE                               00000200    000082A2 =       33442. bytes (REL,CON)

      Value  Global                              Global Defined In Module
      -----  --------------------------------   ------------------------
     000047E4  A$inlib$1227                       inlib
     000047E7  A$inlib$1228                       inlib
     000047E9  A$inlib$1229                       inlib
     000047EA  A$inlib$1230                       inlib
     000047EB  A$inlib$1231                       inlib
     000047EC  A$inlib$1235                       inlib
     000047EC  C$inlib.c$364$2$117                inlib
     000047ED  A$inlib$1236                       inlib
     000047EE  A$inlib$1237                       inlib
     000047F0  A$inlib$1238                       inlib
     000047F2  A$inlib$1242                       inlib
     000047F2  C$inlib.c$386$1$116                inlib
     000047F4  A$inlib$1243                       inlib
     000047F6  A$inlib$1248                       inlib
     000047F6  C$inlib.c$387$1$116                inlib
     000047F6  XFinlib$readMouse$0$0              inlib
     000047F7  A$inlib$1261                       inlib
     000047F7  C$inlib.c$389$1$116                inlib
     000047F7  C$inlib.c$392$1$121                inlib
     000047F7  G$inlib_init$0$0                   inlib
     000047F7  _inlib_init                        inlib
     000047FA  A$inlib$1262                       inlib
     000047FC  A$inlib$1266                       inlib
     000047FC  C$inlib.c$393$1$121                inlib
     000047FF  A$inlib$1267                       inlib
     00004801  A$inlib$1271                       inlib
     00004801  C$inlib.c$395$1$121                inlib
     00004804  A$inlib$1275                       inlib
     00004804  C$inlib.c$398$1$121                inlib
     00004807  A$inlib$1279                       inlib
     00004807  C$inlib.c$399$1$121                inlib
     0000480A  A$inlib$1280                       inlib
     0000480B  A$inlib$1281                       inlib
     0000480C  A$inlib$1282                       inlib
[...]
     00007519  _SMS_VDPturnOffFeature             SMSlib
     00007532  _SMS_setBGScrollX                  SMSlib
     0000753C  _SMS_setBGScrollY                  SMSlib
     00007546  _SMS_setBackdropColor              SMSlib
     00007550  _SMS_useFirstHalfTilesforSprites   SMSlib
     00007564  _SMS_setSpriteMode                 SMSlib
     000075A9  _SMS_setBGPaletteColor             SMSlib
     000075BD  _SMS_setSpritePaletteColor         SMSlib
     000075D1  _SMS_loadBGPalette                 SMSlib
     000075E5  _SMS_loadSpritePalette             SMSlib
     000075F9  _SMS_setColor                      SMSlib
     000075FD  _SMS_initSprites                   SMSlib
     00007603  _SMS_addSprite                     SMSlib
     00007658  _SMS_finalizeSprites               SMSlib
     0000766A  _SMS_copySpritestoSAT              SMSlib
     00007693  _SMS_waitForVBlank                 SMSlib
     000076A0  _SMS_getKeysStatus                 SMSlib
     000076A4  _SMS_getKeysPressed                SMSlib
     000076C1  _SMS_getKeysHeld                   SMSlib
     000076D8  _SMS_getKeysReleased               SMSlib
     000076F5  _SMS_queryPauseRequested           SMSlib
     000076FD  _SMS_resetPauseRequest             SMSlib
     00007703  _SMS_setLineInterruptHandler       SMSlib
     00007714  _SMS_setLineCounter                SMSlib
     00007723  _SMS_getVCount                     SMSlib
     00007727  _SMS_getHCount                     SMSlib
     0000772B  _SMS_isr                           SMSlib
     00007761  _SMS_nmi_isr                       SMSlib
     00007774  _SMS_loadTiles                     SMSlib_loadTiles
     000077A5  _abs                               
     000077B1  _memcmp                            _memcmp
     00007823  ___sdcc_call_hl                    
     00007824  _SMS_VRAMmemset                    SMSlib_VRAMmemset
     00007849  _SMS_VRAMmemsetW                   SMSlib_VRAMmemset
     00007886  _vprintf                           vprintf
ASxxxx Linker V03.00 + NoICE + sdld,  page 137.
Hexadecimal  [32-Bits]

Area                                    Addr        Size        Decimal Bytes (Attributes)
--------------------------------        ----        ----        ------- ----- ------------
_CODE                               00000200    000082A2 =       33442. bytes (REL,CON)

      Value  Global                              Global Defined In Module
      -----  --------------------------------   ------------------------
     000078A6  _printf                            vprintf
     000078C3  _SMS_loadBGPaletteHalfBrightness   SMSlib_paletteAdv
     000078DA  _SMS_zeroBGPalette                 SMSlib_paletteAdv
     000078EE  _SMS_loadSpritePaletteHalfBright   SMSlib_paletteAdv
     00007905  _SMS_zeroSpritePalette             SMSlib_paletteAdv
     00007919  _SMS_loadTileMap                   SMSlib_loadTileMap
     00007A51  __print_format                     printf_large
     00008493  _strlen                            

ASxxxx Linker V03.00 + NoICE + sdld,  page 138.
Hexadecimal  [32-Bits]

Area                                    Addr        Size        Decimal Bytes (Attributes)
--------------------------------        ----        ----        ------- ----- ------------
_HEADER0                            00000000    00000006 =           6. bytes (ABS,CON)

      Value  Global                              Global Defined In Module
      -----  --------------------------------   ------------------------
     00000006  _SMS_crt0_RST08                    crt0

ASxxxx Linker V03.00 + NoICE + sdld,  page 139.
Hexadecimal  [32-Bits]

Area                                    Addr        Size        Decimal Bytes (Attributes)
--------------------------------        ----        ----        ------- ----- ------------
_HEADER1                            00000000    00000009 =           9. bytes (ABS,CON)

      Value  Global                              Global Defined In Module
      -----  --------------------------------   ------------------------
     00000011  _SMS_crt0_RST18                    crt0

ASxxxx Linker V03.00 + NoICE + sdld,  page 140.
Hexadecimal  [32-Bits]

Area                                    Addr        Size        Decimal Bytes (Attributes)
--------------------------------        ----        ----        ------- ----- ------------
_HEADER2                            00000000    0000000A =          10. bytes (ABS,CON)

      Value  Global                              Global Defined In Module
      -----  --------------------------------   ------------------------
ASxxxx Linker V03.00 + NoICE + sdld,  page 141.
Hexadecimal  [32-Bits]

Area                                    Addr        Size        Decimal Bytes (Attributes)
--------------------------------        ----        ----        ------- ----- ------------
_HEADER3                            00000000    00000003 =           3. bytes (ABS,CON)

      Value  Global                              Global Defined In Module
      -----  --------------------------------   ------------------------
ASxxxx Linker V03.00 + NoICE + sdld,  page 142.
Hexadecimal  [32-Bits]

Area                                    Addr        Size        Decimal Bytes (Attributes)
--------------------------------        ----        ----        ------- ----- ------------
_HEADER4                            00000000    00000003 =           3. bytes (ABS,CON)

      Value  Global                              Global Defined In Module
      -----  --------------------------------   ------------------------
ASxxxx Linker V03.00 + NoICE + sdld,  page 143.
Hexadecimal  [32-Bits]

Area                                    Addr        Size        Decimal Bytes (Attributes)
--------------------------------        ----        ----        ------- ----- ------------
_HEADER5                            00000000    0000012A =         298. bytes (ABS,CON)

      Value  Global                              Global Defined In Module
      -----  --------------------------------   ------------------------
     00000099  _OUTI128                           crt0
     00000119  _OUTI64                            crt0
     00000159  _OUTI32                            crt0
     00000199  _outi_block                        crt0

ASxxxx Linker V03.00 + NoICE + sdld,  page 144.
Hexadecimal  [32-Bits]

Area                                    Addr        Size        Decimal Bytes (Attributes)
--------------------------------        ----        ----        ------- ----- ------------
_INITIALIZER                        000084A2    00000481 =        1153. bytes (REL,CON)

      Value  Global                              Global Defined In Module
      -----  --------------------------------   ------------------------
     00008611  Fmain$__xinit_drawing$0$0          main
     00008612  Fmain$__xinit_paddle_mode$0$0      main
     00008613  Fmain$__xinit_fill_mode$0$0        main
     00008614  Fmain$__xinit_script$0$0           main
     00008780  Fvfont$__xinit_lowercase$0$0       vfont
     00008802  Fvfont$__xinit_uppercase$0$0       vfont
     00008884  Fvfont$__xinit_number$0$0          vfont
     000088D4  Fvfont$__xinit_symbols$0$0         vfont

ASxxxx Linker V03.00 + NoICE + sdld,  page 145.
Hexadecimal  [32-Bits]

Area                                    Addr        Size        Decimal Bytes (Attributes)
--------------------------------        ----        ----        ------- ----- ------------
_GSINIT                             00008923    0000003B =          59. bytes (REL,CON)

      Value  Global                              Global Defined In Module
      -----  --------------------------------   ------------------------
     00008923  gsinit                             crt0
     00008948  A$main$143                         main
     00008948  C$main.c$137$1$150                 main
     0000894C  A$main$144                         main
     00008950  A$main$148                         main
     00008950  C$main.c$138$1$150                 main
     00008954  A$main$149                         main
     00008958  A$main$155                         main
     00008958  C$main.c$576$1$221                 main
     0000895B  A$main$156                         main

ASxxxx Linker V03.00 + NoICE + sdld,  page 146.
Hexadecimal  [32-Bits]

Area                                    Addr        Size        Decimal Bytes (Attributes)
--------------------------------        ----        ----        ------- ----- ------------
_GSFINAL                            0000895E    00000001 =           1. bytes (REL,CON)

      Value  Global                              Global Defined In Module
      -----  --------------------------------   ------------------------
ASxxxx Linker V03.00 + NoICE + sdld,  page 147.
Hexadecimal  [32-Bits]

Area                                    Addr        Size        Decimal Bytes (Attributes)
--------------------------------        ----        ----        ------- ----- ------------
_DATA                               0000C000    00000C7A =        3194. bytes (REL,CON)

      Value  Global                              Global Defined In Module
      -----  --------------------------------   ------------------------
     0000C01C  _PSGMusicStatus                    PSGlib
     0000C01D  _PSGMusicStart                     PSGlib
     0000C01F  _PSGMusicPointer                   PSGlib
     0000C021  _PSGMusicLoopPoint                 PSGlib
     0000C023  _PSGMusicSkipFrames                PSGlib
     0000C024  _PSGLoopFlag                       PSGlib
     0000C025  _PSGMusicLastLatch                 PSGlib
     0000C026  _PSGMusicVolumeAttenuation         PSGlib
     0000C027  _PSGMusicSubstringLen              PSGlib
     0000C028  _PSGMusicSubstringRetAddr          PSGlib
     0000C02A  _PSGChan0Volume                    PSGlib
     0000C02B  _PSGChan1Volume                    PSGlib
     0000C02C  _PSGChan2Volume                    PSGlib
     0000C02D  _PSGChan3Volume                    PSGlib
     0000C02E  _PSGChan2LowTone                   PSGlib
     0000C02F  _PSGChan2HighTone                  PSGlib
     0000C030  _PSGChan3LowTone                   PSGlib
     0000C031  _PSGChannel2SFX                    PSGlib
     0000C032  _PSGChannel3SFX                    PSGlib
     0000C033  _PSGSFXChan2Volume                 PSGlib
     0000C034  _PSGSFXChan3Volume                 PSGlib
     0000C035  _PSGSFXStatus                      PSGlib
     0000C036  _PSGSFXStart                       PSGlib
     0000C038  _PSGSFXPointer                     PSGlib
     0000C03A  _PSGSFXLoopPoint                   PSGlib
     0000C03C  _PSGSFXSkipFrames                  PSGlib
     0000C03D  _PSGSFXLoopFlag                    PSGlib
     0000C03E  _PSGSFXSubstringLen                PSGlib
     0000C03F  _PSGSFXSubstringRetAddr            PSGlib
     0000C041  G$inlib_port1$0$0                  inlib
     0000C041  _inlib_port1                       inlib
     0000C046  G$inlib_port2$0$0                  inlib
     0000C046  _inlib_port2                       inlib
     0000C04B  Fmain$spriteIds$0$0                main
     0000C052  Fmain$spriteX$0$0                  main
     0000C059  Fmain$spriteY$0$0                  main
     0000C060  G$drawbuf$0$0                      main
     0000C060  _drawbuf                           main
     0000C062  G$start_pressed$0$0                main
     0000C062  _start_pressed                     main
     0000C063  Lmain.clearDisplay$msk$1$150       main
     0000C064  Lmain.clearDisplay$off$1$150       main
     0000C065  Lmain.runScript$frame$1$221        main
     0000C067  G$g_savedata$0$0                   savedata
     0000C067  _g_savedata                        savedata
     0000CBAC  G$savedata_is_sram_based$0$0       savedata
     0000CBAC  _savedata_is_sram_based            savedata
     0000CBAD  G$pen_x$0$0                        vfont
     0000CBAD  _pen_x                             vfont
     0000CBAE  G$pen_y$0$0                        vfont
ASxxxx Linker V03.00 + NoICE + sdld,  page 148.
Hexadecimal  [32-Bits]

Area                                    Addr        Size        Decimal Bytes (Attributes)
--------------------------------        ----        ----        ------- ----- ------------
_DATA                               0000C000    00000C7A =        3194. bytes (REL,CON)

      Value  Global                              Global Defined In Module
      -----  --------------------------------   ------------------------
     0000CBAE  _pen_y                             vfont
     0000CBAF  _VDPBlank                          SMSlib
     0000CBB0  _SMS_VDPFlags                      SMSlib
     0000CBB1  _PauseRequested                    SMSlib
     0000CBB2  _VDPType                           SMSlib
     0000CBB3  _KeysStatus                        SMSlib
     0000CBB5  _PreviousKeysStatus                SMSlib
     0000CBB7  _SpriteTableY                      SMSlib
     0000CBF7  _SpriteTableXN                     SMSlib
     0000CC77  _SpriteNextFree                    SMSlib
     0000CC78  _SMS_theLineInterruptHandler       SMSlib

ASxxxx Linker V03.00 + NoICE + sdld,  page 149.
Hexadecimal  [32-Bits]

Area                                    Addr        Size        Decimal Bytes (Attributes)
--------------------------------        ----        ----        ------- ----- ------------
_INITIALIZED                        0000CC7A    00000481 =        1153. bytes (REL,CON)

      Value  Global                              Global Defined In Module
      -----  --------------------------------   ------------------------
     0000CDE9  Fmain$drawing$0$0                  main
     0000CDEA  Fmain$paddle_mode$0$0              main
     0000CDEB  Fmain$fill_mode$0$0                main
     0000CDEC  G$script$0$0                       main
     0000CDEC  _script                            main
     0000CF58  G$lowercase$0$0                    vfont
     0000CF58  _lowercase                         vfont
     0000CFDA  G$uppercase$0$0                    vfont
     0000CFDA  _uppercase                         vfont
     0000D05C  G$number$0$0                       vfont
     0000D05C  _number                            vfont
     0000D0AC  G$symbols$0$0                      vfont
     0000D0AC  _symbols                           vfont
     0000D0F7  _VDPReg                            SMSlib
     0000D0F9  _spritesHeight                     SMSlib
     0000D0FA  _spritesWidth                      SMSlib

ASxxxx Linker V03.00 + NoICE + sdld,  page 150.
Hexadecimal  [32-Bits]

Area                                    Addr        Size        Decimal Bytes (Attributes)
--------------------------------        ----        ----        ------- ----- ------------
_CABS0                              00000000    00000020 =          32. bytes (ABS,CON)

      Value  Global                              Global Defined In Module
      -----  --------------------------------   ------------------------
     00008000  G$__SMS__SEGA_signature$0$0        main
     00008000  ___SMS__SEGA_signature             main

ASxxxx Linker V03.00 + NoICE + sdld,  page 151.
Hexadecimal  [32-Bits]

Area                                    Addr        Size        Decimal Bytes (Attributes)
--------------------------------        ----        ----        ------- ----- ------------
_CABS1                              00000000    00000022 =          34. bytes (ABS,CON)

      Value  Global                              Global Defined In Module
      -----  --------------------------------   ------------------------
     00007FE0  G$__SMS__SDSC_author$0$0           main
     00007FE0  ___SMS__SDSC_author                main

ASxxxx Linker V03.00 + NoICE + sdld,  page 152.
Hexadecimal  [32-Bits]

Area                                    Addr        Size        Decimal Bytes (Attributes)
--------------------------------        ----        ----        ------- ----- ------------
_CABS2                              00000000    00000018 =          24. bytes (ABS,CON)

      Value  Global                              Global Defined In Module
      -----  --------------------------------   ------------------------
     00007FCF  G$__SMS__SDSC_name$0$0             main
     00007FCF  ___SMS__SDSC_name                  main

ASxxxx Linker V03.00 + NoICE + sdld,  page 153.
Hexadecimal  [32-Bits]

Area                                    Addr        Size        Decimal Bytes (Attributes)
--------------------------------        ----        ----        ------- ----- ------------
_CABS3                              00000000    0000006E =         110. bytes (ABS,CON)

      Value  Global                              Global Defined In Module
      -----  --------------------------------   ------------------------
     00007FC3  G$__SMS__SDSC_descr$0$0            main
     00007FC3  ___SMS__SDSC_descr                 main

ASxxxx Linker V03.00 + NoICE + sdld,  page 154.
Hexadecimal  [32-Bits]

Area                                    Addr        Size        Decimal Bytes (Attributes)
--------------------------------        ----        ----        ------- ----- ------------
_CABS4                              00000000    00000020 =          32. bytes (ABS,CON)

      Value  Global                              Global Defined In Module
      -----  --------------------------------   ------------------------
     00007FF0  G$__SMS__SDSC_signature$0$0        main
     00007FF0  ___SMS__SDSC_signature             main

ASxxxx Linker V03.00 + NoICE + sdld,  page 155.

Files Linked                              [ module(s) ]

../crt0/crt0_sms.rel                      [ crt0 ]
main.rel                                  [ main ]
../lib/PSGlib.rel                         [ PSGlib ]
data.rel                                  [ data ]
data_bank2.rel                            [ data_bank2 ]
data_bank3.rel                            [ data_bank3 ]
flash.rel                                 [ flash ]
inlib.rel                                 [ inlib ]
knob.rel                                  [ knob ]
main.rel                                  [ main ]
savedata.rel                              [ savedata ]
savestruct.rel                            [ savestruct ]
sinlut.rel                                [ sinlut ]
util.rel                                  [ util ]
vfont.rel                                 [ vfont ]


Libraries Linked                          [ object file ]

../lib/SMSlib.lib                         [ SMSlib_spriteAdv.rel ]
../lib/SMSlib.lib                         [ SMSlib.rel ]
../lib/SMSlib.lib                         [ SMSlib_loadTiles.rel ]
C:\Program Files\SDCC\bin\..\lib\z80/z80.lib
                                          [ abs.rel ]
C:\Program Files\SDCC\bin\..\lib\z80/z80.lib
                                          [ _memcmp.rel ]
C:\Program Files\SDCC\bin\..\lib\z80/z80.lib
                                          [ __sdcc_call_hl.rel ]
../lib/SMSlib.lib                         [ SMSlib_VRAMmemset.rel ]
C:\Program Files\SDCC\bin\..\lib\z80/z80.lib
                                          [ vprintf.rel ]
../lib/SMSlib.lib                         [ SMSlib_paletteAdv.rel ]
../lib/SMSlib.lib                         [ SMSlib_loadTileMap.rel ]
C:\Program Files\SDCC\bin\..\lib\z80/z80.lib
                                          [ printf_large.rel ]
C:\Program Files\SDCC\bin\..\lib\z80/z80.lib
                                          [ strlen.rel ]

ASxxxx Linker V03.00 + NoICE + sdld,  page 156.

User Base Address Definitions

_CODE = 0x0200
_DATA = 0xc000


?ASlink-Warning-Undefined Global '_putchar' referenced by module 'vprintf'

?ASlink-Warning-Undefined Global '_SMS_autoSetUpTextRenderer' referenced by module 'main'

?ASlink-Warning-Undefined Global '_SMS_autoSetUpTextRenderer' referenced by module 'main'
