ASxxxx Linker V03.00 + NoICE + sdld,  page 1.
Hexadecimal  [32-Bits]

Area                                    Addr        Size        Decimal Bytes (Attributes)
--------------------------------        ----        ----        ------- ----- ------------
.  .ABS.                            00000000    00000000 =           0. bytes (ABS,CON)

      Value  Global                              Global Defined In Module
      -----  --------------------------------   ------------------------
     00000000  .__.ABS.                           
     00000000  l__BSEG                         
     00000000  l__BSS                          
     00000000  l__CABS                         
     00000000  l__DABS                         
     00000000  l__HEADER                       
     00000000  l__HEAP                         
     00000000  l__HOME                         
     00000000  s__CABS                         
     00000000  s__CABS0                        
     00000000  s__CABS1                        
     00000000  s__CABS2                        
     00000000  s__CABS3                        
     00000000  s__CABS4                        
     00000000  s__DABS                         
     00000000  s__HEADER                       
     00000000  s__HEADER0                      
     00000000  s__HEADER1                      
     00000000  s__HEADER2                      
     00000000  s__HEADER3                      
     00000000  s__HEADER4                      
     00000001  l__GSFINAL                      
     00000008  l__HEADER0                      
     00000009  l__HEADER1                      
     0000000B  l__INITIALIZED                  
     0000000B  l__INITIALIZER                  
     0000000E  l__CABS1                        
     0000000E  l__CABS2                        
     0000000F  l__GSINIT                       
     00000010  l__CABS0                        
     00000010  l__CABS4                        
     00000018  l__HEADER2                      
     0000002B  l__HEADER3                      
     00000038  l__CABS3                        
     000000BE  G$VDPDataPort$0_0$0                asm_manager
     000000BF  G$VDPControlPort$0_0$0             asm_manager
     00000104  l__HEADER4                      
     00000122  l__DATA                         
     00000200  s__CODE                         
     00003B29  l__CODE                         
     00003D29  s__HOME                         
     00003D29  s__INITIALIZER                  
     00003D34  s__GSINIT                       
     00003D43  s__GSFINAL                      
     00008000  G$SMS_SRAM$0_0$0                   _sms_manager
     00008000  _SMS_SRAM                          SMSlib_autotext
     0000C000  s__DATA                         
     0000C122  s__INITIALIZED                  
     0000C12D  s__BSEG                         
     0000C12D  s__BSS                          
ASxxxx Linker V03.00 + NoICE + sdld,  page 2.
Hexadecimal  [32-Bits]

Area                                    Addr        Size        Decimal Bytes (Attributes)
--------------------------------        ----        ----        ------- ----- ------------
.  .ABS.                            00000000    00000000 =           0. bytes (ABS,CON)

      Value  Global                              Global Defined In Module
      -----  --------------------------------   ------------------------
     0000C12D  s__HEAP                         
     0000FFFC  G$SRAM_bank_to_be_mapped_on_slot   _sms_manager
     0000FFFC  _SRAM_bank_to_be_mapped_on_slot2   SMSlib_autotext
     0000FFFF  G$ROM_bank_to_be_mapped_on_slot2   _sms_manager
     0000FFFF  _ROM_bank_to_be_mapped_on_slot2    SMSlib_autotext

ASxxxx Linker V03.00 + NoICE + sdld,  page 3.
Hexadecimal  [32-Bits]

Area                                    Addr        Size        Decimal Bytes (Attributes)
--------------------------------        ----        ----        ------- ----- ------------
_CODE                               00000200    00003B29 =       15145. bytes (REL,CON)

      Value  Global                              Global Defined In Module
      -----  --------------------------------   ------------------------
     00000200  A$main$73                          main
     00000200  C$main.c$3$0_0$112                 main
     00000200  C$main.c$5$1_0$112                 main
     00000200  G$main$0$0                         main
     00000200  _main                              main
     00000203  A$main$77                          main
     00000203  C$main.c$6$1_0$112                 main
     00000206  A$main$81                          main
     00000206  C$main.c$7$1_0$112                 main
     00000209  A$main$85                          main
     00000209  C$main.c$9$1_0$112                 main
     0000020C  A$main$86                          main
     0000020D  A$main$87                          main
     0000020E  A$main$88                          main
     0000020F  A$main$89                          main
     00000212  A$main$90                          main
     00000213  A$main$94                          main
     00000213  C$main.c$10$1_0$112                main
     00000214  A$main$95                          main
     00000215  A$main$96                          main
     00000216  A$main$97                          main
     00000219  A$main$98                          main
     0000021A  A$main$102                         main
     0000021A  C$main.c$11$1_0$112                main
     0000021D  A$main$103                         main
     0000021E  A$main$104                         main
     00000221  A$main$105                         main
     00000222  A$main$109                         main
     00000222  C$main.c$13$1_0$112                main
     00000225  A$main$113                         main
     00000225  C$main.c$14$1_0$112                main
     00000228  A$main$117                         main
     00000228  C$main.c$15$1_0$112                main
     0000022B  A$main$121                         main
     0000022B  C$main.c$17$1_0$112                main
     0000022E  A$main$126                         main
     0000022E  C$main.c$20$3_0$114                main
     00000231  A$main$130                         main
     00000231  C$main.c$21$3_0$114                main
     00000234  A$main$134                         main
     00000234  C$main.c$22$3_0$114                main
     00000237  A$main$138                         main
     00000237  C$main.c$24$3_0$114                main
     0000023A  A$main$142                         main
     0000023A  C$main.c$25$3_0$114                main
     0000023D  A$main$146                         main
     0000023D  C$main.c$26$3_0$114                main
     00000240  A$main$154                         main
     00000240  C$main.c$28$2_0$112                main
     00000240  XG$main$0$0                        main
ASxxxx Linker V03.00 + NoICE + sdld,  page 4.
Hexadecimal  [32-Bits]

Area                                    Addr        Size        Decimal Bytes (Attributes)
--------------------------------        ----        ----        ------- ----- ------------
_CODE                               00000200    00003B29 =       15145. bytes (REL,CON)

      Value  Global                              Global Defined In Module
      -----  --------------------------------   ------------------------
     00000242  _PSGStop                           PSGlib
     00000269  _PSGResume                         PSGlib
     000002B5  _PSGPlay                           PSGlib
     000002E2  _PSGCancelLoop                     PSGlib
     000002E8  _PSGPlayNoRepeat                   PSGlib
     000002F7  _PSGGetStatus                      PSGlib
     000002FF  _PSGSilenceChannels                PSGlib
     00000310  _PSGRestoreVolumes                 PSGlib
     0000040F  _PSGSetMusicVolumeAttenuation      PSGlib
     000004FE  _PSGSFXStop                        PSGlib
     000005C8  _PSGSFXPlay                        PSGlib
     00000615  _PSGSFXCancelLoop                  PSGlib
     0000061B  _PSGSFXGetStatus                   PSGlib
     00000623  _PSGSFXPlayLoop                    PSGlib
     00000644  _PSGFrame                          PSGlib
     0000075D  _PSGSFXFrame                       PSGlib
     000007E3  A$asm_manager$59                   asm_manager
     000007E3  C$asm_manager.c$11$0_0$1           asm_manager
     000007E3  C$asm_manager.c$30$1_0$1           asm_manager
     000007E3  G$engine_asm_manager_clear_VRAM$   asm_manager
     000007E3  _engine_asm_manager_clear_VRAM     asm_manager
     000007E5  A$asm_manager$60                   asm_manager
     000007E7  A$asm_manager$61                   asm_manager
     000007E9  A$asm_manager$62                   asm_manager
     000007EB  A$asm_manager$63                   asm_manager
     000007EE  A$asm_manager$65                   asm_manager
     000007F0  A$asm_manager$66                   asm_manager
     000007F2  A$asm_manager$67                   asm_manager
     000007F3  A$asm_manager$68                   asm_manager
     000007F4  A$asm_manager$69                   asm_manager
     000007F5  A$asm_manager$70                   asm_manager
     000007F8  A$asm_manager$78                   asm_manager
     000007F8  C$asm_manager.c$33$1_0$1           asm_manager
     000007F8  XG$engine_asm_manager_clear_VRAM   asm_manager
     000007F9  A$content_manager$59               content_manager
     000007F9  C$content_manager.c$12$1_0$81      content_manager
     000007F9  C$content_manager.c$9$0_0$81       content_manager
     000007F9  G$engine_content_manager_load_ti   content_manager
     000007F9  _engine_content_manager_load_til   content_manager
     000007FC  A$content_manager$60               content_manager
     000007FD  A$content_manager$61               content_manager
     00000800  A$content_manager$62               content_manager
     00000801  A$content_manager$63               content_manager
     00000804  A$content_manager$64               content_manager
     00000805  A$content_manager$68               content_manager
     00000805  C$content_manager.c$13$1_0$81      content_manager
     00000808  A$content_manager$69               content_manager
     00000809  A$content_manager$70               content_manager
     0000080C  A$content_manager$74               content_manager
     0000080C  C$content_manager.c$16$1_0$81      content_manager
     0000080F  A$content_manager$75               content_manager
ASxxxx Linker V03.00 + NoICE + sdld,  page 5.
Hexadecimal  [32-Bits]

Area                                    Addr        Size        Decimal Bytes (Attributes)
--------------------------------        ----        ----        ------- ----- ------------
_CODE                               00000200    00003B29 =       15145. bytes (REL,CON)

      Value  Global                              Global Defined In Module
      -----  --------------------------------   ------------------------
     00000810  A$content_manager$76               content_manager
     00000813  A$content_manager$77               content_manager
     00000814  A$content_manager$78               content_manager
     00000817  A$content_manager$79               content_manager
     00000818  A$content_manager$83               content_manager
     00000818  C$content_manager.c$17$1_0$81      content_manager
     0000081B  A$content_manager$84               content_manager
     0000081C  A$content_manager$85               content_manager
     0000081F  A$content_manager$86               content_manager
     00000820  A$content_manager$94               content_manager
     00000820  C$content_manager.c$18$1_0$81      content_manager
     00000820  XG$engine_content_manager_load_t   content_manager
     00000821  A$content_manager$107              content_manager
     00000821  C$content_manager.c$20$1_0$82      content_manager
     00000821  C$content_manager.c$23$1_0$82      content_manager
     00000821  G$engine_content_manager_load_sp   content_manager
     00000821  _engine_content_manager_load_spr   content_manager
     00000824  A$content_manager$108              content_manager
     00000825  A$content_manager$109              content_manager
     00000828  A$content_manager$110              content_manager
     00000829  A$content_manager$111              content_manager
     0000082C  A$content_manager$112              content_manager
     0000082D  A$content_manager$116              content_manager
     0000082D  C$content_manager.c$24$1_0$82      content_manager
     00000830  A$content_manager$117              content_manager
     00000831  A$content_manager$118              content_manager
     00000834  A$content_manager$119              content_manager
     00000835  A$content_manager$127              content_manager
     00000835  C$content_manager.c$25$1_0$82      content_manager
     00000835  XG$engine_content_manager_load_s   content_manager
     00000836  A$font_manager$57                  font_manager
     00000836  C$font_manager.c$10$0_0$86         font_manager
     00000836  G$engine_font_manager_draw_char$   font_manager
     00000836  _engine_font_manager_draw_char     font_manager
     00000838  A$font_manager$58                  font_manager
     0000083C  A$font_manager$59                  font_manager
     0000083E  A$font_manager$66                  font_manager
     0000083E  C$font_manager.c$12$2_0$86         font_manager
     0000083E  C$font_manager.c$13$1_0$86         font_manager
     00000841  A$font_manager$67                  font_manager
     00000843  A$font_manager$68                  font_manager
     00000844  A$font_manager$72                  font_manager
     00000844  C$font_manager.c$14$1_0$86         font_manager
     00000845  A$font_manager$73                  font_manager
     00000848  A$font_manager$74                  font_manager
     0000084B  A$font_manager$75                  font_manager
     0000084C  A$font_manager$76                  font_manager
     0000084F  A$font_manager$77                  font_manager
     00000850  A$font_manager$78                  font_manager
     00000851  A$font_manager$82                  font_manager
     00000851  C$font_manager.c$15$1_0$86         font_manager
ASxxxx Linker V03.00 + NoICE + sdld,  page 6.
Hexadecimal  [32-Bits]

Area                                    Addr        Size        Decimal Bytes (Attributes)
--------------------------------        ----        ----        ------- ----- ------------
_CODE                               00000200    00003B29 =       15145. bytes (REL,CON)

      Value  Global                              Global Defined In Module
      -----  --------------------------------   ------------------------
     00000854  A$font_manager$83                  font_manager
     00000855  A$font_manager$84                  font_manager
     00000857  A$font_manager$85                  font_manager
     00000859  A$font_manager$86                  font_manager
     0000085A  A$font_manager$87                  font_manager
     0000085B  A$font_manager$88                  font_manager
     0000085E  A$font_manager$89                  font_manager
     0000085F  A$font_manager$93                  font_manager
     00000861  A$font_manager$98                  font_manager
     00000861  C$font_manager.c$16$1_0$86         font_manager
     00000861  XG$engine_font_manager_draw_char   font_manager
     00000862  A$font_manager$108                 font_manager
     00000862  C$font_manager.c$18$1_0$88         font_manager
     00000862  G$engine_font_manager_draw_text$   font_manager
     00000862  _engine_font_manager_draw_text     font_manager
     00000864  A$font_manager$109                 font_manager
     00000868  A$font_manager$110                 font_manager
     0000086A  A$font_manager$111                 font_manager
     0000086B  A$font_manager$118                 font_manager
     0000086B  C$font_manager.c$20$2_0$88         font_manager
     0000086B  C$font_manager.c$23$1_0$88         font_manager
     0000086E  A$font_manager$119                 font_manager
     00000871  A$font_manager$120                 font_manager
     00000873  A$font_manager$122                 font_manager
     00000876  A$font_manager$123                 font_manager
     00000879  A$font_manager$124                 font_manager
     0000087B  A$font_manager$125                 font_manager
     0000087C  A$font_manager$126                 font_manager
     0000087D  A$font_manager$127                 font_manager
     0000087E  A$font_manager$128                 font_manager
     00000880  A$font_manager$132                 font_manager
     00000880  C$font_manager.c$25$2_0$89         font_manager
     00000882  A$font_manager$133                 font_manager
     00000883  A$font_manager$137                 font_manager
     00000883  C$font_manager.c$26$2_0$89         font_manager
     00000886  A$font_manager$138                 font_manager
     00000889  A$font_manager$139                 font_manager
     0000088C  A$font_manager$140                 font_manager
     0000088F  A$font_manager$141                 font_manager
     00000890  A$font_manager$142                 font_manager
     00000893  A$font_manager$143                 font_manager
     00000894  A$font_manager$144                 font_manager
     00000895  A$font_manager$145                 font_manager
     00000896  A$font_manager$146                 font_manager
     00000897  A$font_manager$147                 font_manager
     0000089A  A$font_manager$148                 font_manager
     0000089B  A$font_manager$149                 font_manager
     0000089C  A$font_manager$153                 font_manager
     0000089C  C$font_manager.c$27$2_0$89         font_manager
     0000089F  A$font_manager$154                 font_manager
     000008A0  A$font_manager$155                 font_manager
ASxxxx Linker V03.00 + NoICE + sdld,  page 7.
Hexadecimal  [32-Bits]

Area                                    Addr        Size        Decimal Bytes (Attributes)
--------------------------------        ----        ----        ------- ----- ------------
_CODE                               00000200    00003B29 =       15145. bytes (REL,CON)

      Value  Global                              Global Defined In Module
      -----  --------------------------------   ------------------------
     000008A2  A$font_manager$156                 font_manager
     000008A3  A$font_manager$157                 font_manager
     000008A4  A$font_manager$158                 font_manager
     000008A5  A$font_manager$159                 font_manager
     000008A6  A$font_manager$160                 font_manager
     000008A7  A$font_manager$161                 font_manager
     000008A8  A$font_manager$162                 font_manager
     000008A9  A$font_manager$163                 font_manager
     000008AA  A$font_manager$164                 font_manager
     000008AD  A$font_manager$165                 font_manager
     000008AE  A$font_manager$166                 font_manager
     000008AF  A$font_manager$170                 font_manager
     000008AF  C$font_manager.c$28$2_0$89         font_manager
     000008B0  A$font_manager$171                 font_manager
     000008B2  A$font_manager$176                 font_manager
     000008B3  A$font_manager$177                 font_manager
     000008B5  A$font_manager$182                 font_manager
     000008B5  C$font_manager.c$30$1_0$88         font_manager
     000008B5  XG$engine_font_manager_draw_text   font_manager
     000008B6  A$font_manager$192                 font_manager
     000008B6  C$font_manager.c$32$1_0$92         font_manager
     000008B6  G$engine_font_manager_draw_data$   font_manager
     000008B6  _engine_font_manager_draw_data     font_manager
     000008B8  A$font_manager$193                 font_manager
     000008BC  A$font_manager$194                 font_manager
     000008BE  A$font_manager$195                 font_manager
     000008C1  A$font_manager$196                 font_manager
     000008C2  A$font_manager$197                 font_manager
     000008C3  A$font_manager$204                 font_manager
     000008C3  C$font_manager.c$34$2_0$92         font_manager
     000008C3  C$font_manager.c$43$3_0$93         font_manager
     000008C6  A$font_manager$205                 font_manager
     000008C7  A$font_manager$206                 font_manager
     000008C8  A$font_manager$207                 font_manager
     000008C9  A$font_manager$208                 font_manager
     000008CC  A$font_manager$209                 font_manager
     000008CF  A$font_manager$210                 font_manager
     000008D3  A$font_manager$215                 font_manager
     000008D3  C$font_manager.c$45$2_0$92         font_manager
     000008D4  A$font_manager$216                 font_manager
     000008D7  A$font_manager$217                 font_manager
     000008D8  A$font_manager$218                 font_manager
     000008DB  A$font_manager$219                 font_manager
     000008DE  A$font_manager$220                 font_manager
     000008DF  A$font_manager$221                 font_manager
     000008E2  A$font_manager$222                 font_manager
     000008E3  A$font_manager$223                 font_manager
     000008E4  A$font_manager$224                 font_manager
     000008E5  A$font_manager$225                 font_manager
     000008E6  A$font_manager$226                 font_manager
     000008E9  A$font_manager$227                 font_manager
ASxxxx Linker V03.00 + NoICE + sdld,  page 8.
Hexadecimal  [32-Bits]

Area                                    Addr        Size        Decimal Bytes (Attributes)
--------------------------------        ----        ----        ------- ----- ------------
_CODE                               00000200    00003B29 =       15145. bytes (REL,CON)

      Value  Global                              Global Defined In Module
      -----  --------------------------------   ------------------------
     000008EC  A$font_manager$231                 font_manager
     000008EC  C$font_manager.c$46$2_0$92         font_manager
     000008ED  A$font_manager$232                 font_manager
     000008EE  A$font_manager$233                 font_manager
     000008F1  A$font_manager$234                 font_manager
     000008F2  A$font_manager$235                 font_manager
     000008F5  A$font_manager$236                 font_manager
     000008F8  A$font_manager$237                 font_manager
     000008F9  A$font_manager$238                 font_manager
     000008FC  A$font_manager$239                 font_manager
     000008FD  A$font_manager$240                 font_manager
     000008FE  A$font_manager$241                 font_manager
     000008FF  A$font_manager$242                 font_manager
     00000900  A$font_manager$243                 font_manager
     00000903  A$font_manager$247                 font_manager
     00000903  C$font_manager.c$48$3_0$93         font_manager
     00000906  A$font_manager$248                 font_manager
     00000908  A$font_manager$249                 font_manager
     00000909  A$font_manager$250                 font_manager
     0000090C  A$font_manager$251                 font_manager
     0000090D  A$font_manager$255                 font_manager
     0000090D  C$font_manager.c$49$3_0$93         font_manager
     00000910  A$font_manager$256                 font_manager
     00000913  A$font_manager$260                 font_manager
     00000913  C$font_manager.c$51$3_0$93         font_manager
     00000916  A$font_manager$261                 font_manager
     00000918  A$font_manager$262                 font_manager
     00000919  A$font_manager$266                 font_manager
     00000919  C$font_manager.c$52$3_0$93         font_manager
     0000091C  A$font_manager$267                 font_manager
     0000091F  A$font_manager$268                 font_manager
     00000921  A$font_manager$269                 font_manager
     00000924  A$font_manager$270                 font_manager
     00000925  A$font_manager$271                 font_manager
     00000927  A$font_manager$272                 font_manager
     0000092A  A$font_manager$273                 font_manager
     0000092B  A$font_manager$274                 font_manager
     0000092D  A$font_manager$278                 font_manager
     0000092D  C$font_manager.c$55$4_0$94         font_manager
     0000092F  A$font_manager$283                 font_manager
     0000092F  C$font_manager.c$58$3_0$93         font_manager
     00000932  A$font_manager$284                 font_manager
     00000935  A$font_manager$285                 font_manager
     00000938  A$font_manager$286                 font_manager
     0000093B  A$font_manager$287                 font_manager
     0000093C  A$font_manager$288                 font_manager
     0000093D  A$font_manager$289                 font_manager
     00000940  A$font_manager$290                 font_manager
     00000941  A$font_manager$291                 font_manager
     00000942  A$font_manager$292                 font_manager
     00000943  A$font_manager$293                 font_manager
ASxxxx Linker V03.00 + NoICE + sdld,  page 9.
Hexadecimal  [32-Bits]

Area                                    Addr        Size        Decimal Bytes (Attributes)
--------------------------------        ----        ----        ------- ----- ------------
_CODE                               00000200    00003B29 =       15145. bytes (REL,CON)

      Value  Global                              Global Defined In Module
      -----  --------------------------------   ------------------------
     00000944  A$font_manager$294                 font_manager
     00000947  A$font_manager$295                 font_manager
     00000948  A$font_manager$296                 font_manager
     00000949  A$font_manager$297                 font_manager
     0000094A  A$font_manager$301                 font_manager
     0000094A  C$font_manager.c$59$3_0$93         font_manager
     0000094D  A$font_manager$302                 font_manager
     0000094E  A$font_manager$303                 font_manager
     00000950  A$font_manager$304                 font_manager
     00000951  A$font_manager$305                 font_manager
     00000952  A$font_manager$306                 font_manager
     00000953  A$font_manager$307                 font_manager
     00000954  A$font_manager$308                 font_manager
     00000955  A$font_manager$309                 font_manager
     00000956  A$font_manager$310                 font_manager
     00000957  A$font_manager$311                 font_manager
     0000095A  A$font_manager$312                 font_manager
     0000095B  A$font_manager$313                 font_manager
     0000095C  A$font_manager$317                 font_manager
     0000095C  C$font_manager.c$43$2_0$92         font_manager
     0000095F  A$font_manager$318                 font_manager
     00000962  A$font_manager$319                 font_manager
     00000964  A$font_manager$320                 font_manager
     00000967  A$font_manager$324                 font_manager
     00000969  A$font_manager$325                 font_manager
     0000096B  A$font_manager$330                 font_manager
     0000096B  C$font_manager.c$61$2_0$92         font_manager
     0000096B  XG$engine_font_manager_draw_data   font_manager
     0000096C  A$font_manager$340                 font_manager
     0000096C  C$font_manager.c$63$2_0$97         font_manager
     0000096C  G$engine_font_manager_draw_zero$   font_manager
     0000096C  _engine_font_manager_draw_zero     font_manager
     0000096E  A$font_manager$341                 font_manager
     00000972  A$font_manager$342                 font_manager
     00000974  A$font_manager$343                 font_manager
     00000977  A$font_manager$344                 font_manager
     00000978  A$font_manager$345                 font_manager
     00000979  A$font_manager$352                 font_manager
     00000979  C$font_manager.c$65$2_0$97         font_manager
     00000979  C$font_manager.c$72$3_0$98         font_manager
     0000097C  A$font_manager$353                 font_manager
     0000097D  A$font_manager$354                 font_manager
     00000980  A$font_manager$355                 font_manager
     00000983  A$font_manager$356                 font_manager
     00000986  A$font_manager$357                 font_manager
     00000989  A$font_manager$358                 font_manager
     0000098B  A$font_manager$363                 font_manager
     0000098B  C$font_manager.c$74$3_0$98         font_manager
     0000098E  A$font_manager$364                 font_manager
     00000991  A$font_manager$365                 font_manager
     00000993  A$font_manager$366                 font_manager
ASxxxx Linker V03.00 + NoICE + sdld,  page 10.
Hexadecimal  [32-Bits]

Area                                    Addr        Size        Decimal Bytes (Attributes)
--------------------------------        ----        ----        ------- ----- ------------
_CODE                               00000200    00003B29 =       15145. bytes (REL,CON)

      Value  Global                              Global Defined In Module
      -----  --------------------------------   ------------------------
     00000994  A$font_manager$367                 font_manager
     00000995  A$font_manager$368                 font_manager
     00000996  A$font_manager$369                 font_manager
     00000999  A$font_manager$370                 font_manager
     0000099A  A$font_manager$371                 font_manager
     0000099D  A$font_manager$372                 font_manager
     000009A0  A$font_manager$373                 font_manager
     000009A1  A$font_manager$374                 font_manager
     000009A4  A$font_manager$375                 font_manager
     000009A5  A$font_manager$376                 font_manager
     000009A6  A$font_manager$377                 font_manager
     000009A7  A$font_manager$378                 font_manager
     000009A8  A$font_manager$379                 font_manager
     000009A9  A$font_manager$380                 font_manager
     000009AA  A$font_manager$381                 font_manager
     000009AB  A$font_manager$385                 font_manager
     000009AB  C$font_manager.c$75$2_0$97         font_manager
     000009AC  A$font_manager$386                 font_manager
     000009AF  A$font_manager$387                 font_manager
     000009B0  A$font_manager$388                 font_manager
     000009B3  A$font_manager$389                 font_manager
     000009B6  A$font_manager$390                 font_manager
     000009B7  A$font_manager$391                 font_manager
     000009BA  A$font_manager$392                 font_manager
     000009BB  A$font_manager$393                 font_manager
     000009BC  A$font_manager$394                 font_manager
     000009BD  A$font_manager$395                 font_manager
     000009C0  A$font_manager$396                 font_manager
     000009C3  A$font_manager$400                 font_manager
     000009C3  C$font_manager.c$77$3_0$98         font_manager
     000009C4  A$font_manager$401                 font_manager
     000009C6  A$font_manager$402                 font_manager
     000009C7  A$font_manager$406                 font_manager
     000009C7  C$font_manager.c$79$3_0$98         font_manager
     000009CA  A$font_manager$407                 font_manager
     000009CD  A$font_manager$408                 font_manager
     000009D0  A$font_manager$409                 font_manager
     000009D3  A$font_manager$410                 font_manager
     000009D4  A$font_manager$411                 font_manager
     000009D5  A$font_manager$412                 font_manager
     000009D8  A$font_manager$413                 font_manager
     000009D9  A$font_manager$414                 font_manager
     000009DA  A$font_manager$415                 font_manager
     000009DB  A$font_manager$416                 font_manager
     000009DC  A$font_manager$417                 font_manager
     000009DF  A$font_manager$418                 font_manager
     000009E0  A$font_manager$419                 font_manager
     000009E1  A$font_manager$420                 font_manager
     000009E2  A$font_manager$424                 font_manager
     000009E2  C$font_manager.c$80$3_0$98         font_manager
     000009E5  A$font_manager$425                 font_manager
ASxxxx Linker V03.00 + NoICE + sdld,  page 11.
Hexadecimal  [32-Bits]

Area                                    Addr        Size        Decimal Bytes (Attributes)
--------------------------------        ----        ----        ------- ----- ------------
_CODE                               00000200    00003B29 =       15145. bytes (REL,CON)

      Value  Global                              Global Defined In Module
      -----  --------------------------------   ------------------------
     000009E6  A$font_manager$426                 font_manager
     000009E8  A$font_manager$427                 font_manager
     000009EA  A$font_manager$428                 font_manager
     000009EB  A$font_manager$429                 font_manager
     000009EC  A$font_manager$430                 font_manager
     000009ED  A$font_manager$431                 font_manager
     000009F0  A$font_manager$432                 font_manager
     000009F1  A$font_manager$433                 font_manager
     000009F2  A$font_manager$437                 font_manager
     000009F2  C$font_manager.c$72$2_0$97         font_manager
     000009F3  A$font_manager$438                 font_manager
     000009F4  A$font_manager$439                 font_manager
     000009F6  A$font_manager$440                 font_manager
     000009F8  A$font_manager$444                 font_manager
     000009FA  A$font_manager$445                 font_manager
     000009FC  A$font_manager$450                 font_manager
     000009FC  C$font_manager.c$82$2_0$97         font_manager
     000009FC  XG$engine_font_manager_draw_zero   font_manager
     000009FD  A$gamer_manager$65                 gamer_manager
     000009FD  C$gamer_manager.c$11$0_0$85        gamer_manager
     000009FD  C$gamer_manager.c$13$1_0$85        gamer_manager
     000009FD  C$gamer_manager.c$14$1_0$85        gamer_manager
     000009FD  G$engine_gamer_manager_init$0$0    gamer_manager
     000009FD  _engine_gamer_manager_init         gamer_manager
     00000A00  A$gamer_manager$66                 gamer_manager
     00000A04  A$gamer_manager$67                 gamer_manager
     00000A06  A$gamer_manager$68                 gamer_manager
     00000A09  A$gamer_manager$69                 gamer_manager
     00000A0A  A$gamer_manager$73                 gamer_manager
     00000A0A  C$gamer_manager.c$15$1_0$85        gamer_manager
     00000A0D  A$gamer_manager$74                 gamer_manager
     00000A10  A$gamer_manager$75                 gamer_manager
     00000A12  A$gamer_manager$76                 gamer_manager
     00000A13  A$gamer_manager$80                 gamer_manager
     00000A13  C$gamer_manager.c$16$1_0$85        gamer_manager
     00000A16  A$gamer_manager$81                 gamer_manager
     00000A19  A$gamer_manager$82                 gamer_manager
     00000A1B  A$gamer_manager$83                 gamer_manager
     00000A1C  A$gamer_manager$87                 gamer_manager
     00000A1C  C$gamer_manager.c$17$1_0$85        gamer_manager
     00000A1F  A$gamer_manager$88                 gamer_manager
     00000A22  A$gamer_manager$89                 gamer_manager
     00000A24  A$gamer_manager$90                 gamer_manager
     00000A25  A$gamer_manager$91                 gamer_manager
     00000A26  A$gamer_manager$92                 gamer_manager
     00000A29  A$gamer_manager$93                 gamer_manager
     00000A2A  A$gamer_manager$101                gamer_manager
     00000A2A  C$gamer_manager.c$18$1_0$85        gamer_manager
     00000A2A  XG$engine_gamer_manager_init$0$0   gamer_manager
     00000A2B  A$gamer_manager$111                gamer_manager
     00000A2B  C$gamer_manager.c$20$1_0$87        gamer_manager
ASxxxx Linker V03.00 + NoICE + sdld,  page 12.
Hexadecimal  [32-Bits]

Area                                    Addr        Size        Decimal Bytes (Attributes)
--------------------------------        ----        ----        ------- ----- ------------
_CODE                               00000200    00003B29 =       15145. bytes (REL,CON)

      Value  Global                              Global Defined In Module
      -----  --------------------------------   ------------------------
     00000A2B  G$engine_gamer_manager_update$0$   gamer_manager
     00000A2B  _engine_gamer_manager_update       gamer_manager
     00000A2D  A$gamer_manager$112                gamer_manager
     00000A31  A$gamer_manager$113                gamer_manager
     00000A33  A$gamer_manager$117                gamer_manager
     00000A33  C$gamer_manager.c$22$1_0$87        gamer_manager
     00000A36  A$gamer_manager$121                gamer_manager
     00000A36  C$gamer_manager.c$23$1_0$87        gamer_manager
     00000A37  A$gamer_manager$122                gamer_manager
     00000A38  A$gamer_manager$123                gamer_manager
     00000A3B  A$gamer_manager$124                gamer_manager
     00000A3C  A$gamer_manager$125                gamer_manager
     00000A3D  A$gamer_manager$126                gamer_manager
     00000A40  A$gamer_manager$127                gamer_manager
     00000A42  A$gamer_manager$128                gamer_manager
     00000A43  A$gamer_manager$129                gamer_manager
     00000A45  A$gamer_manager$131                gamer_manager
     00000A46  A$gamer_manager$132                gamer_manager
     00000A48  A$gamer_manager$133                gamer_manager
     00000A49  A$gamer_manager$135                gamer_manager
     00000A4B  A$gamer_manager$136                gamer_manager
     00000A4C  A$gamer_manager$137                gamer_manager
     00000A4D  A$gamer_manager$138                gamer_manager
     00000A4E  A$gamer_manager$139                gamer_manager
     00000A4F  A$gamer_manager$143                gamer_manager
     00000A4F  C$gamer_manager.c$24$1_0$87        gamer_manager
     00000A50  A$gamer_manager$144                gamer_manager
     00000A51  A$gamer_manager$145                gamer_manager
     00000A52  A$gamer_manager$146                gamer_manager
     00000A55  A$gamer_manager$147                gamer_manager
     00000A56  A$gamer_manager$148                gamer_manager
     00000A57  A$gamer_manager$149                gamer_manager
     00000A5A  A$gamer_manager$150                gamer_manager
     00000A5C  A$gamer_manager$151                gamer_manager
     00000A5D  A$gamer_manager$152                gamer_manager
     00000A5F  A$gamer_manager$154                gamer_manager
     00000A60  A$gamer_manager$155                gamer_manager
     00000A62  A$gamer_manager$156                gamer_manager
     00000A63  A$gamer_manager$158                gamer_manager
     00000A65  A$gamer_manager$159                gamer_manager
     00000A66  A$gamer_manager$160                gamer_manager
     00000A67  A$gamer_manager$161                gamer_manager
     00000A68  A$gamer_manager$162                gamer_manager
     00000A69  A$gamer_manager$166                gamer_manager
     00000A6B  A$gamer_manager$171                gamer_manager
     00000A6B  C$gamer_manager.c$25$1_0$87        gamer_manager
     00000A6B  XG$engine_gamer_manager_update$0   gamer_manager
     00000A6C  A$gamer_manager$187                gamer_manager
     00000A6C  C$gamer_manager.c$27$1_0$88        gamer_manager
     00000A6C  C$gamer_manager.c$29$1_0$88        gamer_manager
     00000A6C  C$gamer_manager.c$30$1_0$88        gamer_manager
ASxxxx Linker V03.00 + NoICE + sdld,  page 13.
Hexadecimal  [32-Bits]

Area                                    Addr        Size        Decimal Bytes (Attributes)
--------------------------------        ----        ----        ------- ----- ------------
_CODE                               00000200    00003B29 =       15145. bytes (REL,CON)

      Value  Global                              Global Defined In Module
      -----  --------------------------------   ------------------------
     00000A6C  G$engine_gamer_manager_draw$0$0    gamer_manager
     00000A6C  _engine_gamer_manager_draw         gamer_manager
     00000A6F  A$gamer_manager$188                gamer_manager
     00000A72  A$gamer_manager$189                gamer_manager
     00000A73  A$gamer_manager$190                gamer_manager
     00000A76  A$gamer_manager$191                gamer_manager
     00000A77  A$gamer_manager$192                gamer_manager
     00000A78  A$gamer_manager$193                gamer_manager
     00000A79  A$gamer_manager$194                gamer_manager
     00000A7C  A$gamer_manager$195                gamer_manager
     00000A7D  A$gamer_manager$196                gamer_manager
     00000A7E  A$gamer_manager$204                gamer_manager
     00000A7E  C$gamer_manager.c$31$1_0$88        gamer_manager
     00000A7E  XG$engine_gamer_manager_draw$0$0   gamer_manager
     00000A7F  A$input_manager$80                 input_manager
     00000A7F  C$input_manager.c$13$0_0$83        input_manager
     00000A7F  C$input_manager.c$15$1_0$83        input_manager
     00000A7F  G$engine_input_manager_update$0$   input_manager
     00000A7F  _engine_input_manager_update       input_manager
     00000A82  A$input_manager$81                 input_manager
     00000A85  A$input_manager$85                 input_manager
     00000A85  C$input_manager.c$16$1_0$83        input_manager
     00000A88  A$input_manager$86                 input_manager
     00000A8B  A$input_manager$94                 input_manager
     00000A8B  C$input_manager.c$17$1_0$83        input_manager
     00000A8B  XG$engine_input_manager_update$0   input_manager
     00000A8C  A$input_manager$107                input_manager
     00000A8C  C$input_manager.c$20$1_0$84        input_manager
     00000A8C  C$input_manager.c$22$1_0$84        input_manager
     00000A8C  G$engine_input_manager_hold_up$0   input_manager
     00000A8C  _engine_input_manager_hold_up      input_manager
     00000A8F  A$input_manager$108                input_manager
     00000A90  A$input_manager$109                input_manager
     00000A93  A$input_manager$110                input_manager
     00000A94  A$input_manager$118                input_manager
     00000A94  C$input_manager.c$23$1_0$84        input_manager
     00000A94  XG$engine_input_manager_hold_up$   input_manager
     00000A95  A$input_manager$131                input_manager
     00000A95  C$input_manager.c$24$1_0$85        input_manager
     00000A95  C$input_manager.c$26$1_0$85        input_manager
     00000A95  G$engine_input_manager_hold_down   input_manager
     00000A95  _engine_input_manager_hold_down    input_manager
     00000A98  A$input_manager$132                input_manager
     00000A99  A$input_manager$133                input_manager
     00000A9C  A$input_manager$134                input_manager
     00000A9D  A$input_manager$142                input_manager
     00000A9D  C$input_manager.c$27$1_0$85        input_manager
     00000A9D  XG$engine_input_manager_hold_dow   input_manager
     00000A9E  A$input_manager$155                input_manager
     00000A9E  C$input_manager.c$28$1_0$86        input_manager
     00000A9E  C$input_manager.c$30$1_0$86        input_manager
ASxxxx Linker V03.00 + NoICE + sdld,  page 14.
Hexadecimal  [32-Bits]

Area                                    Addr        Size        Decimal Bytes (Attributes)
--------------------------------        ----        ----        ------- ----- ------------
_CODE                               00000200    00003B29 =       15145. bytes (REL,CON)

      Value  Global                              Global Defined In Module
      -----  --------------------------------   ------------------------
     00000A9E  G$engine_input_manager_hold_left   input_manager
     00000A9E  _engine_input_manager_hold_left    input_manager
     00000AA1  A$input_manager$156                input_manager
     00000AA2  A$input_manager$157                input_manager
     00000AA5  A$input_manager$158                input_manager
     00000AA6  A$input_manager$166                input_manager
     00000AA6  C$input_manager.c$31$1_0$86        input_manager
     00000AA6  XG$engine_input_manager_hold_lef   input_manager
     00000AA7  A$input_manager$179                input_manager
     00000AA7  C$input_manager.c$32$1_0$87        input_manager
     00000AA7  C$input_manager.c$34$1_0$87        input_manager
     00000AA7  G$engine_input_manager_hold_righ   input_manager
     00000AA7  _engine_input_manager_hold_right   input_manager
     00000AAA  A$input_manager$180                input_manager
     00000AAB  A$input_manager$181                input_manager
     00000AAE  A$input_manager$182                input_manager
     00000AAF  A$input_manager$190                input_manager
     00000AAF  C$input_manager.c$35$1_0$87        input_manager
     00000AAF  XG$engine_input_manager_hold_rig   input_manager
     00000AB0  A$input_manager$203                input_manager
     00000AB0  C$input_manager.c$36$1_0$88        input_manager
     00000AB0  C$input_manager.c$38$1_0$88        input_manager
     00000AB0  G$engine_input_manager_hold_fire   input_manager
     00000AB0  _engine_input_manager_hold_fire1   input_manager
     00000AB3  A$input_manager$204                input_manager
     00000AB4  A$input_manager$205                input_manager
     00000AB7  A$input_manager$206                input_manager
     00000AB8  A$input_manager$214                input_manager
     00000AB8  C$input_manager.c$39$1_0$88        input_manager
     00000AB8  XG$engine_input_manager_hold_fir   input_manager
     00000AB9  A$input_manager$227                input_manager
     00000AB9  C$input_manager.c$40$1_0$89        input_manager
     00000AB9  C$input_manager.c$42$1_0$89        input_manager
     00000AB9  G$engine_input_manager_hold_fire   input_manager
     00000AB9  _engine_input_manager_hold_fire2   input_manager
     00000ABC  A$input_manager$228                input_manager
     00000ABD  A$input_manager$229                input_manager
     00000AC0  A$input_manager$230                input_manager
     00000AC1  A$input_manager$238                input_manager
     00000AC1  C$input_manager.c$43$1_0$89        input_manager
     00000AC1  XG$engine_input_manager_hold_fir   input_manager
     00000AC2  A$input_manager$251                input_manager
     00000AC2  C$input_manager.c$46$1_0$90        input_manager
     00000AC2  C$input_manager.c$48$1_0$90        input_manager
     00000AC2  G$engine_input_manager_move_up$0   input_manager
     00000AC2  _engine_input_manager_move_up      input_manager
     00000AC5  A$input_manager$252                input_manager
     00000AC6  A$input_manager$253                input_manager
     00000AC9  A$input_manager$254                input_manager
     00000ACA  A$input_manager$262                input_manager
     00000ACA  C$input_manager.c$49$1_0$90        input_manager
ASxxxx Linker V03.00 + NoICE + sdld,  page 15.
Hexadecimal  [32-Bits]

Area                                    Addr        Size        Decimal Bytes (Attributes)
--------------------------------        ----        ----        ------- ----- ------------
_CODE                               00000200    00003B29 =       15145. bytes (REL,CON)

      Value  Global                              Global Defined In Module
      -----  --------------------------------   ------------------------
     00000ACA  XG$engine_input_manager_move_up$   input_manager
     00000ACB  A$input_manager$275                input_manager
     00000ACB  C$input_manager.c$50$1_0$91        input_manager
     00000ACB  C$input_manager.c$52$1_0$91        input_manager
     00000ACB  G$engine_input_manager_move_down   input_manager
     00000ACB  _engine_input_manager_move_down    input_manager
     00000ACE  A$input_manager$276                input_manager
     00000ACF  A$input_manager$277                input_manager
     00000AD2  A$input_manager$278                input_manager
     00000AD3  A$input_manager$286                input_manager
     00000AD3  C$input_manager.c$53$1_0$91        input_manager
     00000AD3  XG$engine_input_manager_move_dow   input_manager
     00000AD4  A$input_manager$299                input_manager
     00000AD4  C$input_manager.c$54$1_0$92        input_manager
     00000AD4  C$input_manager.c$56$1_0$92        input_manager
     00000AD4  G$engine_input_manager_move_left   input_manager
     00000AD4  _engine_input_manager_move_left    input_manager
     00000AD7  A$input_manager$300                input_manager
     00000AD8  A$input_manager$301                input_manager
     00000ADB  A$input_manager$302                input_manager
     00000ADC  A$input_manager$310                input_manager
     00000ADC  C$input_manager.c$57$1_0$92        input_manager
     00000ADC  XG$engine_input_manager_move_lef   input_manager
     00000ADD  A$input_manager$323                input_manager
     00000ADD  C$input_manager.c$58$1_0$93        input_manager
     00000ADD  C$input_manager.c$60$1_0$93        input_manager
     00000ADD  G$engine_input_manager_move_righ   input_manager
     00000ADD  _engine_input_manager_move_right   input_manager
     00000AE0  A$input_manager$324                input_manager
     00000AE1  A$input_manager$325                input_manager
     00000AE4  A$input_manager$326                input_manager
     00000AE5  A$input_manager$334                input_manager
     00000AE5  C$input_manager.c$61$1_0$93        input_manager
     00000AE5  XG$engine_input_manager_move_rig   input_manager
     00000AE6  A$input_manager$347                input_manager
     00000AE6  C$input_manager.c$62$1_0$94        input_manager
     00000AE6  C$input_manager.c$64$1_0$94        input_manager
     00000AE6  G$engine_input_manager_move_fire   input_manager
     00000AE6  _engine_input_manager_move_fire1   input_manager
     00000AE9  A$input_manager$348                input_manager
     00000AEA  A$input_manager$349                input_manager
     00000AED  A$input_manager$350                input_manager
     00000AEE  A$input_manager$358                input_manager
     00000AEE  C$input_manager.c$65$1_0$94        input_manager
     00000AEE  XG$engine_input_manager_move_fir   input_manager
     00000AEF  A$input_manager$371                input_manager
     00000AEF  C$input_manager.c$66$1_0$95        input_manager
     00000AEF  C$input_manager.c$68$1_0$95        input_manager
     00000AEF  G$engine_input_manager_move_fire   input_manager
     00000AEF  _engine_input_manager_move_fire2   input_manager
     00000AF2  A$input_manager$372                input_manager
ASxxxx Linker V03.00 + NoICE + sdld,  page 16.
Hexadecimal  [32-Bits]

Area                                    Addr        Size        Decimal Bytes (Attributes)
--------------------------------        ----        ----        ------- ----- ------------
_CODE                               00000200    00003B29 =       15145. bytes (REL,CON)

      Value  Global                              Global Defined In Module
      -----  --------------------------------   ------------------------
     00000AF3  A$input_manager$373                input_manager
     00000AF6  A$input_manager$374                input_manager
     00000AF7  A$input_manager$382                input_manager
     00000AF7  C$input_manager.c$69$1_0$95        input_manager
     00000AF7  XG$engine_input_manager_move_fir   input_manager
     00000AF8  A$input_manager$395                input_manager
     00000AF8  C$input_manager.c$72$1_0$97        input_manager
     00000AF8  C$input_manager.c$74$1_0$97        input_manager
     00000AF8  Finput_manager$engine_input_mana   input_manager
     00000AFB  A$input_manager$396                input_manager
     00000AFF  A$input_manager$397                input_manager
     00000B01  A$input_manager$398                input_manager
     00000B04  A$input_manager$399                input_manager
     00000B05  A$input_manager$400                input_manager
     00000B08  A$input_manager$401                input_manager
     00000B0C  A$input_manager$402                input_manager
     00000B0E  A$input_manager$403                input_manager
     00000B11  A$input_manager$404                input_manager
     00000B12  A$input_manager$405                input_manager
     00000B14  A$input_manager$406                input_manager
     00000B17  A$input_manager$407                input_manager
     00000B1B  A$input_manager$408                input_manager
     00000B1D  A$input_manager$409                input_manager
     00000B20  A$input_manager$410                input_manager
     00000B21  A$input_manager$411                input_manager
     00000B24  A$input_manager$412                input_manager
     00000B28  A$input_manager$413                input_manager
     00000B2A  A$input_manager$414                input_manager
     00000B2D  A$input_manager$415                input_manager
     00000B2E  A$input_manager$416                input_manager
     00000B30  A$input_manager$418                input_manager
     00000B32  A$input_manager$419                input_manager
     00000B33  A$input_manager$421                input_manager
     00000B35  A$input_manager$429                input_manager
     00000B35  C$input_manager.c$75$1_0$97        input_manager
     00000B35  XFinput_manager$engine_input_man   input_manager
     00000B36  A$input_manager$442                input_manager
     00000B36  C$input_manager.c$76$1_0$99        input_manager
     00000B36  C$input_manager.c$78$1_0$99        input_manager
     00000B36  Finput_manager$engine_input_mana   input_manager
     00000B39  A$input_manager$443                input_manager
     00000B3D  A$input_manager$444                input_manager
     00000B3F  A$input_manager$445                input_manager
     00000B42  A$input_manager$446                input_manager
     00000B43  A$input_manager$447                input_manager
     00000B44  A$input_manager$455                input_manager
     00000B44  C$input_manager.c$79$1_0$99        input_manager
     00000B44  XFinput_manager$engine_input_man   input_manager
     00000B45  A$screen_manager$65                screen_manager
     00000B45  C$screen_manager.c$11$1_0$9        screen_manager
     00000B45  C$screen_manager.c$9$0_0$9         screen_manager
ASxxxx Linker V03.00 + NoICE + sdld,  page 17.
Hexadecimal  [32-Bits]

Area                                    Addr        Size        Decimal Bytes (Attributes)
--------------------------------        ----        ----        ------- ----- ------------
_CODE                               00000200    00003B29 =       15145. bytes (REL,CON)

      Value  Global                              Global Defined In Module
      -----  --------------------------------   ------------------------
     00000B45  G$engine_screen_manager_init$0$0   screen_manager
     00000B45  _engine_screen_manager_init        screen_manager
     00000B48  A$screen_manager$66                screen_manager
     00000B49  A$screen_manager$67                screen_manager
     00000B4C  A$screen_manager$68                screen_manager
     00000B4D  A$screen_manager$69                screen_manager
     00000B4F  A$screen_manager$70                screen_manager
     00000B50  A$screen_manager$71                screen_manager
     00000B51  A$screen_manager$72                screen_manager
     00000B54  A$screen_manager$73                screen_manager
     00000B55  A$screen_manager$74                screen_manager
     00000B56  A$screen_manager$75                screen_manager
     00000B57  A$screen_manager$79                screen_manager
     00000B57  C$screen_manager.c$12$1_0$9        screen_manager
     00000B5A  A$screen_manager$83                screen_manager
     00000B5A  C$screen_manager.c$13$1_0$9        screen_manager
     00000B5D  A$screen_manager$84                screen_manager
     00000B5E  A$screen_manager$85                screen_manager
     00000B61  A$screen_manager$86                screen_manager
     00000B62  A$screen_manager$94                screen_manager
     00000B62  C$screen_manager.c$14$1_0$9        screen_manager
     00000B62  XG$engine_screen_manager_init$0$   screen_manager
     00000B63  A$screen_manager$110               screen_manager
     00000B63  C$screen_manager.c$16$1_0$10       screen_manager
     00000B63  C$screen_manager.c$19$2_0$10       screen_manager
     00000B63  C$screen_manager.c$20$2_0$10       screen_manager
     00000B63  G$engine_screen_manager_update$0   screen_manager
     00000B63  _engine_screen_manager_update      screen_manager
     00000B66  A$screen_manager$114               screen_manager
     00000B66  C$screen_manager.c$22$1_0$10       screen_manager
     00000B67  A$screen_manager$115               screen_manager
     00000B6A  A$screen_manager$116               screen_manager
     00000B6B  A$screen_manager$117               screen_manager
     00000B6C  A$screen_manager$121               screen_manager
     00000B6C  C$screen_manager.c$23$1_0$10       screen_manager
     00000B6D  A$screen_manager$122               screen_manager
     00000B6F  A$screen_manager$126               screen_manager
     00000B6F  C$screen_manager.c$25$2_0$11       screen_manager
     00000B71  A$screen_manager$127               screen_manager
     00000B73  A$screen_manager$132               screen_manager
     00000B73  C$screen_manager.c$29$2_0$12       screen_manager
     00000B74  A$screen_manager$133               screen_manager
     00000B77  A$screen_manager$134               screen_manager
     00000B78  A$screen_manager$135               screen_manager
     00000B79  A$screen_manager$139               screen_manager
     00000B79  C$screen_manager.c$30$2_0$12       screen_manager
     00000B7A  A$screen_manager$140               screen_manager
     00000B7C  A$screen_manager$144               screen_manager
     00000B7C  C$screen_manager.c$32$3_0$13       screen_manager
     00000B7E  A$screen_manager$149               screen_manager
     00000B7E  C$screen_manager.c$36$1_0$10       screen_manager
ASxxxx Linker V03.00 + NoICE + sdld,  page 18.
Hexadecimal  [32-Bits]

Area                                    Addr        Size        Decimal Bytes (Attributes)
--------------------------------        ----        ----        ------- ----- ------------
_CODE                               00000200    00003B29 =       15145. bytes (REL,CON)

      Value  Global                              Global Defined In Module
      -----  --------------------------------   ------------------------
     00000B7F  A$screen_manager$150               screen_manager
     00000B82  A$screen_manager$151               screen_manager
     00000B83  A$screen_manager$152               screen_manager
     00000B84  A$screen_manager$156               screen_manager
     00000B84  C$screen_manager.c$37$1_0$10       screen_manager
     00000B85  A$screen_manager$157               screen_manager
     00000B87  A$screen_manager$161               screen_manager
     00000B87  C$screen_manager.c$39$2_0$14       screen_manager
     00000B89  A$screen_manager$162               screen_manager
     00000B8B  A$screen_manager$167               screen_manager
     00000B8B  C$screen_manager.c$43$2_0$15       screen_manager
     00000B8C  A$screen_manager$168               screen_manager
     00000B8F  A$screen_manager$169               screen_manager
     00000B90  A$screen_manager$170               screen_manager
     00000B91  A$screen_manager$174               screen_manager
     00000B91  C$screen_manager.c$44$2_0$15       screen_manager
     00000B92  A$screen_manager$175               screen_manager
     00000B94  A$screen_manager$179               screen_manager
     00000B94  C$screen_manager.c$46$3_0$16       screen_manager
     00000B96  A$screen_manager$184               screen_manager
     00000B96  C$screen_manager.c$50$1_0$10       screen_manager
     00000B97  A$screen_manager$185               screen_manager
     00000B98  A$screen_manager$186               screen_manager
     00000B9A  A$screen_manager$187               screen_manager
     00000B9B  A$screen_manager$188               screen_manager
     00000B9E  A$screen_manager$193               screen_manager
     00000B9E  C$screen_manager.c$52$2_0$17       screen_manager
     00000B9F  A$screen_manager$194               screen_manager
     00000BA2  A$screen_manager$195               screen_manager
     00000BA3  A$screen_manager$206               screen_manager
     00000BA3  C$screen_manager.c$55$1_0$10       screen_manager
     00000BA3  C$screen_manager.c$56$1_0$10       screen_manager
     00000BA3  XG$engine_screen_manager_update$   screen_manager
     00000BA6  A$sprite_manager$53                sprite_manager
     00000BA6  C$sprite_manager.c$4$0_0$83        sprite_manager
     00000BA6  G$engine_sprite_manager_draw$0$0   sprite_manager
     00000BA6  _engine_sprite_manager_draw        sprite_manager
     00000BA8  A$sprite_manager$54                sprite_manager
     00000BAC  A$sprite_manager$55                sprite_manager
     00000BAE  A$sprite_manager$59                sprite_manager
     00000BAE  C$sprite_manager.c$6$1_0$83        sprite_manager
     00000BB1  A$sprite_manager$60                sprite_manager
     00000BB4  A$sprite_manager$61                sprite_manager
     00000BB5  A$sprite_manager$62                sprite_manager
     00000BB8  A$sprite_manager$63                sprite_manager
     00000BBB  A$sprite_manager$64                sprite_manager
     00000BBC  A$sprite_manager$65                sprite_manager
     00000BBF  A$sprite_manager$66                sprite_manager
     00000BC0  A$sprite_manager$67                sprite_manager
     00000BC1  A$sprite_manager$71                sprite_manager
     00000BC1  C$sprite_manager.c$7$1_0$83        sprite_manager
ASxxxx Linker V03.00 + NoICE + sdld,  page 19.
Hexadecimal  [32-Bits]

Area                                    Addr        Size        Decimal Bytes (Attributes)
--------------------------------        ----        ----        ------- ----- ------------
_CODE                               00000200    00003B29 =       15145. bytes (REL,CON)

      Value  Global                              Global Defined In Module
      -----  --------------------------------   ------------------------
     00000BC4  A$sprite_manager$72                sprite_manager
     00000BC7  A$sprite_manager$73                sprite_manager
     00000BC8  A$sprite_manager$74                sprite_manager
     00000BCB  A$sprite_manager$75                sprite_manager
     00000BCD  A$sprite_manager$76                sprite_manager
     00000BCE  A$sprite_manager$77                sprite_manager
     00000BCF  A$sprite_manager$78                sprite_manager
     00000BD0  A$sprite_manager$79                sprite_manager
     00000BD3  A$sprite_manager$80                sprite_manager
     00000BD4  A$sprite_manager$81                sprite_manager
     00000BD7  A$sprite_manager$82                sprite_manager
     00000BD8  A$sprite_manager$83                sprite_manager
     00000BD9  A$sprite_manager$84                sprite_manager
     00000BDA  A$sprite_manager$88                sprite_manager
     00000BDA  C$sprite_manager.c$8$1_0$83        sprite_manager
     00000BDD  A$sprite_manager$89                sprite_manager
     00000BE0  A$sprite_manager$90                sprite_manager
     00000BE3  A$sprite_manager$91                sprite_manager
     00000BE4  A$sprite_manager$92                sprite_manager
     00000BE7  A$sprite_manager$93                sprite_manager
     00000BE9  A$sprite_manager$94                sprite_manager
     00000BEA  A$sprite_manager$95                sprite_manager
     00000BEB  A$sprite_manager$96                sprite_manager
     00000BEC  A$sprite_manager$97                sprite_manager
     00000BED  A$sprite_manager$98                sprite_manager
     00000BEE  A$sprite_manager$99                sprite_manager
     00000BF1  A$sprite_manager$100               sprite_manager
     00000BF2  A$sprite_manager$101               sprite_manager
     00000BF3  A$sprite_manager$102               sprite_manager
     00000BF6  A$sprite_manager$103               sprite_manager
     00000BF7  A$sprite_manager$104               sprite_manager
     00000BF8  A$sprite_manager$105               sprite_manager
     00000BF9  A$sprite_manager$109               sprite_manager
     00000BF9  C$sprite_manager.c$9$1_0$83        sprite_manager
     00000BFC  A$sprite_manager$110               sprite_manager
     00000BFF  A$sprite_manager$111               sprite_manager
     00000C02  A$sprite_manager$112               sprite_manager
     00000C03  A$sprite_manager$113               sprite_manager
     00000C04  A$sprite_manager$114               sprite_manager
     00000C05  A$sprite_manager$115               sprite_manager
     00000C08  A$sprite_manager$116               sprite_manager
     00000C09  A$sprite_manager$117               sprite_manager
     00000C0A  A$sprite_manager$121               sprite_manager
     00000C0C  A$sprite_manager$126               sprite_manager
     00000C0C  C$sprite_manager.c$10$1_0$83       sprite_manager
     00000C0C  XG$engine_sprite_manager_draw$0$   sprite_manager
     00000C0D  A$tile_manager$60                  tile_manager
     00000C0D  C$tile_manager.c$14$0_0$87         tile_manager
     00000C0D  C$tile_manager.c$16$1_0$87         tile_manager
     00000C0D  G$engine_tile_manager_draw_trees   tile_manager
     00000C0D  _engine_tile_manager_draw_trees    tile_manager
ASxxxx Linker V03.00 + NoICE + sdld,  page 20.
Hexadecimal  [32-Bits]

Area                                    Addr        Size        Decimal Bytes (Attributes)
--------------------------------        ----        ----        ------- ----- ------------
_CODE                               00000200    00003B29 =       15145. bytes (REL,CON)

      Value  Global                              Global Defined In Module
      -----  --------------------------------   ------------------------
     00000C11  A$tile_manager$61                  tile_manager
     00000C13  A$tile_manager$62                  tile_manager
     00000C16  A$tile_manager$63                  tile_manager
     00000C17  A$tile_manager$67                  tile_manager
     00000C17  C$tile_manager.c$17$1_0$87         tile_manager
     00000C1A  A$tile_manager$68                  tile_manager
     00000C1C  A$tile_manager$69                  tile_manager
     00000C1E  A$tile_manager$70                  tile_manager
     00000C1F  A$tile_manager$71                  tile_manager
     00000C20  A$tile_manager$72                  tile_manager
     00000C23  A$tile_manager$73                  tile_manager
     00000C24  A$tile_manager$74                  tile_manager
     00000C25  A$tile_manager$75                  tile_manager
     00000C26  A$tile_manager$76                  tile_manager
     00000C27  A$tile_manager$77                  tile_manager
     00000C2A  A$tile_manager$78                  tile_manager
     00000C2B  A$tile_manager$79                  tile_manager
     00000C2C  A$tile_manager$87                  tile_manager
     00000C2C  C$tile_manager.c$18$1_0$87         tile_manager
     00000C2C  XG$engine_tile_manager_draw_tree   tile_manager
     00000C2D  A$tile_manager$100                 tile_manager
     00000C2D  C$tile_manager.c$20$1_0$89         tile_manager
     00000C2D  C$tile_manager.c$23$1_0$89         tile_manager
     00000C2D  G$engine_tile_manager_draw_sides   tile_manager
     00000C2D  _engine_tile_manager_draw_sides    tile_manager
     00000C31  A$tile_manager$101                 tile_manager
     00000C33  A$tile_manager$102                 tile_manager
     00000C36  A$tile_manager$103                 tile_manager
     00000C37  A$tile_manager$104                 tile_manager
     00000C38  A$tile_manager$105                 tile_manager
     00000C3B  A$tile_manager$106                 tile_manager
     00000C3D  A$tile_manager$107                 tile_manager
     00000C3E  A$tile_manager$108                 tile_manager
     00000C41  A$tile_manager$109                 tile_manager
     00000C42  A$tile_manager$110                 tile_manager
     00000C43  A$tile_manager$118                 tile_manager
     00000C43  C$tile_manager.c$24$1_0$89         tile_manager
     00000C43  XG$engine_tile_manager_draw_side   tile_manager
     00000C44  A$tile_manager$131                 tile_manager
     00000C44  C$tile_manager.c$26$1_0$91         tile_manager
     00000C44  C$tile_manager.c$29$1_0$91         tile_manager
     00000C44  Ftile_manager$draw_tile$0$0        tile_manager
     00000C48  A$tile_manager$132                 tile_manager
     00000C4A  A$tile_manager$133                 tile_manager
     00000C4D  A$tile_manager$134                 tile_manager
     00000C4E  A$tile_manager$135                 tile_manager
     00000C4F  A$tile_manager$136                 tile_manager
     00000C52  A$tile_manager$137                 tile_manager
     00000C54  A$tile_manager$138                 tile_manager
     00000C55  A$tile_manager$139                 tile_manager
     00000C56  A$tile_manager$140                 tile_manager
ASxxxx Linker V03.00 + NoICE + sdld,  page 21.
Hexadecimal  [32-Bits]

Area                                    Addr        Size        Decimal Bytes (Attributes)
--------------------------------        ----        ----        ------- ----- ------------
_CODE                               00000200    00003B29 =       15145. bytes (REL,CON)

      Value  Global                              Global Defined In Module
      -----  --------------------------------   ------------------------
     00000C59  A$tile_manager$141                 tile_manager
     00000C5A  A$tile_manager$142                 tile_manager
     00000C5D  A$tile_manager$143                 tile_manager
     00000C5E  A$tile_manager$144                 tile_manager
     00000C5F  A$tile_manager$145                 tile_manager
     00000C62  A$tile_manager$146                 tile_manager
     00000C63  A$tile_manager$147                 tile_manager
     00000C66  A$tile_manager$148                 tile_manager
     00000C69  A$tile_manager$149                 tile_manager
     00000C6A  A$tile_manager$150                 tile_manager
     00000C6B  A$tile_manager$158                 tile_manager
     00000C6B  C$tile_manager.c$30$1_0$91         tile_manager
     00000C6B  XFtile_manager$draw_tile$0$0       tile_manager
     00000C6C  A$tile_manager$168                 tile_manager
     00000C6C  C$tile_manager.c$32$1_0$93         tile_manager
     00000C6C  Ftile_manager$draw_tile_priority   tile_manager
     00000C6E  A$tile_manager$169                 tile_manager
     00000C72  A$tile_manager$170                 tile_manager
     00000C74  A$tile_manager$174                 tile_manager
     00000C74  C$tile_manager.c$34$1_0$93         tile_manager
     00000C77  A$tile_manager$175                 tile_manager
     00000C78  A$tile_manager$176                 tile_manager
     00000C7B  A$tile_manager$177                 tile_manager
     00000C7C  A$tile_manager$178                 tile_manager
     00000C7D  A$tile_manager$179                 tile_manager
     00000C7E  A$tile_manager$180                 tile_manager
     00000C7F  A$tile_manager$181                 tile_manager
     00000C80  A$tile_manager$182                 tile_manager
     00000C81  A$tile_manager$183                 tile_manager
     00000C82  A$tile_manager$187                 tile_manager
     00000C82  C$tile_manager.c$35$1_0$93         tile_manager
     00000C85  A$tile_manager$188                 tile_manager
     00000C88  A$tile_manager$189                 tile_manager
     00000C89  A$tile_manager$190                 tile_manager
     00000C8A  A$tile_manager$191                 tile_manager
     00000C8D  A$tile_manager$192                 tile_manager
     00000C8E  A$tile_manager$193                 tile_manager
     00000C8F  A$tile_manager$194                 tile_manager
     00000C92  A$tile_manager$195                 tile_manager
     00000C93  A$tile_manager$196                 tile_manager
     00000C96  A$tile_manager$197                 tile_manager
     00000C99  A$tile_manager$198                 tile_manager
     00000C9A  A$tile_manager$199                 tile_manager
     00000C9B  A$tile_manager$203                 tile_manager
     00000C9D  A$tile_manager$208                 tile_manager
     00000C9D  C$tile_manager.c$36$1_0$93         tile_manager
     00000C9D  XFtile_manager$draw_tile_priorit   tile_manager
     00000C9E  A$tile_manager$218                 tile_manager
     00000C9E  C$tile_manager.c$39$1_0$95         tile_manager
     00000C9E  Ftile_manager$comm_tile$0$0        tile_manager
     00000CA0  A$tile_manager$219                 tile_manager
ASxxxx Linker V03.00 + NoICE + sdld,  page 22.
Hexadecimal  [32-Bits]

Area                                    Addr        Size        Decimal Bytes (Attributes)
--------------------------------        ----        ----        ------- ----- ------------
_CODE                               00000200    00003B29 =       15145. bytes (REL,CON)

      Value  Global                              Global Defined In Module
      -----  --------------------------------   ------------------------
     00000CA4  A$tile_manager$220                 tile_manager
     00000CA6  A$tile_manager$221                 tile_manager
     00000CA7  A$tile_manager$225                 tile_manager
     00000CA7  C$tile_manager.c$41$1_0$95         tile_manager
     00000CAA  A$tile_manager$226                 tile_manager
     00000CAD  A$tile_manager$227                 tile_manager
     00000CAE  A$tile_manager$228                 tile_manager
     00000CB1  A$tile_manager$229                 tile_manager
     00000CB2  A$tile_manager$230                 tile_manager
     00000CB5  A$tile_manager$231                 tile_manager
     00000CB8  A$tile_manager$232                 tile_manager
     00000CB9  A$tile_manager$233                 tile_manager
     00000CBB  A$tile_manager$234                 tile_manager
     00000CBE  A$tile_manager$235                 tile_manager
     00000CC0  A$tile_manager$236                 tile_manager
     00000CC1  A$tile_manager$237                 tile_manager
     00000CC2  A$tile_manager$238                 tile_manager
     00000CC3  A$tile_manager$239                 tile_manager
     00000CC6  A$tile_manager$240                 tile_manager
     00000CC7  A$tile_manager$241                 tile_manager
     00000CC8  A$tile_manager$242                 tile_manager
     00000CCB  A$tile_manager$243                 tile_manager
     00000CCC  A$tile_manager$244                 tile_manager
     00000CCD  A$tile_manager$245                 tile_manager
     00000CCE  A$tile_manager$246                 tile_manager
     00000CCF  A$tile_manager$247                 tile_manager
     00000CD2  A$tile_manager$248                 tile_manager
     00000CD3  A$tile_manager$249                 tile_manager
     00000CD4  A$tile_manager$250                 tile_manager
     00000CD5  A$tile_manager$254                 tile_manager
     00000CD5  C$tile_manager.c$42$1_0$95         tile_manager
     00000CD8  A$tile_manager$255                 tile_manager
     00000CD9  A$tile_manager$256                 tile_manager
     00000CDC  A$tile_manager$257                 tile_manager
     00000CDD  A$tile_manager$258                 tile_manager
     00000CDE  A$tile_manager$259                 tile_manager
     00000CE1  A$tile_manager$260                 tile_manager
     00000CE4  A$tile_manager$261                 tile_manager
     00000CE5  A$tile_manager$262                 tile_manager
     00000CE8  A$tile_manager$263                 tile_manager
     00000CE9  A$tile_manager$264                 tile_manager
     00000CEA  A$tile_manager$265                 tile_manager
     00000CEB  A$tile_manager$266                 tile_manager
     00000CEC  A$tile_manager$267                 tile_manager
     00000CED  A$tile_manager$268                 tile_manager
     00000CEF  A$tile_manager$269                 tile_manager
     00000CF0  A$tile_manager$270                 tile_manager
     00000CF1  A$tile_manager$271                 tile_manager
     00000CF2  A$tile_manager$272                 tile_manager
     00000CF5  A$tile_manager$273                 tile_manager
     00000CF6  A$tile_manager$274                 tile_manager
ASxxxx Linker V03.00 + NoICE + sdld,  page 23.
Hexadecimal  [32-Bits]

Area                                    Addr        Size        Decimal Bytes (Attributes)
--------------------------------        ----        ----        ------- ----- ------------
_CODE                               00000200    00003B29 =       15145. bytes (REL,CON)

      Value  Global                              Global Defined In Module
      -----  --------------------------------   ------------------------
     00000CF7  A$tile_manager$275                 tile_manager
     00000CFA  A$tile_manager$276                 tile_manager
     00000CFB  A$tile_manager$277                 tile_manager
     00000CFC  A$tile_manager$278                 tile_manager
     00000CFD  A$tile_manager$279                 tile_manager
     00000CFE  A$tile_manager$280                 tile_manager
     00000D01  A$tile_manager$281                 tile_manager
     00000D02  A$tile_manager$282                 tile_manager
     00000D03  A$tile_manager$283                 tile_manager
     00000D04  A$tile_manager$287                 tile_manager
     00000D04  C$tile_manager.c$43$1_0$95         tile_manager
     00000D07  A$tile_manager$288                 tile_manager
     00000D08  A$tile_manager$289                 tile_manager
     00000D0B  A$tile_manager$290                 tile_manager
     00000D0C  A$tile_manager$291                 tile_manager
     00000D0D  A$tile_manager$292                 tile_manager
     00000D10  A$tile_manager$293                 tile_manager
     00000D13  A$tile_manager$294                 tile_manager
     00000D14  A$tile_manager$295                 tile_manager
     00000D17  A$tile_manager$296                 tile_manager
     00000D18  A$tile_manager$297                 tile_manager
     00000D19  A$tile_manager$298                 tile_manager
     00000D1A  A$tile_manager$299                 tile_manager
     00000D1B  A$tile_manager$300                 tile_manager
[...]
     00003007  _UNSAFE_SMS_copySpritestoSAT       SMSlib_UNSAFE
     0000304E  _UNSAFE_SMS_VRAMmemcpy32           SMSlib_UNSAFE
     0000306E  _UNSAFE_SMS_VRAMmemcpy64           SMSlib_UNSAFE
     0000308E  _UNSAFE_SMS_VRAMmemcpy128          SMSlib_UNSAFE
     000030AE  _SMS_init                          SMSlib
     000030E0  _VDPReg_init                       SMSlib
     000030EB  _SMS_VDPturnOnFeature              SMSlib
     00003100  _SMS_VDPturnOffFeature             SMSlib
     00003118  _SMS_setBGScrollX                  SMSlib
     00003122  _SMS_setBGScrollY                  SMSlib
     0000312C  _SMS_setBackdropColor              SMSlib
     00003136  _SMS_useFirstHalfTilesforSprites   SMSlib
     0000314C  _SMS_setSpriteMode                 SMSlib
     0000319A  _SMS_setBGPaletteColor             SMSlib
     000031AE  _SMS_setSpritePaletteColor         SMSlib
     000031C2  _SMS_loadBGPalette                 SMSlib
     000031D7  _SMS_loadSpritePalette             SMSlib
     000031EC  _SMS_setColor                      SMSlib
     000031F0  _SMS_waitForVBlank                 SMSlib
     000031FD  _SMS_getKeysStatus                 SMSlib
     00003201  _SMS_getKeysPressed                SMSlib
     0000321E  _SMS_getKeysHeld                   SMSlib
     00003232  _SMS_getKeysReleased               SMSlib
     0000324F  _SMS_queryPauseRequested           SMSlib
     00003254  _SMS_resetPauseRequest             SMSlib
     0000325A  _SMS_setLineInterruptHandler       SMSlib
     0000325E  _SMS_setLineCounter                SMSlib
     00003268  _SMS_getVCount                     SMSlib
ASxxxx Linker V03.00 + NoICE + sdld,  page 72.
Hexadecimal  [32-Bits]

Area                                    Addr        Size        Decimal Bytes (Attributes)
--------------------------------        ----        ----        ------- ----- ------------
_CODE                               00000200    00003B29 =       15145. bytes (REL,CON)

      Value  Global                              Global Defined In Module
      -----  --------------------------------   ------------------------
     0000326C  _SMS_getHCount                     SMSlib
     00003270  _SMS_isr                           SMSlib
     000032A6  _SMS_nmi_isr                       SMSlib
     000032AF  _SMS_loadPSGaidencompressedTiles   SMSlib_PSGaiden
     00003389  _SMS_load1bppTiles                 SMSlib_load1bppTiles
     000033FB  _SMS_setClippingWindow             SMSlib_spriteClip
     0000341E  _SMS_addSpriteClipping             SMSlib_spriteClip
     000034DB  _SMS_VRAMmemset                    SMSlib_VRAMmemset
     000034FE  _SMS_VRAMmemsetW                   SMSlib_VRAMmemset
     0000352C  _SMS_loadBGPaletteHalfBrightness   SMSlib_paletteAdv
     00003543  _SMS_zeroBGPalette                 SMSlib_paletteAdv
     00003557  _SMS_loadSpritePaletteHalfBright   SMSlib_paletteAdv
     0000356E  _SMS_zeroSpritePalette             SMSlib_paletteAdv
     00003582  _SMS_decompressZX7                 SMSlib_zx7
     000035E0  _SMS_configureTextRenderer         SMSlib_textrenderer
     000035E4  _putchar                           SMSlib_textrenderer
     000035F6  _SMS_addThreeAdjoiningSprites      SMSlib_threesprites
     0000364F  _SMS_initSprites                   SMSlib_sprite
     00003655  _SMS_addSprite                     SMSlib_sprite
     00003688  _SMS_copySpritestoSAT              SMSlib_sprite
     000036BE  _SMS_addTwoAdjoiningSprites        SMSlib_twosprites
     000036FD  _SMS_detectPaddle                  SMSlib_paddle
     00003723  _SMS_readPaddle                    SMSlib_paddle
     00003781  _SMS_VRAMmemcpy_brief              SMSlib_VRAMmemcpy_brief
     00003792  _UNSAFE_SMS_loadZX7compressedTil   SMSlib_UNSAFE_zx7
     00003812  ___sdcc_call_hl                    
     00003813  _SMS_finalizeSprites               SMSlib_deprecated
     00003814  _SMS_VRAMmemcpy                    SMSlib_VRAMmemcpy
     0000382D  _SMS_loadSTMcompressedTileMapatA   SMSlib_STMcomp
     00003955  _SMS_loadTileMapArea               SMSlib_loadTileMapArea
     000039D5  _SMS_autoSetUpTextRenderer         SMSlib_autotext
     00003A12  _devkitSMS_font__tiles__1bpp       SMSlib_autotext
     00003D12  __moduchar                         
     00003D1E  __moduint                          
ASxxxx Linker V03.00 + NoICE + sdld,  page 73.
Hexadecimal  [32-Bits]

Area                                    Addr        Size        Decimal Bytes (Attributes)
--------------------------------        ----        ----        ------- ----- ------------
_HEADER0                            00000000    00000008 =           8. bytes (ABS,CON)

      Value  Global                              Global Defined In Module
      -----  --------------------------------   ------------------------
ASxxxx Linker V03.00 + NoICE + sdld,  page 74.
Hexadecimal  [32-Bits]

Area                                    Addr        Size        Decimal Bytes (Attributes)
--------------------------------        ----        ----        ------- ----- ------------
_HEADER1                            00000000    00000009 =           9. bytes (ABS,CON)

      Value  Global                              Global Defined In Module
      -----  --------------------------------   ------------------------
     00000008  _SMS_crt0_RST08                    crt0

ASxxxx Linker V03.00 + NoICE + sdld,  page 75.
Hexadecimal  [32-Bits]

Area                                    Addr        Size        Decimal Bytes (Attributes)
--------------------------------        ----        ----        ------- ----- ------------
_HEADER2                            00000000    00000018 =          24. bytes (ABS,CON)

      Value  Global                              Global Defined In Module
      -----  --------------------------------   ------------------------
     00000018  _SMS_crt0_RST18                    crt0

ASxxxx Linker V03.00 + NoICE + sdld,  page 76.
Hexadecimal  [32-Bits]

Area                                    Addr        Size        Decimal Bytes (Attributes)
--------------------------------        ----        ----        ------- ----- ------------
_HEADER3                            00000000    0000002B =          43. bytes (ABS,CON)

      Value  Global                              Global Defined In Module
      -----  --------------------------------   ------------------------
ASxxxx Linker V03.00 + NoICE + sdld,  page 77.
Hexadecimal  [32-Bits]

Area                                    Addr        Size        Decimal Bytes (Attributes)
--------------------------------        ----        ----        ------- ----- ------------
_HEADER4                            00000000    00000104 =         260. bytes (ABS,CON)

      Value  Global                              Global Defined In Module
      -----  --------------------------------   ------------------------
     00000069  _OUTI128                           crt0
     000000E9  _OUTI64                            crt0
     00000129  _OUTI32                            crt0
     00000169  _outi_block                        crt0

ASxxxx Linker V03.00 + NoICE + sdld,  page 78.
Hexadecimal  [32-Bits]

Area                                    Addr        Size        Decimal Bytes (Attributes)
--------------------------------        ----        ----        ------- ----- ------------
_INITIALIZER                        00003D29    0000000B =          11. bytes (REL,CON)

      Value  Global                              Global Defined In Module
      -----  --------------------------------   ------------------------
     00003D29  Finput_manager$__xinit_curr_joyp   input_manager
     00003D2B  Finput_manager$__xinit_prev_joyp   input_manager

ASxxxx Linker V03.00 + NoICE + sdld,  page 79.
Hexadecimal  [32-Bits]

Area                                    Addr        Size        Decimal Bytes (Attributes)
--------------------------------        ----        ----        ------- ----- ------------
_GSINIT                             00003D34    0000000F =          15. bytes (REL,CON)

      Value  Global                              Global Defined In Module
      -----  --------------------------------   ------------------------
     00003D34  gsinit                             crt0

ASxxxx Linker V03.00 + NoICE + sdld,  page 80.
Hexadecimal  [32-Bits]

Area                                    Addr        Size        Decimal Bytes (Attributes)
--------------------------------        ----        ----        ------- ----- ------------
_GSFINAL                            00003D43    00000001 =           1. bytes (REL,CON)

      Value  Global                              Global Defined In Module
      -----  --------------------------------   ------------------------
ASxxxx Linker V03.00 + NoICE + sdld,  page 81.
Hexadecimal  [32-Bits]

Area                                    Addr        Size        Decimal Bytes (Attributes)
--------------------------------        ----        ----        ------- ----- ------------
_DATA                               0000C000    00000122 =         290. bytes (REL,CON)

      Value  Global                              Global Defined In Module
      -----  --------------------------------   ------------------------
     0000C000  _PSGMusicStatus                    PSGlib
     0000C001  _PSGMusicStart                     PSGlib
     0000C003  _PSGMusicPointer                   PSGlib
     0000C005  _PSGMusicLoopPoint                 PSGlib
     0000C007  _PSGMusicSkipFrames                PSGlib
     0000C008  _PSGLoopFlag                       PSGlib
     0000C009  _PSGMusicLastLatch                 PSGlib
     0000C00A  _PSGMusicVolumeAttenuation         PSGlib
     0000C00B  _PSGMusicSubstringLen              PSGlib
     0000C00C  _PSGMusicSubstringRetAddr          PSGlib
     0000C00E  _PSGChan0Volume                    PSGlib
     0000C00F  _PSGChan1Volume                    PSGlib
     0000C010  _PSGChan2Volume                    PSGlib
     0000C011  _PSGChan3Volume                    PSGlib
     0000C012  _PSGChan2LowTone                   PSGlib
     0000C013  _PSGChan2HighTone                  PSGlib
     0000C014  _PSGChan3LowTone                   PSGlib
     0000C015  _PSGChannel2SFX                    PSGlib
     0000C016  _PSGChannel3SFX                    PSGlib
     0000C017  _PSGSFXChan2Volume                 PSGlib
     0000C018  _PSGSFXChan3Volume                 PSGlib
     0000C019  _PSGSFXStatus                      PSGlib
     0000C01A  _PSGSFXStart                       PSGlib
     0000C01C  _PSGSFXPointer                     PSGlib
     0000C01E  _PSGSFXLoopPoint                   PSGlib
     0000C020  _PSGSFXSkipFrames                  PSGlib
     0000C021  _PSGSFXLoopFlag                    PSGlib
     0000C022  _PSGSFXSubstringLen                PSGlib
     0000C023  _PSGSFXSubstringRetAddr            PSGlib
     0000C025  G$global_gamer_object$0_0$0        gamer_manager
     0000C025  _global_gamer_object               gamer_manager
     0000C02A  _VDPBlank                          SMSlib
     0000C02B  _SMS_VDPFlags                      SMSlib
     0000C02C  _PauseRequested                    SMSlib
     0000C02D  _SMS_Port3EBIOSvalue               SMSlib
     0000C02E  _KeysStatus                        SMSlib
     0000C030  _PreviousKeysStatus                SMSlib
     0000C032  _SMS_theLineInterruptHandler       SMSlib
     0000C034  _decompBuffer                      SMSlib_PSGaiden
     0000C054  _clipWin_x0                        SMSlib_spriteClip
     0000C055  _clipWin_y0                        SMSlib_spriteClip
     0000C056  _SMS_TextRenderer_offset           SMSlib_textrenderer
     0000C058  _SpriteTableY                      SMSlib_sprite
     0000C098  _SpriteTableXN                     SMSlib_sprite
     0000C118  _SpriteNextFree                    SMSlib_sprite
     0000C119  _STM_src                           SMSlib_STMcomp
     0000C11B  _STM_dest                          SMSlib_STMcomp
     0000C11D  _STM_HH                            SMSlib_STMcomp
     0000C11E  _STM_oldHH                         SMSlib_STMcomp
     0000C11F  _STM_needRestore                   SMSlib_STMcomp
ASxxxx Linker V03.00 + NoICE + sdld,  page 82.
Hexadecimal  [32-Bits]

Area                                    Addr        Size        Decimal Bytes (Attributes)
--------------------------------        ----        ----        ------- ----- ------------
_DATA                               0000C000    00000122 =         290. bytes (REL,CON)

      Value  Global                              Global Defined In Module
      -----  --------------------------------   ------------------------
     0000C120  _STM_ttw                           SMSlib_STMcomp
     0000C121  _STM_width                         SMSlib_STMcomp

ASxxxx Linker V03.00 + NoICE + sdld,  page 83.
Hexadecimal  [32-Bits]

Area                                    Addr        Size        Decimal Bytes (Attributes)
--------------------------------        ----        ----        ------- ----- ------------
_INITIALIZED                        0000C122    0000000B =          11. bytes (REL,CON)

      Value  Global                              Global Defined In Module
      -----  --------------------------------   ------------------------
     0000C122  Finput_manager$curr_joypad1$0_0$   input_manager
     0000C124  Finput_manager$prev_joypad1$0_0$   input_manager
     0000C126  _VDPReg                            SMSlib
     0000C128  _spritesHeight                     SMSlib
     0000C129  _spritesWidth                      SMSlib
     0000C12A  _spritesTileOffset                 SMSlib
     0000C12B  _clipWin_x1                        SMSlib_spriteClip
     0000C12C  _clipWin_y1                        SMSlib_spriteClip

ASxxxx Linker V03.00 + NoICE + sdld,  page 84.
Hexadecimal  [32-Bits]

Area                                    Addr        Size        Decimal Bytes (Attributes)
--------------------------------        ----        ----        ------- ----- ------------
_CABS0                              00000000    00000010 =          16. bytes (ABS,CON)

      Value  Global                              Global Defined In Module
      -----  --------------------------------   ------------------------
     00007FF0  G$__SMS__SEGA_signature$0_0$0      _sms_manager
     00007FF0  ___SMS__SEGA_signature             _sms_manager

ASxxxx Linker V03.00 + NoICE + sdld,  page 85.
Hexadecimal  [32-Bits]

Area                                    Addr        Size        Decimal Bytes (Attributes)
--------------------------------        ----        ----        ------- ----- ------------
_CABS1                              00000000    0000000E =          14. bytes (ABS,CON)

      Value  Global                              Global Defined In Module
      -----  --------------------------------   ------------------------
     00007FD2  G$__SMS__SDSC_author$0_0$0         _sms_manager
     00007FD2  ___SMS__SDSC_author                _sms_manager

ASxxxx Linker V03.00 + NoICE + sdld,  page 86.
Hexadecimal  [32-Bits]

Area                                    Addr        Size        Decimal Bytes (Attributes)
--------------------------------        ----        ----        ------- ----- ------------
_CABS2                              00000000    0000000E =          14. bytes (ABS,CON)

      Value  Global                              Global Defined In Module
      -----  --------------------------------   ------------------------
     00007FC4  G$__SMS__SDSC_name$0_0$0           _sms_manager
     00007FC4  ___SMS__SDSC_name                  _sms_manager

ASxxxx Linker V03.00 + NoICE + sdld,  page 87.
Hexadecimal  [32-Bits]

Area                                    Addr        Size        Decimal Bytes (Attributes)
--------------------------------        ----        ----        ------- ----- ------------
_CABS3                              00000000    00000038 =          56. bytes (ABS,CON)

      Value  Global                              Global Defined In Module
      -----  --------------------------------   ------------------------
     00007F8C  G$__SMS__SDSC_descr$0_0$0          _sms_manager
     00007F8C  ___SMS__SDSC_descr                 _sms_manager

ASxxxx Linker V03.00 + NoICE + sdld,  page 88.
Hexadecimal  [32-Bits]

Area                                    Addr        Size        Decimal Bytes (Attributes)
--------------------------------        ----        ----        ------- ----- ------------
_CABS4                              00000000    00000010 =          16. bytes (ABS,CON)

      Value  Global                              Global Defined In Module
      -----  --------------------------------   ------------------------
     00007FE0  G$__SMS__SDSC_signature$0_0$0      _sms_manager
     00007FE0  ___SMS__SDSC_signature             _sms_manager

ASxxxx Linker V03.00 + NoICE + sdld,  page 89.

Files Linked                              [ module(s) ]

../crt0/crt0_sms.rel                      [ crt0 ]
main.rel                                  [ main ]
../lib/PSGlib.rel                         [ PSGlib ]
engine/asm_manager.rel                    [ asm_manager ]
engine/content_manager.rel                [ content_manager ]
engine/enum_manager.rel                   [ enum_manager ]
engine/font_manager.rel                   [ font_manager ]
engine/gamer_manager.rel                  [ gamer_manager ]
engine/input_manager.rel                  [ input_manager ]
engine/screen_manager.rel                 [ screen_manager ]
engine/sprite_manager.rel                 [ sprite_manager ]
engine/tile_manager.rel                   [ tile_manager ]
engine/tree_manager.rel                   [ tree_manager ]
object/gamer_object.rel                   [ gamer_object ]
devkit/_sms_manager.rel                   [ _sms_manager ]
devkit/_snd_manager.rel                   [ _snd_manager ]
content/gfx.rel                           [ gfx ]


Libraries Linked                          [ object file ]

../lib/SMSlib.lib                         [ SMSlib_spriteAdv.rel ]
../lib/SMSlib.lib                         [ SMSlib_aPLib.rel ]
C:\Program Files\SDCC\bin\..\lib\z80/z80.lib
                                          [ divunsigned.rel ]
../lib/SMSlib.lib                         [ SMSlib_UNSAFE.rel ]
../lib/SMSlib.lib                         [ SMSlib.rel ]
../lib/SMSlib.lib                         [ SMSlib_PSGaiden.rel ]
../lib/SMSlib.lib                         [ SMSlib_load1bppTiles.rel ]
../lib/SMSlib.lib                         [ SMSlib_spriteClip.rel ]
../lib/SMSlib.lib                         [ SMSlib_VRAMmemset.rel ]
../lib/SMSlib.lib                         [ SMSlib_paletteAdv.rel ]
../lib/SMSlib.lib                         [ SMSlib_zx7.rel ]
../lib/SMSlib.lib                         [ SMSlib_textrenderer.rel ]
../lib/SMSlib.lib                         [ SMSlib_threesprites.rel ]
../lib/SMSlib.lib                         [ SMSlib_sprite.rel ]
../lib/SMSlib.lib                         [ SMSlib_twosprites.rel ]
../lib/SMSlib.lib                         [ SMSlib_paddle.rel ]
../lib/SMSlib.lib                         [ SMSlib_VRAMmemcpy_brief.rel ]
../lib/SMSlib.lib                         [ SMSlib_UNSAFE_zx7.rel ]
C:\Program Files\SDCC\bin\..\lib\z80/z80.lib
                                          [ __sdcc_call_hl.rel ]
../lib/SMSlib.lib                         [ SMSlib_deprecated.rel ]
../lib/SMSlib.lib                         [ SMSlib_VRAMmemcpy.rel ]
../lib/SMSlib.lib                         [ SMSlib_STMcomp.rel ]
../lib/SMSlib.lib                         [ SMSlib_loadTileMapArea.rel ]
../lib/SMSlib.lib                         [ SMSlib_autotext.rel ]
C:\Program Files\SDCC\bin\..\lib\z80/z80.lib
                                          [ modunsigned.rel ]

ASxxxx Linker V03.00 + NoICE + sdld,  page 90.

User Base Address Definitions

_CODE = 0x0200
_DATA = 0xc000

