                              1 ;--------------------------------------------------------
                              2 ; File Created by SDCC : free open source ANSI-C Compiler
                              3 ; Version 3.6.9 #9960 (MINGW64)
                              4 ;--------------------------------------------------------
                              5 	.module asm_manager
                              6 	.optsdcc -mz80
                              7 	
                              8 ;--------------------------------------------------------
                              9 ; Public variables in this module
                             10 ;--------------------------------------------------------
                             11 	.globl _engine_asm_manager_clear_VRAM
                             12 ;--------------------------------------------------------
                             13 ; special function registers
                             14 ;--------------------------------------------------------
                     00BF    15 G$VDPControlPort$0$0 == 0x00bf
                     00BF    16 _VDPControlPort	=	0x00bf
                     00BE    17 G$VDPDataPort$0$0 == 0x00be
                     00BE    18 _VDPDataPort	=	0x00be
                             19 ;--------------------------------------------------------
                             20 ; ram data
                             21 ;--------------------------------------------------------
                             22 	.area _DATA
                             23 ;--------------------------------------------------------
                             24 ; ram data
                             25 ;--------------------------------------------------------
                             26 	.area _INITIALIZED
                             27 ;--------------------------------------------------------
                             28 ; absolute external ram data
                             29 ;--------------------------------------------------------
                             30 	.area _DABS (ABS)
                             31 ;--------------------------------------------------------
                             32 ; global & static initialisations
                             33 ;--------------------------------------------------------
                             34 	.area _HOME
                             35 	.area _GSINIT
                             36 	.area _GSFINAL
                             37 	.area _GSINIT
                             38 ;--------------------------------------------------------
                             39 ; Home
                             40 ;--------------------------------------------------------
                             41 	.area _HOME
                             42 	.area _HOME
                             43 ;--------------------------------------------------------
                             44 ; code
                             45 ;--------------------------------------------------------
                             46 	.area _CODE
                     0000    47 	G$engine_asm_manager_clear_VRAM$0$0	= .
                             48 	.globl	G$engine_asm_manager_clear_VRAM$0$0
                     0000    49 	C$asm_manager.c$6$0$0	= .
                             50 	.globl	C$asm_manager.c$6$0$0
                             51 ;asm_manager.c:6: void engine_asm_manager_clear_VRAM()
                             52 ;	---------------------------------
                             53 ; Function engine_asm_manager_clear_VRAM
                             54 ; ---------------------------------
   0000                      55 _engine_asm_manager_clear_VRAM::
                     0000    56 	C$asm_manager.c$21$1$1	= .
                             57 	.globl	C$asm_manager.c$21$1$1
                             58 ;asm_manager.c:21: __endasm;
   0000 3E 00         [ 7]   59 	ld	a, #0x00
   0002 D3 BF         [11]   60 	out(	_VDPControlPort ), a
   0004 3E 40         [ 7]   61 	ld	a, #0x40
   0006 D3 BF         [11]   62 	out(	_VDPControlPort ), a
   0008 01 00 40      [10]   63 	ld	bc, #0x4000
   000B                      64 	  ClearVRAMLoop:
   000B 3E 00         [ 7]   65 	ld	a, #0x00
   000D D3 BE         [11]   66 	out(	_VDPDataPort ), a
   000F 0B            [ 6]   67 	dec	bc
   0010 78            [ 4]   68 	ld	a, b
   0011 B1            [ 4]   69 	or	c
   0012 C2r0Br00      [10]   70 	jp	nz, ClearVRAMLoop
                     0015    71 	C$asm_manager.c$23$1$1	= .
                             72 	.globl	C$asm_manager.c$23$1$1
                     0015    73 	XG$engine_asm_manager_clear_VRAM$0$0	= .
                             74 	.globl	XG$engine_asm_manager_clear_VRAM$0$0
   0015 C9            [10]   75 	ret
                             76 	.area _CODE
                             77 	.area _INITIALIZER
                             78 	.area _CABS (ABS)
