ASxxxx Linker V03.00 + NoICE + sdld,  page 1.
Hexadecimal  [32-Bits]

Area                                    Addr        Size        Decimal Bytes (Attributes)
--------------------------------        ----        ----        ------- ----- ------------
.  .ABS.                            00000000    00000000 =           0. bytes (ABS,CON)

      Value  Global                              Global Defined In Module
      -----  --------------------------------   ------------------------
     00000000  .__.ABS.                           
     00000000  l__BSEG                         
     00000000  l__BSS                          
     00000000  l__CABS                         
     00000000  l__DABS                         
     00000000  l__HEADER                       
     00000000  l__HEAP                         
     00000000  l__HOME                         
     00000000  s__CABS                         
     00000000  s__CABS0                        
     00000000  s__CABS1                        
     00000000  s__CABS2                        
     00000000  s__CABS3                        
     00000000  s__CABS4                        
     00000000  s__DABS                         
     00000000  s__HEADER                       
     00000000  s__HEADER0                      
     00000000  s__HEADER1                      
     00000000  s__HEADER2                      
     00000000  s__HEADER3                      
     00000001  l__GSFINAL                      
     00000003  l__HEADER1                      
     00000003  l__HEADER2                      
     00000006  l__HEADER0                      
     00000006  l__INITIALIZED                  
     00000006  l__INITIALIZER                  
     0000000C  l__CABS2                        
     0000000F  l__GSINIT                       
     00000010  l__CABS0                        
     00000010  l__CABS4                        
     00000011  l__CABS1                        
     00000037  l__CABS3                        
     000000CA  l__DATA                         
     0000012A  l__HEADER3                      
     00000200  s__CODE                         
     00000376  l__CODE                         
     00000576  s__HOME                         
     00000576  s__INITIALIZER                  
     0000057C  s__GSINIT                       
     0000058B  s__GSFINAL                      
     0000C000  s__DATA                         
     0000C0CA  s__INITIALIZED                  
     0000C0D0  s__BSEG                         
     0000C0D0  s__BSS                          
     0000C0D0  s__HEAP                         
     0000FFFF  G$bank_to_be_mapped_on_slot2$0$0   main
     0000FFFF  _bank_to_be_mapped_on_slot2        SMSlib

ASxxxx Linker V03.00 + NoICE + sdld,  page 2.
Hexadecimal  [32-Bits]

Area                                    Addr        Size        Decimal Bytes (Attributes)
--------------------------------        ----        ----        ------- ----- ------------
_CODE                               00000200    00000376 =         886. bytes (REL,CON)

      Value  Global                              Global Defined In Module
      -----  --------------------------------   ------------------------
     00000200  __clock                            crt0
     00000204  _exit                              crt0
     0000020A  A$main$68                          main
     0000020A  C$main.c$3$0$0                     main
     0000020A  C$main.c$5$1$50                    main
     0000020A  G$main$0$0                         main
     0000020A  _main                              main
     0000020D  A$main$72                          main
     0000020D  C$main.c$6$1$50                    main
     00000210  A$main$73                          main
     00000213  A$main$77                          main
     00000213  C$main.c$7$1$50                    main
     00000216  A$main$78                          main
     00000217  A$main$79                          main
     0000021A  A$main$80                          main
     0000021B  A$main$84                          main
     0000021B  C$main.c$8$1$50                    main
     0000021E  A$main$85                          main
     00000221  A$main$90                          main
     00000221  C$main.c$11$3$52                   main
     00000224  A$main$95                          main
     00000224  C$main.c$13$2$51                   main
     00000224  XG$main$0$0                        main
     00000226  Fmain$__str_0$0$0                  main
     00000237  Fmain$__str_1$0$0                  main
     00000243  Fmain$__str_2$0$0                  main
     0000027A  _SMS_init                          SMSlib
     000002C6  _VDPReg_init                       SMSlib
     000002D1  _SMS_VDPType                       SMSlib
     000002D9  _SMS_VDPturnOnFeature              SMSlib
     000002F0  _SMS_VDPturnOffFeature             SMSlib
     00000309  _SMS_setBGScrollX                  SMSlib
     00000318  _SMS_setBGScrollY                  SMSlib
     00000327  _SMS_setBackdropColor              SMSlib
     00000336  _SMS_useFirstHalfTilesforSprites   SMSlib
     0000034E  _SMS_setSpriteMode                 SMSlib
     000003A3  _SMS_setBGPaletteColor             SMSlib
     000003B9  _SMS_setSpritePaletteColor         SMSlib
     000003D0  _SMS_setNextTileatAddr             SMSlib
     000003D9  _SMS_setTile                       SMSlib
     000003E3  _SMS_loadBGPalette                 SMSlib
     000003F7  _SMS_loadSpritePalette             SMSlib
     0000040B  _SMS_initSprites                   SMSlib
     00000411  _SMS_addSprite                     SMSlib
     00000458  _SMS_finalizeSprites               SMSlib
     0000046A  _SMS_copySpritestoSAT              SMSlib
     0000049F  _SMS_waitForVBlank                 SMSlib
     000004AC  _SMS_getKeysStatus                 SMSlib
     000004B0  _SMS_getKeysPressed                SMSlib
     000004C5  _SMS_getKeysHeld                   SMSlib
ASxxxx Linker V03.00 + NoICE + sdld,  page 3.
Hexadecimal  [32-Bits]

Area                                    Addr        Size        Decimal Bytes (Attributes)
--------------------------------        ----        ----        ------- ----- ------------
_CODE                               00000200    00000376 =         886. bytes (REL,CON)

      Value  Global                              Global Defined In Module
      -----  --------------------------------   ------------------------
     000004DC  _SMS_getKeysReleased               SMSlib
     000004F9  _SMS_queryPauseRequested           SMSlib
     00000501  _SMS_resetPauseRequest             SMSlib
     00000507  _SMS_setLineInterruptHandler       SMSlib
     00000518  _SMS_setLineCounter                SMSlib
     00000527  _SMS_getVCount                     SMSlib
     0000052B  _SMS_getHCount                     SMSlib
     0000052F  _SMS_isr                           SMSlib
     00000562  _SMS_nmi_isr                       SMSlib
     00000575  ___sdcc_call_hl                    
ASxxxx Linker V03.00 + NoICE + sdld,  page 4.
Hexadecimal  [32-Bits]

Area                                    Addr        Size        Decimal Bytes (Attributes)
--------------------------------        ----        ----        ------- ----- ------------
_HEADER0                            00000000    00000006 =           6. bytes (ABS,CON)

      Value  Global                              Global Defined In Module
      -----  --------------------------------   ------------------------
ASxxxx Linker V03.00 + NoICE + sdld,  page 5.
Hexadecimal  [32-Bits]

Area                                    Addr        Size        Decimal Bytes (Attributes)
--------------------------------        ----        ----        ------- ----- ------------
_HEADER1                            00000000    00000003 =           3. bytes (ABS,CON)

      Value  Global                              Global Defined In Module
      -----  --------------------------------   ------------------------
ASxxxx Linker V03.00 + NoICE + sdld,  page 6.
Hexadecimal  [32-Bits]

Area                                    Addr        Size        Decimal Bytes (Attributes)
--------------------------------        ----        ----        ------- ----- ------------
_HEADER2                            00000000    00000003 =           3. bytes (ABS,CON)

      Value  Global                              Global Defined In Module
      -----  --------------------------------   ------------------------
ASxxxx Linker V03.00 + NoICE + sdld,  page 7.
Hexadecimal  [32-Bits]

Area                                    Addr        Size        Decimal Bytes (Attributes)
--------------------------------        ----        ----        ------- ----- ------------
_HEADER3                            00000000    0000012A =         298. bytes (ABS,CON)

      Value  Global                              Global Defined In Module
      -----  --------------------------------   ------------------------
     00000099  _OUTI128                           crt0
     00000119  _OUTI64                            crt0
     00000159  _OUTI32                            crt0
     00000199  _outi_block                        crt0

ASxxxx Linker V03.00 + NoICE + sdld,  page 8.
Hexadecimal  [32-Bits]

Area                                    Addr        Size        Decimal Bytes (Attributes)
--------------------------------        ----        ----        ------- ----- ------------
_INITIALIZER                        00000576    00000006 =           6. bytes (REL,CON)

      Value  Global                              Global Defined In Module
      -----  --------------------------------   ------------------------
ASxxxx Linker V03.00 + NoICE + sdld,  page 9.
Hexadecimal  [32-Bits]

Area                                    Addr        Size        Decimal Bytes (Attributes)
--------------------------------        ----        ----        ------- ----- ------------
_GSINIT                             0000057C    0000000F =          15. bytes (REL,CON)

      Value  Global                              Global Defined In Module
      -----  --------------------------------   ------------------------
     0000057C  gsinit                             crt0

ASxxxx Linker V03.00 + NoICE + sdld,  page 10.
Hexadecimal  [32-Bits]

Area                                    Addr        Size        Decimal Bytes (Attributes)
--------------------------------        ----        ----        ------- ----- ------------
_GSFINAL                            0000058B    00000001 =           1. bytes (REL,CON)

      Value  Global                              Global Defined In Module
      -----  --------------------------------   ------------------------
ASxxxx Linker V03.00 + NoICE + sdld,  page 11.
Hexadecimal  [32-Bits]

Area                                    Addr        Size        Decimal Bytes (Attributes)
--------------------------------        ----        ----        ------- ----- ------------
_DATA                               0000C000    000000CA =         202. bytes (REL,CON)

      Value  Global                              Global Defined In Module
      -----  --------------------------------   ------------------------
     0000C000  _VDPBlank                          SMSlib
     0000C001  _PauseRequested                    SMSlib
     0000C002  _VDPType                           SMSlib
     0000C003  _KeysStatus                        SMSlib
     0000C005  _PreviousKeysStatus                SMSlib
     0000C007  _SpriteTableY                      SMSlib
     0000C047  _SpriteTableXN                     SMSlib
     0000C0C7  _SpriteNextFree                    SMSlib
     0000C0C8  _SMS_theLineInterruptHandler       SMSlib
ASxxxx Linker V03.00 + NoICE + sdld,  page 12.
Hexadecimal  [32-Bits]

Area                                    Addr        Size        Decimal Bytes (Attributes)
--------------------------------        ----        ----        ------- ----- ------------
_INITIALIZED                        0000C0CA    00000006 =           6. bytes (REL,CON)

      Value  Global                              Global Defined In Module
      -----  --------------------------------   ------------------------
     0000C0CA  _VDPReg                            SMSlib
     0000C0CC  _spritesHeight                     SMSlib
     0000C0CE  _spritesWidth                      SMSlib
ASxxxx Linker V03.00 + NoICE + sdld,  page 13.
Hexadecimal  [32-Bits]

Area                                    Addr        Size        Decimal Bytes (Attributes)
--------------------------------        ----        ----        ------- ----- ------------
_CABS0                              00000000    00000010 =          16. bytes (ABS,CON)

      Value  Global                              Global Defined In Module
      -----  --------------------------------   ------------------------
     00007FF0  G$__SMS__SEGA_signature$0$0        main
     00007FF0  ___SMS__SEGA_signature             main

ASxxxx Linker V03.00 + NoICE + sdld,  page 14.
Hexadecimal  [32-Bits]

Area                                    Addr        Size        Decimal Bytes (Attributes)
--------------------------------        ----        ----        ------- ----- ------------
_CABS1                              00000000    00000011 =          17. bytes (ABS,CON)

      Value  Global                              Global Defined In Module
      -----  --------------------------------   ------------------------
     00007FCF  G$__SMS__SDSC_author$0$0           main
     00007FCF  ___SMS__SDSC_author                main

ASxxxx Linker V03.00 + NoICE + sdld,  page 15.
Hexadecimal  [32-Bits]

Area                                    Addr        Size        Decimal Bytes (Attributes)
--------------------------------        ----        ----        ------- ----- ------------
_CABS2                              00000000    0000000C =          12. bytes (ABS,CON)

      Value  Global                              Global Defined In Module
      -----  --------------------------------   ------------------------
     00007FC3  G$__SMS__SDSC_name$0$0             main
     00007FC3  ___SMS__SDSC_name                  main

ASxxxx Linker V03.00 + NoICE + sdld,  page 16.
Hexadecimal  [32-Bits]

Area                                    Addr        Size        Decimal Bytes (Attributes)
--------------------------------        ----        ----        ------- ----- ------------
_CABS3                              00000000    00000037 =          55. bytes (ABS,CON)

      Value  Global                              Global Defined In Module
      -----  --------------------------------   ------------------------
     00007F8C  G$__SMS__SDSC_descr$0$0            main
     00007F8C  ___SMS__SDSC_descr                 main

ASxxxx Linker V03.00 + NoICE + sdld,  page 17.
Hexadecimal  [32-Bits]

Area                                    Addr        Size        Decimal Bytes (Attributes)
--------------------------------        ----        ----        ------- ----- ------------
_CABS4                              00000000    00000010 =          16. bytes (ABS,CON)

      Value  Global                              Global Defined In Module
      -----  --------------------------------   ------------------------
     00007FE0  G$__SMS__SDSC_signature$0$0        main
     00007FE0  ___SMS__SDSC_signature             main

ASxxxx Linker V03.00 + NoICE + sdld,  page 18.

Files Linked                              [ module(s) ]

crt0_sms.rel                              [ crt0 ]
main.rel                                  [ main ]


Libraries Linked                          [ object file ]

SMSlib.lib                                [ SMSlib.rel ]
C:\Program Files\SDCC\bin\..\lib\z80/z80.lib
                                          [ __sdcc_call_hl.rel ]

ASxxxx Linker V03.00 + NoICE + sdld,  page 19.

User Base Address Definitions

_CODE = 0x0200
_DATA = 0xc000

