ASxxxx Linker V03.00 + NoICE + sdld,  page 1.
Hexadecimal  [32-Bits]

Area                                    Addr        Size        Decimal Bytes (Attributes)
--------------------------------        ----        ----        ------- ----- ------------
.  .ABS.                            00000000    00000000 =           0. bytes (ABS,CON)

      Value  Global                              Global Defined In Module
      -----  --------------------------------   ------------------------
     00000000  .__.ABS.                           SMSlib_PSGaiden
     00000000  l__BSEG                         
     00000000  l__BSS                          
     00000000  l__CABS                         
     00000000  l__DABS                         
     00000000  l__HEADER                       
     00000000  l__HEAP                         
     00000000  l__HOME                         
     00000000  s__CABS                         
     00000000  s__CABS0                        
     00000000  s__CABS1                        
     00000000  s__CABS2                        
     00000000  s__CABS3                        
     00000000  s__CABS4                        
     00000000  s__DABS                         
     00000000  s__HEADER                       
     00000000  s__HEADER0                      
     00000000  s__HEADER1                      
     00000000  s__HEADER2                      
     00000000  s__HEADER3                      
     00000001  l__GSFINAL                      
     00000003  l__HEADER1                      
     00000003  l__HEADER2                      
     00000006  l__HEADER0                      
     00000006  l__INITIALIZED                  
     00000006  l__INITIALIZER                  
     0000000C  l__CABS2                        
     0000000F  l__GSINIT                       
     00000010  l__CABS0                        
     00000010  l__CABS4                        
     00000011  l__CABS1                        
     00000037  l__CABS3                        
     000000EA  l__DATA                         
     0000012A  l__HEADER3                      
     00000200  s__CODE                         
     00000EC3  l__CODE                         
     000010C3  s__HOME                         
     000010C3  s__INITIALIZER                  
     000010C9  s__GSINIT                       
     000010D8  s__GSFINAL                      
     0000C000  s__DATA                         
     0000C0EA  s__INITIALIZED                  
     0000C0F0  s__BSEG                         
     0000C0F0  s__BSS                          
     0000C0F0  s__HEAP                         
     0000FFFF  G$bank_to_be_mapped_on_slot2$0$0   main
     0000FFFF  _bank_to_be_mapped_on_slot2        SMSlib_PSGaiden

ASxxxx Linker V03.00 + NoICE + sdld,  page 2.
Hexadecimal  [32-Bits]

Area                                    Addr        Size        Decimal Bytes (Attributes)
--------------------------------        ----        ----        ------- ----- ------------
_CODE                               00000200    00000EC3 =        3779. bytes (REL,CON)

      Value  Global                              Global Defined In Module
      -----  --------------------------------   ------------------------
     00000200  __clock                            crt0
     00000204  _exit                              crt0
     0000020A  A$main$70                          main
     0000020A  C$main.c$4$0$0                     main
     0000020A  C$main.c$6$1$50                    main
     0000020A  G$main$0$0                         main
     0000020A  _main                              main
     0000020D  A$main$74                          main
     0000020D  C$main.c$7$1$50                    main
     00000210  A$main$75                          main
     00000213  A$main$79                          main
     00000213  C$main.c$9$1$50                    main
     00000216  A$main$80                          main
     00000217  A$main$81                          main
     0000021A  A$main$82                          main
     0000021B  A$main$83                          main
     0000021E  A$main$84                          main
     0000021F  A$main$85                          main
     00000220  A$main$89                          main
     00000220  C$main.c$10$1$50                   main
     00000223  A$main$90                          main
     00000224  A$main$91                          main
     00000227  A$main$92                          main
     00000228  A$main$93                          main
     0000022B  A$main$94                          main
     0000022C  A$main$95                          main
     0000022D  A$main$99                          main
     0000022D  C$main.c$11$1$50                   main
     00000230  A$main$100                         main
     00000233  A$main$104                         main
     00000233  C$main.c$12$1$50                   main
     00000236  A$main$105                         main
     00000239  A$main$110                         main
     00000239  C$main.c$15$3$52                   main
     0000023C  A$main$115                         main
     0000023C  C$main.c$17$2$51                   main
     0000023C  XG$main$0$0                        main
     0000023E  Fmain$__str_0$0$0                  main
     0000024F  Fmain$__str_1$0$0                  main
     0000025B  Fmain$__str_2$0$0                  main
     00000292  _splash__palette__bin              gfx
     000002A2  _splash__tilemap__stmcompr         gfx
     000002E9  _splash__tiles__psgcompr           gfx
     00000B12  _SMS_init                          SMSlib
     00000B5E  _VDPReg_init                       SMSlib
     00000B69  _SMS_VDPType                       SMSlib
     00000B71  _SMS_VDPturnOnFeature              SMSlib
     00000B88  _SMS_VDPturnOffFeature             SMSlib
     00000BA1  _SMS_setBGScrollX                  SMSlib
     00000BB0  _SMS_setBGScrollY                  SMSlib
ASxxxx Linker V03.00 + NoICE + sdld,  page 3.
Hexadecimal  [32-Bits]

Area                                    Addr        Size        Decimal Bytes (Attributes)
--------------------------------        ----        ----        ------- ----- ------------
_CODE                               00000200    00000EC3 =        3779. bytes (REL,CON)

      Value  Global                              Global Defined In Module
      -----  --------------------------------   ------------------------
     00000BBF  _SMS_setBackdropColor              SMSlib
     00000BCE  _SMS_useFirstHalfTilesforSprites   SMSlib
     00000BE6  _SMS_setSpriteMode                 SMSlib
     00000C3B  _SMS_setBGPaletteColor             SMSlib
     00000C51  _SMS_setSpritePaletteColor         SMSlib
     00000C68  _SMS_setNextTileatAddr             SMSlib
     00000C71  _SMS_setTile                       SMSlib
     00000C7B  _SMS_loadBGPalette                 SMSlib
     00000C8F  _SMS_loadSpritePalette             SMSlib
     00000CA3  _SMS_initSprites                   SMSlib
     00000CA9  _SMS_addSprite                     SMSlib
     00000CF0  _SMS_finalizeSprites               SMSlib
     00000D02  _SMS_copySpritestoSAT              SMSlib
     00000D37  _SMS_waitForVBlank                 SMSlib
     00000D44  _SMS_getKeysStatus                 SMSlib
     00000D48  _SMS_getKeysPressed                SMSlib
     00000D5D  _SMS_getKeysHeld                   SMSlib
     00000D74  _SMS_getKeysReleased               SMSlib
     00000D91  _SMS_queryPauseRequested           SMSlib
     00000D99  _SMS_resetPauseRequest             SMSlib
     00000D9F  _SMS_setLineInterruptHandler       SMSlib
     00000DB0  _SMS_setLineCounter                SMSlib
     00000DBF  _SMS_getVCount                     SMSlib
     00000DC3  _SMS_getHCount                     SMSlib
     00000DC7  _SMS_isr                           SMSlib
     00000DFA  _SMS_nmi_isr                       SMSlib
     00000E0D  _SMS_loadSTMcompressedTileMap      SMSlib_STMcomp
     00000FC8  ___sdcc_call_hl                    
     00000FC9  _SMS_loadPSGaidencompressedTiles   SMSlib_PSGaiden

ASxxxx Linker V03.00 + NoICE + sdld,  page 4.
Hexadecimal  [32-Bits]

Area                                    Addr        Size        Decimal Bytes (Attributes)
--------------------------------        ----        ----        ------- ----- ------------
_HEADER0                            00000000    00000006 =           6. bytes (ABS,CON)

      Value  Global                              Global Defined In Module
      -----  --------------------------------   ------------------------
ASxxxx Linker V03.00 + NoICE + sdld,  page 5.
Hexadecimal  [32-Bits]

Area                                    Addr        Size        Decimal Bytes (Attributes)
--------------------------------        ----        ----        ------- ----- ------------
_HEADER1                            00000000    00000003 =           3. bytes (ABS,CON)

      Value  Global                              Global Defined In Module
      -----  --------------------------------   ------------------------
ASxxxx Linker V03.00 + NoICE + sdld,  page 6.
Hexadecimal  [32-Bits]

Area                                    Addr        Size        Decimal Bytes (Attributes)
--------------------------------        ----        ----        ------- ----- ------------
_HEADER2                            00000000    00000003 =           3. bytes (ABS,CON)

      Value  Global                              Global Defined In Module
      -----  --------------------------------   ------------------------
ASxxxx Linker V03.00 + NoICE + sdld,  page 7.
Hexadecimal  [32-Bits]

Area                                    Addr        Size        Decimal Bytes (Attributes)
--------------------------------        ----        ----        ------- ----- ------------
_HEADER3                            00000000    0000012A =         298. bytes (ABS,CON)

      Value  Global                              Global Defined In Module
      -----  --------------------------------   ------------------------
     00000099  _OUTI128                           crt0
     00000119  _OUTI64                            crt0
     00000159  _OUTI32                            crt0
     00000199  _outi_block                        crt0

ASxxxx Linker V03.00 + NoICE + sdld,  page 8.
Hexadecimal  [32-Bits]

Area                                    Addr        Size        Decimal Bytes (Attributes)
--------------------------------        ----        ----        ------- ----- ------------
_INITIALIZER                        000010C3    00000006 =           6. bytes (REL,CON)

      Value  Global                              Global Defined In Module
      -----  --------------------------------   ------------------------
ASxxxx Linker V03.00 + NoICE + sdld,  page 9.
Hexadecimal  [32-Bits]

Area                                    Addr        Size        Decimal Bytes (Attributes)
--------------------------------        ----        ----        ------- ----- ------------
_GSINIT                             000010C9    0000000F =          15. bytes (REL,CON)

      Value  Global                              Global Defined In Module
      -----  --------------------------------   ------------------------
     000010C9  gsinit                             crt0

ASxxxx Linker V03.00 + NoICE + sdld,  page 10.
Hexadecimal  [32-Bits]

Area                                    Addr        Size        Decimal Bytes (Attributes)
--------------------------------        ----        ----        ------- ----- ------------
_GSFINAL                            000010D8    00000001 =           1. bytes (REL,CON)

      Value  Global                              Global Defined In Module
      -----  --------------------------------   ------------------------
ASxxxx Linker V03.00 + NoICE + sdld,  page 11.
Hexadecimal  [32-Bits]

Area                                    Addr        Size        Decimal Bytes (Attributes)
--------------------------------        ----        ----        ------- ----- ------------
_DATA                               0000C000    000000EA =         234. bytes (REL,CON)

      Value  Global                              Global Defined In Module
      -----  --------------------------------   ------------------------
     0000C000  _VDPBlank                          SMSlib
     0000C001  _PauseRequested                    SMSlib
     0000C002  _VDPType                           SMSlib
     0000C003  _KeysStatus                        SMSlib
     0000C005  _PreviousKeysStatus                SMSlib
     0000C007  _SpriteTableY                      SMSlib
     0000C047  _SpriteTableXN                     SMSlib
     0000C0C7  _SpriteNextFree                    SMSlib
     0000C0C8  _SMS_theLineInterruptHandler       SMSlib
     0000C0CA  _decompBuffer                      SMSlib_PSGaiden

ASxxxx Linker V03.00 + NoICE + sdld,  page 12.
Hexadecimal  [32-Bits]

Area                                    Addr        Size        Decimal Bytes (Attributes)
--------------------------------        ----        ----        ------- ----- ------------
_INITIALIZED                        0000C0EA    00000006 =           6. bytes (REL,CON)

      Value  Global                              Global Defined In Module
      -----  --------------------------------   ------------------------
     0000C0EA  _VDPReg                            SMSlib
     0000C0EC  _spritesHeight                     SMSlib
     0000C0EE  _spritesWidth                      SMSlib
ASxxxx Linker V03.00 + NoICE + sdld,  page 13.
Hexadecimal  [32-Bits]

Area                                    Addr        Size        Decimal Bytes (Attributes)
--------------------------------        ----        ----        ------- ----- ------------
_CABS0                              00000000    00000010 =          16. bytes (ABS,CON)

      Value  Global                              Global Defined In Module
      -----  --------------------------------   ------------------------
     00007FF0  G$__SMS__SEGA_signature$0$0        main
     00007FF0  ___SMS__SEGA_signature             main

ASxxxx Linker V03.00 + NoICE + sdld,  page 14.
Hexadecimal  [32-Bits]

Area                                    Addr        Size        Decimal Bytes (Attributes)
--------------------------------        ----        ----        ------- ----- ------------
_CABS1                              00000000    00000011 =          17. bytes (ABS,CON)

      Value  Global                              Global Defined In Module
      -----  --------------------------------   ------------------------
     00007FCF  G$__SMS__SDSC_author$0$0           main
     00007FCF  ___SMS__SDSC_author                main

ASxxxx Linker V03.00 + NoICE + sdld,  page 15.
Hexadecimal  [32-Bits]

Area                                    Addr        Size        Decimal Bytes (Attributes)
--------------------------------        ----        ----        ------- ----- ------------
_CABS2                              00000000    0000000C =          12. bytes (ABS,CON)

      Value  Global                              Global Defined In Module
      -----  --------------------------------   ------------------------
     00007FC3  G$__SMS__SDSC_name$0$0             main
     00007FC3  ___SMS__SDSC_name                  main

ASxxxx Linker V03.00 + NoICE + sdld,  page 16.
Hexadecimal  [32-Bits]

Area                                    Addr        Size        Decimal Bytes (Attributes)
--------------------------------        ----        ----        ------- ----- ------------
_CABS3                              00000000    00000037 =          55. bytes (ABS,CON)

      Value  Global                              Global Defined In Module
      -----  --------------------------------   ------------------------
     00007F8C  G$__SMS__SDSC_descr$0$0            main
     00007F8C  ___SMS__SDSC_descr                 main

ASxxxx Linker V03.00 + NoICE + sdld,  page 17.
Hexadecimal  [32-Bits]

Area                                    Addr        Size        Decimal Bytes (Attributes)
--------------------------------        ----        ----        ------- ----- ------------
_CABS4                              00000000    00000010 =          16. bytes (ABS,CON)

      Value  Global                              Global Defined In Module
      -----  --------------------------------   ------------------------
     00007FE0  G$__SMS__SDSC_signature$0$0        main
     00007FE0  ___SMS__SDSC_signature             main

ASxxxx Linker V03.00 + NoICE + sdld,  page 18.

Files Linked                              [ module(s) ]

crt0_sms.rel                              [ crt0 ]
main.rel                                  [ main ]
gfx.rel                                   [ gfx ]


Libraries Linked                          [ object file ]

SMSlib.lib                                [ SMSlib.rel ]
SMSlib.lib                                [ SMSlib_STMcomp.rel ]
C:\Program Files\SDCC\bin\..\lib\z80/z80.lib
                                          [ __sdcc_call_hl.rel ]
SMSlib.lib                                [ SMSlib_PSGaiden.rel ]

ASxxxx Linker V03.00 + NoICE + sdld,  page 19.

User Base Address Definitions

_CODE = 0x0200
_DATA = 0xc000

