                              1 ;--------------------------------------------------------
                              2 ; File Created by SDCC : free open source ANSI-C Compiler
                              3 ; Version 3.6.9 #9960 (MINGW64)
                              4 ;--------------------------------------------------------
                              5 	.module bank3
                              6 	.optsdcc -mz80
                              7 	
                              8 ;--------------------------------------------------------
                              9 ; Public variables in this module
                             10 ;--------------------------------------------------------
                             11 	.globl _level0301_txt
                             12 ;--------------------------------------------------------
                             13 ; special function registers
                             14 ;--------------------------------------------------------
                             15 ;--------------------------------------------------------
                             16 ; ram data
                             17 ;--------------------------------------------------------
                             18 	.area _DATA
                             19 ;--------------------------------------------------------
                             20 ; ram data
                             21 ;--------------------------------------------------------
                             22 	.area _INITIALIZED
                             23 ;--------------------------------------------------------
                             24 ; absolute external ram data
                             25 ;--------------------------------------------------------
                             26 	.area _DABS (ABS)
                             27 ;--------------------------------------------------------
                             28 ; global & static initialisations
                             29 ;--------------------------------------------------------
                             30 	.area _HOME
                             31 	.area _GSINIT
                             32 	.area _GSFINAL
                             33 	.area _GSINIT
                             34 ;--------------------------------------------------------
                             35 ; Home
                             36 ;--------------------------------------------------------
                             37 	.area _HOME
                             38 	.area _HOME
                             39 ;--------------------------------------------------------
                             40 ; code
                             41 ;--------------------------------------------------------
                             42 	.area _CODE
                             43 	.area _CODE
                             44 	.area _BANK3
   0000                      45 _level0301_txt:
   0000 14                   46 	.db #0x14	; 20
   0001 14                   47 	.db #0x14	; 20
   0002 14                   48 	.db #0x14	; 20
   0003 14                   49 	.db #0x14	; 20
   0004 14                   50 	.db #0x14	; 20
   0005 14                   51 	.db #0x14	; 20
   0006 14                   52 	.db #0x14	; 20
   0007 14                   53 	.db #0x14	; 20
   0008 14                   54 	.db #0x14	; 20
   0009 14                   55 	.db #0x14	; 20
   000A 14                   56 	.db #0x14	; 20
   000B 14                   57 	.db #0x14	; 20
   000C 14                   58 	.db #0x14	; 20
   000D 14                   59 	.db #0x14	; 20
   000E 14                   60 	.db #0x14	; 20
   000F 14                   61 	.db #0x14	; 20
   0010 14                   62 	.db #0x14	; 20
   0011 14                   63 	.db #0x14	; 20
   0012 14                   64 	.db #0x14	; 20
   0013 14                   65 	.db #0x14	; 20
   0014 14                   66 	.db #0x14	; 20
   0015 14                   67 	.db #0x14	; 20
   0016 14                   68 	.db #0x14	; 20
   0017 14                   69 	.db #0x14	; 20
   0018 14                   70 	.db #0x14	; 20
   0019 14                   71 	.db #0x14	; 20
   001A 14                   72 	.db #0x14	; 20
   001B 14                   73 	.db #0x14	; 20
   001C 14                   74 	.db #0x14	; 20
   001D 14                   75 	.db #0x14	; 20
   001E 14                   76 	.db #0x14	; 20
   001F 14                   77 	.db #0x14	; 20
   0020 14                   78 	.db #0x14	; 20
   0021 14                   79 	.db #0x14	; 20
   0022 14                   80 	.db #0x14	; 20
   0023 14                   81 	.db #0x14	; 20
   0024 14                   82 	.db #0x14	; 20
   0025 14                   83 	.db #0x14	; 20
   0026 14                   84 	.db #0x14	; 20
   0027 14                   85 	.db #0x14	; 20
   0028 14                   86 	.db #0x14	; 20
   0029 14                   87 	.db #0x14	; 20
   002A 14                   88 	.db #0x14	; 20
   002B 14                   89 	.db #0x14	; 20
   002C 14                   90 	.db #0x14	; 20
   002D 14                   91 	.db #0x14	; 20
   002E 14                   92 	.db #0x14	; 20
   002F 14                   93 	.db #0x14	; 20
   0030 14                   94 	.db #0x14	; 20
   0031 14                   95 	.db #0x14	; 20
   0032 14                   96 	.db #0x14	; 20
   0033 14                   97 	.db #0x14	; 20
   0034 14                   98 	.db #0x14	; 20
   0035 14                   99 	.db #0x14	; 20
   0036 14                  100 	.db #0x14	; 20
   0037 14                  101 	.db #0x14	; 20
   0038 14                  102 	.db #0x14	; 20
   0039 14                  103 	.db #0x14	; 20
   003A 14                  104 	.db #0x14	; 20
   003B 14                  105 	.db #0x14	; 20
   003C 14                  106 	.db #0x14	; 20
   003D 14                  107 	.db #0x14	; 20
   003E 14                  108 	.db #0x14	; 20
   003F 14                  109 	.db #0x14	; 20
   0040 14                  110 	.db #0x14	; 20
   0041 14                  111 	.db #0x14	; 20
   0042 14                  112 	.db #0x14	; 20
   0043 14                  113 	.db #0x14	; 20
   0044 14                  114 	.db #0x14	; 20
   0045 14                  115 	.db #0x14	; 20
   0046 14                  116 	.db #0x14	; 20
   0047 14                  117 	.db #0x14	; 20
   0048 14                  118 	.db #0x14	; 20
   0049 14                  119 	.db #0x14	; 20
   004A 14                  120 	.db #0x14	; 20
   004B 14                  121 	.db #0x14	; 20
   004C 14                  122 	.db #0x14	; 20
   004D 14                  123 	.db #0x14	; 20
   004E 14                  124 	.db #0x14	; 20
   004F 14                  125 	.db #0x14	; 20
   0050 14                  126 	.db #0x14	; 20
   0051 14                  127 	.db #0x14	; 20
   0052 14                  128 	.db #0x14	; 20
   0053 14                  129 	.db #0x14	; 20
   0054 14                  130 	.db #0x14	; 20
   0055 14                  131 	.db #0x14	; 20
   0056 14                  132 	.db #0x14	; 20
   0057 14                  133 	.db #0x14	; 20
   0058 14                  134 	.db #0x14	; 20
   0059 14                  135 	.db #0x14	; 20
   005A 14                  136 	.db #0x14	; 20
   005B 14                  137 	.db #0x14	; 20
   005C 14                  138 	.db #0x14	; 20
   005D 14                  139 	.db #0x14	; 20
   005E 14                  140 	.db #0x14	; 20
   005F 14                  141 	.db #0x14	; 20
   0060 14                  142 	.db #0x14	; 20
   0061 14                  143 	.db #0x14	; 20
   0062 14                  144 	.db #0x14	; 20
   0063 14                  145 	.db #0x14	; 20
   0064 14                  146 	.db #0x14	; 20
   0065 14                  147 	.db #0x14	; 20
   0066 14                  148 	.db #0x14	; 20
   0067 14                  149 	.db #0x14	; 20
   0068 14                  150 	.db #0x14	; 20
   0069 14                  151 	.db #0x14	; 20
   006A 14                  152 	.db #0x14	; 20
   006B 14                  153 	.db #0x14	; 20
   006C 14                  154 	.db #0x14	; 20
   006D 14                  155 	.db #0x14	; 20
   006E 14                  156 	.db #0x14	; 20
   006F 14                  157 	.db #0x14	; 20
   0070 14                  158 	.db #0x14	; 20
   0071 14                  159 	.db #0x14	; 20
   0072 14                  160 	.db #0x14	; 20
   0073 14                  161 	.db #0x14	; 20
   0074 14                  162 	.db #0x14	; 20
   0075 14                  163 	.db #0x14	; 20
   0076 14                  164 	.db #0x14	; 20
   0077 14                  165 	.db #0x14	; 20
   0078 14                  166 	.db #0x14	; 20
   0079 14                  167 	.db #0x14	; 20
   007A 14                  168 	.db #0x14	; 20
   007B 14                  169 	.db #0x14	; 20
   007C 14                  170 	.db #0x14	; 20
   007D 14                  171 	.db #0x14	; 20
   007E 14                  172 	.db #0x14	; 20
   007F 14                  173 	.db #0x14	; 20
   0080 14                  174 	.db #0x14	; 20
   0081 14                  175 	.db #0x14	; 20
   0082 14                  176 	.db #0x14	; 20
   0083 14                  177 	.db #0x14	; 20
   0084 14                  178 	.db #0x14	; 20
   0085 14                  179 	.db #0x14	; 20
   0086 14                  180 	.db #0x14	; 20
   0087 14                  181 	.db #0x14	; 20
   0088 14                  182 	.db #0x14	; 20
   0089 14                  183 	.db #0x14	; 20
   008A 14                  184 	.db #0x14	; 20
   008B 14                  185 	.db #0x14	; 20
   008C 14                  186 	.db #0x14	; 20
   008D 14                  187 	.db #0x14	; 20
   008E 14                  188 	.db #0x14	; 20
   008F 14                  189 	.db #0x14	; 20
   0090 14                  190 	.db #0x14	; 20
   0091 14                  191 	.db #0x14	; 20
   0092 14                  192 	.db #0x14	; 20
   0093 14                  193 	.db #0x14	; 20
   0094 14                  194 	.db #0x14	; 20
   0095 14                  195 	.db #0x14	; 20
   0096 14                  196 	.db #0x14	; 20
   0097 14                  197 	.db #0x14	; 20
   0098 14                  198 	.db #0x14	; 20
   0099 14                  199 	.db #0x14	; 20
   009A 14                  200 	.db #0x14	; 20
   009B 14                  201 	.db #0x14	; 20
   009C 14                  202 	.db #0x14	; 20
   009D 14                  203 	.db #0x14	; 20
   009E 14                  204 	.db #0x14	; 20
   009F 14                  205 	.db #0x14	; 20
   00A0 14                  206 	.db #0x14	; 20
   00A1 14                  207 	.db #0x14	; 20
   00A2 14                  208 	.db #0x14	; 20
   00A3 14                  209 	.db #0x14	; 20
   00A4 14                  210 	.db #0x14	; 20
   00A5 14                  211 	.db #0x14	; 20
   00A6 14                  212 	.db #0x14	; 20
   00A7 14                  213 	.db #0x14	; 20
   00A8 14                  214 	.db #0x14	; 20
   00A9 14                  215 	.db #0x14	; 20
   00AA 14                  216 	.db #0x14	; 20
   00AB 14                  217 	.db #0x14	; 20
   00AC 14                  218 	.db #0x14	; 20
   00AD 14                  219 	.db #0x14	; 20
   00AE 14                  220 	.db #0x14	; 20
   00AF 14                  221 	.db #0x14	; 20
   00B0 14                  222 	.db #0x14	; 20
   00B1 14                  223 	.db #0x14	; 20
   00B2 14                  224 	.db #0x14	; 20
   00B3 14                  225 	.db #0x14	; 20
   00B4 14                  226 	.db #0x14	; 20
   00B5 14                  227 	.db #0x14	; 20
   00B6 14                  228 	.db #0x14	; 20
   00B7 14                  229 	.db #0x14	; 20
   00B8 14                  230 	.db #0x14	; 20
   00B9 14                  231 	.db #0x14	; 20
   00BA 14                  232 	.db #0x14	; 20
   00BB 14                  233 	.db #0x14	; 20
   00BC 14                  234 	.db #0x14	; 20
   00BD 14                  235 	.db #0x14	; 20
   00BE 14                  236 	.db #0x14	; 20
   00BF 14                  237 	.db #0x14	; 20
   00C0 14                  238 	.db #0x14	; 20
   00C1 14                  239 	.db #0x14	; 20
   00C2 14                  240 	.db #0x14	; 20
   00C3 14                  241 	.db #0x14	; 20
   00C4 14                  242 	.db #0x14	; 20
   00C5 14                  243 	.db #0x14	; 20
   00C6 14                  244 	.db #0x14	; 20
   00C7 14                  245 	.db #0x14	; 20
   00C8 14                  246 	.db #0x14	; 20
   00C9 14                  247 	.db #0x14	; 20
   00CA 14                  248 	.db #0x14	; 20
   00CB 14                  249 	.db #0x14	; 20
   00CC 14                  250 	.db #0x14	; 20
   00CD 14                  251 	.db #0x14	; 20
   00CE 14                  252 	.db #0x14	; 20
   00CF 14                  253 	.db #0x14	; 20
   00D0 14                  254 	.db #0x14	; 20
   00D1 14                  255 	.db #0x14	; 20
   00D2 14                  256 	.db #0x14	; 20
   00D3 14                  257 	.db #0x14	; 20
   00D4 14                  258 	.db #0x14	; 20
   00D5 14                  259 	.db #0x14	; 20
   00D6 14                  260 	.db #0x14	; 20
   00D7 14                  261 	.db #0x14	; 20
   00D8 14                  262 	.db #0x14	; 20
   00D9 14                  263 	.db #0x14	; 20
   00DA 14                  264 	.db #0x14	; 20
   00DB 14                  265 	.db #0x14	; 20
   00DC 14                  266 	.db #0x14	; 20
   00DD 14                  267 	.db #0x14	; 20
   00DE 14                  268 	.db #0x14	; 20
   00DF 14                  269 	.db #0x14	; 20
   00E0 14                  270 	.db #0x14	; 20
   00E1 14                  271 	.db #0x14	; 20
   00E2 14                  272 	.db #0x14	; 20
   00E3 14                  273 	.db #0x14	; 20
   00E4 14                  274 	.db #0x14	; 20
   00E5 14                  275 	.db #0x14	; 20
   00E6 14                  276 	.db #0x14	; 20
   00E7 14                  277 	.db #0x14	; 20
   00E8 14                  278 	.db #0x14	; 20
   00E9 14                  279 	.db #0x14	; 20
   00EA 14                  280 	.db #0x14	; 20
   00EB 14                  281 	.db #0x14	; 20
   00EC 14                  282 	.db #0x14	; 20
   00ED 14                  283 	.db #0x14	; 20
   00EE 14                  284 	.db #0x14	; 20
   00EF 14                  285 	.db #0x14	; 20
   00F0 14                  286 	.db #0x14	; 20
   00F1 14                  287 	.db #0x14	; 20
   00F2 14                  288 	.db #0x14	; 20
   00F3 14                  289 	.db #0x14	; 20
   00F4 14                  290 	.db #0x14	; 20
   00F5 14                  291 	.db #0x14	; 20
   00F6 14                  292 	.db #0x14	; 20
   00F7 14                  293 	.db #0x14	; 20
   00F8 14                  294 	.db #0x14	; 20
   00F9 14                  295 	.db #0x14	; 20
   00FA 14                  296 	.db #0x14	; 20
   00FB 14                  297 	.db #0x14	; 20
   00FC 14                  298 	.db #0x14	; 20
   00FD 14                  299 	.db #0x14	; 20
   00FE 14                  300 	.db #0x14	; 20
   00FF 14                  301 	.db #0x14	; 20
   0100 14                  302 	.db #0x14	; 20
   0101 14                  303 	.db #0x14	; 20
   0102 14                  304 	.db #0x14	; 20
   0103 14                  305 	.db #0x14	; 20
   0104 14                  306 	.db #0x14	; 20
   0105 14                  307 	.db #0x14	; 20
   0106 14                  308 	.db #0x14	; 20
   0107 14                  309 	.db #0x14	; 20
   0108 14                  310 	.db #0x14	; 20
   0109 14                  311 	.db #0x14	; 20
   010A 14                  312 	.db #0x14	; 20
   010B 14                  313 	.db #0x14	; 20
   010C 14                  314 	.db #0x14	; 20
   010D 14                  315 	.db #0x14	; 20
   010E 14                  316 	.db #0x14	; 20
   010F 14                  317 	.db #0x14	; 20
                            318 	.area _INITIALIZER
                            319 	.area _CABS (ABS)
