ASxxxx Linker V03.00 + NoICE + sdld,  page 1.
Hexadecimal  [32-Bits]

Area                                    Addr        Size        Decimal Bytes (Attributes)
--------------------------------        ----        ----        ------- ----- ------------
.  .ABS.                            00000000    00000000 =           0. bytes (ABS,CON)

      Value  Global                              Global Defined In Module
      -----  --------------------------------   ------------------------
     00000000  .__.ABS.                           
     00000000  l__BSEG                         
     00000000  l__BSS                          
     00000000  l__CABS                         
     00000000  l__DABS                         
     00000000  l__HEADER                       
     00000000  l__HEAP                         
     00000000  l__HOME                         
     00000000  s__CABS                         
     00000000  s__CABS0                        
     00000000  s__CABS1                        
     00000000  s__CABS2                        
     00000000  s__CABS3                        
     00000000  s__CABS4                        
     00000000  s__DABS                         
     00000000  s__HEADER                       
     00000000  s__HEADER0                      
     00000000  s__HEADER1                      
     00000000  s__HEADER2                      
     00000000  s__HEADER3                      
     00000000  s__HEADER4                      
     00000000  s__HEADER5                      
     00000001  l__GSFINAL                      
     00000003  l__HEADER3                      
     00000003  l__HEADER4                      
     00000006  l__HEADER0                      
     00000009  l__HEADER1                      
     0000000A  l__HEADER2                      
     0000000C  l__INITIALIZED                  
     0000000C  l__INITIALIZER                  
     0000000E  l__CABS1                        
     0000000F  l__GSINIT                       
     00000010  l__CABS0                        
     00000010  l__CABS2                        
     00000010  l__CABS4                        
     00000038  l__CABS3                        
     000000BE  G$VDPDataPort$0_0$0                asm_manager
     000000BF  G$VDPControlPort$0_0$0             asm_manager
     0000012A  l__HEADER5                      
     00000200  s__CODE                         
     0000031C  l__DATA                         
     00003D43  l__CODE                         
     00003F43  s__HOME                         
     00003F43  s__INITIALIZER                  
     00003F4F  s__GSINIT                       
     00003F5E  s__GSFINAL                      
     00008000  G$SMS_SRAM$0_0$0                   _sms_manager
     00008000  _SMS_SRAM                          SMSlib_loadTileMap
     0000C000  s__DATA                         
     0000C31C  s__INITIALIZED                  
ASxxxx Linker V03.00 + NoICE + sdld,  page 2.
Hexadecimal  [32-Bits]

Area                                    Addr        Size        Decimal Bytes (Attributes)
--------------------------------        ----        ----        ------- ----- ------------
.  .ABS.                            00000000    00000000 =           0. bytes (ABS,CON)

      Value  Global                              Global Defined In Module
      -----  --------------------------------   ------------------------
     0000C328  s__BSEG                         
     0000C328  s__BSS                          
     0000C328  s__HEAP                         
     0000FFFC  G$SRAM_bank_to_be_mapped_on_slot   _sms_manager
     0000FFFC  _SRAM_bank_to_be_mapped_on_slot2   SMSlib_loadTileMap
     0000FFFF  G$ROM_bank_to_be_mapped_on_slot2   _sms_manager
     0000FFFF  _ROM_bank_to_be_mapped_on_slot2    SMSlib_loadTileMap
ASxxxx Linker V03.00 + NoICE + sdld,  page 3.
Hexadecimal  [32-Bits]

Area                                    Addr        Size        Decimal Bytes (Attributes)
--------------------------------        ----        ----        ------- ----- ------------
_CODE                               00000200    00003D43 =       15683. bytes (REL,CON)

      Value  Global                              Global Defined In Module
      -----  --------------------------------   ------------------------
     00000200  __clock                            crt0
     00000204  _exit                              crt0
     0000020A  A$main$83                          main
     0000020A  C$main.c$3$0_0$66                  main
     0000020A  C$main.c$9$1_0$66                  main
     0000020A  G$main$0$0                         main
     0000020A  _main                              main
     0000020D  A$main$87                          main
     0000020D  C$main.c$10$1_0$66                 main
     00000210  A$main$91                          main
     00000210  C$main.c$11$1_0$66                 main
     00000213  A$main$95                          main
     00000213  C$main.c$13$1_0$66                 main
     00000216  A$main$96                          main
     00000217  A$main$97                          main
     00000218  A$main$98                          main
     00000219  A$main$99                          main
     0000021C  A$main$100                         main
     0000021D  A$main$104                         main
     0000021D  C$main.c$14$1_0$66                 main
     00000220  A$main$108                         main
     00000220  C$main.c$15$1_0$66                 main
     00000223  A$main$109                         main
     00000224  A$main$110                         main
     00000227  A$main$111                         main
     00000228  A$main$115                         main
     00000228  C$main.c$17$1_0$66                 main
     0000022B  A$main$119                         main
     0000022B  C$main.c$18$1_0$66                 main
     0000022E  A$main$123                         main
     0000022E  C$main.c$21$1_0$66                 main
     00000230  A$main$124                         main
     00000231  A$main$125                         main
     00000232  A$main$126                         main
     00000235  A$main$127                         main
     00000236  A$main$131                         main
     00000236  C$main.c$23$1_0$66                 main
     00000239  A$main$136                         main
     00000239  C$main.c$26$3_0$68                 main
     0000023C  A$main$137                         main
     0000023D  A$main$138                         main
     0000023E  A$main$139                         main
     00000240  A$main$143                         main
     00000240  C$main.c$28$4_0$69                 main
     00000243  A$main$147                         main
     00000243  C$main.c$29$4_0$69                 main
     00000247  A$main$148                         main
     0000024A  A$main$149                         main
     0000024C  A$main$150                         main
     0000024F  A$main$154                         main
ASxxxx Linker V03.00 + NoICE + sdld,  page 4.
Hexadecimal  [32-Bits]

Area                                    Addr        Size        Decimal Bytes (Attributes)
--------------------------------        ----        ----        ------- ----- ------------
_CODE                               00000200    00003D43 =       15683. bytes (REL,CON)

      Value  Global                              Global Defined In Module
      -----  --------------------------------   ------------------------
     0000024F  C$main.c$30$4_0$69                 main
     00000253  A$main$155                         main
     00000255  A$main$159                         main
     00000255  C$main.c$32$5_0$70                 main
     00000258  A$main$160                         main
     00000259  A$main$161                         main
     0000025C  A$main$162                         main
     0000025D  A$main$163                         main
     00000260  A$main$164                         main
     00000261  A$main$165                         main
     00000262  A$main$169                         main
     00000262  C$main.c$33$5_0$70                 main
     00000265  A$main$170                         main
     00000267  A$main$175                         main
     00000267  C$main.c$37$5_0$71                 main
     0000026A  A$main$176                         main
     0000026B  A$main$177                         main
     0000026E  A$main$178                         main
     0000026F  A$main$179                         main
     00000272  A$main$180                         main
     00000273  A$main$181                         main
     00000274  A$main$185                         main
     00000274  C$main.c$38$5_0$71                 main
     00000277  A$main$190                         main
     00000277  C$main.c$42$3_0$68                 main
     0000027A  A$main$191                         main
     0000027C  A$main$192                         main
     0000027E  A$main$196                         main
     0000027E  C$main.c$47$3_0$68                 main
     00000281  A$main$200                         main
     00000281  C$main.c$48$3_0$68                 main
     00000284  A$main$204                         main
     00000284  C$main.c$49$3_0$68                 main
     00000287  A$main$208                         main
     00000287  C$main.c$51$3_0$68                 main
     0000028A  A$main$212                         main
     0000028A  C$main.c$52$3_0$68                 main
     0000028D  A$main$216                         main
     0000028D  C$main.c$53$3_0$68                 main
     00000290  A$main$220                         main
     00000290  C$main.c$55$3_0$68                 main
     00000293  A$main$224                         main
     00000293  C$main.c$56$3_0$68                 main
     00000296  A$main$232                         main
     00000296  C$main.c$58$2_0$66                 main
     00000296  XG$main$0$0                        main
     00000298  Fmain$__str_0$0_0$0                main
     000002A1  Fmain$__str_1$0_0$0                main
     000002AA  _PSGStop                           PSGlib
     000002D1  _PSGResume                         PSGlib
     0000031D  _PSGPlay                           PSGlib
ASxxxx Linker V03.00 + NoICE + sdld,  page 5.
Hexadecimal  [32-Bits]

Area                                    Addr        Size        Decimal Bytes (Attributes)
--------------------------------        ----        ----        ------- ----- ------------
_CODE                               00000200    00003D43 =       15683. bytes (REL,CON)

      Value  Global                              Global Defined In Module
      -----  --------------------------------   ------------------------
     0000034A  _PSGCancelLoop                     PSGlib
     00000350  _PSGPlayNoRepeat                   PSGlib
     0000035F  _PSGGetStatus                      PSGlib
     00000367  _PSGSilenceChannels                PSGlib
     00000378  _PSGRestoreVolumes                 PSGlib
     00000449  _PSGSetMusicVolumeAttenuation      PSGlib
     0000050E  _PSGSFXStop                        PSGlib
     000005C7  _PSGSFXPlay                        PSGlib
     00000614  _PSGSFXCancelLoop                  PSGlib
     0000061A  _PSGSFXGetStatus                   PSGlib
     00000622  _PSGSFXPlayLoop                    PSGlib
     0000063C  _PSGFrame                          PSGlib
     00000755  _PSGSFXFrame                       PSGlib
     000007DB  A$_sms_manager$139                 _sms_manager
     000007DB  C$_sms_manager.c$12$0_0$75         _sms_manager
     000007DB  C$_sms_manager.c$14$1_0$75         _sms_manager
     000007DB  C$_sms_manager.c$15$1_0$75         _sms_manager
     000007DB  G$devkit_SMS_init$0$0              _sms_manager
     000007DB  XG$devkit_SMS_init$0$0             _sms_manager
     000007DB  _devkit_SMS_init                   _sms_manager
     000007DE  A$_sms_manager$152                 _sms_manager
     000007DE  C$_sms_manager.c$16$1_0$76         _sms_manager
     000007DE  C$_sms_manager.c$18$1_0$76         _sms_manager
     000007DE  G$devkit_SMS_displayOn$0$0         _sms_manager
     000007DE  _devkit_SMS_displayOn              _sms_manager
     000007E1  A$_sms_manager$160                 _sms_manager
     000007E1  C$_sms_manager.c$19$1_0$76         _sms_manager
     000007E1  XG$devkit_SMS_displayOn$0$0        _sms_manager
     000007E4  A$_sms_manager$173                 _sms_manager
     000007E4  C$_sms_manager.c$20$1_0$77         _sms_manager
     000007E4  C$_sms_manager.c$22$1_0$77         _sms_manager
     000007E4  G$devkit_SMS_displayOff$0$0        _sms_manager
     000007E4  _devkit_SMS_displayOff             _sms_manager
     000007E7  A$_sms_manager$181                 _sms_manager
     000007E7  C$_sms_manager.c$23$1_0$77         _sms_manager
     000007E7  XG$devkit_SMS_displayOff$0$0       _sms_manager
     000007EA  A$_sms_manager$194                 _sms_manager
     000007EA  C$_sms_manager.c$24$1_0$79         _sms_manager
     000007EA  C$_sms_manager.c$26$1_0$79         _sms_manager
     000007EA  G$devkit_SMS_mapROMBank$0$0        _sms_manager
     000007EA  _devkit_SMS_mapROMBank             _sms_manager
     000007EE  A$_sms_manager$195                 _sms_manager
     000007F0  A$_sms_manager$196                 _sms_manager
     000007F3  A$_sms_manager$197                 _sms_manager
     000007F6  A$_sms_manager$205                 _sms_manager
     000007F6  C$_sms_manager.c$27$1_0$79         _sms_manager
     000007F6  XG$devkit_SMS_mapROMBank$0$0       _sms_manager
     000007F7  A$_sms_manager$218                 _sms_manager
     000007F7  C$_sms_manager.c$29$1_0$81         _sms_manager
     000007F7  C$_sms_manager.c$31$1_0$81         _sms_manager
     000007F7  G$devkit_SMS_setBGScrollX$0$0      _sms_manager
ASxxxx Linker V03.00 + NoICE + sdld,  page 6.
Hexadecimal  [32-Bits]

Area                                    Addr        Size        Decimal Bytes (Attributes)
--------------------------------        ----        ----        ------- ----- ------------
_CODE                               00000200    00003D43 =       15683. bytes (REL,CON)

      Value  Global                              Global Defined In Module
      -----  --------------------------------   ------------------------
     000007F7  _devkit_SMS_setBGScrollX           _sms_manager
     000007FB  A$_sms_manager$219                 _sms_manager
     000007FD  A$_sms_manager$220                 _sms_manager
     00000800  A$_sms_manager$228                 _sms_manager
     00000800  C$_sms_manager.c$32$1_0$81         _sms_manager
     00000800  XG$devkit_SMS_setBGScrollX$0$0     _sms_manager
     00000803  A$_sms_manager$241                 _sms_manager
     00000803  C$_sms_manager.c$33$1_0$83         _sms_manager
     00000803  C$_sms_manager.c$35$1_0$83         _sms_manager
     00000803  G$devkit_SMS_setBGScrollY$0$0      _sms_manager
     00000803  _devkit_SMS_setBGScrollY           _sms_manager
     00000807  A$_sms_manager$242                 _sms_manager
     00000809  A$_sms_manager$243                 _sms_manager
     0000080C  A$_sms_manager$251                 _sms_manager
     0000080C  C$_sms_manager.c$36$1_0$83         _sms_manager
     0000080C  XG$devkit_SMS_setBGScrollY$0$0     _sms_manager
     0000080F  A$_sms_manager$264                 _sms_manager
     0000080F  C$_sms_manager.c$38$1_0$84         _sms_manager
     0000080F  C$_sms_manager.c$40$1_0$84         _sms_manager
     0000080F  G$devkit_SMS_enableSRAM$0$0        _sms_manager
     0000080F  _devkit_SMS_enableSRAM             _sms_manager
     00000811  A$_sms_manager$265                 _sms_manager
     00000814  A$_sms_manager$273                 _sms_manager
     00000814  C$_sms_manager.c$41$1_0$84         _sms_manager
     00000814  XG$devkit_SMS_enableSRAM$0$0       _sms_manager
     00000815  A$_sms_manager$286                 _sms_manager
     00000815  C$_sms_manager.c$42$1_0$86         _sms_manager
     00000815  C$_sms_manager.c$44$1_0$86         _sms_manager
     00000815  G$devkit_SMS_enableSRAMBank$0$0    _sms_manager
     00000815  _devkit_SMS_enableSRAMBank         _sms_manager
     00000819  A$_sms_manager$287                 _sms_manager
     0000081B  A$_sms_manager$288                 _sms_manager
     0000081E  A$_sms_manager$289                 _sms_manager
     0000081F  A$_sms_manager$290                 _sms_manager
     00000820  A$_sms_manager$291                 _sms_manager
     00000822  A$_sms_manager$292                 _sms_manager
     00000824  A$_sms_manager$293                 _sms_manager
     00000827  A$_sms_manager$301                 _sms_manager
     00000827  C$_sms_manager.c$45$1_0$86         _sms_manager
     00000827  XG$devkit_SMS_enableSRAMBank$0$0   _sms_manager
     00000828  A$_sms_manager$314                 _sms_manager
     00000828  C$_sms_manager.c$46$1_0$87         _sms_manager
     00000828  C$_sms_manager.c$48$1_0$87         _sms_manager
     00000828  G$devkit_SMS_disableSRAM$0$0       _sms_manager
     00000828  _devkit_SMS_disableSRAM            _sms_manager
     0000082A  A$_sms_manager$315                 _sms_manager
     0000082D  A$_sms_manager$323                 _sms_manager
     0000082D  C$_sms_manager.c$49$1_0$87         _sms_manager
     0000082D  XG$devkit_SMS_disableSRAM$0$0      _sms_manager
     0000082E  A$_sms_manager$336                 _sms_manager
     0000082E  C$_sms_manager.c$52$1_0$89         _sms_manager
ASxxxx Linker V03.00 + NoICE + sdld,  page 7.
Hexadecimal  [32-Bits]

Area                                    Addr        Size        Decimal Bytes (Attributes)
--------------------------------        ----        ----        ------- ----- ------------
_CODE                               00000200    00003D43 =       15683. bytes (REL,CON)

      Value  Global                              Global Defined In Module
      -----  --------------------------------   ------------------------
     0000082E  C$_sms_manager.c$54$1_0$89         _sms_manager
     0000082E  G$devkit_SMS_setSpriteMode$0$0     _sms_manager
     0000082E  _devkit_SMS_setSpriteMode          _sms_manager
     00000832  A$_sms_manager$337                 _sms_manager
     00000834  A$_sms_manager$338                 _sms_manager
     00000837  A$_sms_manager$346                 _sms_manager
     00000837  C$_sms_manager.c$55$1_0$89         _sms_manager
     00000837  XG$devkit_SMS_setSpriteMode$0$0    _sms_manager
     0000083A  A$_sms_manager$359                 _sms_manager
     0000083A  C$_sms_manager.c$56$1_0$90         _sms_manager
     0000083A  C$_sms_manager.c$58$1_0$90         _sms_manager
     0000083A  G$devkit_SMS_useFirstHalfTilesfo   _sms_manager
     0000083A  _devkit_SMS_useFirstHalfTilesfor   _sms_manager
     0000083C  A$_sms_manager$367                 _sms_manager
     0000083C  C$_sms_manager.c$59$1_0$90         _sms_manager
     0000083C  XG$devkit_SMS_useFirstHalfTilesf   _sms_manager
     0000083F  A$_sms_manager$380                 _sms_manager
     0000083F  C$_sms_manager.c$60$1_0$91         _sms_manager
     0000083F  C$_sms_manager.c$62$1_0$91         _sms_manager
     0000083F  G$devkit_SMS_useFirstHalfTilesfo   _sms_manager
     0000083F  _devkit_SMS_useFirstHalfTilesfor   _sms_manager
     00000841  A$_sms_manager$388                 _sms_manager
     00000841  C$_sms_manager.c$63$1_0$91         _sms_manager
     00000841  XG$devkit_SMS_useFirstHalfTilesf   _sms_manager
     00000844  A$_sms_manager$401                 _sms_manager
     00000844  C$_sms_manager.c$64$1_0$93         _sms_manager
     00000844  C$_sms_manager.c$66$1_0$93         _sms_manager
     00000844  G$devkit_SMS_VDPturnOnFeature$0$   _sms_manager
     00000844  _devkit_SMS_VDPturnOnFeature       _sms_manager
     00000848  A$_sms_manager$402                 _sms_manager
     0000084A  A$_sms_manager$403                 _sms_manager
     0000084D  A$_sms_manager$404                 _sms_manager
     00000850  A$_sms_manager$412                 _sms_manager
     00000850  C$_sms_manager.c$67$1_0$93         _sms_manager
     00000850  XG$devkit_SMS_VDPturnOnFeature$0   _sms_manager
     00000853  A$_sms_manager$425                 _sms_manager
     00000853  C$_sms_manager.c$69$1_0$95         _sms_manager
     00000853  C$_sms_manager.c$71$1_0$95         _sms_manager
     00000853  G$devkit_SMS_loadPSGaidencompres   _sms_manager
     00000853  _devkit_SMS_loadPSGaidencompress   _sms_manager
     00000857  A$_sms_manager$426                 _sms_manager
     00000859  A$_sms_manager$427                 _sms_manager
     0000085C  A$_sms_manager$428                 _sms_manager
     0000085F  A$_sms_manager$429                 _sms_manager
     00000860  A$_sms_manager$430                 _sms_manager
     00000863  A$_sms_manager$431                 _sms_manager
     00000866  A$_sms_manager$432                 _sms_manager
     00000867  A$_sms_manager$433                 _sms_manager
     0000086A  A$_sms_manager$434                 _sms_manager
     0000086B  A$_sms_manager$435                 _sms_manager
     0000086C  A$_sms_manager$443                 _sms_manager
ASxxxx Linker V03.00 + NoICE + sdld,  page 8.
Hexadecimal  [32-Bits]

Area                                    Addr        Size        Decimal Bytes (Attributes)
--------------------------------        ----        ----        ------- ----- ------------
_CODE                               00000200    00003D43 =       15683. bytes (REL,CON)

      Value  Global                              Global Defined In Module
      -----  --------------------------------   ------------------------
     0000086C  C$_sms_manager.c$72$1_0$95         _sms_manager
     0000086C  XG$devkit_SMS_loadPSGaidencompre   _sms_manager
     0000086D  A$_sms_manager$456                 _sms_manager
     0000086D  C$_sms_manager.c$73$1_0$97         _sms_manager
     0000086D  C$_sms_manager.c$75$1_0$97         _sms_manager
     0000086D  G$devkit_SMS_loadSTMcompressedTi   _sms_manager
     0000086D  _devkit_SMS_loadSTMcompressedTil   _sms_manager
     0000086F  A$_sms_manager$457                 _sms_manager
     00000870  A$_sms_manager$458                 _sms_manager
     00000871  A$_sms_manager$459                 _sms_manager
     00000875  A$_sms_manager$460                 _sms_manager
     00000877  A$_sms_manager$461                 _sms_manager
     0000087A  A$_sms_manager$462                 _sms_manager
     0000087D  A$_sms_manager$463                 _sms_manager
     0000087E  A$_sms_manager$464                 _sms_manager
     00000881  A$_sms_manager$465                 _sms_manager
     00000883  A$_sms_manager$466                 _sms_manager
     00000884  A$_sms_manager$467                 _sms_manager
     00000885  A$_sms_manager$468                 _sms_manager
     00000888  A$_sms_manager$469                 _sms_manager
     00000889  A$_sms_manager$470                 _sms_manager
     0000088A  A$_sms_manager$471                 _sms_manager
     0000088D  A$_sms_manager$472                 _sms_manager
     0000088E  A$_sms_manager$473                 _sms_manager
     0000088F  A$_sms_manager$474                 _sms_manager
     00000890  A$_sms_manager$482                 _sms_manager
     00000890  C$_sms_manager.c$76$1_0$97         _sms_manager
     00000890  XG$devkit_SMS_loadSTMcompressedT   _sms_manager
     00000891  A$_sms_manager$495                 _sms_manager
     00000891  C$_sms_manager.c$78$1_0$99         _sms_manager
     00000891  C$_sms_manager.c$80$1_0$99         _sms_manager
     00000891  G$devkit_SMS_loadBGPalette$0$0     _sms_manager
     00000891  _devkit_SMS_loadBGPalette          _sms_manager
     00000895  A$_sms_manager$496                 _sms_manager
     00000897  A$_sms_manager$497                 _sms_manager
     0000089A  A$_sms_manager$498                 _sms_manager
     0000089D  A$_sms_manager$506                 _sms_manager
     0000089D  C$_sms_manager.c$81$1_0$99         _sms_manager
     0000089D  XG$devkit_SMS_loadBGPalette$0$0    _sms_manager
     000008A0  A$_sms_manager$519                 _sms_manager
     000008A0  C$_sms_manager.c$82$1_0$101        _sms_manager
     000008A0  C$_sms_manager.c$84$1_0$101        _sms_manager
     000008A0  G$devkit_SMS_loadSpritePalette$0   _sms_manager
     000008A0  _devkit_SMS_loadSpritePalette      _sms_manager
     000008A4  A$_sms_manager$520                 _sms_manager
     000008A6  A$_sms_manager$521                 _sms_manager
     000008A9  A$_sms_manager$522                 _sms_manager
     000008AC  A$_sms_manager$530                 _sms_manager
     000008AC  C$_sms_manager.c$85$1_0$101        _sms_manager
     000008AC  XG$devkit_SMS_loadSpritePalette$   _sms_manager
     000008AF  A$_sms_manager$543                 _sms_manager
ASxxxx Linker V03.00 + NoICE + sdld,  page 9.
Hexadecimal  [32-Bits]

Area                                    Addr        Size        Decimal Bytes (Attributes)
--------------------------------        ----        ----        ------- ----- ------------
_CODE                               00000200    00003D43 =       15683. bytes (REL,CON)

      Value  Global                              Global Defined In Module
      -----  --------------------------------   ------------------------
     000008AF  C$_sms_manager.c$86$1_0$103        _sms_manager
     000008AF  C$_sms_manager.c$88$1_0$103        _sms_manager
     000008AF  G$devkit_SMS_setSpritePaletteCol   _sms_manager
     000008AF  _devkit_SMS_setSpritePaletteColo   _sms_manager
     000008B3  A$_sms_manager$544                 _sms_manager
     000008B5  A$_sms_manager$545                 _sms_manager
     000008B8  A$_sms_manager$546                 _sms_manager
     000008B9  A$_sms_manager$547                 _sms_manager
     000008BA  A$_sms_manager$548                 _sms_manager
     000008BC  A$_sms_manager$549                 _sms_manager
     000008BF  A$_sms_manager$550                 _sms_manager
     000008C0  A$_sms_manager$551                 _sms_manager
     000008C3  A$_sms_manager$552                 _sms_manager
     000008C5  A$_sms_manager$553                 _sms_manager
     000008C7  A$_sms_manager$554                 _sms_manager
     000008C8  A$_sms_manager$555                 _sms_manager
     000008C9  A$_sms_manager$556                 _sms_manager
     000008CA  A$_sms_manager$557                 _sms_manager
     000008CB  A$_sms_manager$558                 _sms_manager
     000008CC  A$_sms_manager$562                 _sms_manager
     000008CC  C$_sms_manager.c$89$1_0$103        _sms_manager
     000008CD  A$_sms_manager$563                 _sms_manager
     000008CE  A$_sms_manager$564                 _sms_manager
     000008D1  A$_sms_manager$565                 _sms_manager
     000008D2  A$_sms_manager$566                 _sms_manager
     000008D3  A$_sms_manager$567                 _sms_manager
     000008D6  A$_sms_manager$568                 _sms_manager
     000008D7  A$_sms_manager$576                 _sms_manager
     000008D7  C$_sms_manager.c$90$1_0$103        _sms_manager
     000008D7  XG$devkit_SMS_setSpritePaletteCo   _sms_manager
     000008D8  A$_sms_manager$586                 _sms_manager
     000008D8  C$_sms_manager.c$92$1_0$105        _sms_manager
     000008D8  G$devkit_SMS_setNextTileatXY$0$0   _sms_manager
     000008D8  _devkit_SMS_setNextTileatXY        _sms_manager
     000008DA  A$_sms_manager$587                 _sms_manager
     000008DE  A$_sms_manager$588                 _sms_manager
     000008E0  A$_sms_manager$592                 _sms_manager
     000008E0  C$_sms_manager.c$94$1_0$105        _sms_manager
     000008E3  A$_sms_manager$593                 _sms_manager
     000008E5  A$_sms_manager$594                 _sms_manager
     000008E6  A$_sms_manager$595                 _sms_manager
     000008E7  A$_sms_manager$596                 _sms_manager
     000008E8  A$_sms_manager$597                 _sms_manager
     000008E9  A$_sms_manager$598                 _sms_manager
     000008EA  A$_sms_manager$599                 _sms_manager
     000008EB  A$_sms_manager$600                 _sms_manager
     000008EC  A$_sms_manager$601                 _sms_manager
     000008ED  A$_sms_manager$602                 _sms_manager
     000008EE  A$_sms_manager$603                 _sms_manager
     000008F0  A$_sms_manager$604                 _sms_manager
     000008F1  A$_sms_manager$605                 _sms_manager
ASxxxx Linker V03.00 + NoICE + sdld,  page 10.
Hexadecimal  [32-Bits]

Area                                    Addr        Size        Decimal Bytes (Attributes)
--------------------------------        ----        ----        ------- ----- ------------
_CODE                               00000200    00003D43 =       15683. bytes (REL,CON)

      Value  Global                              Global Defined In Module
      -----  --------------------------------   ------------------------
     000008F2  A$_sms_manager$606                 _sms_manager
     000008F5  A$_sms_manager$607                 _sms_manager
     000008F7  A$_sms_manager$608                 _sms_manager
     000008F8  A$_sms_manager$609                 _sms_manager
     000008F9  A$_sms_manager$610                 _sms_manager
     000008FA  A$_sms_manager$611                 _sms_manager
     000008FB  A$_sms_manager$612                 _sms_manager
     000008FC  A$_sms_manager$613                 _sms_manager
     000008FD  A$_sms_manager$621                 _sms_manager
     000008FD  C$_sms_manager.c$95$1_0$105        _sms_manager
     000008FD  XG$devkit_SMS_setNextTileatXY$0$   _sms_manager
     000008FF  A$_sms_manager$622                 _sms_manager
     00000902  A$_sms_manager$635                 _sms_manager
     00000902  C$_sms_manager.c$96$1_0$107        _sms_manager
     00000902  C$_sms_manager.c$98$1_0$107        _sms_manager
     00000902  G$devkit_SMS_setTile$0$0           _sms_manager
     00000902  _devkit_SMS_setTile                _sms_manager
     00000906  A$_sms_manager$636                 _sms_manager
     00000908  A$_sms_manager$637                 _sms_manager
     0000090B  A$_sms_manager$638                 _sms_manager
     0000090D  A$_sms_manager$646                 _sms_manager
     0000090D  C$_sms_manager.c$99$1_0$107        _sms_manager
     0000090D  XG$devkit_SMS_setTile$0$0          _sms_manager
     00000910  A$_sms_manager$659                 _sms_manager
     00000910  C$_sms_manager.c$100$1_0$109       _sms_manager
     00000910  C$_sms_manager.c$102$1_0$109       _sms_manager
     00000910  G$devkit_SMS_loadTileMap$0$0       _sms_manager
     00000910  _devkit_SMS_loadTileMap            _sms_manager
     00000914  A$_sms_manager$660                 _sms_manager
     00000916  A$_sms_manager$661                 _sms_manager
     00000919  A$_sms_manager$662                 _sms_manager
     0000091C  A$_sms_manager$663                 _sms_manager
     0000091F  A$_sms_manager$664                 _sms_manager
     00000922  A$_sms_manager$665                 _sms_manager
     00000924  A$_sms_manager$666                 _sms_manager
     00000926  A$_sms_manager$667                 _sms_manager
     00000927  A$_sms_manager$668                 _sms_manager
     00000928  A$_sms_manager$669                 _sms_manager
     0000092B  A$_sms_manager$670                 _sms_manager
     0000092D  A$_sms_manager$671                 _sms_manager
     0000092F  A$_sms_manager$672                 _sms_manager
     00000931  A$_sms_manager$673                 _sms_manager
     00000932  A$_sms_manager$674                 _sms_manager
     00000933  A$_sms_manager$675                 _sms_manager
     00000936  A$_sms_manager$676                 _sms_manager
     00000937  A$_sms_manager$677                 _sms_manager
     00000938  A$_sms_manager$678                 _sms_manager
     0000093B  A$_sms_manager$679                 _sms_manager
     0000093E  A$_sms_manager$680                 _sms_manager
     0000093F  A$_sms_manager$681                 _sms_manager
     00000940  A$_sms_manager$689                 _sms_manager
ASxxxx Linker V03.00 + NoICE + sdld,  page 11.
Hexadecimal  [32-Bits]

Area                                    Addr        Size        Decimal Bytes (Attributes)
--------------------------------        ----        ----        ------- ----- ------------
_CODE                               00000200    00003D43 =       15683. bytes (REL,CON)

      Value  Global                              Global Defined In Module
      -----  --------------------------------   ------------------------
     00000940  C$_sms_manager.c$103$1_0$109       _sms_manager
     00000940  XG$devkit_SMS_loadTileMap$0$0      _sms_manager
     00000941  A$_sms_manager$702                 _sms_manager
     00000941  C$_sms_manager.c$105$1_0$111       _sms_manager
     00000941  C$_sms_manager.c$107$1_0$111       _sms_manager
     00000941  G$devkit_SMS_addSprite$0$0         _sms_manager
     00000941  _devkit_SMS_addSprite              _sms_manager
     00000945  A$_sms_manager$703                 _sms_manager
     00000947  A$_sms_manager$704                 _sms_manager
     0000094A  A$_sms_manager$705                 _sms_manager
     0000094B  A$_sms_manager$706                 _sms_manager
     0000094C  A$_sms_manager$707                 _sms_manager
     0000094F  A$_sms_manager$708                 _sms_manager
     00000951  A$_sms_manager$709                 _sms_manager
     00000952  A$_sms_manager$710                 _sms_manager
     00000953  A$_sms_manager$711                 _sms_manager
     00000956  A$_sms_manager$712                 _sms_manager
     00000957  A$_sms_manager$713                 _sms_manager
     00000958  A$_sms_manager$714                 _sms_manager
     0000095B  A$_sms_manager$715                 _sms_manager
     0000095C  A$_sms_manager$716                 _sms_manager
     0000095D  A$_sms_manager$724                 _sms_manager
     0000095D  C$_sms_manager.c$108$1_0$111       _sms_manager
     0000095D  XG$devkit_SMS_addSprite$0$0        _sms_manager
     0000095E  A$_sms_manager$734                 _sms_manager
     0000095E  C$_sms_manager.c$109$1_0$113       _sms_manager
     0000095E  G$devkit_SMS_addSprite_bulk8$0$0   _sms_manager
     0000095E  _devkit_SMS_addSprite_bulk8        _sms_manager
     00000960  A$_sms_manager$735                 _sms_manager
     00000964  A$_sms_manager$736                 _sms_manager
     00000966  A$_sms_manager$740                 _sms_manager
     00000966  C$_sms_manager.c$111$1_0$113       _sms_manager
     00000969  A$_sms_manager$741                 _sms_manager
     0000096C  A$_sms_manager$742                 _sms_manager
     0000096D  A$_sms_manager$743                 _sms_manager
     00000970  A$_sms_manager$744                 _sms_manager
     00000973  A$_sms_manager$745                 _sms_manager
     00000974  A$_sms_manager$746                 _sms_manager
     00000977  A$_sms_manager$747                 _sms_manager
     00000978  A$_sms_manager$748                 _sms_manager
     00000979  A$_sms_manager$752                 _sms_manager
     00000979  C$_sms_manager.c$112$1_0$113       _sms_manager
     0000097C  A$_sms_manager$753                 _sms_manager
     0000097F  A$_sms_manager$754                 _sms_manager
     00000980  A$_sms_manager$755                 _sms_manager
     00000983  A$_sms_manager$756                 _sms_manager
     00000985  A$_sms_manager$757                 _sms_manager
     00000986  A$_sms_manager$758                 _sms_manager
     00000987  A$_sms_manager$759                 _sms_manager
     00000988  A$_sms_manager$760                 _sms_manager
     0000098B  A$_sms_manager$761                 _sms_manager
ASxxxx Linker V03.00 + NoICE + sdld,  page 12.
Hexadecimal  [32-Bits]

Area                                    Addr        Size        Decimal Bytes (Attributes)
--------------------------------        ----        ----        ------- ----- ------------
_CODE                               00000200    00003D43 =       15683. bytes (REL,CON)

      Value  Global                              Global Defined In Module
      -----  --------------------------------   ------------------------
     0000098C  A$_sms_manager$762                 _sms_manager
     0000098D  A$_sms_manager$763                 _sms_manager
     0000098E  A$_sms_manager$764                 _sms_manager
     0000098F  A$_sms_manager$765                 _sms_manager
     00000992  A$_sms_manager$766                 _sms_manager
     00000993  A$_sms_manager$767                 _sms_manager
     00000994  A$_sms_manager$768                 _sms_manager
     00000995  A$_sms_manager$772                 _sms_manager
     00000995  C$_sms_manager.c$114$1_0$113       _sms_manager
     00000998  A$_sms_manager$773                 _sms_manager
     0000099B  A$_sms_manager$774                 _sms_manager
     0000099C  A$_sms_manager$775                 _sms_manager
     0000099D  A$_sms_manager$776                 _sms_manager
     000009A0  A$_sms_manager$777                 _sms_manager
     000009A1  A$_sms_manager$778                 _sms_manager
     000009A3  A$_sms_manager$779                 _sms_manager
     000009A4  A$_sms_manager$780                 _sms_manager
     000009A5  A$_sms_manager$781                 _sms_manager
     000009A6  A$_sms_manager$782                 _sms_manager
     000009A7  A$_sms_manager$783                 _sms_manager
     000009A8  A$_sms_manager$784                 _sms_manager
     000009AB  A$_sms_manager$785                 _sms_manager
     000009AC  A$_sms_manager$786                 _sms_manager
     000009AF  A$_sms_manager$787                 _sms_manager
     000009B0  A$_sms_manager$788                 _sms_manager
     000009B1  A$_sms_manager$789                 _sms_manager
     000009B2  A$_sms_manager$790                 _sms_manager
     000009B3  A$_sms_manager$794                 _sms_manager
     000009B3  C$_sms_manager.c$115$1_0$113       _sms_manager
     000009B6  A$_sms_manager$795                 _sms_manager
     000009B9  A$_sms_manager$796                 _sms_manager
     000009BA  A$_sms_manager$797                 _sms_manager
     000009BB  A$_sms_manager$798                 _sms_manager
     000009BC  A$_sms_manager$799                 _sms_manager
     000009BD  A$_sms_manager$800                 _sms_manager
     000009BE  A$_sms_manager$801                 _sms_manager
     000009BF  A$_sms_manager$802                 _sms_manager
     000009C0  A$_sms_manager$803                 _sms_manager
     000009C1  A$_sms_manager$804                 _sms_manager
     000009C2  A$_sms_manager$805                 _sms_manager
     000009C3  A$_sms_manager$806                 _sms_manager
     000009C6  A$_sms_manager$807                 _sms_manager
     000009C7  A$_sms_manager$808                 _sms_manager
     000009C8  A$_sms_manager$809                 _sms_manager
     000009C9  A$_sms_manager$813                 _sms_manager
     000009C9  C$_sms_manager.c$117$1_0$113       _sms_manager
     000009CC  A$_sms_manager$814                 _sms_manager
     000009CF  A$_sms_manager$815                 _sms_manager
     000009D2  A$_sms_manager$816                 _sms_manager
     000009D3  A$_sms_manager$817                 _sms_manager
     000009D4  A$_sms_manager$818                 _sms_manager
ASxxxx Linker V03.00 + NoICE + sdld,  page 13.
Hexadecimal  [32-Bits]

Area                                    Addr        Size        Decimal Bytes (Attributes)
--------------------------------        ----        ----        ------- ----- ------------
_CODE                               00000200    00003D43 =       15683. bytes (REL,CON)

      Value  Global                              Global Defined In Module
      -----  --------------------------------   ------------------------
     000009D6  A$_sms_manager$819                 _sms_manager
     000009D7  A$_sms_manager$820                 _sms_manager
     000009D8  A$_sms_manager$821                 _sms_manager
     000009D9  A$_sms_manager$822                 _sms_manager
     000009DA  A$_sms_manager$823                 _sms_manager
     000009DB  A$_sms_manager$824                 _sms_manager
     000009DE  A$_sms_manager$825                 _sms_manager
     000009DF  A$_sms_manager$826                 _sms_manager
     000009E2  A$_sms_manager$827                 _sms_manager
     000009E3  A$_sms_manager$828                 _sms_manager
     000009E4  A$_sms_manager$829                 _sms_manager
     000009E5  A$_sms_manager$830                 _sms_manager
     000009E6  A$_sms_manager$834                 _sms_manager
     000009E6  C$_sms_manager.c$118$1_0$113       _sms_manager
     000009E9  A$_sms_manager$835                 _sms_manager
     000009EB  A$_sms_manager$836                 _sms_manager
     000009EC  A$_sms_manager$837                 _sms_manager
     000009EF  A$_sms_manager$838                 _sms_manager
     000009F1  A$_sms_manager$839                 _sms_manager
     000009F2  A$_sms_manager$840                 _sms_manager
     000009F3  A$_sms_manager$841                 _sms_manager
     000009F4  A$_sms_manager$842                 _sms_manager
     000009F5  A$_sms_manager$843                 _sms_manager
     000009F6  A$_sms_manager$844                 _sms_manager
     000009F7  A$_sms_manager$845                 _sms_manager
     000009F8  A$_sms_manager$846                 _sms_manager
     000009F9  A$_sms_manager$847                 _sms_manager
     000009FC  A$_sms_manager$848                 _sms_manager
     000009FD  A$_sms_manager$849                 _sms_manager
     000009FE  A$_sms_manager$850                 _sms_manager
     000009FF  A$_sms_manager$854                 _sms_manager
     000009FF  C$_sms_manager.c$120$1_0$113       _sms_manager
     00000A02  A$_sms_manager$855                 _sms_manager
     00000A05  A$_sms_manager$856                 _sms_manager
     00000A08  A$_sms_manager$857                 _sms_manager
     00000A09  A$_sms_manager$858                 _sms_manager
     00000A0A  A$_sms_manager$859                 _sms_manager
     00000A0C  A$_sms_manager$860                 _sms_manager
     00000A0D  A$_sms_manager$861                 _sms_manager
     00000A0E  A$_sms_manager$862                 _sms_manager
     00000A0F  A$_sms_manager$863                 _sms_manager
     00000A10  A$_sms_manager$864                 _sms_manager
     00000A13  A$_sms_manager$865                 _sms_manager
     00000A14  A$_sms_manager$866                 _sms_manager
     00000A17  A$_sms_manager$867                 _sms_manager
     00000A18  A$_sms_manager$868                 _sms_manager
     00000A19  A$_sms_manager$869                 _sms_manager
     00000A1A  A$_sms_manager$873                 _sms_manager
     00000A1A  C$_sms_manager.c$121$1_0$113       _sms_manager
     00000A1D  A$_sms_manager$874                 _sms_manager
     00000A20  A$_sms_manager$875                 _sms_manager
ASxxxx Linker V03.00 + NoICE + sdld,  page 14.
Hexadecimal  [32-Bits]

Area                                    Addr        Size        Decimal Bytes (Attributes)
--------------------------------        ----        ----        ------- ----- ------------
_CODE                               00000200    00003D43 =       15683. bytes (REL,CON)

      Value  Global                              Global Defined In Module
      -----  --------------------------------   ------------------------
     00000A23  A$_sms_manager$876                 _sms_manager
     00000A24  A$_sms_manager$877                 _sms_manager
     00000A25  A$_sms_manager$878                 _sms_manager
     00000A26  A$_sms_manager$879                 _sms_manager
     00000A27  A$_sms_manager$880                 _sms_manager
     00000A28  A$_sms_manager$881                 _sms_manager
     00000A29  A$_sms_manager$882                 _sms_manager
     00000A2A  A$_sms_manager$883                 _sms_manager
     00000A2D  A$_sms_manager$884                 _sms_manager
     00000A2E  A$_sms_manager$885                 _sms_manager
     00000A2F  A$_sms_manager$889                 _sms_manager
     00000A31  A$_sms_manager$894                 _sms_manager
     00000A31  C$_sms_manager.c$122$1_0$113       _sms_manager
     00000A31  XG$devkit_SMS_addSprite_bulk8$0$   _sms_manager
     00000A32  A$_sms_manager$904                 _sms_manager
     00000A32  C$_sms_manager.c$123$1_0$115       _sms_manager
     00000A32  G$devkit_SMS_addSprite_bulk12$0$   _sms_manager
     00000A32  _devkit_SMS_addSprite_bulk12       _sms_manager
     00000A34  A$_sms_manager$905                 _sms_manager
     00000A38  A$_sms_manager$906                 _sms_manager
     00000A3A  A$_sms_manager$907                 _sms_manager
     00000A3B  A$_sms_manager$911                 _sms_manager
     00000A3B  C$_sms_manager.c$125$1_0$115       _sms_manager
     00000A3E  A$_sms_manager$912                 _sms_manager
     00000A3F  A$_sms_manager$913                 _sms_manager
     00000A40  A$_sms_manager$914                 _sms_manager
     00000A43  A$_sms_manager$915                 _sms_manager
     00000A44  A$_sms_manager$916                 _sms_manager
     00000A47  A$_sms_manager$917                 _sms_manager
     00000A48  A$_sms_manager$918                 _sms_manager
     00000A49  A$_sms_manager$919                 _sms_manager
     00000A4C  A$_sms_manager$920                 _sms_manager
     00000A4D  A$_sms_manager$921                 _sms_manager
     00000A4E  A$_sms_manager$922                 _sms_manager
     00000A4F  A$_sms_manager$926                 _sms_manager
     00000A4F  C$_sms_manager.c$126$1_0$115       _sms_manager
     00000A50  A$_sms_manager$927                 _sms_manager
     00000A51  A$_sms_manager$928                 _sms_manager
     00000A54  A$_sms_manager$929                 _sms_manager
     00000A55  A$_sms_manager$930                 _sms_manager
     00000A57  A$_sms_manager$931                 _sms_manager
     00000A5A  A$_sms_manager$932                 _sms_manager
     00000A5B  A$_sms_manager$933                 _sms_manager
     00000A5C  A$_sms_manager$934                 _sms_manager
     00000A5D  A$_sms_manager$935                 _sms_manager
     00000A60  A$_sms_manager$936                 _sms_manager
     00000A63  A$_sms_manager$937                 _sms_manager
     00000A64  A$_sms_manager$938                 _sms_manager
     00000A67  A$_sms_manager$939                 _sms_manager
     00000A68  A$_sms_manager$940                 _sms_manager
     00000A69  A$_sms_manager$941                 _sms_manager
ASxxxx Linker V03.00 + NoICE + sdld,  page 15.
Hexadecimal  [32-Bits]

Area                                    Addr        Size        Decimal Bytes (Attributes)
--------------------------------        ----        ----        ------- ----- ------------
_CODE                               00000200    00003D43 =       15683. bytes (REL,CON)

      Value  Global                              Global Defined In Module
      -----  --------------------------------   ------------------------
     00000A6A  A$_sms_manager$945                 _sms_manager
     00000A6A  C$_sms_manager.c$127$1_0$115       _sms_manager
     00000A6B  A$_sms_manager$946                 _sms_manager
     00000A6C  A$_sms_manager$947                 _sms_manager
     00000A6D  A$_sms_manager$948                 _sms_manager
     00000A6E  A$_sms_manager$949                 _sms_manager
     00000A70  A$_sms_manager$950                 _sms_manager
     00000A71  A$_sms_manager$951                 _sms_manager
     00000A72  A$_sms_manager$952                 _sms_manager
     00000A73  A$_sms_manager$953                 _sms_manager
     00000A76  A$_sms_manager$954                 _sms_manager
     00000A77  A$_sms_manager$955                 _sms_manager
     00000A78  A$_sms_manager$956                 _sms_manager
     00000A79  A$_sms_manager$957                 _sms_manager
     00000A7C  A$_sms_manager$958                 _sms_manager
     00000A7D  A$_sms_manager$959                 _sms_manager
     00000A7E  A$_sms_manager$960                 _sms_manager
     00000A7F  A$_sms_manager$964                 _sms_manager
     00000A7F  C$_sms_manager.c$129$1_0$115       _sms_manager
     00000A80  A$_sms_manager$965                 _sms_manager
     00000A81  A$_sms_manager$966                 _sms_manager
     00000A82  A$_sms_manager$967                 _sms_manager
     00000A83  A$_sms_manager$968                 _sms_manager
     00000A86  A$_sms_manager$969                 _sms_manager
     00000A87  A$_sms_manager$970                 _sms_manager
     00000A89  A$_sms_manager$971                 _sms_manager
     00000A8A  A$_sms_manager$972                 _sms_manager
     00000A8B  A$_sms_manager$973                 _sms_manager
     00000A8C  A$_sms_manager$974                 _sms_manager
     00000A8D  A$_sms_manager$975                 _sms_manager
     00000A8E  A$_sms_manager$976                 _sms_manager
     00000A8F  A$_sms_manager$977                 _sms_manager
     00000A90  A$_sms_manager$978                 _sms_manager
     00000A91  A$_sms_manager$979                 _sms_manager
     00000A94  A$_sms_manager$980                 _sms_manager
     00000A95  A$_sms_manager$981                 _sms_manager
     00000A96  A$_sms_manager$982                 _sms_manager
     00000A99  A$_sms_manager$983                 _sms_manager
     00000A9A  A$_sms_manager$984                 _sms_manager
     00000A9B  A$_sms_manager$985                 _sms_manager
     00000A9C  A$_sms_manager$986                 _sms_manager
     00000A9D  A$_sms_manager$990                 _sms_manager
     00000A9D  C$_sms_manager.c$130$1_0$115       _sms_manager
     00000A9E  A$_sms_manager$991                 _sms_manager
     00000A9F  A$_sms_manager$992                 _sms_manager
     00000AA0  A$_sms_manager$993                 _sms_manager
     00000AA1  A$_sms_manager$994                 _sms_manager
     00000AA2  A$_sms_manager$995                 _sms_manager
     00000AA3  A$_sms_manager$996                 _sms_manager
     00000AA4  A$_sms_manager$997                 _sms_manager
     00000AA5  A$_sms_manager$998                 _sms_manager
ASxxxx Linker V03.00 + NoICE + sdld,  page 16.
Hexadecimal  [32-Bits]

Area                                    Addr        Size        Decimal Bytes (Attributes)
--------------------------------        ----        ----        ------- ----- ------------
_CODE                               00000200    00003D43 =       15683. bytes (REL,CON)

      Value  Global                              Global Defined In Module
      -----  --------------------------------   ------------------------
     00000AA6  A$_sms_manager$999                 _sms_manager
     00000AA7  A$_sms_manager$1000                _sms_manager
     00000AA8  A$_sms_manager$1001                _sms_manager
     00000AAB  A$_sms_manager$1002                _sms_manager
     00000AAC  A$_sms_manager$1003                _sms_manager
     00000AAD  A$_sms_manager$1004                _sms_manager
     00000AB0  A$_sms_manager$1005                _sms_manager
     00000AB1  A$_sms_manager$1006                _sms_manager
     00000AB2  A$_sms_manager$1007                _sms_manager
     00000AB3  A$_sms_manager$1008                _sms_manager
     00000AB4  A$_sms_manager$1012                _sms_manager
     00000AB4  C$_sms_manager.c$131$1_0$115       _sms_manager
     00000AB5  A$_sms_manager$1013                _sms_manager
     00000AB7  A$_sms_manager$1014                _sms_manager
     00000AB8  A$_sms_manager$1015                _sms_manager
     00000AB9  A$_sms_manager$1016                _sms_manager
     00000ABA  A$_sms_manager$1017                _sms_manager
     00000ABB  A$_sms_manager$1018                _sms_manager
     00000ABC  A$_sms_manager$1019                _sms_manager
     00000ABD  A$_sms_manager$1020                _sms_manager
     00000AC0  A$_sms_manager$1021                _sms_manager
     00000AC1  A$_sms_manager$1022                _sms_manager
     00000AC2  A$_sms_manager$1023                _sms_manager
     00000AC3  A$_sms_manager$1024                _sms_manager
     00000AC4  A$_sms_manager$1028                _sms_manager
     00000AC4  C$_sms_manager.c$133$1_0$115       _sms_manager
     00000AC5  A$_sms_manager$1029                _sms_manager
     00000AC7  A$_sms_manager$1030                _sms_manager
     00000AC8  A$_sms_manager$1031                _sms_manager
     00000AC9  A$_sms_manager$1032                _sms_manager
     00000ACB  A$_sms_manager$1033                _sms_manager
     00000ACC  A$_sms_manager$1034                _sms_manager
     00000ACD  A$_sms_manager$1035                _sms_manager
     00000ACE  A$_sms_manager$1036                _sms_manager
     00000ACF  A$_sms_manager$1037                _sms_manager
     00000AD0  A$_sms_manager$1038                _sms_manager
     00000AD3  A$_sms_manager$1039                _sms_manager
     00000AD4  A$_sms_manager$1040                _sms_manager
     00000AD5  A$_sms_manager$1041                _sms_manager
     00000AD8  A$_sms_manager$1042                _sms_manager
     00000AD9  A$_sms_manager$1043                _sms_manager
     00000ADA  A$_sms_manager$1044                _sms_manager
     00000ADB  A$_sms_manager$1045                _sms_manager
     00000ADC  A$_sms_manager$1049                _sms_manager
     00000ADC  C$_sms_manager.c$134$1_0$115       _sms_manager
     00000ADD  A$_sms_manager$1050                _sms_manager
     00000ADF  A$_sms_manager$1051                _sms_manager
     00000AE0  A$_sms_manager$1052                _sms_manager
     00000AE1  A$_sms_manager$1053                _sms_manager
     00000AE2  A$_sms_manager$1054                _sms_manager
     00000AE3  A$_sms_manager$1055                _sms_manager
ASxxxx Linker V03.00 + NoICE + sdld,  page 17.
Hexadecimal  [32-Bits]

Area                                    Addr        Size        Decimal Bytes (Attributes)
--------------------------------        ----        ----        ------- ----- ------------
_CODE                               00000200    00003D43 =       15683. bytes (REL,CON)

      Value  Global                              Global Defined In Module
      -----  --------------------------------   ------------------------
     00000AE4  A$_sms_manager$1056                _sms_manager
     00000AE5  A$_sms_manager$1057                _sms_manager
     00000AE8  A$_sms_manager$1058                _sms_manager
     00000AE9  A$_sms_manager$1059                _sms_manager
     00000AEA  A$_sms_manager$1060                _sms_manager
     00000AED  A$_sms_manager$1061                _sms_manager
     00000AEE  A$_sms_manager$1062                _sms_manager
     00000AEF  A$_sms_manager$1063                _sms_manager
     00000AF0  A$_sms_manager$1064                _sms_manager
     00000AF1  A$_sms_manager$1068                _sms_manager
     00000AF1  C$_sms_manager.c$135$1_0$115       _sms_manager
     00000AF2  A$_sms_manager$1069                _sms_manager
     00000AF4  A$_sms_manager$1070                _sms_manager
     00000AF5  A$_sms_manager$1071                _sms_manager
     00000AF6  A$_sms_manager$1072                _sms_manager
     00000AF7  A$_sms_manager$1073                _sms_manager
     00000AF8  A$_sms_manager$1074                _sms_manager
     00000AF9  A$_sms_manager$1075                _sms_manager
     00000AFA  A$_sms_manager$1076                _sms_manager
     00000AFD  A$_sms_manager$1077                _sms_manager
     00000AFE  A$_sms_manager$1078                _sms_manager
     00000AFF  A$_sms_manager$1079                _sms_manager
     00000B00  A$_sms_manager$1080                _sms_manager
     00000B01  A$_sms_manager$1084                _sms_manager
     00000B01  C$_sms_manager.c$137$1_0$115       _sms_manager
     00000B02  A$_sms_manager$1085                _sms_manager
     00000B04  A$_sms_manager$1086                _sms_manager
     00000B05  A$_sms_manager$1087                _sms_manager
     00000B06  A$_sms_manager$1088                _sms_manager
     00000B08  A$_sms_manager$1089                _sms_manager
     00000B09  A$_sms_manager$1090                _sms_manager
     00000B0A  A$_sms_manager$1091                _sms_manager
     00000B0B  A$_sms_manager$1092                _sms_manager
     00000B0C  A$_sms_manager$1093                _sms_manager
     00000B0D  A$_sms_manager$1094                _sms_manager
     00000B10  A$_sms_manager$1095                _sms_manager
     00000B11  A$_sms_manager$1096                _sms_manager
     00000B12  A$_sms_manager$1097                _sms_manager
     00000B15  A$_sms_manager$1098                _sms_manager
     00000B16  A$_sms_manager$1099                _sms_manager
     00000B17  A$_sms_manager$1100                _sms_manager
     00000B18  A$_sms_manager$1101                _sms_manager
     00000B19  A$_sms_manager$1105                _sms_manager
     00000B19  C$_sms_manager.c$138$1_0$115       _sms_manager
     00000B1A  A$_sms_manager$1106                _sms_manager
     00000B1C  A$_sms_manager$1107                _sms_manager
     00000B1D  A$_sms_manager$1108                _sms_manager
     00000B1E  A$_sms_manager$1109                _sms_manager
     00000B1F  A$_sms_manager$1110                _sms_manager
     00000B20  A$_sms_manager$1111                _sms_manager
     00000B21  A$_sms_manager$1112                _sms_manager
ASxxxx Linker V03.00 + NoICE + sdld,  page 18.
Hexadecimal  [32-Bits]

Area                                    Addr        Size        Decimal Bytes (Attributes)
--------------------------------        ----        ----        ------- ----- ------------
_CODE                               00000200    00003D43 =       15683. bytes (REL,CON)

      Value  Global                              Global Defined In Module
      -----  --------------------------------   ------------------------
     00000B22  A$_sms_manager$1113                _sms_manager
     00000B25  A$_sms_manager$1114                _sms_manager
     00000B26  A$_sms_manager$1115                _sms_manager
     00000B27  A$_sms_manager$1116                _sms_manager
     00000B2A  A$_sms_manager$1117                _sms_manager
     00000B2B  A$_sms_manager$1118                _sms_manager
     00000B2C  A$_sms_manager$1119                _sms_manager
     00000B2D  A$_sms_manager$1120                _sms_manager
     00000B2E  A$_sms_manager$1124                _sms_manager
     00000B2E  C$_sms_manager.c$139$1_0$115       _sms_manager
     00000B2F  A$_sms_manager$1125                _sms_manager
     00000B31  A$_sms_manager$1126                _sms_manager
     00000B32  A$_sms_manager$1127                _sms_manager
     00000B33  A$_sms_manager$1128                _sms_manager
     00000B34  A$_sms_manager$1129                _sms_manager
     00000B35  A$_sms_manager$1130                _sms_manager
     00000B38  A$_sms_manager$1131                _sms_manager
     00000B39  A$_sms_manager$1132                _sms_manager
     00000B3A  A$_sms_manager$1136                _sms_manager
     00000B3B  A$_sms_manager$1137                _sms_manager
     00000B3D  A$_sms_manager$1142                _sms_manager
     00000B3D  C$_sms_manager.c$140$1_0$115       _sms_manager
     00000B3D  XG$devkit_SMS_addSprite_bulk12$0   _sms_manager
     00000B3E  A$_sms_manager$1162                _sms_manager
     00000B3E  C$_sms_manager.c$142$1_0$116       _sms_manager
     00000B3E  C$_sms_manager.c$144$1_0$116       _sms_manager
     00000B3E  C$_sms_manager.c$145$1_0$116       _sms_manager
     00000B3E  G$devkit_SMS_initSprites$0$0       _sms_manager
     00000B3E  XG$devkit_SMS_initSprites$0$0      _sms_manager
     00000B3E  _devkit_SMS_initSprites            _sms_manager
     00000B41  A$_sms_manager$1182                _sms_manager
     00000B41  C$_sms_manager.c$146$1_0$117       _sms_manager
     00000B41  C$_sms_manager.c$148$1_0$117       _sms_manager
     00000B41  C$_sms_manager.c$149$1_0$117       _sms_manager
     00000B41  G$devkit_SMS_finalizeSprites$0$0   _sms_manager
     00000B41  XG$devkit_SMS_finalizeSprites$0$   _sms_manager
     00000B41  _devkit_SMS_finalizeSprites        _sms_manager
     00000B44  A$_sms_manager$1202                _sms_manager
     00000B44  C$_sms_manager.c$150$1_0$118       _sms_manager
     00000B44  C$_sms_manager.c$152$1_0$118       _sms_manager
     00000B44  C$_sms_manager.c$153$1_0$118       _sms_manager
     00000B44  G$devkit_SMS_waitForVBlank$0$0     _sms_manager
     00000B44  XG$devkit_SMS_waitForVBlank$0$0    _sms_manager
     00000B44  _devkit_SMS_waitForVBlank          _sms_manager
     00000B47  A$_sms_manager$1222                _sms_manager
     00000B47  C$_sms_manager.c$154$1_0$119       _sms_manager
     00000B47  C$_sms_manager.c$156$1_0$119       _sms_manager
     00000B47  C$_sms_manager.c$157$1_0$119       _sms_manager
     00000B47  G$devkit_SMS_copySpritestoSAT$0$   _sms_manager
     00000B47  XG$devkit_SMS_copySpritestoSAT$0   _sms_manager
     00000B47  _devkit_SMS_copySpritestoSAT       _sms_manager
ASxxxx Linker V03.00 + NoICE + sdld,  page 19.
Hexadecimal  [32-Bits]

Area                                    Addr        Size        Decimal Bytes (Attributes)
--------------------------------        ----        ----        ------- ----- ------------
_CODE                               00000200    00003D43 =       15683. bytes (REL,CON)

      Value  Global                              Global Defined In Module
      -----  --------------------------------   ------------------------
     00000B4A  A$_sms_manager$1242                _sms_manager
     00000B4A  C$_sms_manager.c$158$1_0$120       _sms_manager
     00000B4A  C$_sms_manager.c$160$1_0$120       _sms_manager
     00000B4A  C$_sms_manager.c$161$1_0$120       _sms_manager
     00000B4A  G$devkit_UNSAFE_SMS_copySpritest   _sms_manager
     00000B4A  XG$devkit_UNSAFE_SMS_copySprites   _sms_manager
     00000B4A  _devkit_UNSAFE_SMS_copySpritesto   _sms_manager
     00000B4D  A$_sms_manager$1262                _sms_manager
     00000B4D  C$_sms_manager.c$163$1_0$121       _sms_manager
     00000B4D  C$_sms_manager.c$165$1_0$121       _sms_manager
     00000B4D  C$_sms_manager.c$166$1_0$121       _sms_manager
     00000B4D  G$devkit_SMS_queryPauseRequested   _sms_manager
     00000B4D  XG$devkit_SMS_queryPauseRequeste   _sms_manager
     00000B4D  _devkit_SMS_queryPauseRequested    _sms_manager
     00000B50  A$_sms_manager$1282                _sms_manager
     00000B50  C$_sms_manager.c$167$1_0$122       _sms_manager
     00000B50  C$_sms_manager.c$169$1_0$122       _sms_manager
     00000B50  C$_sms_manager.c$170$1_0$122       _sms_manager
     00000B50  G$devkit_SMS_resetPauseRequest$0   _sms_manager
     00000B50  XG$devkit_SMS_resetPauseRequest$   _sms_manager
     00000B50  _devkit_SMS_resetPauseRequest      _sms_manager
     00000B53  A$_sms_manager$1295                _sms_manager
     00000B53  C$_sms_manager.c$172$1_0$123       _sms_manager
     00000B53  C$_sms_manager.c$174$1_0$123       _sms_manager
     00000B53  G$devkit_isCollisionDetected$0$0   _sms_manager
     00000B53  _devkit_isCollisionDetected        _sms_manager
     00000B56  A$_sms_manager$1296                _sms_manager
     00000B58  A$_sms_manager$1297                _sms_manager
     00000B59  A$_sms_manager$1305                _sms_manager
     00000B59  C$_sms_manager.c$175$1_0$123       _sms_manager
     00000B59  XG$devkit_isCollisionDetected$0$   _sms_manager
     00000B5A  A$_sms_manager$1325                _sms_manager
     00000B5A  C$_sms_manager.c$178$1_0$124       _sms_manager
     00000B5A  C$_sms_manager.c$180$1_0$124       _sms_manager
     00000B5A  C$_sms_manager.c$181$1_0$124       _sms_manager
     00000B5A  G$devkit_SMS_getKeysStatus$0$0     _sms_manager
     00000B5A  XG$devkit_SMS_getKeysStatus$0$0    _sms_manager
     00000B5A  _devkit_SMS_getKeysStatus          _sms_manager
     00000B5D  A$_sms_manager$1338                _sms_manager
     00000B5D  C$_sms_manager.c$182$1_0$125       _sms_manager
     00000B5D  C$_sms_manager.c$184$1_0$125       _sms_manager
     00000B5D  G$devkit_PORT_A_KEY_UP$0$0         _sms_manager
     00000B5D  _devkit_PORT_A_KEY_UP              _sms_manager
     00000B60  A$_sms_manager$1346                _sms_manager
     00000B60  C$_sms_manager.c$185$1_0$125       _sms_manager
     00000B60  XG$devkit_PORT_A_KEY_UP$0$0        _sms_manager
     00000B61  A$_sms_manager$1359                _sms_manager
     00000B61  C$_sms_manager.c$186$1_0$126       _sms_manager
     00000B61  C$_sms_manager.c$188$1_0$126       _sms_manager
     00000B61  G$devkit_PORT_A_KEY_DOWN$0$0       _sms_manager
     00000B61  _devkit_PORT_A_KEY_DOWN            _sms_manager
ASxxxx Linker V03.00 + NoICE + sdld,  page 20.
Hexadecimal  [32-Bits]

Area                                    Addr        Size        Decimal Bytes (Attributes)
--------------------------------        ----        ----        ------- ----- ------------
_CODE                               00000200    00003D43 =       15683. bytes (REL,CON)

      Value  Global                              Global Defined In Module
      -----  --------------------------------   ------------------------
     00000B64  A$_sms_manager$1367                _sms_manager
     00000B64  C$_sms_manager.c$189$1_0$126       _sms_manager
     00000B64  XG$devkit_PORT_A_KEY_DOWN$0$0      _sms_manager
     00000B65  A$_sms_manager$1380                _sms_manager
     00000B65  C$_sms_manager.c$190$1_0$127       _sms_manager
     00000B65  C$_sms_manager.c$192$1_0$127       _sms_manager
     00000B65  G$devkit_PORT_A_KEY_LEFT$0$0       _sms_manager
     00000B65  _devkit_PORT_A_KEY_LEFT            _sms_manager
     00000B68  A$_sms_manager$1388                _sms_manager
     00000B68  C$_sms_manager.c$193$1_0$127       _sms_manager
     00000B68  XG$devkit_PORT_A_KEY_LEFT$0$0      _sms_manager
     00000B69  A$_sms_manager$1401                _sms_manager
     00000B69  C$_sms_manager.c$194$1_0$128       _sms_manager
     00000B69  C$_sms_manager.c$196$1_0$128       _sms_manager
     00000B69  G$devkit_PORT_A_KEY_RIGHT$0$0      _sms_manager
     00000B69  _devkit_PORT_A_KEY_RIGHT           _sms_manager
     00000B6C  A$_sms_manager$1409                _sms_manager
     00000B6C  C$_sms_manager.c$197$1_0$128       _sms_manager
     00000B6C  XG$devkit_PORT_A_KEY_RIGHT$0$0     _sms_manager
     00000B6D  A$_sms_manager$1422                _sms_manager
     00000B6D  C$_sms_manager.c$198$1_0$129       _sms_manager
     00000B6D  C$_sms_manager.c$200$1_0$129       _sms_manager
     00000B6D  G$devkit_PORT_A_KEY_1$0$0          _sms_manager
     00000B6D  _devkit_PORT_A_KEY_1               _sms_manager
     00000B70  A$_sms_manager$1430                _sms_manager
     00000B70  C$_sms_manager.c$201$1_0$129       _sms_manager
     00000B70  XG$devkit_PORT_A_KEY_1$0$0         _sms_manager
     00000B71  A$_sms_manager$1443                _sms_manager
     00000B71  C$_sms_manager.c$202$1_0$130       _sms_manager
     00000B71  C$_sms_manager.c$204$1_0$130       _sms_manager
     00000B71  G$devkit_PORT_A_KEY_2$0$0          _sms_manager
     00000B71  _devkit_PORT_A_KEY_2               _sms_manager
     00000B74  A$_sms_manager$1451                _sms_manager
     00000B74  C$_sms_manager.c$205$1_0$130       _sms_manager
     00000B74  XG$devkit_PORT_A_KEY_2$0$0         _sms_manager
     00000B75  A$_sms_manager$1464                _sms_manager
     00000B75  C$_sms_manager.c$208$1_0$131       _sms_manager
     00000B75  C$_sms_manager.c$210$1_0$131       _sms_manager
     00000B75  G$devkit_SPRITEMODE_NORMAL$0$0     _sms_manager
     00000B75  _devkit_SPRITEMODE_NORMAL          _sms_manager
     00000B77  A$_sms_manager$1472                _sms_manager
     00000B77  C$_sms_manager.c$211$1_0$131       _sms_manager
     00000B77  XG$devkit_SPRITEMODE_NORMAL$0$0    _sms_manager
     00000B78  A$_sms_manager$1485                _sms_manager
     00000B78  C$_sms_manager.c$212$1_0$132       _sms_manager
     00000B78  C$_sms_manager.c$214$1_0$132       _sms_manager
     00000B78  G$devkit_VDPFEATURE_HIDEFIRSTCOL   _sms_manager
     00000B78  _devkit_VDPFEATURE_HIDEFIRSTCOL    _sms_manager
     00000B7B  A$_sms_manager$1493                _sms_manager
     00000B7B  C$_sms_manager.c$215$1_0$132       _sms_manager
     00000B7B  XG$devkit_VDPFEATURE_HIDEFIRSTCO   _sms_manager
ASxxxx Linker V03.00 + NoICE + sdld,  page 21.
Hexadecimal  [32-Bits]

Area                                    Addr        Size        Decimal Bytes (Attributes)
--------------------------------        ----        ----        ------- ----- ------------
_CODE                               00000200    00003D43 =       15683. bytes (REL,CON)

      Value  Global                              Global Defined In Module
      -----  --------------------------------   ------------------------
     00000B7C  F_sms_manager$__str_0$0_0$0        _sms_manager
     00000B8A  F_sms_manager$__str_1$0_0$0        _sms_manager
     00000B9A  F_sms_manager$__str_2$0_0$0        _sms_manager
     00000BD2  A$_snd_manager$89                  _snd_manager
     00000BD2  C$_snd_manager.c$11$1_0$34         _snd_manager
     00000BD2  C$_snd_manager.c$9$0_0$34          _snd_manager
     00000BD2  G$devkit_PSGPlay$0$0               _snd_manager
     00000BD2  _devkit_PSGPlay                    _snd_manager
     00000BD3  A$_snd_manager$90                  _snd_manager
     00000BD4  A$_snd_manager$91                  _snd_manager
     00000BD5  A$_snd_manager$92                  _snd_manager
     00000BD6  A$_snd_manager$93                  _snd_manager
     00000BD7  A$_snd_manager$94                  _snd_manager
     00000BDA  A$_snd_manager$95                  _snd_manager
     00000BDB  A$_snd_manager$103                 _snd_manager
     00000BDB  C$_snd_manager.c$12$1_0$34         _snd_manager
     00000BDB  XG$devkit_PSGPlay$0$0              _snd_manager
     00000BDC  A$_snd_manager$123                 _snd_manager
     00000BDC  C$_snd_manager.c$13$1_0$36         _snd_manager
     00000BDC  C$_snd_manager.c$15$1_0$36         _snd_manager
     00000BDC  C$_snd_manager.c$16$1_0$36         _snd_manager
     00000BDC  G$devkit_PSGCancelLoop$0$0         _snd_manager
     00000BDC  XG$devkit_PSGCancelLoop$0$0        _snd_manager
     00000BDC  _devkit_PSGCancelLoop              _snd_manager
     00000BDF  A$_snd_manager$136                 _snd_manager
     00000BDF  C$_snd_manager.c$17$1_0$38         _snd_manager
     00000BDF  C$_snd_manager.c$19$1_0$38         _snd_manager
     00000BDF  G$devkit_PSGPlayNoRepeat$0$0       _snd_manager
     00000BDF  _devkit_PSGPlayNoRepeat            _snd_manager
     00000BE0  A$_snd_manager$137                 _snd_manager
     00000BE1  A$_snd_manager$138                 _snd_manager
     00000BE2  A$_snd_manager$139                 _snd_manager
     00000BE3  A$_snd_manager$140                 _snd_manager
     00000BE4  A$_snd_manager$141                 _snd_manager
     00000BE7  A$_snd_manager$142                 _snd_manager
     00000BE8  A$_snd_manager$150                 _snd_manager
     00000BE8  C$_snd_manager.c$20$1_0$38         _snd_manager
     00000BE8  XG$devkit_PSGPlayNoRepeat$0$0      _snd_manager
     00000BE9  A$_snd_manager$170                 _snd_manager
     00000BE9  C$_snd_manager.c$21$1_0$40         _snd_manager
     00000BE9  C$_snd_manager.c$23$1_0$40         _snd_manager
     00000BE9  C$_snd_manager.c$24$1_0$40         _snd_manager
     00000BE9  G$devkit_PSGStop$0$0               _snd_manager
     00000BE9  XG$devkit_PSGStop$0$0              _snd_manager
     00000BE9  _devkit_PSGStop                    _snd_manager
     00000BEC  A$_snd_manager$190                 _snd_manager
     00000BEC  C$_snd_manager.c$25$1_0$42         _snd_manager
     00000BEC  C$_snd_manager.c$27$1_0$42         _snd_manager
     00000BEC  C$_snd_manager.c$28$1_0$42         _snd_manager
     00000BEC  G$devkit_PSGResume$0$0             _snd_manager
     00000BEC  XG$devkit_PSGResume$0$0            _snd_manager
ASxxxx Linker V03.00 + NoICE + sdld,  page 22.
Hexadecimal  [32-Bits]

Area                                    Addr        Size        Decimal Bytes (Attributes)
--------------------------------        ----        ----        ------- ----- ------------
_CODE                               00000200    00003D43 =       15683. bytes (REL,CON)

      Value  Global                              Global Defined In Module
      -----  --------------------------------   ------------------------
     00000BEC  _devkit_PSGResume                  _snd_manager
     00000BEF  A$_snd_manager$210                 _snd_manager
     00000BEF  C$_snd_manager.c$29$1_0$44         _snd_manager
     00000BEF  C$_snd_manager.c$31$1_0$44         _snd_manager
     00000BEF  C$_snd_manager.c$32$1_0$44         _snd_manager
     00000BEF  G$devkit_PSGGetStatus$0$0          _snd_manager
     00000BEF  XG$devkit_PSGGetStatus$0$0         _snd_manager
     00000BEF  _devkit_PSGGetStatus               _snd_manager
     00000BF2  A$_snd_manager$223                 _snd_manager
     00000BF2  C$_snd_manager.c$33$1_0$46         _snd_manager
     00000BF2  C$_snd_manager.c$35$1_0$46         _snd_manager
     00000BF2  G$devkit_PSGSetMusicVolumeAttenu   _snd_manager
     00000BF2  _devkit_PSGSetMusicVolumeAttenua   _snd_manager
     00000BF5  A$_snd_manager$224                 _snd_manager
     00000BF6  A$_snd_manager$225                 _snd_manager
     00000BF7  A$_snd_manager$226                 _snd_manager
     00000BF8  A$_snd_manager$227                 _snd_manager
     00000BF9  A$_snd_manager$228                 _snd_manager
     00000BFC  A$_snd_manager$229                 _snd_manager
     00000BFD  A$_snd_manager$237                 _snd_manager
     00000BFD  C$_snd_manager.c$36$1_0$46         _snd_manager
     00000BFD  XG$devkit_PSGSetMusicVolumeAtten   _snd_manager
     00000BFE  A$_snd_manager$250                 _snd_manager
     00000BFE  C$_snd_manager.c$38$1_0$48         _snd_manager
     00000BFE  C$_snd_manager.c$40$1_0$48         _snd_manager
     00000BFE  G$devkit_PSGSFXPlay$0$0            _snd_manager
     00000BFE  _devkit_PSGSFXPlay                 _snd_manager
     00000C02  A$_snd_manager$251                 _snd_manager
     00000C04  A$_snd_manager$252                 _snd_manager
     00000C07  A$_snd_manager$253                 _snd_manager
     00000C08  A$_snd_manager$254                 _snd_manager
     00000C09  A$_snd_manager$255                 _snd_manager
     00000C0C  A$_snd_manager$256                 _snd_manager
     00000C0F  A$_snd_manager$257                 _snd_manager
     00000C10  A$_snd_manager$258                 _snd_manager
     00000C13  A$_snd_manager$259                 _snd_manager
     00000C14  A$_snd_manager$260                 _snd_manager
     00000C15  A$_snd_manager$268                 _snd_manager
     00000C15  C$_snd_manager.c$41$1_0$48         _snd_manager
     00000C15  XG$devkit_PSGSFXPlay$0$0           _snd_manager
     00000C16  A$_snd_manager$281                 _snd_manager
     00000C16  C$_snd_manager.c$42$1_0$50         _snd_manager
     00000C16  C$_snd_manager.c$44$1_0$50         _snd_manager
     00000C16  G$devkit_PSGSFXPlayLoop$0$0        _snd_manager
     00000C16  _devkit_PSGSFXPlayLoop             _snd_manager
     00000C1A  A$_snd_manager$282                 _snd_manager
     00000C1C  A$_snd_manager$283                 _snd_manager
     00000C1F  A$_snd_manager$284                 _snd_manager
     00000C20  A$_snd_manager$285                 _snd_manager
     00000C21  A$_snd_manager$286                 _snd_manager
     00000C24  A$_snd_manager$287                 _snd_manager
ASxxxx Linker V03.00 + NoICE + sdld,  page 23.
Hexadecimal  [32-Bits]

Area                                    Addr        Size        Decimal Bytes (Attributes)
--------------------------------        ----        ----        ------- ----- ------------
_CODE                               00000200    00003D43 =       15683. bytes (REL,CON)

      Value  Global                              Global Defined In Module
      -----  --------------------------------   ------------------------
     00000C27  A$_snd_manager$288                 _snd_manager
     00000C28  A$_snd_manager$289                 _snd_manager
     00000C2B  A$_snd_manager$290                 _snd_manager
     00000C2C  A$_snd_manager$291                 _snd_manager
     00000C2D  A$_snd_manager$299                 _snd_manager
     00000C2D  C$_snd_manager.c$45$1_0$50         _snd_manager
     00000C2D  XG$devkit_PSGSFXPlayLoop$0$0       _snd_manager
     00000C2E  A$_snd_manager$319                 _snd_manager
     00000C2E  C$_snd_manager.c$46$1_0$52         _snd_manager
     00000C2E  C$_snd_manager.c$48$1_0$52         _snd_manager
     00000C2E  C$_snd_manager.c$49$1_0$52         _snd_manager
     00000C2E  G$devkit_PSGSFXCancelLoop$0$0      _snd_manager
     00000C2E  XG$devkit_PSGSFXCancelLoop$0$0     _snd_manager
     00000C2E  _devkit_PSGSFXCancelLoop           _snd_manager
     00000C31  A$_snd_manager$339                 _snd_manager
     00000C31  C$_snd_manager.c$50$1_0$54         _snd_manager
     00000C31  C$_snd_manager.c$52$1_0$54         _snd_manager
     00000C31  C$_snd_manager.c$53$1_0$54         _snd_manager
     00000C31  G$devkit_PSGSFXStop$0$0            _snd_manager
     00000C31  XG$devkit_PSGSFXStop$0$0           _snd_manager
     00000C31  _devkit_PSGSFXStop                 _snd_manager
     00000C34  A$_snd_manager$359                 _snd_manager
     00000C34  C$_snd_manager.c$54$1_0$56         _snd_manager
     00000C34  C$_snd_manager.c$56$1_0$56         _snd_manager
     00000C34  C$_snd_manager.c$57$1_0$56         _snd_manager
     00000C34  G$devkit_PSGSFXGetStatus$0$0       _snd_manager
     00000C34  XG$devkit_PSGSFXGetStatus$0$0      _snd_manager
     00000C34  _devkit_PSGSFXGetStatus            _snd_manager
     00000C37  A$_snd_manager$379                 _snd_manager
     00000C37  C$_snd_manager.c$59$1_0$58         _snd_manager
     00000C37  C$_snd_manager.c$61$1_0$58         _snd_manager
     00000C37  C$_snd_manager.c$62$1_0$58         _snd_manager
     00000C37  G$devkit_PSGSilenceChannels$0$0    _snd_manager
     00000C37  XG$devkit_PSGSilenceChannels$0$0   _snd_manager
     00000C37  _devkit_PSGSilenceChannels         _snd_manager
     00000C3A  A$_snd_manager$399                 _snd_manager
     00000C3A  C$_snd_manager.c$63$1_0$60         _snd_manager
     00000C3A  C$_snd_manager.c$65$1_0$60         _snd_manager
     00000C3A  C$_snd_manager.c$66$1_0$60         _snd_manager
     00000C3A  G$devkit_PSGRestoreVolumes$0$0     _snd_manager
[...]
     000030E9  G$music_psg$0_0$0                  psg
     000030E9  _music_psg                         psg
     0000370E  G$sound1_psg$0_0$0                 psg
     0000370E  _sound1_psg                        psg
     00003739  G$sound2_psg$0_0$0                 psg
     00003739  _sound2_psg                        psg
     00003759  G$sound3_psg$0_0$0                 psg
     00003759  _sound3_psg                        psg
     0000377C  __divuint                          
     00003784  __divuchar                         
     0000378B  __divu8                            
     0000378E  __divu16                           
     000037BD  _UNSAFE_SMS_copySpritestoSAT       SMSlib_UNSAFE
     000037D5  _UNSAFE_SMS_VRAMmemcpy32           SMSlib_UNSAFE
ASxxxx Linker V03.00 + NoICE + sdld,  page 90.
Hexadecimal  [32-Bits]

Area                                    Addr        Size        Decimal Bytes (Attributes)
--------------------------------        ----        ----        ------- ----- ------------
_CODE                               00000200    00003D43 =       15683. bytes (REL,CON)

      Value  Global                              Global Defined In Module
      -----  --------------------------------   ------------------------
     000037F2  _UNSAFE_SMS_VRAMmemcpy64           SMSlib_UNSAFE
     0000380F  _UNSAFE_SMS_VRAMmemcpy128          SMSlib_UNSAFE
     0000382C  _SMS_init                          SMSlib
     00003880  _VDPReg_init                       SMSlib
     0000388B  _SMS_VDPType                       SMSlib
     00003893  _SMS_VDPturnOnFeature              SMSlib
     000038AA  _SMS_VDPturnOffFeature             SMSlib
     000038C3  _SMS_setBGScrollX                  SMSlib
     000038CD  _SMS_setBGScrollY                  SMSlib
     000038D7  _SMS_setBackdropColor              SMSlib
     000038E1  _SMS_useFirstHalfTilesforSprites   SMSlib
     000038F5  _SMS_setSpriteMode                 SMSlib
     0000393A  _SMS_setBGPaletteColor             SMSlib
     0000394E  _SMS_setSpritePaletteColor         SMSlib
     00003962  _SMS_loadBGPalette                 SMSlib
     00003976  _SMS_loadSpritePalette             SMSlib
     0000398A  _SMS_setColor                      SMSlib
     0000398E  _SMS_initSprites                   SMSlib
     00003994  _SMS_addSprite                     SMSlib
     000039E9  _SMS_finalizeSprites               SMSlib
     000039FB  _SMS_copySpritestoSAT              SMSlib
     00003A24  _SMS_waitForVBlank                 SMSlib
     00003A31  _SMS_getKeysStatus                 SMSlib
     00003A35  _SMS_getKeysPressed                SMSlib
     00003A52  _SMS_getKeysHeld                   SMSlib
     00003A69  _SMS_getKeysReleased               SMSlib
     00003A86  _SMS_queryPauseRequested           SMSlib
     00003A8E  _SMS_resetPauseRequest             SMSlib
     00003A94  _SMS_setLineInterruptHandler       SMSlib
     00003AA5  _SMS_setLineCounter                SMSlib
     00003AB4  _SMS_getVCount                     SMSlib
     00003AB8  _SMS_getHCount                     SMSlib
     00003ABC  _SMS_isr                           SMSlib
     00003AF2  _SMS_nmi_isr                       SMSlib
     00003B05  _rand                              rand
     00003BB2  _srand                             rand
     00003BCE  _SMS_loadSTMcompressedTileMapAre   SMSlib_STMcomp
     00003DAF  ___sdcc_call_hl                    
     00003DB0  _SMS_loadPSGaidencompressedTiles   SMSlib_PSGaiden
     00003E92  __modschar                         
     00003E9F  __modsint                          
     00003EAB  _SMS_loadTileMap                   SMSlib_loadTileMap
     00003EE4  __moduchar                         
     00003EF0  __moduint                          
     00003EFB  __divsint                          
     00003F04  __divschar                         
     00003F0B  __div8                             
     00003F0F  __div_signexte                     
     00003F13  __div16                            
     00003F39  __get_remainder                    

ASxxxx Linker V03.00 + NoICE + sdld,  page 91.
Hexadecimal  [32-Bits]

Area                                    Addr        Size        Decimal Bytes (Attributes)
--------------------------------        ----        ----        ------- ----- ------------
_HEADER0                            00000000    00000006 =           6. bytes (ABS,CON)

      Value  Global                              Global Defined In Module
      -----  --------------------------------   ------------------------
     00000006  _SMS_crt0_RST08                    crt0

ASxxxx Linker V03.00 + NoICE + sdld,  page 92.
Hexadecimal  [32-Bits]

Area                                    Addr        Size        Decimal Bytes (Attributes)
--------------------------------        ----        ----        ------- ----- ------------
_HEADER1                            00000000    00000009 =           9. bytes (ABS,CON)

      Value  Global                              Global Defined In Module
      -----  --------------------------------   ------------------------
     00000011  _SMS_crt0_RST18                    crt0

ASxxxx Linker V03.00 + NoICE + sdld,  page 93.
Hexadecimal  [32-Bits]

Area                                    Addr        Size        Decimal Bytes (Attributes)
--------------------------------        ----        ----        ------- ----- ------------
_HEADER2                            00000000    0000000A =          10. bytes (ABS,CON)

      Value  Global                              Global Defined In Module
      -----  --------------------------------   ------------------------
ASxxxx Linker V03.00 + NoICE + sdld,  page 94.
Hexadecimal  [32-Bits]

Area                                    Addr        Size        Decimal Bytes (Attributes)
--------------------------------        ----        ----        ------- ----- ------------
_HEADER3                            00000000    00000003 =           3. bytes (ABS,CON)

      Value  Global                              Global Defined In Module
      -----  --------------------------------   ------------------------
ASxxxx Linker V03.00 + NoICE + sdld,  page 95.
Hexadecimal  [32-Bits]

Area                                    Addr        Size        Decimal Bytes (Attributes)
--------------------------------        ----        ----        ------- ----- ------------
_HEADER4                            00000000    00000003 =           3. bytes (ABS,CON)

      Value  Global                              Global Defined In Module
      -----  --------------------------------   ------------------------
ASxxxx Linker V03.00 + NoICE + sdld,  page 96.
Hexadecimal  [32-Bits]

Area                                    Addr        Size        Decimal Bytes (Attributes)
--------------------------------        ----        ----        ------- ----- ------------
_HEADER5                            00000000    0000012A =         298. bytes (ABS,CON)

      Value  Global                              Global Defined In Module
      -----  --------------------------------   ------------------------
     00000099  _OUTI128                           crt0
     00000119  _OUTI64                            crt0
     00000159  _OUTI32                            crt0
     00000199  _outi_block                        crt0

ASxxxx Linker V03.00 + NoICE + sdld,  page 97.
Hexadecimal  [32-Bits]

Area                                    Addr        Size        Decimal Bytes (Attributes)
--------------------------------        ----        ----        ------- ----- ------------
_INITIALIZER                        00003F43    0000000C =          12. bytes (REL,CON)

      Value  Global                              Global Defined In Module
      -----  --------------------------------   ------------------------
     00003F43  Finput_manager$__xinit_curr_joyp   input_manager
     00003F45  Finput_manager$__xinit_prev_joyp   input_manager

ASxxxx Linker V03.00 + NoICE + sdld,  page 98.
Hexadecimal  [32-Bits]

Area                                    Addr        Size        Decimal Bytes (Attributes)
--------------------------------        ----        ----        ------- ----- ------------
_GSINIT                             00003F4F    0000000F =          15. bytes (REL,CON)

      Value  Global                              Global Defined In Module
      -----  --------------------------------   ------------------------
     00003F4F  gsinit                             crt0

ASxxxx Linker V03.00 + NoICE + sdld,  page 99.
Hexadecimal  [32-Bits]

Area                                    Addr        Size        Decimal Bytes (Attributes)
--------------------------------        ----        ----        ------- ----- ------------
_GSFINAL                            00003F5E    00000001 =           1. bytes (REL,CON)

      Value  Global                              Global Defined In Module
      -----  --------------------------------   ------------------------
ASxxxx Linker V03.00 + NoICE + sdld,  page 100.
Hexadecimal  [32-Bits]

Area                                    Addr        Size        Decimal Bytes (Attributes)
--------------------------------        ----        ----        ------- ----- ------------
_DATA                               0000C000    0000031C =         796. bytes (REL,CON)

      Value  Global                              Global Defined In Module
      -----  --------------------------------   ------------------------
     0000C000  Lmain.main$global_pause$1_0$66     main
     0000C001  _PSGMusicStatus                    PSGlib
     0000C002  _PSGMusicStart                     PSGlib
     0000C004  _PSGMusicPointer                   PSGlib
     0000C006  _PSGMusicLoopPoint                 PSGlib
     0000C008  _PSGMusicSkipFrames                PSGlib
     0000C009  _PSGLoopFlag                       PSGlib
     0000C00A  _PSGMusicLastLatch                 PSGlib
     0000C00B  _PSGMusicVolumeAttenuation         PSGlib
     0000C00C  _PSGMusicSubstringLen              PSGlib
     0000C00D  _PSGMusicSubstringRetAddr          PSGlib
     0000C00F  _PSGChan0Volume                    PSGlib
     0000C010  _PSGChan1Volume                    PSGlib
     0000C011  _PSGChan2Volume                    PSGlib
     0000C012  _PSGChan3Volume                    PSGlib
     0000C013  _PSGChan2LowTone                   PSGlib
     0000C014  _PSGChan2HighTone                  PSGlib
     0000C015  _PSGChan3LowTone                   PSGlib
     0000C016  _PSGChannel2SFX                    PSGlib
     0000C017  _PSGChannel3SFX                    PSGlib
     0000C018  _PSGSFXChan2Volume                 PSGlib
     0000C019  _PSGSFXChan3Volume                 PSGlib
     0000C01A  _PSGSFXStatus                      PSGlib
     0000C01B  _PSGSFXStart                       PSGlib
     0000C01D  _PSGSFXPointer                     PSGlib
     0000C01F  _PSGSFXLoopPoint                   PSGlib
     0000C021  _PSGSFXSkipFrames                  PSGlib
     0000C022  _PSGSFXLoopFlag                    PSGlib
     0000C023  _PSGSFXSubstringLen                PSGlib
     0000C024  _PSGSFXSubstringRetAddr            PSGlib
     0000C026  G$global_enemy_objects$0_0$0       enemy_manager
     0000C026  _global_enemy_objects              enemy_manager
     0000C047  G$global_gamer_object$0_0$0        gamer_manager
     0000C047  _global_gamer_object               gamer_manager
     0000C054  G$global_hack_object$0_0$0         hack_manager
     0000C054  _global_hack_object                hack_manager
     0000C05A  G$global_path_object$0_0$0         path_manager
     0000C05A  _global_path_object                path_manager
     0000C21A  Fscreen_manager$load_method$0_0$   screen_manager
     0000C224  Fscreen_manager$update_method$0_   screen_manager
     0000C22E  Fscreen_manager$curr_screen_type   screen_manager
     0000C22F  Fscreen_manager$next_screen_type   screen_manager
     0000C230  Fstart_screen$timer$0_0$0          start_screen
     0000C231  _VDPBlank                          SMSlib
     0000C232  _SMS_VDPFlags                      SMSlib
     0000C233  _PauseRequested                    SMSlib
     0000C234  _VDPType                           SMSlib
     0000C235  _KeysStatus                        SMSlib
     0000C237  _PreviousKeysStatus                SMSlib
     0000C239  _SpriteTableY                      SMSlib
ASxxxx Linker V03.00 + NoICE + sdld,  page 101.
Hexadecimal  [32-Bits]

Area                                    Addr        Size        Decimal Bytes (Attributes)
--------------------------------        ----        ----        ------- ----- ------------
_DATA                               0000C000    0000031C =         796. bytes (REL,CON)

      Value  Global                              Global Defined In Module
      -----  --------------------------------   ------------------------
     0000C279  _SpriteTableXN                     SMSlib
     0000C2F9  _SpriteNextFree                    SMSlib
     0000C2FA  _SMS_theLineInterruptHandler       SMSlib
     0000C2FC  _decompBuffer                      SMSlib_PSGaiden
ASxxxx Linker V03.00 + NoICE + sdld,  page 102.
Hexadecimal  [32-Bits]

Area                                    Addr        Size        Decimal Bytes (Attributes)
--------------------------------        ----        ----        ------- ----- ------------
_INITIALIZED                        0000C31C    0000000C =          12. bytes (REL,CON)

      Value  Global                              Global Defined In Module
      -----  --------------------------------   ------------------------
     0000C31C  Finput_manager$curr_joypad1$0_0$   input_manager
     0000C31E  Finput_manager$prev_joypad1$0_0$   input_manager
     0000C320  _VDPReg                            SMSlib
     0000C322  _spritesHeight                     SMSlib
     0000C323  _spritesWidth                      SMSlib

ASxxxx Linker V03.00 + NoICE + sdld,  page 103.
Hexadecimal  [32-Bits]

Area                                    Addr        Size        Decimal Bytes (Attributes)
--------------------------------        ----        ----        ------- ----- ------------
_CABS0                              00000000    00000010 =          16. bytes (ABS,CON)

      Value  Global                              Global Defined In Module
      -----  --------------------------------   ------------------------
     00007FF0  G$__SMS__SEGA_signature$0_0$0      _sms_manager
     00007FF0  ___SMS__SEGA_signature             _sms_manager

ASxxxx Linker V03.00 + NoICE + sdld,  page 104.
Hexadecimal  [32-Bits]

Area                                    Addr        Size        Decimal Bytes (Attributes)
--------------------------------        ----        ----        ------- ----- ------------
_CABS1                              00000000    0000000E =          14. bytes (ABS,CON)

      Value  Global                              Global Defined In Module
      -----  --------------------------------   ------------------------
     00007FD2  G$__SMS__SDSC_author$0_0$0         _sms_manager
     00007FD2  ___SMS__SDSC_author                _sms_manager

ASxxxx Linker V03.00 + NoICE + sdld,  page 105.
Hexadecimal  [32-Bits]

Area                                    Addr        Size        Decimal Bytes (Attributes)
--------------------------------        ----        ----        ------- ----- ------------
_CABS2                              00000000    00000010 =          16. bytes (ABS,CON)

      Value  Global                              Global Defined In Module
      -----  --------------------------------   ------------------------
     00007FC2  G$__SMS__SDSC_name$0_0$0           _sms_manager
     00007FC2  ___SMS__SDSC_name                  _sms_manager

ASxxxx Linker V03.00 + NoICE + sdld,  page 106.
Hexadecimal  [32-Bits]

Area                                    Addr        Size        Decimal Bytes (Attributes)
--------------------------------        ----        ----        ------- ----- ------------
_CABS3                              00000000    00000038 =          56. bytes (ABS,CON)

      Value  Global                              Global Defined In Module
      -----  --------------------------------   ------------------------
     00007F8A  G$__SMS__SDSC_descr$0_0$0          _sms_manager
     00007F8A  ___SMS__SDSC_descr                 _sms_manager

ASxxxx Linker V03.00 + NoICE + sdld,  page 107.
Hexadecimal  [32-Bits]

Area                                    Addr        Size        Decimal Bytes (Attributes)
--------------------------------        ----        ----        ------- ----- ------------
_CABS4                              00000000    00000010 =          16. bytes (ABS,CON)

      Value  Global                              Global Defined In Module
      -----  --------------------------------   ------------------------
     00007FE0  G$__SMS__SDSC_signature$0_0$0      _sms_manager
     00007FE0  ___SMS__SDSC_signature             _sms_manager

ASxxxx Linker V03.00 + NoICE + sdld,  page 108.

Files Linked                              [ module(s) ]

../crt0/crt0_sms.rel                      [ crt0 ]
main.rel                                  [ main ]
../lib/PSGlib.rel                         [ PSGlib ]
devkit/_sms_manager.rel                   [ _sms_manager ]
devkit/_snd_manager.rel                   [ _snd_manager ]
engine/asm_manager.rel                    [ asm_manager ]
engine/content_manager.rel                [ content_manager ]
engine/enemy_manager.rel                  [ enemy_manager ]
engine/font_manager.rel                   [ font_manager ]
engine/gamer_manager.rel                  [ gamer_manager ]
engine/hack_manager.rel                   [ hack_manager ]
engine/input_manager.rel                  [ input_manager ]
engine/path_manager.rel                   [ path_manager ]
engine/screen_manager.rel                 [ screen_manager ]
engine/sound_manager.rel                  [ sound_manager ]
engine/sprite_manager.rel                 [ sprite_manager ]
engine/text_manager.rel                   [ text_manager ]
engine/tree_manager.rel                   [ tree_manager ]
object/enemy_object.rel                   [ enemy_object ]
object/gamer_object.rel                   [ gamer_object ]
object/path_object.rel                    [ path_object ]
screen/none_screen.rel                    [ none_screen ]
screen/start_screen.rel                   [ start_screen ]
screen/title_screen.rel                   [ title_screen ]
screen/ready_screen.rel                   [ ready_screen ]
screen/play_screen.rel                    [ play_screen ]
gfx.rel                                   [ gfx ]
psg.rel                                   [ psg ]


Libraries Linked                          [ object file ]

/home/stevepro/sdcc/bin/../share/sdcc/lib/z80/z80.lib
                                          [ divunsigned.rel ]
../lib/SMSlib.lib                         [ SMSlib_UNSAFE.rel ]
../lib/SMSlib.lib                         [ SMSlib.rel ]
/home/stevepro/sdcc/bin/../share/sdcc/lib/z80/z80.lib
                                          [ rand.rel ]
../lib/SMSlib.lib                         [ SMSlib_STMcomp.rel ]
/home/stevepro/sdcc/bin/../share/sdcc/lib/z80/z80.lib
                                          [ __sdcc_call_hl.rel ]
../lib/SMSlib.lib                         [ SMSlib_PSGaiden.rel ]
/home/stevepro/sdcc/bin/../share/sdcc/lib/z80/z80.lib
                                          [ modsigned.rel ]
../lib/SMSlib.lib                         [ SMSlib_loadTileMap.rel ]
/home/stevepro/sdcc/bin/../share/sdcc/lib/z80/z80.lib
                                          [ modunsigned.rel ]
/home/stevepro/sdcc/bin/../share/sdcc/lib/z80/z80.lib
                                          [ divsigned.rel ]

ASxxxx Linker V03.00 + NoICE + sdld,  page 109.

User Base Address Definitions

_CODE = 0x0200
_DATA = 0xc000

