ASxxxx Linker V03.00 + NoICE + sdld,  page 1.
Hexadecimal  [32-Bits]

Area                                    Addr        Size        Decimal Bytes (Attributes)
--------------------------------        ----        ----        ------- ----- ------------
.  .ABS.                            00000000    00000000 =           0. bytes (ABS,CON)

      Value  Global                              Global Defined In Module
      -----  --------------------------------   ------------------------
     00000000  .__.ABS.                           
     00000000  l__BSEG                         
     00000000  l__BSS                          
     00000000  l__CABS                         
     00000000  l__DABS                         
     00000000  l__HEADER                       
     00000000  l__HEAP                         
     00000000  s__CABS                         
     00000000  s__CABS0                        
     00000000  s__CABS1                        
     00000000  s__CABS2                        
     00000000  s__CABS3                        
     00000000  s__CABS4                        
     00000000  s__DABS                         
     00000000  s__HEADER                       
     00000000  s__HEADER0                      
     00000000  s__HEADER1                      
     00000000  s__HEADER2                      
     00000000  s__HEADER3                      
     00000000  s__HEADER4                      
     00000000  s__HEADER5                      
     00000001  l__GSFINAL                      
     00000003  l__HEADER3                      
     00000003  l__HEADER4                      
     00000006  l__HEADER0                      
     00000009  l__HEADER1                      
     0000000A  l__HEADER2                      
     0000000C  l__INITIALIZED                  
     0000000C  l__INITIALIZER                  
     0000000E  l__CABS1                        
     0000000F  l__GSINIT                       
     00000010  l__CABS0                        
     00000010  l__CABS2                        
     00000010  l__CABS4                        
     00000038  l__CABS3                        
     0000012A  l__HEADER5                      
     00000182  l__HOME                         
     00000200  s__CODE                         
     0000031C  l__DATA                         
     00003D1E  l__CODE                         
     00003F1E  s__HOME                         
     000040A0  s__INITIALIZER                  
     000040AC  s__GSINIT                       
     000040BB  s__GSFINAL                      
     00008000  _SMS_SRAM                          SMSlib_loadTileMap
     0000C000  s__DATA                         
     0000C31C  s__INITIALIZED                  
     0000C328  s__BSEG                         
     0000C328  s__BSS                          
     0000C328  s__HEAP                         
ASxxxx Linker V03.00 + NoICE + sdld,  page 2.
Hexadecimal  [32-Bits]

Area                                    Addr        Size        Decimal Bytes (Attributes)
--------------------------------        ----        ----        ------- ----- ------------
.  .ABS.                            00000000    00000000 =           0. bytes (ABS,CON)

      Value  Global                              Global Defined In Module
      -----  --------------------------------   ------------------------
     0000FFFC  _SRAM_bank_to_be_mapped_on_slot2   SMSlib_loadTileMap
     0000FFFF  _ROM_bank_to_be_mapped_on_slot2    SMSlib_loadTileMap

ASxxxx Linker V03.00 + NoICE + sdld,  page 3.
Hexadecimal  [32-Bits]

Area                                    Addr        Size        Decimal Bytes (Attributes)
--------------------------------        ----        ----        ------- ----- ------------
_CODE                               00000200    00003D1E =       15646. bytes (REL,CON)

      Value  Global                              Global Defined In Module
      -----  --------------------------------   ------------------------
     00000200  __clock                            crt0
     00000204  _exit                              crt0
     0000020A  _main                              main
     000002AA  _PSGStop                           PSGlib
     000002D1  _PSGResume                         PSGlib
     0000031D  _PSGPlay                           PSGlib
     0000034A  _PSGCancelLoop                     PSGlib
     00000350  _PSGPlayNoRepeat                   PSGlib
     0000035F  _PSGGetStatus                      PSGlib
     00000367  _PSGSilenceChannels                PSGlib
     00000378  _PSGRestoreVolumes                 PSGlib
     00000449  _PSGSetMusicVolumeAttenuation      PSGlib
     0000050E  _PSGSFXStop                        PSGlib
     000005C7  _PSGSFXPlay                        PSGlib
     00000614  _PSGSFXCancelLoop                  PSGlib
     0000061A  _PSGSFXGetStatus                   PSGlib
     00000622  _PSGSFXPlayLoop                    PSGlib
     0000063C  _PSGFrame                          PSGlib
     00000755  _PSGSFXFrame                       PSGlib
     000007DB  _devkit_SMS_init                   _sms_manager
     000007DE  _devkit_SMS_displayOn              _sms_manager
     000007E4  _devkit_SMS_displayOff             _sms_manager
     000007EA  _devkit_SMS_mapROMBank             _sms_manager
     000007F3  _devkit_SMS_setBGScrollX           _sms_manager
     000007FF  _devkit_SMS_setBGScrollY           _sms_manager
     0000080B  _devkit_SMS_enableSRAM             _sms_manager
     00000811  _devkit_SMS_enableSRAMBank         _sms_manager
     00000820  _devkit_SMS_disableSRAM            _sms_manager
     00000826  _devkit_SMS_setSpriteMode          _sms_manager
     00000832  _devkit_SMS_useFirstHalfTilesfor   _sms_manager
     00000837  _devkit_SMS_useFirstHalfTilesfor   _sms_manager
     0000083C  _devkit_SMS_VDPturnOnFeature       _sms_manager
     00000843  _devkit_SMS_loadPSGaidencompress   _sms_manager
     00000859  _devkit_SMS_loadSTMcompressedTil   _sms_manager
     0000087A  _devkit_SMS_loadBGPalette          _sms_manager
     00000881  _devkit_SMS_loadSpritePalette      _sms_manager
     00000888  _devkit_SMS_setSpritePaletteColo   _sms_manager
     000008B0  _devkit_SMS_setNextTileatXY        _sms_manager
     000008D9  _devkit_SMS_setTile                _sms_manager
     000008E7  _devkit_SMS_loadTileMap            _sms_manager
     0000090F  _devkit_SMS_addSprite              _sms_manager
     0000092A  _devkit_SMS_addSprite_bulk8        _sms_manager
     00000A0C  _devkit_SMS_addSprite_bulk12       _sms_manager
     00000B11  _devkit_SMS_initSprites            _sms_manager
     00000B14  _devkit_SMS_finalizeSprites        _sms_manager
     00000B17  _devkit_SMS_waitForVBlank          _sms_manager
     00000B1A  _devkit_SMS_copySpritestoSAT       _sms_manager
     00000B1D  _devkit_UNSAFE_SMS_copySpritesto   _sms_manager
     00000B20  _devkit_SMS_queryPauseRequested    _sms_manager
     00000B23  _devkit_SMS_resetPauseRequest      _sms_manager
ASxxxx Linker V03.00 + NoICE + sdld,  page 4.
Hexadecimal  [32-Bits]

Area                                    Addr        Size        Decimal Bytes (Attributes)
--------------------------------        ----        ----        ------- ----- ------------
_CODE                               00000200    00003D1E =       15646. bytes (REL,CON)

      Value  Global                              Global Defined In Module
      -----  --------------------------------   ------------------------
     00000B26  _devkit_isCollisionDetected        _sms_manager
     00000B2D  _devkit_SMS_getKeysStatus          _sms_manager
     00000B30  _devkit_PORT_A_KEY_UP              _sms_manager
     00000B34  _devkit_PORT_A_KEY_DOWN            _sms_manager
     00000B38  _devkit_PORT_A_KEY_LEFT            _sms_manager
     00000B3C  _devkit_PORT_A_KEY_RIGHT           _sms_manager
     00000B40  _devkit_PORT_A_KEY_1               _sms_manager
     00000B44  _devkit_PORT_A_KEY_2               _sms_manager
     00000B48  _devkit_SPRITEMODE_NORMAL          _sms_manager
     00000B4B  _devkit_VDPFEATURE_HIDEFIRSTCOL    _sms_manager
     00000BA5  _devkit_PSGPlay                    _snd_manager
     00000BAF  _devkit_PSGCancelLoop              _snd_manager
     00000BB2  _devkit_PSGPlayNoRepeat            _snd_manager
     00000BBC  _devkit_PSGStop                    _snd_manager
     00000BBF  _devkit_PSGResume                  _snd_manager
     00000BC2  _devkit_PSGGetStatus               _snd_manager
     00000BC5  _devkit_PSGSetMusicVolumeAttenua   _snd_manager
     00000BD1  _devkit_PSGSFXPlay                 _snd_manager
     00000BE6  _devkit_PSGSFXPlayLoop             _snd_manager
     00000BFB  _devkit_PSGSFXCancelLoop           _snd_manager
     00000BFE  _devkit_PSGSFXStop                 _snd_manager
     00000C01  _devkit_PSGSFXGetStatus            _snd_manager
     00000C04  _devkit_PSGSilenceChannels         _snd_manager
     00000C07  _devkit_PSGRestoreVolumes          _snd_manager
     00000C0A  _devkit_PSGFrame                   _snd_manager
     00000C0D  _devkit_PSGSFXFrame                _snd_manager
     00000C10  _devkit_SFX_CHANNEL2               _snd_manager
     00000C13  _devkit_SFX_CHANNEL3               _snd_manager
     00000C16  _devkit_SFX_CHANNELS2AND3          _snd_manager
     00000C19  _engine_asm_manager_clear_VRAM     asm_manager
     00000C2F  _engine_content_manager_load_til   content_manager
     00000C59  _engine_content_manager_load_spr   content_manager
     00000C6F  _engine_content_manager_load_spl   content_manager
     00000C92  _engine_enemy_manager_load         enemy_manager
     00000CEC  _engine_enemy_manager_toggle_col   enemy_manager
     00000D18  _engine_enemy_manager_toggle_fra   enemy_manager
     00000D73  _engine_enemy_manager_draw         enemy_manager
     00000ECF  _engine_font_manager_draw_char     font_manager
     00000EF6  _engine_font_manager_draw_text     font_manager
     00000F3B  _engine_font_manager_draw_data     font_manager
     00000FE6  _engine_font_manager_draw_data_Z   font_manager
     0000106D  _engine_gamer_manager_load         gamer_manager
     000010D5  _engine_gamer_manager_toggle_col   gamer_manager
     000010E7  _engine_gamer_manager_toggle_fra   gamer_manager
     000010F3  _engine_gamer_manager_setdirecti   gamer_manager
     00001101  _engine_gamer_manager_incmovemen   gamer_manager
     00001108  _engine_gamer_manager_setlifecyc   gamer_manager
     00001110  _engine_gamer_manager_update       gamer_manager
     00001180  _engine_gamer_manager_draw         gamer_manager
     000011C3  _engine_hack_manager_init          hack_manager
     00001202  _engine_hack_manager_update        hack_manager
ASxxxx Linker V03.00 + NoICE + sdld,  page 5.
Hexadecimal  [32-Bits]

Area                                    Addr        Size        Decimal Bytes (Attributes)
--------------------------------        ----        ----        ------- ----- ------------
_CODE                               00000200    00003D1E =       15646. bytes (REL,CON)

      Value  Global                              Global Defined In Module
      -----  --------------------------------   ------------------------
     0000126B  _engine_input_manager_update       input_manager
     00001278  _engine_input_manager_hold_up      input_manager
     00001281  _engine_input_manager_hold_down    input_manager
     0000128A  _engine_input_manager_hold_left    input_manager
     00001293  _engine_input_manager_hold_right   input_manager
     0000129C  _engine_input_manager_hold_fire1   input_manager
     000012A5  _engine_input_manager_hold_fire2   input_manager
     000012AE  _engine_input_manager_move_up      input_manager
     000012B7  _engine_input_manager_move_down    input_manager
     000012C0  _engine_input_manager_move_left    input_manager
     000012C9  _engine_input_manager_move_right   input_manager
     000012D2  _engine_input_manager_move_fire1   input_manager
     000012DB  _engine_input_manager_move_fire2   input_manager
     0000133C  _engine_path_manager_init          path_manager
     00001BFD  _engine_screen_manager_init        screen_manager
     00001C47  _engine_screen_manager_update      screen_manager
     00001C8A  _engine_music_manager_play         sound_manager
     00001C98  _engine_sound_manager_play         sound_manager
     00001CE2  _engine_sprite_manager_draw        sprite_manager
     00001D3E  _engine_text_manager_draw          text_manager
     00001E74  _engine_text_manager_names         text_manager
     00001EBA  _engine_text_manager_space         text_manager
     00001EF1  _engine_tree_manager_draw          tree_manager
     00001FE8  _screen_none_screen_load           none_screen
     00001FE9  _screen_none_screen_update         none_screen
     00001FF0  _screen_start_screen_load          start_screen
     00002002  _screen_start_screen_update        start_screen
     00002037  _screen_title_screen_load          title_screen
     0000204F  _screen_title_screen_update        title_screen
     00002056  _screen_ready_screen_load          ready_screen
     0000205F  _screen_ready_screen_update        ready_screen
     0000208A  _screen_play_screen_load           play_screen
     000020BA  _screen_play_screen_update         play_screen
     0000212F  _font_tiles__palette__bin          gfx
     0000213F  _font_tiles__tilemap__bin          gfx
     000021BF  _font_tiles__tiles__psgcompr       gfx
     00002456  _splash__palette__bin              gfx
     00002466  _splash__tilemap__stmcompr         gfx
     000024AD  _splash__tiles__psgcompr           gfx
     00002CD6  _sprites__palette__bin             gfx
     00002CE6  _sprites__tiles__psgcompr          gfx
     0000309C  _tree_avoid__palette__bin          gfx
     000030AC  _tree_avoid__tilemap__bin          gfx
     000030B4  _tree_avoid__tiles__psgcompr       gfx
     00003106  _music_psg                         psg
     0000372B  _sound1_psg                        psg
     00003756  _sound2_psg                        psg
     00003776  _sound3_psg                        psg
     00003799  __divuint                          
     000037A1  __divuchar                         
     000037A8  __divu8                            
ASxxxx Linker V03.00 + NoICE + sdld,  page 6.
Hexadecimal  [32-Bits]

Area                                    Addr        Size        Decimal Bytes (Attributes)
--------------------------------        ----        ----        ------- ----- ------------
_CODE                               00000200    00003D1E =       15646. bytes (REL,CON)

      Value  Global                              Global Defined In Module
      -----  --------------------------------   ------------------------
     000037AB  __divu16                           
     000037DA  _UNSAFE_SMS_copySpritestoSAT       SMSlib_UNSAFE
     000037F2  _UNSAFE_SMS_VRAMmemcpy32           SMSlib_UNSAFE
     0000380F  _UNSAFE_SMS_VRAMmemcpy64           SMSlib_UNSAFE
     0000382C  _UNSAFE_SMS_VRAMmemcpy128          SMSlib_UNSAFE
     00003849  _SMS_init                          SMSlib
     0000389D  _VDPReg_init                       SMSlib
     000038A8  _SMS_VDPType                       SMSlib
     000038B0  _SMS_VDPturnOnFeature              SMSlib
     000038C7  _SMS_VDPturnOffFeature             SMSlib
     000038E0  _SMS_setBGScrollX                  SMSlib
     000038EA  _SMS_setBGScrollY                  SMSlib
     000038F4  _SMS_setBackdropColor              SMSlib
     000038FE  _SMS_useFirstHalfTilesforSprites   SMSlib
     00003912  _SMS_setSpriteMode                 SMSlib
     00003957  _SMS_setBGPaletteColor             SMSlib
     0000396B  _SMS_setSpritePaletteColor         SMSlib
     0000397F  _SMS_loadBGPalette                 SMSlib
     00003993  _SMS_loadSpritePalette             SMSlib
     000039A7  _SMS_setColor                      SMSlib
     000039AB  _SMS_initSprites                   SMSlib
     000039B1  _SMS_addSprite                     SMSlib
     00003A06  _SMS_finalizeSprites               SMSlib
     00003A18  _SMS_copySpritestoSAT              SMSlib
     00003A41  _SMS_waitForVBlank                 SMSlib
     00003A4E  _SMS_getKeysStatus                 SMSlib
     00003A52  _SMS_getKeysPressed                SMSlib
     00003A6F  _SMS_getKeysHeld                   SMSlib
     00003A86  _SMS_getKeysReleased               SMSlib
     00003AA3  _SMS_queryPauseRequested           SMSlib
     00003AAB  _SMS_resetPauseRequest             SMSlib
     00003AB1  _SMS_setLineInterruptHandler       SMSlib
     00003AC2  _SMS_setLineCounter                SMSlib
     00003AD1  _SMS_getVCount                     SMSlib
     00003AD5  _SMS_getHCount                     SMSlib
     00003AD9  _SMS_isr                           SMSlib
     00003B0F  _SMS_nmi_isr                       SMSlib
     00003B22  _rand                              rand
     00003B72  _srand                             rand
     00003B8F  _SMS_loadSTMcompressedTileMapAre   SMSlib_STMcomp
     00003D70  ___sdcc_call_hl                    
     00003D71  _SMS_loadPSGaidencompressedTiles   SMSlib_PSGaiden
     00003E53  __modschar                         
     00003E60  __modsint                          
     00003E6C  _SMS_loadTileMap                   SMSlib_loadTileMap
     00003EA5  __moduchar                         
     00003EB1  __moduint                          
     00003EBC  __divsint                          
     00003EC5  __divschar                         
     00003ECC  __div8                             
     00003ED0  __div_signexte                     
ASxxxx Linker V03.00 + NoICE + sdld,  page 7.
Hexadecimal  [32-Bits]

Area                                    Addr        Size        Decimal Bytes (Attributes)
--------------------------------        ----        ----        ------- ----- ------------
_CODE                               00000200    00003D1E =       15646. bytes (REL,CON)

      Value  Global                              Global Defined In Module
      -----  --------------------------------   ------------------------
     00003ED4  __div16                            
     00003EFA  __get_remainder                    
     00003F04  __mulint                           
     00003F0A  __mul16                            
ASxxxx Linker V03.00 + NoICE + sdld,  page 8.
Hexadecimal  [32-Bits]

Area                                    Addr        Size        Decimal Bytes (Attributes)
--------------------------------        ----        ----        ------- ----- ------------
_HEADER0                            00000000    00000006 =           6. bytes (ABS,CON)

      Value  Global                              Global Defined In Module
      -----  --------------------------------   ------------------------
     00000006  _SMS_crt0_RST08                    crt0

ASxxxx Linker V03.00 + NoICE + sdld,  page 9.
Hexadecimal  [32-Bits]

Area                                    Addr        Size        Decimal Bytes (Attributes)
--------------------------------        ----        ----        ------- ----- ------------
_HEADER1                            00000000    00000009 =           9. bytes (ABS,CON)

      Value  Global                              Global Defined In Module
      -----  --------------------------------   ------------------------
     00000011  _SMS_crt0_RST18                    crt0

ASxxxx Linker V03.00 + NoICE + sdld,  page 10.
Hexadecimal  [32-Bits]

Area                                    Addr        Size        Decimal Bytes (Attributes)
--------------------------------        ----        ----        ------- ----- ------------
_HEADER2                            00000000    0000000A =          10. bytes (ABS,CON)

      Value  Global                              Global Defined In Module
      -----  --------------------------------   ------------------------
ASxxxx Linker V03.00 + NoICE + sdld,  page 11.
Hexadecimal  [32-Bits]

Area                                    Addr        Size        Decimal Bytes (Attributes)
--------------------------------        ----        ----        ------- ----- ------------
_HEADER3                            00000000    00000003 =           3. bytes (ABS,CON)

      Value  Global                              Global Defined In Module
      -----  --------------------------------   ------------------------
ASxxxx Linker V03.00 + NoICE + sdld,  page 12.
Hexadecimal  [32-Bits]

Area                                    Addr        Size        Decimal Bytes (Attributes)
--------------------------------        ----        ----        ------- ----- ------------
_HEADER4                            00000000    00000003 =           3. bytes (ABS,CON)

      Value  Global                              Global Defined In Module
      -----  --------------------------------   ------------------------
ASxxxx Linker V03.00 + NoICE + sdld,  page 13.
Hexadecimal  [32-Bits]

Area                                    Addr        Size        Decimal Bytes (Attributes)
--------------------------------        ----        ----        ------- ----- ------------
_HEADER5                            00000000    0000012A =         298. bytes (ABS,CON)

      Value  Global                              Global Defined In Module
      -----  --------------------------------   ------------------------
     00000099  _OUTI128                           crt0
     00000119  _OUTI64                            crt0
     00000159  _OUTI32                            crt0
     00000199  _outi_block                        crt0

ASxxxx Linker V03.00 + NoICE + sdld,  page 14.
Hexadecimal  [32-Bits]

Area                                    Addr        Size        Decimal Bytes (Attributes)
--------------------------------        ----        ----        ------- ----- ------------
_HOME                               00003F1E    00000182 =         386. bytes (REL,CON)

      Value  Global                              Global Defined In Module
      -----  --------------------------------   ------------------------
     00003F1E  __mullong                          _mullong

ASxxxx Linker V03.00 + NoICE + sdld,  page 15.
Hexadecimal  [32-Bits]

Area                                    Addr        Size        Decimal Bytes (Attributes)
--------------------------------        ----        ----        ------- ----- ------------
_INITIALIZER                        000040A0    0000000C =          12. bytes (REL,CON)

      Value  Global                              Global Defined In Module
      -----  --------------------------------   ------------------------
ASxxxx Linker V03.00 + NoICE + sdld,  page 16.
Hexadecimal  [32-Bits]

Area                                    Addr        Size        Decimal Bytes (Attributes)
--------------------------------        ----        ----        ------- ----- ------------
_GSINIT                             000040AC    0000000F =          15. bytes (REL,CON)

      Value  Global                              Global Defined In Module
      -----  --------------------------------   ------------------------
     000040AC  gsinit                             crt0

ASxxxx Linker V03.00 + NoICE + sdld,  page 17.
Hexadecimal  [32-Bits]

Area                                    Addr        Size        Decimal Bytes (Attributes)
--------------------------------        ----        ----        ------- ----- ------------
_GSFINAL                            000040BB    00000001 =           1. bytes (REL,CON)

      Value  Global                              Global Defined In Module
      -----  --------------------------------   ------------------------
ASxxxx Linker V03.00 + NoICE + sdld,  page 18.
Hexadecimal  [32-Bits]

Area                                    Addr        Size        Decimal Bytes (Attributes)
--------------------------------        ----        ----        ------- ----- ------------
_DATA                               0000C000    0000031C =         796. bytes (REL,CON)

      Value  Global                              Global Defined In Module
      -----  --------------------------------   ------------------------
     0000C001  _PSGMusicStatus                    PSGlib
     0000C002  _PSGMusicStart                     PSGlib
     0000C004  _PSGMusicPointer                   PSGlib
     0000C006  _PSGMusicLoopPoint                 PSGlib
     0000C008  _PSGMusicSkipFrames                PSGlib
     0000C009  _PSGLoopFlag                       PSGlib
     0000C00A  _PSGMusicLastLatch                 PSGlib
     0000C00B  _PSGMusicVolumeAttenuation         PSGlib
     0000C00C  _PSGMusicSubstringLen              PSGlib
     0000C00D  _PSGMusicSubstringRetAddr          PSGlib
     0000C00F  _PSGChan0Volume                    PSGlib
     0000C010  _PSGChan1Volume                    PSGlib
     0000C011  _PSGChan2Volume                    PSGlib
     0000C012  _PSGChan3Volume                    PSGlib
     0000C013  _PSGChan2LowTone                   PSGlib
     0000C014  _PSGChan2HighTone                  PSGlib
     0000C015  _PSGChan3LowTone                   PSGlib
     0000C016  _PSGChannel2SFX                    PSGlib
     0000C017  _PSGChannel3SFX                    PSGlib
     0000C018  _PSGSFXChan2Volume                 PSGlib
     0000C019  _PSGSFXChan3Volume                 PSGlib
     0000C01A  _PSGSFXStatus                      PSGlib
     0000C01B  _PSGSFXStart                       PSGlib
     0000C01D  _PSGSFXPointer                     PSGlib
     0000C01F  _PSGSFXLoopPoint                   PSGlib
     0000C021  _PSGSFXSkipFrames                  PSGlib
     0000C022  _PSGSFXLoopFlag                    PSGlib
     0000C023  _PSGSFXSubstringLen                PSGlib
     0000C024  _PSGSFXSubstringRetAddr            PSGlib
     0000C026  _global_enemy_objects              enemy_manager
     0000C047  _global_gamer_object               gamer_manager
     0000C054  _global_hack_object                hack_manager
     0000C05A  _global_path_object                path_manager
     0000C231  _VDPBlank                          SMSlib
     0000C232  _SMS_VDPFlags                      SMSlib
     0000C233  _PauseRequested                    SMSlib
     0000C234  _VDPType                           SMSlib
     0000C235  _KeysStatus                        SMSlib
     0000C237  _PreviousKeysStatus                SMSlib
     0000C239  _SpriteTableY                      SMSlib
     0000C279  _SpriteTableXN                     SMSlib
     0000C2F9  _SpriteNextFree                    SMSlib
     0000C2FA  _SMS_theLineInterruptHandler       SMSlib
     0000C2FC  _decompBuffer                      SMSlib_PSGaiden

ASxxxx Linker V03.00 + NoICE + sdld,  page 19.
Hexadecimal  [32-Bits]

Area                                    Addr        Size        Decimal Bytes (Attributes)
--------------------------------        ----        ----        ------- ----- ------------
_INITIALIZED                        0000C31C    0000000C =          12. bytes (REL,CON)

      Value  Global                              Global Defined In Module
      -----  --------------------------------   ------------------------
     0000C320  _VDPReg                            SMSlib
     0000C322  _spritesHeight                     SMSlib
     0000C323  _spritesWidth                      SMSlib
ASxxxx Linker V03.00 + NoICE + sdld,  page 20.
Hexadecimal  [32-Bits]

Area                                    Addr        Size        Decimal Bytes (Attributes)
--------------------------------        ----        ----        ------- ----- ------------
_CABS0                              00000000    00000010 =          16. bytes (ABS,CON)

      Value  Global                              Global Defined In Module
      -----  --------------------------------   ------------------------
     00007FF0  ___SMS__SEGA_signature             _sms_manager

ASxxxx Linker V03.00 + NoICE + sdld,  page 21.
Hexadecimal  [32-Bits]

Area                                    Addr        Size        Decimal Bytes (Attributes)
--------------------------------        ----        ----        ------- ----- ------------
_CABS1                              00000000    0000000E =          14. bytes (ABS,CON)

      Value  Global                              Global Defined In Module
      -----  --------------------------------   ------------------------
     00007FD2  ___SMS__SDSC_author                _sms_manager

ASxxxx Linker V03.00 + NoICE + sdld,  page 22.
Hexadecimal  [32-Bits]

Area                                    Addr        Size        Decimal Bytes (Attributes)
--------------------------------        ----        ----        ------- ----- ------------
_CABS2                              00000000    00000010 =          16. bytes (ABS,CON)

      Value  Global                              Global Defined In Module
      -----  --------------------------------   ------------------------
     00007FC2  ___SMS__SDSC_name                  _sms_manager

ASxxxx Linker V03.00 + NoICE + sdld,  page 23.
Hexadecimal  [32-Bits]

Area                                    Addr        Size        Decimal Bytes (Attributes)
--------------------------------        ----        ----        ------- ----- ------------
_CABS3                              00000000    00000038 =          56. bytes (ABS,CON)

      Value  Global                              Global Defined In Module
      -----  --------------------------------   ------------------------
     00007F8A  ___SMS__SDSC_descr                 _sms_manager

ASxxxx Linker V03.00 + NoICE + sdld,  page 24.
Hexadecimal  [32-Bits]

Area                                    Addr        Size        Decimal Bytes (Attributes)
--------------------------------        ----        ----        ------- ----- ------------
_CABS4                              00000000    00000010 =          16. bytes (ABS,CON)

      Value  Global                              Global Defined In Module
      -----  --------------------------------   ------------------------
     00007FE0  ___SMS__SDSC_signature             _sms_manager

ASxxxx Linker V03.00 + NoICE + sdld,  page 25.

Files Linked                              [ module(s) ]

..\crt0\crt0_sms.rel                      [ crt0 ]
main.rel                                  [ main ]
..\lib\PSGlib.rel                         [ PSGlib ]
devkit\_sms_manager.rel                   [ _sms_manager ]
devkit\_snd_manager.rel                   [ _snd_manager ]
engine\asm_manager.rel                    [ asm_manager ]
engine\content_manager.rel                [ content_manager ]
engine\enemy_manager.rel                  [ enemy_manager ]
engine\font_manager.rel                   [ font_manager ]
engine\gamer_manager.rel                  [ gamer_manager ]
engine\hack_manager.rel                   [ hack_manager ]
engine\input_manager.rel                  [ input_manager ]
engine\path_manager.rel                   [ path_manager ]
engine\screen_manager.rel                 [ screen_manager ]
engine\sound_manager.rel                  [ sound_manager ]
engine\sprite_manager.rel                 [ sprite_manager ]
engine\text_manager.rel                   [ text_manager ]
engine\tree_manager.rel                   [ tree_manager ]
screen\none_screen.rel                    [ none_screen ]
screen\start_screen.rel                   [ start_screen ]
screen\title_screen.rel                   [ title_screen ]
screen\ready_screen.rel                   [ ready_screen ]
screen\play_screen.rel                    [ play_screen ]
gfx.rel                                   [ gfx ]
psg.rel                                   [ psg ]


Libraries Linked                          [ object file ]

C:\Program Files\SDCC\bin\..\lib\z80/z80.lib
                                          [ divunsigned.rel ]
..\lib\SMSlib.lib                         [ SMSlib_UNSAFE.rel ]
..\lib\SMSlib.lib                         [ SMSlib.rel ]
C:\Program Files\SDCC\bin\..\lib\z80/z80.lib
                                          [ rand.rel ]
..\lib\SMSlib.lib                         [ SMSlib_STMcomp.rel ]
C:\Program Files\SDCC\bin\..\lib\z80/z80.lib
                                          [ __sdcc_call_hl.rel ]
..\lib\SMSlib.lib                         [ SMSlib_PSGaiden.rel ]
C:\Program Files\SDCC\bin\..\lib\z80/z80.lib
                                          [ _mullong.rel ]
C:\Program Files\SDCC\bin\..\lib\z80/z80.lib
                                          [ modsigned.rel ]
..\lib\SMSlib.lib                         [ SMSlib_loadTileMap.rel ]
C:\Program Files\SDCC\bin\..\lib\z80/z80.lib
                                          [ modunsigned.rel ]
C:\Program Files\SDCC\bin\..\lib\z80/z80.lib
                                          [ divsigned.rel ]
C:\Program Files\SDCC\bin\..\lib\z80/z80.lib
                                          [ mul.rel ]

ASxxxx Linker V03.00 + NoICE + sdld,  page 26.

User Base Address Definitions

_CODE = 0x0200
_DATA = 0xc000

