ASxxxx Linker V03.00 + NoICE + sdld,  page 1.
Hexadecimal  [32-Bits]

Area                                    Addr        Size        Decimal Bytes (Attributes)
--------------------------------        ----        ----        ------- ----- ------------
.  .ABS.                            00000000    00000000 =           0. bytes (ABS,CON)

      Value  Global                              Global Defined In Module
      -----  --------------------------------   ------------------------
     00000000  .__.ABS.                           SMSlib_VRAMmemcpy
     00000000  l__BSEG                         
     00000000  l__BSS                          
     00000000  l__CABS                         
     00000000  l__DABS                         
     00000000  l__HEADER                       
     00000000  l__HEAP                         
     00000000  l__HOME                         
     00000000  s__CABS                         
     00000000  s__CABS0                        
     00000000  s__DABS                         
     00000000  s__HEADER                       
     00000000  s__HEADER0                      
     00000000  s__HEADER1                      
     00000000  s__HEADER2                      
     00000000  s__HEADER3                      
     00000000  s__HEADER4                      
     00000001  l__GSFINAL                      
     00000008  l__HEADER0                      
     00000009  l__HEADER1                      
     0000000F  l__GSINIT                       
     00000010  l__CABS0                        
     00000018  l__HEADER2                      
     0000001A  l__INITIALIZED                  
     0000001A  l__INITIALIZER                  
     00000026  l__HEADER3                      
     00000104  l__HEADER4                      
     00000200  s__CODE                         
     00001209  l__DATA                         
     0000121D  l__BANK3                        
     00001E62  l__CODE                         
     00002062  s__HOME                         
     00002062  s__INITIALIZER                  
     0000207C  s__GSINIT                       
     0000208B  s__GSFINAL                      
     00003F9F  l__BANK2                        
     00004000  s__BANK2                        
     00004000  s__BANK3                        
     00008000  G$SMS_SRAM$0_0$0                   main
     00008000  _SMS_SRAM                          SMSlib_VRAMmemcpy
     0000C000  s__DATA                         
     0000D209  s__INITIALIZED                  
     0000D223  s__BSEG                         
     0000D223  s__BSS                          
     0000D223  s__HEAP                         
     0000FFFC  G$SRAM_bank_to_be_mapped_on_slot   main
     0000FFFC  _SRAM_bank_to_be_mapped_on_slot2   SMSlib_VRAMmemcpy
     0000FFFF  G$ROM_bank_to_be_mapped_on_slot2   main
     0000FFFF  _ROM_bank_to_be_mapped_on_slot2    SMSlib_VRAMmemcpy

ASxxxx Linker V03.00 + NoICE + sdld,  page 2.
Hexadecimal  [32-Bits]

Area                                    Addr        Size        Decimal Bytes (Attributes)
--------------------------------        ----        ----        ------- ----- ------------
_CODE                               00000200    00001E62 =        7778. bytes (REL,CON)

      Value  Global                              Global Defined In Module
      -----  --------------------------------   ------------------------
     00000200  A$main$176                         main
     00000200  C$main.c$62$0_0$90                 main
     00000200  C$main.c$67$1_0$90                 main
     00000200  G$main$0$0                         main
     00000200  _main                              main
     00000203  A$main$177                         main
     00000204  A$main$178                         main
     00000205  A$main$179                         main
     00000206  A$main$180                         main
     00000207  A$main$181                         main
     00000209  A$main$182                         main
     0000020A  A$main$183                         main
     0000020D  A$main$184                         main
     0000020E  A$main$188                         main
     0000020E  C$main.c$68$1_0$90                 main
     0000020F  A$main$189                         main
     00000212  A$main$190                         main
     00000213  A$main$191                         main
     00000214  A$main$192                         main
     00000215  A$main$193                         main
     00000216  A$main$194                         main
     00000219  A$main$195                         main
     0000021A  A$main$196                         main
     0000021D  A$main$197                         main
     0000021E  A$main$201                         main
     0000021E  C$main.c$69$1_0$90                 main
     0000021F  A$main$202                         main
     00000222  A$main$203                         main
     00000223  A$main$204                         main
     00000226  A$main$205                         main
     00000227  A$main$206                         main
     0000022A  A$main$207                         main
     0000022B  A$main$208                         main
     0000022E  A$main$212                         main
     0000022E  C$main.c$70$1_0$90                 main
     00000231  A$main$213                         main
     00000234  A$main$217                         main
     00000234  C$main.c$71$1_0$90                 main
     00000237  A$main$218                         main
     00000238  A$main$219                         main
     0000023B  A$main$220                         main
     0000023C  A$main$221                         main
     0000023F  A$main$222                         main
     00000240  A$main$223                         main
     00000243  A$main$227                         main
     00000243  C$main.c$72$1_0$90                 main
     00000246  A$main$228                         main
     00000249  A$main$233                         main
     00000249  C$main.c$79$2_0$90                 main
     0000024C  A$main$235                         main
ASxxxx Linker V03.00 + NoICE + sdld,  page 3.
Hexadecimal  [32-Bits]

Area                                    Addr        Size        Decimal Bytes (Attributes)
--------------------------------        ----        ----        ------- ----- ------------
_CODE                               00000200    00001E62 =        7778. bytes (REL,CON)

      Value  Global                              Global Defined In Module
      -----  --------------------------------   ------------------------
     0000024D  A$main$236                         main
     0000024F  A$main$237                         main
     00000250  A$main$238                         main
     00000251  A$main$239                         main
     00000252  A$main$240                         main
     00000253  A$main$241                         main
     00000255  A$main$242                         main
     00000257  A$main$243                         main
     0000025A  A$main$244                         main
     0000025B  A$main$245                         main
     0000025C  A$main$246                         main
     0000025F  A$main$247                         main
     00000260  A$main$248                         main
     00000261  A$main$249                         main
     00000262  A$main$250                         main
     00000263  A$main$251                         main
     00000265  A$main$256                         main
     00000265  C$main.c$82$3_0$92                 main
     00000268  A$main$257                         main
     00000269  A$main$258                         main
     0000026C  A$main$259                         main
     0000026D  A$main$260                         main
     00000270  A$main$261                         main
     00000271  A$main$262                         main
     00000272  A$main$266                         main
     00000272  C$main.c$83$3_0$92                 main
     00000275  A$main$267                         main
     00000276  A$main$268                         main
     00000278  A$main$269                         main
     00000279  A$main$270                         main
     0000027C  A$main$271                         main
     0000027D  A$main$272                         main
     0000027E  A$main$276                         main
     0000027E  C$main.c$84$3_0$92                 main
     00000281  A$main$280                         main
     00000281  C$main.c$86$3_0$92                 main
     00000284  A$main$281                         main
     00000287  A$main$285                         main
     00000287  C$main.c$87$3_0$92                 main
     0000028A  A$main$286                         main
     0000028D  A$main$290                         main
     0000028D  C$main.c$89$3_0$92                 main
     00000290  A$main$291                         main
     00000291  A$main$292                         main
     00000294  A$main$293                         main
     00000295  A$main$297                         main
     00000295  C$main.c$91$3_0$92                 main
     00000298  A$main$298                         main
     0000029B  A$main$302                         main
     0000029B  C$main.c$92$3_0$92                 main
     0000029D  A$main$303                         main
ASxxxx Linker V03.00 + NoICE + sdld,  page 4.
Hexadecimal  [32-Bits]

Area                                    Addr        Size        Decimal Bytes (Attributes)
--------------------------------        ----        ----        ------- ----- ------------
_CODE                               00000200    00001E62 =        7778. bytes (REL,CON)

      Value  Global                              Global Defined In Module
      -----  --------------------------------   ------------------------
     000002A0  A$main$307                         main
     000002A0  C$main.c$93$3_0$92                 main
     000002A3  A$main$308                         main
     000002A5  A$main$312                         main
     000002A5  C$main.c$94$3_0$92                 main
     000002A8  A$main$313                         main
     000002AA  A$main$317                         main
     000002AA  C$main.c$95$3_0$92                 main
     000002AD  A$main$318                         main
     000002AF  A$main$323                         main
     000002AF  C$main.c$100$5_0$95                main
     000002B2  A$main$324                         main
     000002B3  A$main$325                         main
     000002B6  A$main$326                         main
     000002B7  A$main$327                         main
     000002BA  A$main$328                         main
     000002BB  A$main$329                         main
     000002BC  A$main$330                         main
     000002BD  A$main$334                         main
     000002BD  C$main.c$101$5_0$95                main
     000002BF  A$main$335                         main
     000002C2  A$main$339                         main
     000002C2  C$main.c$103$5_0$95                main
     000002C5  A$main$343                         main
     000002C5  C$main.c$104$5_0$95                main
     000002C8  A$main$347                         main
     000002C8  C$main.c$105$5_0$95                main
     000002CA  A$main$348                         main
     000002CC  A$main$349                         main
     000002CF  A$main$350                         main
     000002D1  A$main$355                         main
     000002D1  C$main.c$110$5_0$95                main
     000002D4  A$main$356                         main
     000002D5  A$main$357                         main
     000002D7  A$main$358                         main
     000002DA  A$main$363                         main
     000002DA  C$main.c$111$5_0$95                main
     000002DE  A$main$364                         main
     000002E1  A$main$365                         main
     000002E2  A$main$366                         main
     000002E4  A$main$367                         main
     000002E7  A$main$372                         main
     000002E7  C$main.c$113$5_0$95                main
     000002EA  A$main$373                         main
     000002EB  A$main$374                         main
     000002EE  A$main$375                         main
     000002EF  A$main$376                         main
     000002F0  A$main$377                         main
     000002F1  A$main$378                         main
     000002F2  A$main$379                         main
     000002F3  A$main$380                         main
ASxxxx Linker V03.00 + NoICE + sdld,  page 5.
Hexadecimal  [32-Bits]

Area                                    Addr        Size        Decimal Bytes (Attributes)
--------------------------------        ----        ----        ------- ----- ------------
_CODE                               00000200    00001E62 =        7778. bytes (REL,CON)

      Value  Global                              Global Defined In Module
      -----  --------------------------------   ------------------------
     000002F4  A$main$381                         main
     000002F5  A$main$382                         main
     000002F6  A$main$383                         main
     000002F7  A$main$384                         main
     000002F8  A$main$385                         main
     000002F9  A$main$389                         main
     000002F9  C$main.c$114$5_0$95                main
     000002FC  A$main$390                         main
     000002FD  A$main$391                         main
     00000300  A$main$392                         main
     00000301  A$main$393                         main
     00000302  A$main$394                         main
     00000303  A$main$395                         main
     00000304  A$main$396                         main
     00000305  A$main$397                         main
     00000306  A$main$398                         main
     00000307  A$main$399                         main
     00000308  A$main$400                         main
     00000309  A$main$401                         main
     0000030A  A$main$402                         main
     0000030B  A$main$406                         main
     0000030B  C$main.c$115$5_0$95                main
     0000030E  A$main$407                         main
     0000030F  A$main$408                         main
     00000313  A$main$409                         main
     00000316  A$main$410                         main
     00000317  A$main$414                         main
     00000317  C$main.c$116$5_0$95                main
     0000031A  A$main$415                         main
     0000031B  A$main$416                         main
     0000031F  A$main$417                         main
     00000322  A$main$418                         main
     00000323  A$main$422                         main
     00000323  C$main.c$117$5_0$95                main
     00000326  A$main$423                         main
     00000327  A$main$424                         main
     00000328  A$main$425                         main
     0000032B  A$main$426                         main
     0000032C  A$main$427                         main
     0000032D  A$main$428                         main
     00000330  A$main$429                         main
     00000331  A$main$433                         main
     00000331  C$main.c$119$5_0$95                main
     00000334  A$main$437                         main
     00000334  C$main.c$121$5_0$95                main
     00000337  A$main$441                         main
     00000337  C$main.c$122$5_0$95                main
     0000033A  A$main$445                         main
     0000033A  C$main.c$123$5_0$95                main
     0000033D  A$main$449                         main
     0000033D  C$main.c$124$5_0$95                main
ASxxxx Linker V03.00 + NoICE + sdld,  page 6.
Hexadecimal  [32-Bits]

Area                                    Addr        Size        Decimal Bytes (Attributes)
--------------------------------        ----        ----        ------- ----- ------------
_CODE                               00000200    00001E62 =        7778. bytes (REL,CON)

      Value  Global                              Global Defined In Module
      -----  --------------------------------   ------------------------
     00000340  A$main$450                         main
     00000343  A$main$455                         main
     00000343  C$main.c$127$3_0$92                main
     00000346  A$main$456                         main
     00000349  A$main$464                         main
     00000349  C$main.c$129$2_0$90                main
     00000349  XG$main$0$0                        main
     0000034C  A$main$477                         main
     0000034C  C$main.c$133$2_0$96                main
     0000034C  C$main.c$136$1_0$96                main
     0000034C  G$processSpritesActiveDisplay$0$   main
     0000034C  _processSpritesActiveDisplay       main
     0000034F  A$main$478                         main
     00000351  A$main$479                         main
     00000352  A$main$480                         main
     00000355  A$main$481                         main
     00000357  A$main$482                         main
     00000359  A$main$483                         main
     0000035A  A$main$484                         main
     0000035B  A$main$485                         main
     0000035C  A$main$486                         main
     0000035D  A$main$487                         main
     00000360  A$main$488                         main
     00000361  A$main$489                         main
     00000362  A$main$493                         main
     00000362  C$main.c$137$1_0$96                main
     00000365  A$main$494                         main
     00000367  A$main$495                         main
     00000369  A$main$496                         main
     0000036A  A$main$497                         main
     0000036B  A$main$498                         main
     0000036C  A$main$499                         main
     0000036D  A$main$500                         main
     00000370  A$main$501                         main
     00000371  A$main$502                         main
     00000372  A$main$503                         main
     00000375  A$main$504                         main
     00000376  A$main$505                         main
     00000377  A$main$509                         main
     00000377  C$main.c$138$1_0$96                main
     0000037A  A$main$510                         main
     0000037C  A$main$511                         main
     0000037E  A$main$512                         main
     0000037F  A$main$513                         main
     00000380  A$main$514                         main
     00000384  A$main$515                         main
     00000387  A$main$516                         main
     00000388  A$main$517                         main
     00000389  A$main$518                         main
     0000038A  A$main$519                         main
     0000038B  A$main$520                         main
ASxxxx Linker V03.00 + NoICE + sdld,  page 7.
Hexadecimal  [32-Bits]

Area                                    Addr        Size        Decimal Bytes (Attributes)
--------------------------------        ----        ----        ------- ----- ------------
_CODE                               00000200    00001E62 =        7778. bytes (REL,CON)

      Value  Global                              Global Defined In Module
      -----  --------------------------------   ------------------------
     0000038E  A$main$521                         main
     0000038F  A$main$522                         main
     00000390  A$main$526                         main
     00000390  C$main.c$139$1_0$96                main
     00000392  A$main$527                         main
     00000393  A$main$528                         main
     00000394  A$main$529                         main
     00000397  A$main$530                         main
     00000398  A$main$531                         main
     00000399  A$main$532                         main
     0000039C  A$main$533                         main
     0000039D  A$main$534                         main
     0000039E  A$main$535                         main
     000003A1  A$main$536                         main
     000003A2  A$main$537                         main
     000003A3  A$main$541                         main
     000003A3  C$main.c$143$1_0$96                main
     000003A6  A$main$542                         main
     000003A7  A$main$543                         main
     000003A8  A$main$547                         main
     000003A8  C$main.c$146$2_0$97                main
     000003AB  A$main$548                         main
     000003AD  A$main$549                         main
     000003AF  A$main$550                         main
     000003B2  A$main$555                         main
     000003B2  C$main.c$148$2_0$97                main
     000003B5  A$main$556                         main
     000003B7  A$main$557                         main
     000003B9  A$main$558                         main
     000003BA  A$main$559                         main
     000003BB  A$main$560                         main
     000003BC  A$main$561                         main
     000003BD  A$main$562                         main
     000003BE  A$main$563                         main
     000003C1  A$main$564                         main
     000003C5  A$main$565                         main
     000003C8  A$main$566                         main
     000003C9  A$main$567                         main
     000003CA  A$main$568                         main
     000003CD  A$main$569                         main
     000003CE  A$main$570                         main
     000003CF  A$main$571                         main
     000003D0  A$main$575                         main
     000003D0  C$main.c$149$2_0$97                main
     000003D3  A$main$576                         main
     000003D4  A$main$577                         main
     000003D5  A$main$578                         main
     000003D6  A$main$579                         main
     000003D9  A$main$580                         main
     000003DA  A$main$581                         main
     000003DB  A$main$582                         main
ASxxxx Linker V03.00 + NoICE + sdld,  page 8.
Hexadecimal  [32-Bits]

Area                                    Addr        Size        Decimal Bytes (Attributes)
--------------------------------        ----        ----        ------- ----- ------------
_CODE                               00000200    00001E62 =        7778. bytes (REL,CON)

      Value  Global                              Global Defined In Module
      -----  --------------------------------   ------------------------
     000003DE  A$main$583                         main
     000003DF  A$main$584                         main
     000003E0  A$main$585                         main
     000003E3  A$main$586                         main
     000003E4  A$main$587                         main
     000003E7  A$main$588                         main
     000003E8  A$main$589                         main
     000003E9  A$main$590                         main
     000003EA  A$main$591                         main
     000003EB  A$main$592                         main
     000003EC  A$main$593                         main
     000003ED  A$main$594                         main
     000003F0  A$main$595                         main
     000003F1  A$main$596                         main
     000003F2  A$main$600                         main
     000003F2  C$main.c$150$2_0$97                main
     000003F5  A$main$601                         main
     000003F8  A$main$602                         main
     000003F9  A$main$603                         main
     000003FA  A$main$604                         main
     000003FD  A$main$605                         main
     00000400  A$main$606                         main
     00000401  A$main$607                         main
     00000402  A$main$608                         main
     00000405  A$main$609                         main
     00000406  A$main$610                         main
     00000407  A$main$611                         main
     0000040A  A$main$612                         main
     0000040B  A$main$613                         main
     0000040C  A$main$614                         main
     0000040D  A$main$615                         main
     0000040E  A$main$616                         main
     00000411  A$main$617                         main
     00000412  A$main$618                         main
     00000413  A$main$619                         main
     00000414  A$main$620                         main
     00000415  A$main$621                         main
     00000416  A$main$622                         main
     00000417  A$main$623                         main
     0000041A  A$main$624                         main
     0000041B  A$main$625                         main
     0000041C  A$main$629                         main
     0000041C  C$main.c$151$2_0$97                main
     0000041F  A$main$630                         main
     00000422  A$main$631                         main
     00000423  A$main$632                         main
     00000424  A$main$633                         main
     00000427  A$main$634                         main
     0000042A  A$main$635                         main
     0000042B  A$main$636                         main
     0000042C  A$main$637                         main
ASxxxx Linker V03.00 + NoICE + sdld,  page 9.
Hexadecimal  [32-Bits]

Area                                    Addr        Size        Decimal Bytes (Attributes)
--------------------------------        ----        ----        ------- ----- ------------
_CODE                               00000200    00001E62 =        7778. bytes (REL,CON)

      Value  Global                              Global Defined In Module
      -----  --------------------------------   ------------------------
     0000042F  A$main$638                         main
     00000430  A$main$639                         main
     00000431  A$main$640                         main
     00000434  A$main$641                         main
     00000437  A$main$642                         main
     00000438  A$main$643                         main
     00000439  A$main$644                         main
     0000043C  A$main$645                         main
     0000043D  A$main$646                         main
     0000043E  A$main$647                         main
     0000043F  A$main$648                         main
     00000440  A$main$649                         main
     00000441  A$main$650                         main
     00000442  A$main$651                         main
     00000445  A$main$652                         main
     00000446  A$main$653                         main
     00000447  A$main$657                         main
     00000447  C$main.c$152$2_0$97                main
     0000044A  A$main$658                         main
     0000044D  A$main$659                         main
     0000044E  A$main$660                         main
     0000044F  A$main$661                         main
     00000452  A$main$662                         main
     00000455  A$main$663                         main
     00000456  A$main$664                         main
     00000457  A$main$665                         main
     0000045A  A$main$666                         main
     0000045B  A$main$667                         main
     0000045C  A$main$668                         main
     0000045F  A$main$669                         main
     00000462  A$main$670                         main
     00000463  A$main$671                         main
     00000464  A$main$672                         main
     00000467  A$main$673                         main
     00000468  A$main$674                         main
     00000469  A$main$675                         main
     0000046A  A$main$676                         main
     0000046B  A$main$677                         main
     0000046C  A$main$678                         main
     0000046D  A$main$679                         main
     00000470  A$main$680                         main
     00000471  A$main$681                         main
     00000472  A$main$689                         main
     00000472  C$main.c$154$1_0$96                main
     00000472  XG$processSpritesActiveDisplay$0   main
     00000473  A$main$702                         main
     00000473  C$main.c$157$1_0$98                main
     00000473  C$main.c$160$1_0$98                main
     00000473  G$processSpritesVBlank$0$0         main
     00000473  _processSpritesVBlank              main
     00000476  A$main$706                         main
ASxxxx Linker V03.00 + NoICE + sdld,  page 10.
Hexadecimal  [32-Bits]

Area                                    Addr        Size        Decimal Bytes (Attributes)
--------------------------------        ----        ----        ------- ----- ------------
_CODE                               00000200    00001E62 =        7778. bytes (REL,CON)

      Value  Global                              Global Defined In Module
      -----  --------------------------------   ------------------------
     00000476  C$main.c$163$1_0$98                main
     00000479  A$main$707                         main
     0000047A  A$main$708                         main
     0000047C  A$main$712                         main
     0000047C  C$main.c$165$2_0$99                main
     0000047F  A$main$713                         main
     00000481  A$main$714                         main
     00000482  A$main$715                         main
     00000484  A$main$716                         main
     00000486  A$main$717                         main
     00000488  A$main$718                         main
     00000489  A$main$719                         main
     0000048A  A$main$720                         main
     0000048B  A$main$721                         main
     0000048E  A$main$722                         main
     0000048F  A$main$723                         main
     00000490  A$main$724                         main
     00000491  A$main$725                         main
     00000492  A$main$726                         main
     00000495  A$main$727                         main
     00000496  A$main$728                         main
     00000497  A$main$729                         main
     0000049A  A$main$730                         main
     0000049B  A$main$731                         main
     0000049E  A$main$732                         main
     0000049F  A$main$733                         main
     000004A0  A$main$737                         main
     000004A0  C$main.c$166$2_0$99                main
     000004A3  A$main$738                         main
     000004A5  A$main$739                         main
     000004A6  A$main$740                         main
     000004A8  A$main$741                         main
     000004AA  A$main$742                         main
     000004AC  A$main$743                         main
     000004AD  A$main$744                         main
     000004AE  A$main$745                         main
     000004AF  A$main$746                         main
     000004B2  A$main$747                         main
     000004B3  A$main$748                         main
     000004B4  A$main$749                         main
     000004B5  A$main$750                         main
     000004B6  A$main$751                         main
     000004B9  A$main$752                         main
     000004BA  A$main$753                         main
     000004BB  A$main$754                         main
     000004BE  A$main$755                         main
     000004BF  A$main$756                         main
     000004C2  A$main$757                         main
     000004C3  A$main$758                         main
     000004C4  A$main$759                         main
     000004C5  A$main$764                         main
ASxxxx Linker V03.00 + NoICE + sdld,  page 11.
Hexadecimal  [32-Bits]

Area                                    Addr        Size        Decimal Bytes (Attributes)
--------------------------------        ----        ----        ------- ----- ------------
_CODE                               00000200    00001E62 =        7778. bytes (REL,CON)

      Value  Global                              Global Defined In Module
      -----  --------------------------------   ------------------------
     000004C5  C$main.c$170$1_0$98                main
     000004C8  A$main$765                         main
     000004C9  A$main$766                         main
     000004CB  A$main$767                         main
     000004CC  A$main$768                         main
     000004CD  A$main$769                         main
     000004CE  A$main$770                         main
     000004D1  A$main$771                         main
     000004D2  A$main$772                         main
     000004D3  A$main$773                         main
     000004D4  A$main$774                         main
     000004D5  A$main$775                         main
     000004D8  A$main$776                         main
     000004D9  A$main$777                         main
     000004DA  A$main$778                         main
     000004DD  A$main$779                         main
     000004DE  A$main$780                         main
     000004E1  A$main$781                         main
     000004E2  A$main$782                         main
     000004E3  A$main$790                         main
     000004E3  C$main.c$171$1_0$98                main
     000004E3  XG$processSpritesVBlank$0$0        main
     000004E4  A$main$803                         main
     000004E4  C$main.c$176$1_0$100               main
     000004E4  C$main.c$178$1_0$100               main
     000004E4  G$processUserInput$0$0             main
     000004E4  _processUserInput                  main
     000004E7  A$main$804                         main
     000004E8  A$main$808                         main
     000004E8  C$main.c$181$1_0$100               main
     000004EB  A$main$809                         main
     000004ED  A$main$813                         main
     000004ED  C$main.c$182$1_0$100               main
     000004F0  A$main$814                         main
     000004F2  A$main$818                         main
     000004F2  C$main.c$183$1_0$100               main
     000004F5  A$main$819                         main
     000004F7  A$main$823                         main
     000004F7  C$main.c$184$1_0$100               main
     000004FA  A$main$824                         main
     000004FD  A$main$828                         main
     000004FD  C$main.c$185$1_0$100               main
     000004FE  A$main$829                         main
     00000501  A$main$836                         main
     00000501  C$main.c$186$1_0$100               main
     00000501  C$main.c$187$1_0$100               main
     00000503  A$main$837                         main
     00000506  A$main$838                         main
     00000509  A$main$842                         main
     00000509  C$main.c$189$1_0$100               main
     0000050D  A$main$843                         main
ASxxxx Linker V03.00 + NoICE + sdld,  page 12.
Hexadecimal  [32-Bits]

Area                                    Addr        Size        Decimal Bytes (Attributes)
--------------------------------        ----        ----        ------- ----- ------------
_CODE                               00000200    00001E62 =        7778. bytes (REL,CON)

      Value  Global                              Global Defined In Module
      -----  --------------------------------   ------------------------
     00000510  A$main$844                         main
     00000511  A$main$845                         main
     00000513  A$main$846                         main
     00000515  A$main$853                         main
     00000515  C$main.c$191$2_0$101               main
     00000515  C$main.c$192$2_0$101               main
     00000518  A$main$858                         main
     00000518  C$main.c$194$1_0$100               main
     0000051A  A$main$865                         main
     0000051A  C$main.c$196$2_0$102               main
     0000051A  C$main.c$197$2_0$102               main
     0000051D  A$main$869                         main
     0000051D  C$main.c$200$1_0$100               main
     0000051F  A$main$876                         main
     0000051F  C$main.c$202$2_0$103               main
     0000051F  C$main.c$203$2_0$103               main
     00000522  A$main$880                         main
     00000522  C$main.c$206$1_0$100               main
     00000524  A$main$887                         main
     00000524  C$main.c$208$2_0$104               main
     00000524  C$main.c$209$2_0$104               main
     00000527  A$main$891                         main
     00000527  C$main.c$212$1_0$100               main
     00000529  A$main$898                         main
     00000529  C$main.c$214$2_0$105               main
     00000529  C$main.c$215$2_0$105               main
     0000052C  A$main$906                         main
     0000052C  C$main.c$217$1_0$100               main
     0000052C  XG$processUserInput$0$0            main
     0000052D  A$main$916                         main
     0000052D  C$main.c$220$1_0$106               main
     0000052D  G$processUpKey$0$0                 main
     0000052D  _processUpKey                      main
     0000052F  A$main$917                         main
     00000533  A$main$918                         main
     00000535  A$main$919                         main
     00000536  A$main$923                         main
     00000536  C$main.c$224$1_0$106               main
     0000053A  A$main$924                         main
     0000053B  A$main$925                         main
     0000053F  A$main$926                         main
     00000542  A$main$927                         main
     00000544  A$main$928                         main
     00000545  A$main$929                         main
     00000548  A$main$930                         main
     0000054A  A$main$931                         main
     0000054B  A$main$932                         main
     0000054C  A$main$933                         main
     0000054D  A$main$934                         main
     00000550  A$main$935                         main
     00000551  A$main$936                         main
ASxxxx Linker V03.00 + NoICE + sdld,  page 13.
Hexadecimal  [32-Bits]

Area                                    Addr        Size        Decimal Bytes (Attributes)
--------------------------------        ----        ----        ------- ----- ------------
_CODE                               00000200    00001E62 =        7778. bytes (REL,CON)

      Value  Global                              Global Defined In Module
      -----  --------------------------------   ------------------------
     00000552  A$main$937                         main
     00000553  A$main$938                         main
     00000556  A$main$942                         main
     00000556  C$main.c$225$1_0$106               main
     0000055A  A$main$943                         main
     0000055B  A$main$944                         main
     0000055E  A$main$945                         main
     00000561  A$main$946                         main
     00000562  A$main$947                         main
     00000563  A$main$948                         main
     00000564  A$main$949                         main
     00000567  A$main$950                         main
     00000568  A$main$951                         main
     00000569  A$main$952                         main
     0000056A  A$main$956                         main
     0000056A  C$main.c$228$1_0$106               main
     0000056E  A$main$957                         main
     00000571  A$main$958                         main
     00000573  A$main$959                         main
     00000576  A$main$960                         main
     00000578  A$main$961                         main
     0000057A  A$main$962                         main
     0000057D  A$main$963                         main
     0000057E  A$main$964                         main
     00000580  A$main$965                         main
     00000582  A$main$966                         main
     00000583  A$main$967                         main
     00000584  A$main$968                         main
     00000585  A$main$969                         main
     00000587  A$main$970                         main
     00000588  A$main$971                         main
     0000058A  A$main$972                         main
     0000058B  A$main$973                         main
     0000058C  A$main$974                         main
     0000058E  A$main$975                         main
     00000590  A$main$976                         main
     00000591  A$main$977                         main
     00000592  A$main$978                         main
     00000594  A$main$979                         main
     00000596  A$main$980                         main
     00000597  A$main$981                         main
     00000598  A$main$982                         main
     00000599  A$main$983                         main
     0000059B  A$main$988                         main
     0000059B  C$main.c$231$2_0$107               main
     0000059E  A$main$989                         main
     000005A0  A$main$993                         main
     000005A0  C$main.c$232$2_0$107               main
     000005A3  A$main$994                         main
     000005A5  A$main$998                         main
     000005A5  C$main.c$233$2_0$107               main
ASxxxx Linker V03.00 + NoICE + sdld,  page 14.
Hexadecimal  [32-Bits]

Area                                    Addr        Size        Decimal Bytes (Attributes)
--------------------------------        ----        ----        ------- ----- ------------
_CODE                               00000200    00001E62 =        7778. bytes (REL,CON)

      Value  Global                              Global Defined In Module
      -----  --------------------------------   ------------------------
     000005A8  A$main$999                         main
     000005A9  A$main$1000                        main
     000005AB  A$main$1001                        main
     000005AE  A$main$1005                        main
     000005AE  C$main.c$234$2_0$107               main
     000005B1  A$main$1006                        main
     000005B3  A$main$1010                        main
     000005B3  C$main.c$235$2_0$107               main
     000005B6  A$main$1011                        main
     000005B9  A$main$1015                        main
     000005B9  C$main.c$237$2_0$107               main
     000005BC  A$main$1016                        main
     000005BE  A$main$1020                        main
     000005BE  C$main.c$238$2_0$107               main
     000005C1  A$main$1021                        main
     000005C3  A$main$1025                        main
     000005C3  C$main.c$239$2_0$107               main
     000005C6  A$main$1026                        main
     000005C9  A$main$1030                        main
     000005C9  C$main.c$240$2_0$107               main
     000005CA  A$main$1031                        main
     000005CD  A$main$1038                        main
     000005CD  C$main.c$241$2_0$107               main
     000005CD  C$main.c$242$2_0$107               main
     000005CF  A$main$1039                        main
     000005D2  A$main$1040                        main
     000005D5  A$main$1044                        main
     000005D5  C$main.c$244$2_0$107               main
     000005D8  A$main$1049                        main
     000005D8  C$main.c$249$1_0$106               main
     000005D9  A$main$1050                        main
     000005DB  A$main$1051                        main
     000005DD  A$main$1052                        main
     000005DE  A$main$1053                        main
     000005DF  A$main$1054                        main
     000005E1  A$main$1055                        main
     000005E4  A$main$1056                        main
     000005E6  A$main$1057                        main
     000005E7  A$main$1058                        main
     000005E8  A$main$1059                        main
     000005E9  A$main$1060                        main
     000005EB  A$main$1064                        main
     000005EB  C$main.c$251$2_0$108               main
     000005EE  A$main$1068                        main
     000005EE  C$main.c$252$2_0$108               main
     000005F1  A$main$1073                        main
     000005F1  C$main.c$254$1_0$106               main
     000005F2  A$main$1074                        main
     000005F3  A$main$1075                        main
     000005F5  A$main$1076                        main
     000005F8  A$main$1077                        main
ASxxxx Linker V03.00 + NoICE + sdld,  page 15.
Hexadecimal  [32-Bits]

Area                                    Addr        Size        Decimal Bytes (Attributes)
--------------------------------        ----        ----        ------- ----- ------------
_CODE                               00000200    00001E62 =        7778. bytes (REL,CON)

      Value  Global                              Global Defined In Module
      -----  --------------------------------   ------------------------
     000005FA  A$main$1078                        main
     000005FB  A$main$1079                        main
     000005FC  A$main$1080                        main
     000005FE  A$main$1081                        main
     00000600  A$main$1082                        main
     00000601  A$main$1083                        main
     00000602  A$main$1084                        main
     00000604  A$main$1088                        main
     00000604  C$main.c$256$2_0$109               main
     00000607  A$main$1092                        main
     00000607  C$main.c$257$2_0$109               main
     00000609  A$main$1097                        main
     00000609  C$main.c$261$1_0$106               main
     0000060C  A$main$1098                        main
     0000060E  A$main$1102                        main
     0000060E  C$main.c$262$1_0$106               main
     00000611  A$main$1103                        main
     00000613  A$main$1107                        main
     00000613  C$main.c$263$1_0$106               main
     00000616  A$main$1108                        main
     00000617  A$main$1109                        main
     00000619  A$main$1110                        main
     0000061C  A$main$1114                        main
     0000061C  C$main.c$264$1_0$106               main
     0000061F  A$main$1115                        main
     00000621  A$main$1119                        main
     00000621  C$main.c$265$1_0$106               main
     00000624  A$main$1120                        main
     00000627  A$main$1124                        main
     00000627  C$main.c$267$1_0$106               main
     0000062A  A$main$1125                        main
     0000062C  A$main$1129                        main
     0000062C  C$main.c$268$1_0$106               main
     0000062F  A$main$1130                        main
     00000632  A$main$1134                        main
     00000632  C$main.c$269$1_0$106               main
     00000635  A$main$1135                        main
     00000637  A$main$1139                        main
     00000637  C$main.c$270$1_0$106               main
     0000063A  A$main$1140                        main
     0000063D  A$main$1144                        main
     0000063D  C$main.c$274$1_0$106               main
     0000063F  A$main$1145                        main
     00000643  A$main$1146                        main
     00000646  A$main$1147                        main
     00000648  A$main$1148                        main
     0000064B  A$main$1149                        main
     0000064D  A$main$1150                        main
     00000650  A$main$1151                        main
     00000651  A$main$1152                        main
     00000653  A$main$1153                        main
ASxxxx Linker V03.00 + NoICE + sdld,  page 16.
Hexadecimal  [32-Bits]

Area                                    Addr        Size        Decimal Bytes (Attributes)
--------------------------------        ----        ----        ------- ----- ------------
_CODE                               00000200    00001E62 =        7778. bytes (REL,CON)

      Value  Global                              Global Defined In Module
      -----  --------------------------------   ------------------------
     00000654  A$main$1154                        main
     00000655  A$main$1155                        main
     00000657  A$main$1156                        main
     00000658  A$main$1157                        main
     00000659  A$main$1158                        main
     0000065D  A$main$1159                        main
     00000660  A$main$1160                        main
     00000661  A$main$1161                        main
     00000664  A$main$1162                        main
     00000666  A$main$1167                        main
     00000666  C$main.c$276$2_0$110               main
     00000668  A$main$1168                        main
     0000066B  A$main$1172                        main
     0000066B  C$main.c$277$2_0$110               main
     0000066D  A$main$1173                        main
     00000670  A$main$1174                        main
     00000672  A$main$1179                        main
     00000672  C$main.c$281$2_0$111               main
     00000674  A$main$1180                        main
     00000677  A$main$1184                        main
     00000677  C$main.c$282$2_0$111               main
     00000679  A$main$1185                        main
     0000067C  A$main$1190                        main
     0000067D  A$main$1191                        main
     0000067F  A$main$1196                        main
     0000067F  C$main.c$284$1_0$106               main
     0000067F  XG$processUpKey$0$0                main
     00000680  A$main$1206                        main
     00000680  C$main.c$287$1_0$112               main
     00000680  G$processDownKey$0$0               main
     00000680  _processDownKey                    main
     00000682  A$main$1207                        main
     00000686  A$main$1208                        main
     00000688  A$main$1209                        main
     00000689  A$main$1213                        main
     00000689  C$main.c$291$1_0$112               main
     0000068D  A$main$1214                        main
     00000690  A$main$1215                        main
     00000692  A$main$1216                        main
     00000693  A$main$1217                        main
     00000696  A$main$1218                        main
     00000698  A$main$1219                        main
     00000699  A$main$1220                        main
     0000069D  A$main$1221                        main
     000006A0  A$main$1222                        main
     000006A2  A$main$1223                        main
     000006A3  A$main$1224                        main
     000006A6  A$main$1225                        main
     000006A8  A$main$1226                        main
     000006A9  A$main$1227                        main
     000006AA  A$main$1228                        main
ASxxxx Linker V03.00 + NoICE + sdld,  page 17.
Hexadecimal  [32-Bits]

Area                                    Addr        Size        Decimal Bytes (Attributes)
--------------------------------        ----        ----        ------- ----- ------------
_CODE                               00000200    00001E62 =        7778. bytes (REL,CON)

      Value  Global                              Global Defined In Module
      -----  --------------------------------   ------------------------
     000006AB  A$main$1229                        main
     000006AE  A$main$1230                        main
     000006AF  A$main$1231                        main
     000006B0  A$main$1232                        main
     000006B1  A$main$1233                        main
     000006B4  A$main$1237                        main
     000006B4  C$main.c$292$1_0$112               main
     000006B8  A$main$1238                        main
     000006BB  A$main$1239                        main
     000006BD  A$main$1240                        main
     000006BE  A$main$1241                        main
     000006C1  A$main$1242                        main
     000006C3  A$main$1243                        main
     000006C4  A$main$1244                        main
     000006C7  A$main$1245                        main
     000006CA  A$main$1246                        main
     000006CB  A$main$1247                        main
     000006CC  A$main$1248                        main
     000006CD  A$main$1249                        main
     000006D0  A$main$1250                        main
     000006D1  A$main$1251                        main
     000006D2  A$main$1252                        main
     000006D3  A$main$1256                        main
     000006D3  C$main.c$295$1_0$112               main
     000006D4  A$main$1257                        main
     000006D7  A$main$1258                        main
     000006D8  A$main$1259                        main
     000006DB  A$main$1260                        main
     000006DC  A$main$1261                        main
     000006DD  A$main$1262                        main
     000006DE  A$main$1263                        main
     000006DF  A$main$1264                        main
     000006E2  A$main$1265                        main
     000006E3  A$main$1266                        main
     000006E5  A$main$1267                        main
     000006E7  A$main$1268                        main
     000006E9  A$main$1269                        main
     000006EC  A$main$1270                        main
     000006ED  A$main$1271                        main
     000006EF  A$main$1272                        main
     000006F1  A$main$1273                        main
     000006F2  A$main$1274                        main
     000006F3  A$main$1275                        main
     000006F6  A$main$1276                        main
     000006F8  A$main$1277                        main
     000006F9  A$main$1278                        main
     000006FB  A$main$1279                        main
     000006FC  A$main$1280                        main
     000006FD  A$main$1281                        main
     000006FF  A$main$1282                        main
     00000702  A$main$1283                        main
ASxxxx Linker V03.00 + NoICE + sdld,  page 18.
Hexadecimal  [32-Bits]

Area                                    Addr        Size        Decimal Bytes (Attributes)
--------------------------------        ----        ----        ------- ----- ------------
_CODE                               00000200    00001E62 =        7778. bytes (REL,CON)

      Value  Global                              Global Defined In Module
      -----  --------------------------------   ------------------------
     00000704  A$main$1284                        main
     00000705  A$main$1285                        main
     00000706  A$main$1286                        main
     00000707  A$main$1287                        main
     00000709  A$main$1292                        main
     00000709  C$main.c$298$2_0$113               main
     0000070C  A$main$1293                        main
     0000070E  A$main$1297                        main
     0000070E  C$main.c$299$2_0$113               main
     00000711  A$main$1298                        main
     00000713  A$main$1302                        main
     00000713  C$main.c$300$2_0$113               main
     00000716  A$main$1303                        main
     00000717  A$main$1304                        main
     00000719  A$main$1305                        main
     0000071C  A$main$1309                        main
     0000071C  C$main.c$301$2_0$113               main
     0000071F  A$main$1310                        main
     00000721  A$main$1314                        main
     00000721  C$main.c$302$2_0$113               main
     00000724  A$main$1315                        main
     00000727  A$main$1319                        main
     00000727  C$main.c$304$2_0$113               main
     0000072A  A$main$1320                        main
     0000072C  A$main$1324                        main
     0000072C  C$main.c$305$2_0$113               main
     0000072F  A$main$1325                        main
     00000731  A$main$1329                        main
     00000731  C$main.c$306$2_0$113               main
     00000734  A$main$1330                        main
     00000737  A$main$1334                        main
     00000737  C$main.c$307$2_0$113               main
     00000738  A$main$1335                        main
     0000073B  A$main$1342                        main
     0000073B  C$main.c$308$2_0$113               main
     0000073B  C$main.c$309$2_0$113               main
     0000073D  A$main$1343                        main
     00000740  A$main$1344                        main
     00000743  A$main$1348                        main
     00000743  C$main.c$311$2_0$113               main
     00000746  A$main$1353                        main
     00000746  C$main.c$316$1_0$112               main
     00000749  A$main$1354                        main
     0000074B  A$main$1355                        main
     0000074D  A$main$1356                        main
     0000074E  A$main$1357                        main
     0000074F  A$main$1358                        main
     00000751  A$main$1359                        main
     00000754  A$main$1360                        main
     00000756  A$main$1361                        main
     00000757  A$main$1362                        main
ASxxxx Linker V03.00 + NoICE + sdld,  page 19.
Hexadecimal  [32-Bits]

Area                                    Addr        Size        Decimal Bytes (Attributes)
--------------------------------        ----        ----        ------- ----- ------------
_CODE                               00000200    00001E62 =        7778. bytes (REL,CON)

      Value  Global                              Global Defined In Module
      -----  --------------------------------   ------------------------
     00000758  A$main$1363                        main
     00000759  A$main$1364                        main
     0000075B  A$main$1368                        main
     0000075B  C$main.c$318$2_0$114               main
     0000075E  A$main$1372                        main
     0000075E  C$main.c$319$2_0$114               main
     00000761  A$main$1377                        main
     00000761  C$main.c$321$1_0$112               main
     00000762  A$main$1378                        main
     00000763  A$main$1379                        main
     00000765  A$main$1380                        main
     00000768  A$main$1381                        main
     0000076A  A$main$1382                        main
     0000076B  A$main$1383                        main
     0000076C  A$main$1384                        main
     0000076E  A$main$1385                        main
     00000770  A$main$1386                        main
     00000771  A$main$1387                        main
     00000772  A$main$1388                        main
     00000774  A$main$1392                        main
     00000774  C$main.c$323$2_0$115               main
     00000777  A$main$1396                        main
     00000777  C$main.c$324$2_0$115               main
     00000779  A$main$1401                        main
     00000779  C$main.c$328$1_0$112               main
     0000077C  A$main$1402                        main
     0000077E  A$main$1406                        main
     0000077E  C$main.c$329$1_0$112               main
     00000781  A$main$1407                        main
     00000783  A$main$1411                        main
     00000783  C$main.c$330$1_0$112               main
     00000786  A$main$1412                        main
     00000787  A$main$1413                        main
     00000789  A$main$1414                        main
     0000078C  A$main$1418                        main
     0000078C  C$main.c$331$1_0$112               main
     0000078F  A$main$1419                        main
     00000791  A$main$1423                        main
     00000791  C$main.c$332$1_0$112               main
     00000794  A$main$1424                        main
     00000797  A$main$1428                        main
     00000797  C$main.c$334$1_0$112               main
     0000079A  A$main$1429                        main
     0000079C  A$main$1433                        main
     0000079C  C$main.c$335$1_0$112               main
     0000079F  A$main$1434                        main
     000007A2  A$main$1438                        main
     000007A2  C$main.c$336$1_0$112               main
     000007A6  A$main$1439                        main
     000007AA  A$main$1443                        main
     000007AA  C$main.c$337$1_0$112               main
ASxxxx Linker V03.00 + NoICE + sdld,  page 20.
Hexadecimal  [32-Bits]

Area                                    Addr        Size        Decimal Bytes (Attributes)
--------------------------------        ----        ----        ------- ----- ------------
_CODE                               00000200    00001E62 =        7778. bytes (REL,CON)

      Value  Global                              Global Defined In Module
      -----  --------------------------------   ------------------------
     000007AC  A$main$1444                        main
     000007AF  A$main$1448                        main
     000007AF  C$main.c$341$1_0$112               main
     000007B3  A$main$1449                        main
     000007B6  A$main$1450                        main
     000007B8  A$main$1451                        main
     000007BB  A$main$1452                        main
     000007BD  A$main$1453                        main
     000007BF  A$main$1454                        main
     000007C2  A$main$1455                        main
     000007C5  A$main$1456                        main
     000007C6  A$main$1457                        main
     000007C7  A$main$1458                        main
     000007C8  A$main$1459                        main
     000007CB  A$main$1460                        main
     000007CC  A$main$1461                        main
     000007CE  A$main$1462                        main
     000007D0  A$main$1467                        main
     000007D0  C$main.c$343$2_0$116               main
     000007D2  A$main$1468                        main
     000007D5  A$main$1472                        main
     000007D5  C$main.c$344$2_0$116               main
     000007D7  A$main$1473                        main
     000007DA  A$main$1474                        main
     000007DC  A$main$1479                        main
     000007DC  C$main.c$348$2_0$117               main
     000007DE  A$main$1480                        main
     000007E1  A$main$1484                        main
     000007E1  C$main.c$349$2_0$117               main
     000007E3  A$main$1485                        main
     000007E6  A$main$1490                        main
     000007E7  A$main$1491                        main
     000007E9  A$main$1496                        main
     000007E9  C$main.c$351$1_0$112               main
     000007E9  XG$processDownKey$0$0              main
     000007EA  A$main$1509                        main
     000007EA  C$main.c$354$1_0$118               main
     000007EA  C$main.c$358$1_0$118               main
     000007EA  G$processLeftKey$0$0               main
     000007EA  _processLeftKey                    main
     000007EE  A$main$1510                        main
     000007F1  A$main$1511                        main
     000007F3  A$main$1512                        main
     000007F4  A$main$1513                        main
     000007F7  A$main$1514                        main
     000007F9  A$main$1515                        main
     000007FA  A$main$1516                        main
     000007FD  A$main$1517                        main
     000007FE  A$main$1518                        main
     000007FF  A$main$1519                        main
     00000802  A$main$1520                        main
ASxxxx Linker V03.00 + NoICE + sdld,  page 21.
Hexadecimal  [32-Bits]

Area                                    Addr        Size        Decimal Bytes (Attributes)
--------------------------------        ----        ----        ------- ----- ------------
_CODE                               00000200    00001E62 =        7778. bytes (REL,CON)

      Value  Global                              Global Defined In Module
      -----  --------------------------------   ------------------------
     00000803  A$main$1521                        main
     00000804  A$main$1522                        main
     00000805  A$main$1526                        main
     00000805  C$main.c$366$1_0$118               main
     00000808  A$main$1527                        main
     00000809  A$main$1528                        main
     0000080B  A$main$1529                        main
     0000080C  A$main$1533                        main
     0000080C  C$main.c$361$1_0$118               main
     00000810  A$main$1534                        main
     00000813  A$main$1535                        main
     00000815  A$main$1536                        main
     00000818  A$main$1537                        main
     0000081A  A$main$1538                        main
     0000081D  A$main$1539                        main
     0000081F  A$main$1540                        main
     00000820  A$main$1541                        main
     00000821  A$main$1542                        main
     00000822  A$main$1543                        main
     00000824  A$main$1548                        main
     00000824  C$main.c$364$2_0$119               main
     00000827  A$main$1549                        main
     00000829  A$main$1553                        main
     00000829  C$main.c$365$2_0$119               main
     0000082C  A$main$1554                        main
     0000082E  A$main$1558                        main
     0000082E  C$main.c$366$2_0$119               main
     00000831  A$main$1559                        main
     00000832  A$main$1563                        main
     00000832  C$main.c$367$2_0$119               main
     00000835  A$main$1564                        main
     00000837  A$main$1568                        main
     00000837  C$main.c$368$2_0$119               main
     0000083A  A$main$1569                        main
     0000083D  A$main$1573                        main
     0000083D  C$main.c$370$2_0$119               main
     00000840  A$main$1574                        main
     00000842  A$main$1578                        main
     00000842  C$main.c$371$2_0$119               main
     00000845  A$main$1579                        main
     00000847  A$main$1583                        main
     00000847  C$main.c$372$2_0$119               main
     0000084A  A$main$1584                        main
     0000084D  A$main$1588                        main
     0000084D  C$main.c$373$2_0$119               main
     0000084E  A$main$1589                        main
     00000851  A$main$1596                        main
     00000851  C$main.c$374$2_0$119               main
     00000851  C$main.c$375$2_0$119               main
     00000853  A$main$1597                        main
     00000856  A$main$1598                        main
ASxxxx Linker V03.00 + NoICE + sdld,  page 22.
Hexadecimal  [32-Bits]

Area                                    Addr        Size        Decimal Bytes (Attributes)
--------------------------------        ----        ----        ------- ----- ------------
_CODE                               00000200    00001E62 =        7778. bytes (REL,CON)

      Value  Global                              Global Defined In Module
      -----  --------------------------------   ------------------------
     00000859  A$main$1602                        main
     00000859  C$main.c$377$2_0$119               main
     0000085A  A$main$1607                        main
     0000085A  C$main.c$381$1_0$118               main
     0000085D  A$main$1608                        main
     0000085F  A$main$1612                        main
     0000085F  C$main.c$382$1_0$118               main
     00000862  A$main$1613                        main
     00000864  A$main$1617                        main
     00000864  C$main.c$383$1_0$118               main
     00000867  A$main$1618                        main
     00000868  A$main$1622                        main
     00000868  C$main.c$384$1_0$118               main
     0000086B  A$main$1623                        main
     0000086D  A$main$1627                        main
     0000086D  C$main.c$385$1_0$118               main
     00000870  A$main$1628                        main
     00000873  A$main$1632                        main
     00000873  C$main.c$387$1_0$118               main
     00000876  A$main$1633                        main
     00000879  A$main$1637                        main
     00000879  C$main.c$388$1_0$118               main
     0000087C  A$main$1638                        main
     0000087E  A$main$1642                        main
     0000087E  C$main.c$389$1_0$118               main
     00000881  A$main$1643                        main
     00000884  A$main$1647                        main
     00000884  C$main.c$390$1_0$118               main
     00000886  A$main$1648                        main
     00000889  A$main$1652                        main
     00000889  C$main.c$394$1_0$118               main
     0000088B  A$main$1653                        main
     0000088F  A$main$1654                        main
     00000892  A$main$1655                        main
     00000894  A$main$1656                        main
     00000897  A$main$1657                        main
     00000899  A$main$1658                        main
     0000089C  A$main$1659                        main
     0000089D  A$main$1660                        main
     0000089F  A$main$1661                        main
     000008A0  A$main$1662                        main
     000008A1  A$main$1663                        main
     000008A3  A$main$1664                        main
     000008A4  A$main$1665                        main
     000008A5  A$main$1666                        main
     000008A9  A$main$1667                        main
     000008AC  A$main$1668                        main
     000008AD  A$main$1669                        main
     000008B0  A$main$1670                        main
     000008B2  A$main$1675                        main
     000008B2  C$main.c$396$2_0$120               main
ASxxxx Linker V03.00 + NoICE + sdld,  page 23.
Hexadecimal  [32-Bits]

Area                                    Addr        Size        Decimal Bytes (Attributes)
--------------------------------        ----        ----        ------- ----- ------------
_CODE                               00000200    00001E62 =        7778. bytes (REL,CON)

      Value  Global                              Global Defined In Module
      -----  --------------------------------   ------------------------
     000008B4  A$main$1676                        main
     000008B7  A$main$1680                        main
     000008B7  C$main.c$397$2_0$120               main
     000008B9  A$main$1681                        main
     000008BC  A$main$1682                        main
     000008BD  A$main$1687                        main
     000008BD  C$main.c$401$2_0$121               main
     000008BF  A$main$1688                        main
     000008C2  A$main$1692                        main
     000008C2  C$main.c$402$2_0$121               main
     000008C4  A$main$1693                        main
     000008C7  A$main$1701                        main
     000008C7  C$main.c$404$1_0$118               main
     000008C7  XG$processLeftKey$0$0              main
     000008C8  A$main$1714                        main
     000008C8  C$main.c$408$1_0$122               main
     000008C8  C$main.c$412$1_0$122               main
     000008C8  G$processRightKey$0$0              main
     000008C8  _processRightKey                   main
     000008CC  A$main$1715                        main
     000008CF  A$main$1716                        main
     000008D1  A$main$1717                        main
     000008D2  A$main$1718                        main
     000008D5  A$main$1719                        main
     000008D7  A$main$1720                        main
     000008D8  A$main$1721                        main
     000008DB  A$main$1722                        main
     000008DC  A$main$1723                        main
     000008DD  A$main$1724                        main
     000008E0  A$main$1725                        main
     000008E1  A$main$1726                        main
     000008E2  A$main$1727                        main
     000008E3  A$main$1731                        main
     000008E4  A$main$1732                        main
     000008E7  A$main$1733                        main
     000008E8  A$main$1734                        main
     000008EB  A$main$1735                        main
     000008EC  A$main$1736                        main
     000008ED  A$main$1740                        main
     000008ED  C$main.c$420$1_0$122               main
     000008F0  A$main$1741                        main
     000008F1  A$main$1742                        main
     000008F3  A$main$1743                        main
     000008F4  A$main$1747                        main
     000008F4  C$main.c$415$1_0$122               main
     000008F7  A$main$1748                        main
     000008F8  A$main$1749                        main
     000008FA  A$main$1750                        main
     000008FC  A$main$1751                        main
     000008FF  A$main$1752                        main
     00000900  A$main$1753                        main
ASxxxx Linker V03.00 + NoICE + sdld,  page 24.
Hexadecimal  [32-Bits]

Area                                    Addr        Size        Decimal Bytes (Attributes)
--------------------------------        ----        ----        ------- ----- ------------
_CODE                               00000200    00001E62 =        7778. bytes (REL,CON)

      Value  Global                              Global Defined In Module
      -----  --------------------------------   ------------------------
     00000902  A$main$1754                        main
     00000903  A$main$1755                        main
     00000904  A$main$1756                        main
     00000905  A$main$1757                        main
     00000907  A$main$1762                        main
     00000907  C$main.c$418$2_0$123               main
     0000090A  A$main$1763                        main
     0000090C  A$main$1767                        main
     0000090C  C$main.c$419$2_0$123               main
     0000090F  A$main$1768                        main
     00000911  A$main$1772                        main
     00000911  C$main.c$420$2_0$123               main
     00000914  A$main$1773                        main
     00000915  A$main$1777                        main
     00000915  C$main.c$421$2_0$123               main
     00000918  A$main$1778                        main
     0000091A  A$main$1782                        main
     0000091A  C$main.c$422$2_0$123               main
     0000091D  A$main$1783                        main
     00000920  A$main$1787                        main
     00000920  C$main.c$424$2_0$123               main
     00000923  A$main$1788                        main
     00000925  A$main$1792                        main
     00000925  C$main.c$425$2_0$123               main
     00000928  A$main$1793                        main
     0000092A  A$main$1797                        main
     0000092A  C$main.c$426$2_0$123               main
     0000092D  A$main$1798                        main
     00000930  A$main$1802                        main
     00000930  C$main.c$427$2_0$123               main
     00000931  A$main$1803                        main
     00000934  A$main$1810                        main
     00000934  C$main.c$428$2_0$123               main
     00000934  C$main.c$429$2_0$123               main
     00000936  A$main$1811                        main
     00000939  A$main$1812                        main
     0000093C  A$main$1816                        main
     0000093C  C$main.c$431$2_0$123               main
     0000093D  A$main$1821                        main
     0000093D  C$main.c$435$1_0$122               main
     00000940  A$main$1822                        main
     00000942  A$main$1826                        main
     00000942  C$main.c$436$1_0$122               main
     00000945  A$main$1827                        main
     00000947  A$main$1831                        main
     00000947  C$main.c$437$1_0$122               main
     0000094A  A$main$1832                        main
     0000094B  A$main$1836                        main
     0000094B  C$main.c$438$1_0$122               main
     0000094E  A$main$1837                        main
     00000950  A$main$1841                        main
ASxxxx Linker V03.00 + NoICE + sdld,  page 25.
Hexadecimal  [32-Bits]

Area                                    Addr        Size        Decimal Bytes (Attributes)
--------------------------------        ----        ----        ------- ----- ------------
_CODE                               00000200    00001E62 =        7778. bytes (REL,CON)

      Value  Global                              Global Defined In Module
      -----  --------------------------------   ------------------------
     00000950  C$main.c$439$1_0$122               main
     00000953  A$main$1842                        main
     00000956  A$main$1846                        main
     00000956  C$main.c$441$1_0$122               main
     00000959  A$main$1847                        main
     0000095C  A$main$1851                        main
     0000095C  C$main.c$442$1_0$122               main
     00000960  A$main$1852                        main
     00000964  A$main$1856                        main
     00000964  C$main.c$443$1_0$122               main
     00000965  A$main$1857                        main
     00000968  A$main$1861                        main
     00000968  C$main.c$444$1_0$122               main
     0000096A  A$main$1862                        main
     0000096D  A$main$1866                        main
[...]
     0000196E  A$GSLib$1679                       GSLib
     00001970  A$GSLib$1680                       GSLib
     00001971  A$GSLib$1681                       GSLib
     00001972  A$GSLib$1682                       GSLib
     00001974  A$GSLib$1683                       GSLib
     00001976  A$GSLib$1685                       GSLib
     00001977  A$GSLib$1694                       GSLib
     00001977  C$GSLib.c$1725$1_0$30              GSLib
     00001977  XG$GSL_initializeMap$0$0           GSLib
     00001978  G$GSL_LUTColumnUpdate$0_0$0        GSLib
     00001978  _GSL_LUTColumnUpdate               GSLib
     000019E8  G$GSL_LUTRowUpdate$0_0$0           GSLib
     000019E8  _GSL_LUTRowUpdate                  GSLib
ASxxxx Linker V03.00 + NoICE + sdld,  page 57.
Hexadecimal  [32-Bits]

Area                                    Addr        Size        Decimal Bytes (Attributes)
--------------------------------        ----        ----        ------- ----- ------------
_CODE                               00000200    00001E62 =        7778. bytes (REL,CON)

      Value  Global                              Global Defined In Module
      -----  --------------------------------   ------------------------
     00001A68  G$spriteMoveUp$0_0$0               resources
     00001A68  _spriteMoveUp                      resources
     00001A70  G$spriteMoveDown$0_0$0             resources
     00001A70  _spriteMoveDown                    resources
     00001A78  G$spriteMoveLeft$0_0$0             resources
     00001A78  _spriteMoveLeft                    resources
     00001A80  G$spriteMoveRight$0_0$0            resources
     00001A80  _spriteMoveRight                   resources
     00001A88  G$spriteAttackUp$0_0$0             resources
     00001A88  _spriteAttackUp                    resources
     00001A92  G$spriteAttackDown$0_0$0           resources
     00001A92  _spriteAttackDown                  resources
     00001A9C  G$spriteAttackLeft$0_0$0           resources
     00001A9C  _spriteAttackLeft                  resources
     00001AA6  G$spriteAttackRight$0_0$0          resources
     00001AA6  _spriteAttackRight                 resources
     00001AB0  G$spriteAttackUpMeta$0_0$0         resources
     00001AB0  _spriteAttackUpMeta                resources
     00001AFC  G$spriteAttackDownMeta$0_0$0       resources
     00001AFC  _spriteAttackDownMeta              resources
     00001B48  G$spriteAttackLeftMeta$0_0$0       resources
     00001B48  _spriteAttackLeftMeta              resources
     00001B94  G$spriteAttackRightMeta$0_0$0      resources
     00001B94  _spriteAttackRightMeta             resources
     00001BE0  G$metatilesMetaLUT$0_0$0           resources
     00001BE0  _metatilesMetaLUT                  resources
     00001CE0  _UNSAFE_SMS_copySpritestoSAT       SMSlib_UNSAFE
     00001D27  _UNSAFE_SMS_VRAMmemcpy32           SMSlib_UNSAFE
     00001D47  _UNSAFE_SMS_VRAMmemcpy64           SMSlib_UNSAFE
     00001D67  _UNSAFE_SMS_VRAMmemcpy128          SMSlib_UNSAFE
     00001D87  _SMS_init                          SMSlib
     00001DB9  _VDPReg_init                       SMSlib
     00001DC4  _SMS_VDPturnOnFeature              SMSlib
     00001DD9  _SMS_VDPturnOffFeature             SMSlib
     00001DF1  _SMS_setBGScrollX                  SMSlib
     00001DFB  _SMS_setBGScrollY                  SMSlib
     00001E05  _SMS_setBackdropColor              SMSlib
     00001E0F  _SMS_useFirstHalfTilesforSprites   SMSlib
     00001E25  _SMS_setSpriteMode                 SMSlib
     00001E73  _SMS_setBGPaletteColor             SMSlib
     00001E87  _SMS_setSpritePaletteColor         SMSlib
     00001E9B  _SMS_loadBGPalette                 SMSlib
     00001EB0  _SMS_loadSpritePalette             SMSlib
     00001EC5  _SMS_setColor                      SMSlib
     00001EC9  _SMS_waitForVBlank                 SMSlib
     00001ED6  _SMS_getKeysStatus                 SMSlib
     00001EDA  _SMS_getKeysPressed                SMSlib
     00001EF7  _SMS_getKeysHeld                   SMSlib
     00001F0B  _SMS_getKeysReleased               SMSlib
     00001F28  _SMS_queryPauseRequested           SMSlib
     00001F2D  _SMS_resetPauseRequest             SMSlib
ASxxxx Linker V03.00 + NoICE + sdld,  page 58.
Hexadecimal  [32-Bits]

Area                                    Addr        Size        Decimal Bytes (Attributes)
--------------------------------        ----        ----        ------- ----- ------------
_CODE                               00000200    00001E62 =        7778. bytes (REL,CON)

      Value  Global                              Global Defined In Module
      -----  --------------------------------   ------------------------
     00001F33  _SMS_setLineInterruptHandler       SMSlib
     00001F37  _SMS_setLineCounter                SMSlib
     00001F41  _SMS_getVCount                     SMSlib
     00001F45  _SMS_getHCount                     SMSlib
     00001F49  _SMS_isr                           SMSlib
     00001F7F  _SMS_nmi_isr                       SMSlib
     00001F88  _SMS_initSprites                   SMSlib_sprite
     00001F8E  _SMS_addSprite                     SMSlib_sprite
     00001FC1  _SMS_copySpritestoSAT              SMSlib_sprite
     00001FF7  ___sdcc_call_hl                    
     00001FF8  _SMS_VRAMmemset                    SMSlib_VRAMmemset
     0000201B  _SMS_VRAMmemsetW                   SMSlib_VRAMmemset
     00002049  _SMS_VRAMmemcpy                    SMSlib_VRAMmemcpy
ASxxxx Linker V03.00 + NoICE + sdld,  page 59.
Hexadecimal  [32-Bits]

Area                                    Addr        Size        Decimal Bytes (Attributes)
--------------------------------        ----        ----        ------- ----- ------------
_HEADER0                            00000000    00000008 =           8. bytes (ABS,CON)

      Value  Global                              Global Defined In Module
      -----  --------------------------------   ------------------------
     00000008  _SMS_crt0_RST08                    crt0

ASxxxx Linker V03.00 + NoICE + sdld,  page 60.
Hexadecimal  [32-Bits]

Area                                    Addr        Size        Decimal Bytes (Attributes)
--------------------------------        ----        ----        ------- ----- ------------
_HEADER1                            00000000    00000009 =           9. bytes (ABS,CON)

      Value  Global                              Global Defined In Module
      -----  --------------------------------   ------------------------
     00000011  _SMS_crt0_RST18                    crt0

ASxxxx Linker V03.00 + NoICE + sdld,  page 61.
Hexadecimal  [32-Bits]

Area                                    Addr        Size        Decimal Bytes (Attributes)
--------------------------------        ----        ----        ------- ----- ------------
_HEADER2                            00000000    00000018 =          24. bytes (ABS,CON)

      Value  Global                              Global Defined In Module
      -----  --------------------------------   ------------------------
ASxxxx Linker V03.00 + NoICE + sdld,  page 62.
Hexadecimal  [32-Bits]

Area                                    Addr        Size        Decimal Bytes (Attributes)
--------------------------------        ----        ----        ------- ----- ------------
_HEADER3                            00000000    00000026 =          38. bytes (ABS,CON)

      Value  Global                              Global Defined In Module
      -----  --------------------------------   ------------------------
ASxxxx Linker V03.00 + NoICE + sdld,  page 63.
Hexadecimal  [32-Bits]

Area                                    Addr        Size        Decimal Bytes (Attributes)
--------------------------------        ----        ----        ------- ----- ------------
_HEADER4                            00000000    00000104 =         260. bytes (ABS,CON)

      Value  Global                              Global Defined In Module
      -----  --------------------------------   ------------------------
     00000069  _OUTI128                           crt0
     000000E9  _OUTI64                            crt0
     00000129  _OUTI32                            crt0
     00000169  _outi_block                        crt0

ASxxxx Linker V03.00 + NoICE + sdld,  page 64.
Hexadecimal  [32-Bits]

Area                                    Addr        Size        Decimal Bytes (Attributes)
--------------------------------        ----        ----        ------- ----- ------------
_INITIALIZER                        00002062    0000001A =          26. bytes (REL,CON)

      Value  Global                              Global Defined In Module
      -----  --------------------------------   ------------------------
     00002062  Fmain$__xinit_playerX$0_0$0        main
     00002064  Fmain$__xinit_playerY$0_0$0        main
     00002066  Fmain$__xinit_playerSpriteX$0_0$   main
     00002067  Fmain$__xinit_playerSpriteY$0_0$   main
     00002068  Fmain$__xinit_animationCount$0_0   main
     00002069  Fmain$__xinit_actionCount$0_0$0    main
     0000206A  Fmain$__xinit_action$0_0$0         main
     0000206B  Fmain$__xinit_actionButtonWatch$   main
     0000206C  Fmain$__xinit_spriteTileOffsets$   main
     0000206E  Fmain$__xinit_scrollXOffset$0_0$   main
     0000206F  Fmain$__xinit_scrollYOffset$0_0$   main
     00002070  Fmain$__xinit_spriteXOffset$0_0$   main
     00002071  Fmain$__xinit_spriteYOffset$0_0$   main
     00002072  Fmain$__xinit_playerXOffset$0_0$   main
     00002074  Fmain$__xinit_playerYOffset$0_0$   main
     00002076  Fmain$__xinit_direction$0_0$0      main

ASxxxx Linker V03.00 + NoICE + sdld,  page 65.
Hexadecimal  [32-Bits]

Area                                    Addr        Size        Decimal Bytes (Attributes)
--------------------------------        ----        ----        ------- ----- ------------
_GSINIT                             0000207C    0000000F =          15. bytes (REL,CON)

      Value  Global                              Global Defined In Module
      -----  --------------------------------   ------------------------
     0000207C  gsinit                             crt0

ASxxxx Linker V03.00 + NoICE + sdld,  page 66.
Hexadecimal  [32-Bits]

Area                                    Addr        Size        Decimal Bytes (Attributes)
--------------------------------        ----        ----        ------- ----- ------------
_GSFINAL                            0000208B    00000001 =           1. bytes (REL,CON)

      Value  Global                              Global Defined In Module
      -----  --------------------------------   ------------------------
ASxxxx Linker V03.00 + NoICE + sdld,  page 67.
Hexadecimal  [32-Bits]

Area                                    Addr        Size        Decimal Bytes (Attributes)
--------------------------------        ----        ----        ------- ----- ------------
_DATA                               0000C000    00001209 =        4617. bytes (REL,CON)

      Value  Global                              Global Defined In Module
      -----  --------------------------------   ------------------------
     0000C000  G$attackSprites$0_0$0              main
     0000C000  _attackSprites                     main
     0000C002  G$currentAttackSprites$0_0$0       main
     0000C002  _currentAttackSprites              main
     0000C004  G$scrolltable$0_0$0                main
     0000C004  _scrolltable                       main
     0000D011  _PSGMusicStatus                    PSGlib
     0000D012  _PSGMusicStart                     PSGlib
     0000D014  _PSGMusicPointer                   PSGlib
     0000D016  _PSGMusicLoopPoint                 PSGlib
     0000D018  _PSGMusicSkipFrames                PSGlib
     0000D019  _PSGLoopFlag                       PSGlib
     0000D01A  _PSGLoopCounter                    PSGlib
     0000D01B  _PSGMusicLastLatch                 PSGlib
     0000D01C  _PSGMusicVolumeAttenuation         PSGlib
     0000D01D  _PSGMusicSubstringLen              PSGlib
     0000D01E  _PSGMusicSubstringRetAddr          PSGlib
     0000D020  _PSGChan0Volume                    PSGlib
     0000D021  _PSGChan1Volume                    PSGlib
     0000D022  _PSGChan2Volume                    PSGlib
     0000D023  _PSGChan3Volume                    PSGlib
     0000D024  _PSGChan2LowTone                   PSGlib
     0000D025  _PSGChan2HighTone                  PSGlib
     0000D026  _PSGChan3LowTone                   PSGlib
     0000D027  _PSGChannel2SFX                    PSGlib
     0000D028  _PSGChannel3SFX                    PSGlib
     0000D029  _PSGSFXChan2Volume                 PSGlib
     0000D02A  _PSGSFXChan3Volume                 PSGlib
     0000D02B  _PSGSFXStatus                      PSGlib
     0000D02C  _PSGSFXStart                       PSGlib
     0000D02E  _PSGSFXPointer                     PSGlib
     0000D030  _PSGSFXLoopPoint                   PSGlib
     0000D032  _PSGSFXSkipFrames                  PSGlib
     0000D033  _PSGSFXLoopFlag                    PSGlib
     0000D034  _PSGSFXSubstringLen                PSGlib
     0000D035  _PSGSFXSubstringRetAddr            PSGlib
     0000D037  G$GSL_RAM$0_0$0                    GSLib
     0000D037  _GSL_RAM                           GSLib
     0000D13E  _VDPBlank                          SMSlib
     0000D13F  _SMS_VDPFlags                      SMSlib
     0000D140  _PauseRequested                    SMSlib
     0000D141  _SMS_Port3EBIOSvalue               SMSlib
     0000D142  _KeysStatus                        SMSlib
     0000D144  _PreviousKeysStatus                SMSlib
     0000D146  _SMS_theLineInterruptHandler       SMSlib
     0000D148  _SpriteTableY                      SMSlib_sprite
     0000D188  _SpriteTableXN                     SMSlib_sprite
     0000D208  _SpriteNextFree                    SMSlib_sprite
ASxxxx Linker V03.00 + NoICE + sdld,  page 68.
Hexadecimal  [32-Bits]

Area                                    Addr        Size        Decimal Bytes (Attributes)
--------------------------------        ----        ----        ------- ----- ------------
_INITIALIZED                        0000D209    0000001A =          26. bytes (REL,CON)

      Value  Global                              Global Defined In Module
      -----  --------------------------------   ------------------------
     0000D209  G$playerX$0_0$0                    main
     0000D209  _playerX                           main
     0000D20B  G$playerY$0_0$0                    main
     0000D20B  _playerY                           main
     0000D20D  G$playerSpriteX$0_0$0              main
     0000D20D  _playerSpriteX                     main
     0000D20E  G$playerSpriteY$0_0$0              main
     0000D20E  _playerSpriteY                     main
     0000D20F  G$animationCount$0_0$0             main
     0000D20F  _animationCount                    main
     0000D210  G$actionCount$0_0$0                main
     0000D210  _actionCount                       main
     0000D211  G$action$0_0$0                     main
     0000D211  _action                            main
     0000D212  G$actionButtonWatch$0_0$0          main
     0000D212  _actionButtonWatch                 main
     0000D213  G$spriteTileOffsets$0_0$0          main
     0000D213  _spriteTileOffsets                 main
     0000D215  G$scrollXOffset$0_0$0              main
     0000D215  _scrollXOffset                     main
     0000D216  G$scrollYOffset$0_0$0              main
     0000D216  _scrollYOffset                     main
     0000D217  G$spriteXOffset$0_0$0              main
     0000D217  _spriteXOffset                     main
     0000D218  G$spriteYOffset$0_0$0              main
     0000D218  _spriteYOffset                     main
     0000D219  G$playerXOffset$0_0$0              main
     0000D219  _playerXOffset                     main
     0000D21B  G$playerYOffset$0_0$0              main
     0000D21B  _playerYOffset                     main
     0000D21D  G$direction$0_0$0                  main
     0000D21D  _direction                         main
     0000D21E  _VDPReg                            SMSlib
     0000D220  _spritesHeight                     SMSlib
     0000D221  _spritesWidth                      SMSlib
     0000D222  _spritesTileOffset                 SMSlib
ASxxxx Linker V03.00 + NoICE + sdld,  page 69.
Hexadecimal  [32-Bits]

Area                                    Addr        Size        Decimal Bytes (Attributes)
--------------------------------        ----        ----        ------- ----- ------------
_CABS0                              00000000    00000010 =          16. bytes (ABS,CON)

      Value  Global                              Global Defined In Module
      -----  --------------------------------   ------------------------
     00007FF0  G$__SMS__SEGA_signature$0_0$0      main
     00007FF0  ___SMS__SEGA_signature             main

ASxxxx Linker V03.00 + NoICE + sdld,  page 70.
Hexadecimal  [32-Bits]

Area                                    Addr        Size        Decimal Bytes (Attributes)
--------------------------------        ----        ----        ------- ----- ------------
_BANK2                              00004000    00003F9F =       16287. bytes (REL,CON)

      Value  Global                              Global Defined In Module
      -----  --------------------------------   ------------------------
     00004000  G$resources_c$0_0$0                bank2
     00004000  _resources_c                       bank2
     0000586E  G$sprite_tiles_bin$0_0$0           bank2
     0000586E  _sprite_tiles_bin                  bank2
     0000706E  G$tiles_bin$0_0$0                  bank2
     0000706E  _tiles_bin                         bank2
     00007B6E  G$village_psg$0_0$0                bank2
     00007B6E  _village_psg                       bank2
     00007F8B  G$palette_bin$0_0$0                bank2
     00007F8B  _palette_bin                       bank2
     00007F98  G$sprite_palette_bin$0_0$0         bank2
     00007F98  _sprite_palette_bin                bank2
ASxxxx Linker V03.00 + NoICE + sdld,  page 71.
Hexadecimal  [32-Bits]

Area                                    Addr        Size        Decimal Bytes (Attributes)
--------------------------------        ----        ----        ------- ----- ------------
_BANK3                              00004000    0000121D =        4637. bytes (REL,CON)

      Value  Global                              Global Defined In Module
      -----  --------------------------------   ------------------------
     00004000  G$scrolltable_bin$0_0$0            bank3
     00004000  _scrolltable_bin                   bank3
     0000500D  G$metatiles_bin$0_0$0              bank3
     0000500D  _metatiles_bin                     bank3

ASxxxx Linker V03.00 + NoICE + sdld,  page 72.

Files Linked                              [ module(s) ]

../crt0/crt0_sms.rel                      [ crt0 ]
main.rel                                  [ main ]
../lib/PSGlib.rel                         [ PSGlib ]
../lib/GSLib.rel                          [ GSLib ]
banks/bank2.rel                           [ bank2 ]
banks/bank3.rel                           [ bank3 ]
resources.rel                             [ resources ]


Libraries Linked                          [ object file ]

../lib/SMSlib.lib                         [ SMSlib_UNSAFE.rel ]
../lib/SMSlib.lib                         [ SMSlib.rel ]
../lib/SMSlib.lib                         [ SMSlib_sprite.rel ]
C:\Program Files\SDCC\bin\..\lib\z80/z80.lib
                                          [ __sdcc_call_hl.rel ]
../lib/SMSlib.lib                         [ SMSlib_VRAMmemset.rel ]
../lib/SMSlib.lib                         [ SMSlib_VRAMmemcpy.rel ]

ASxxxx Linker V03.00 + NoICE + sdld,  page 73.

User Base Address Definitions

_CODE = 0x0200
_DATA = 0xc000
_BANK2=0x4000
_BANK3=0x4000

