ASxxxx Linker V03.00 + NoICE + sdld,  page 1.
Hexadecimal  [32-Bits]

Area                                    Addr        Size        Decimal Bytes (Attributes)
--------------------------------        ----        ----        ------- ----- ------------
.  .ABS.                            00000000    00000000 =           0. bytes (ABS,CON)

      Value  Global                              Global Defined In Module
      -----  --------------------------------   ------------------------
     00000000  .__.ABS.                           SMSlib_STMcomp
     00000000  _SMS_crt0_RST08                 
     00000000  l__BSEG                         
     00000000  l__BSS                          
     00000000  l__CABS                         
     00000000  l__DABS                         
     00000000  l__HEADER                       
     00000000  l__HEAP                         
     00000000  l__HOME                         
     00000000  s__CABS                         
     00000000  s__CABS0                        
     00000000  s__CABS1                        
     00000000  s__CABS2                        
     00000000  s__CABS3                        
     00000000  s__CABS4                        
     00000000  s__DABS                         
     00000000  s__HEADER                       
     00000000  s__HEADER0                      
     00000000  s__HEADER1                      
     00000000  s__HEADER2                      
     00000000  s__HEADER3                      
     00000001  l__GSFINAL                      
     00000003  l__HEADER1                      
     00000003  l__HEADER2                      
     00000005  l__INITIALIZED                  
     00000005  l__INITIALIZER                  
     00000006  l__HEADER0                      
     0000000C  l__CABS2                        
     0000000F  l__GSINIT                       
     00000010  l__CABS0                        
     00000010  l__CABS4                        
     00000011  l__CABS1                        
     00000037  l__CABS3                        
     000000BE  G$VDPDataPort$0$0                  asm_manager
     000000BF  G$VDPControlPort$0$0               asm_manager
     000000F4  l__DATA                         
     0000012A  l__HEADER3                      
     00000200  s__CODE                         
     00000DAD  l__CODE                         
     00000FAD  s__HOME                         
     00000FAD  s__INITIALIZER                  
     00000FB2  s__GSINIT                       
     00000FC1  s__GSFINAL                      
     00008000  G$SMS_SRAM$0$0                     content_manager
     00008000  _SMS_SRAM                          SMSlib_STMcomp
     0000C000  s__DATA                         
     0000C0F4  s__INITIALIZED                  
     0000C0F9  s__BSEG                         
     0000C0F9  s__BSS                          
     0000C0F9  s__HEAP                         
ASxxxx Linker V03.00 + NoICE + sdld,  page 2.
Hexadecimal  [32-Bits]

Area                                    Addr        Size        Decimal Bytes (Attributes)
--------------------------------        ----        ----        ------- ----- ------------
.  .ABS.                            00000000    00000000 =           0. bytes (ABS,CON)

      Value  Global                              Global Defined In Module
      -----  --------------------------------   ------------------------
     0000FFFC  G$SRAM_bank_to_be_mapped_on_slot   content_manager
     0000FFFC  _SRAM_bank_to_be_mapped_on_slot2   SMSlib_STMcomp
     0000FFFF  G$ROM_bank_to_be_mapped_on_slot2   content_manager
     0000FFFF  _ROM_bank_to_be_mapped_on_slot2    SMSlib_STMcomp
ASxxxx Linker V03.00 + NoICE + sdld,  page 3.
Hexadecimal  [32-Bits]

Area                                    Addr        Size        Decimal Bytes (Attributes)
--------------------------------        ----        ----        ------- ----- ------------
_CODE                               00000200    00000DAD =        3501. bytes (REL,CON)

      Value  Global                              Global Defined In Module
      -----  --------------------------------   ------------------------
     00000200  __clock                            crt0
     00000204  _exit                              crt0
     0000020A  A$main$76                          main
     0000020A  C$main.c$3$0$0                     main
     0000020A  C$main.c$5$1$86                    main
     0000020A  G$main$0$0                         main
     0000020A  _main                              main
     0000020D  A$main$80                          main
     0000020D  C$main.c$6$1$86                    main
     00000210  A$main$81                          main
     00000213  A$main$85                          main
     00000213  C$main.c$7$1$86                    main
     00000216  A$main$89                          main
     00000216  C$main.c$9$1$86                    main
     00000219  A$main$93                          main
     00000219  C$main.c$10$1$86                   main
     0000021C  A$main$97                          main
     0000021C  C$main.c$12$1$86                   main
     0000021F  A$main$98                          main
     00000222  A$main$103                         main
     00000222  C$main.c$15$3$88                   main
     00000225  A$main$108                         main
     00000225  C$main.c$17$2$87                   main
     00000225  XG$main$0$0                        main
     00000227  Fmain$__str_0$0$0                  main
     00000238  Fmain$__str_1$0$0                  main
     00000244  Fmain$__str_2$0$0                  main
     0000027B  A$asm_manager$59                   asm_manager
     0000027B  C$asm_manager.c$21$1$1             asm_manager
     0000027B  C$asm_manager.c$6$0$0              asm_manager
     0000027B  G$engine_asm_manager_clear_VRAM$   asm_manager
     0000027B  _engine_asm_manager_clear_VRAM     asm_manager
     0000027D  A$asm_manager$60                   asm_manager
     0000027F  A$asm_manager$61                   asm_manager
     00000281  A$asm_manager$62                   asm_manager
     00000283  A$asm_manager$63                   asm_manager
     00000286  A$asm_manager$65                   asm_manager
     00000288  A$asm_manager$66                   asm_manager
     0000028A  A$asm_manager$67                   asm_manager
     0000028B  A$asm_manager$68                   asm_manager
     0000028C  A$asm_manager$69                   asm_manager
     0000028D  A$asm_manager$70                   asm_manager
     00000290  A$asm_manager$75                   asm_manager
     00000290  C$asm_manager.c$23$1$1             asm_manager
     00000290  XG$engine_asm_manager_clear_VRAM   asm_manager
     00000291  A$content_manager$69               content_manager
     00000291  C$content_manager.c$7$0$0          content_manager
     00000291  C$content_manager.c$9$1$65         content_manager
     00000291  G$engine_content_manager_load_sp   content_manager
     00000291  _engine_content_manager_load_spr   content_manager
ASxxxx Linker V03.00 + NoICE + sdld,  page 4.
Hexadecimal  [32-Bits]

Area                                    Addr        Size        Decimal Bytes (Attributes)
--------------------------------        ----        ----        ------- ----- ------------
_CODE                               00000200    00000DAD =        3501. bytes (REL,CON)

      Value  Global                              Global Defined In Module
      -----  --------------------------------   ------------------------
     00000294  A$content_manager$70               content_manager
     00000295  A$content_manager$71               content_manager
     00000298  A$content_manager$72               content_manager
     00000299  A$content_manager$77               content_manager
     00000299  C$content_manager.c$10$1$65        content_manager
     00000299  XG$engine_content_manager_load_s   content_manager
     0000029A  A$content_manager$90               content_manager
     0000029A  C$content_manager.c$12$1$65        content_manager
     0000029A  C$content_manager.c$14$1$66        content_manager
     0000029A  G$engine_content_manager_load_sp   content_manager
     0000029A  _engine_content_manager_load_spl   content_manager
     0000029D  A$content_manager$91               content_manager
     0000029E  A$content_manager$92               content_manager
     000002A1  A$content_manager$93               content_manager
     000002A2  A$content_manager$94               content_manager
     000002A5  A$content_manager$95               content_manager
     000002A6  A$content_manager$96               content_manager
     000002A7  A$content_manager$100              content_manager
     000002A7  C$content_manager.c$15$1$66        content_manager
     000002AA  A$content_manager$101              content_manager
     000002AB  A$content_manager$102              content_manager
     000002AE  A$content_manager$103              content_manager
     000002AF  A$content_manager$104              content_manager
     000002B2  A$content_manager$105              content_manager
     000002B3  A$content_manager$106              content_manager
     000002B4  A$content_manager$110              content_manager
     000002B4  C$content_manager.c$16$1$66        content_manager
     000002B7  A$content_manager$115              content_manager
     000002B7  C$content_manager.c$17$1$66        content_manager
     000002B7  XG$engine_content_manager_load_s   content_manager
     000002BA  _splash__palette__bin              gfx
     000002CA  _splash__tilemap__stmcompr         gfx
     00000311  _splash__tiles__psgcompr           gfx
     00000B3A  _SMS_init                          SMSlib
     00000B6C  _VDPReg_init                       SMSlib
     00000B77  _SMS_VDPturnOnFeature              SMSlib
     00000B8C  _SMS_VDPturnOffFeature             SMSlib
     00000BA4  _SMS_setBGScrollX                  SMSlib
     00000BAE  _SMS_setBGScrollY                  SMSlib
     00000BB8  _SMS_setBackdropColor              SMSlib
     00000BC2  _SMS_useFirstHalfTilesforSprites   SMSlib
     00000BD8  _SMS_setSpriteMode                 SMSlib
     00000C26  _SMS_setBGPaletteColor             SMSlib
     00000C3A  _SMS_setSpritePaletteColor         SMSlib
     00000C4E  _SMS_loadBGPalette                 SMSlib
     00000C63  _SMS_loadSpritePalette             SMSlib
     00000C78  _SMS_setColor                      SMSlib
     00000C7C  _SMS_waitForVBlank                 SMSlib
     00000C89  _SMS_getKeysStatus                 SMSlib
     00000C8D  _SMS_getKeysPressed                SMSlib
     00000CAA  _SMS_getKeysHeld                   SMSlib
ASxxxx Linker V03.00 + NoICE + sdld,  page 5.
Hexadecimal  [32-Bits]

Area                                    Addr        Size        Decimal Bytes (Attributes)
--------------------------------        ----        ----        ------- ----- ------------
_CODE                               00000200    00000DAD =        3501. bytes (REL,CON)

      Value  Global                              Global Defined In Module
      -----  --------------------------------   ------------------------
     00000CBE  _SMS_getKeysReleased               SMSlib
     00000CDB  _SMS_queryPauseRequested           SMSlib
     00000CE0  _SMS_resetPauseRequest             SMSlib
     00000CE6  _SMS_setLineInterruptHandler       SMSlib
     00000CEA  _SMS_setLineCounter                SMSlib
     00000CF4  _SMS_getVCount                     SMSlib
     00000CF8  _SMS_getHCount                     SMSlib
     00000CFC  _SMS_isr                           SMSlib
     00000D32  _SMS_nmi_isr                       SMSlib
     00000D3B  _SMS_loadPSGaidencompressedTiles   SMSlib_PSGaiden
     00000E15  _SMS_initSprites                   SMSlib_sprite
     00000E1B  _SMS_addSprite                     SMSlib_sprite
     00000E4E  _SMS_copySpritestoSAT              SMSlib_sprite
     00000E84  ___sdcc_call_hl                    
     00000E85  _SMS_loadSTMcompressedTileMapatA   SMSlib_STMcomp

ASxxxx Linker V03.00 + NoICE + sdld,  page 6.
Hexadecimal  [32-Bits]

Area                                    Addr        Size        Decimal Bytes (Attributes)
--------------------------------        ----        ----        ------- ----- ------------
_HEADER0                            00000000    00000006 =           6. bytes (ABS,CON)

      Value  Global                              Global Defined In Module
      -----  --------------------------------   ------------------------
ASxxxx Linker V03.00 + NoICE + sdld,  page 7.
Hexadecimal  [32-Bits]

Area                                    Addr        Size        Decimal Bytes (Attributes)
--------------------------------        ----        ----        ------- ----- ------------
_HEADER1                            00000000    00000003 =           3. bytes (ABS,CON)

      Value  Global                              Global Defined In Module
      -----  --------------------------------   ------------------------
ASxxxx Linker V03.00 + NoICE + sdld,  page 8.
Hexadecimal  [32-Bits]

Area                                    Addr        Size        Decimal Bytes (Attributes)
--------------------------------        ----        ----        ------- ----- ------------
_HEADER2                            00000000    00000003 =           3. bytes (ABS,CON)

      Value  Global                              Global Defined In Module
      -----  --------------------------------   ------------------------
ASxxxx Linker V03.00 + NoICE + sdld,  page 9.
Hexadecimal  [32-Bits]

Area                                    Addr        Size        Decimal Bytes (Attributes)
--------------------------------        ----        ----        ------- ----- ------------
_HEADER3                            00000000    0000012A =         298. bytes (ABS,CON)

      Value  Global                              Global Defined In Module
      -----  --------------------------------   ------------------------
     00000099  _OUTI128                           crt0
     00000119  _OUTI64                            crt0
     00000159  _OUTI32                            crt0
     00000199  _outi_block                        crt0

ASxxxx Linker V03.00 + NoICE + sdld,  page 10.
Hexadecimal  [32-Bits]

Area                                    Addr        Size        Decimal Bytes (Attributes)
--------------------------------        ----        ----        ------- ----- ------------
_INITIALIZER                        00000FAD    00000005 =           5. bytes (REL,CON)

      Value  Global                              Global Defined In Module
      -----  --------------------------------   ------------------------
ASxxxx Linker V03.00 + NoICE + sdld,  page 11.
Hexadecimal  [32-Bits]

Area                                    Addr        Size        Decimal Bytes (Attributes)
--------------------------------        ----        ----        ------- ----- ------------
_GSINIT                             00000FB2    0000000F =          15. bytes (REL,CON)

      Value  Global                              Global Defined In Module
      -----  --------------------------------   ------------------------
     00000FB2  gsinit                             crt0

ASxxxx Linker V03.00 + NoICE + sdld,  page 12.
Hexadecimal  [32-Bits]

Area                                    Addr        Size        Decimal Bytes (Attributes)
--------------------------------        ----        ----        ------- ----- ------------
_GSFINAL                            00000FC1    00000001 =           1. bytes (REL,CON)

      Value  Global                              Global Defined In Module
      -----  --------------------------------   ------------------------
ASxxxx Linker V03.00 + NoICE + sdld,  page 13.
Hexadecimal  [32-Bits]

Area                                    Addr        Size        Decimal Bytes (Attributes)
--------------------------------        ----        ----        ------- ----- ------------
_DATA                               0000C000    000000F4 =         244. bytes (REL,CON)

      Value  Global                              Global Defined In Module
      -----  --------------------------------   ------------------------
     0000C000  _VDPBlank                          SMSlib
     0000C001  _SMS_VDPFlags                      SMSlib
     0000C002  _PauseRequested                    SMSlib
     0000C003  _SMS_Port3EBIOSvalue               SMSlib
     0000C004  _KeysStatus                        SMSlib
     0000C006  _PreviousKeysStatus                SMSlib
     0000C008  _SMS_theLineInterruptHandler       SMSlib
     0000C00A  _decompBuffer                      SMSlib_PSGaiden
     0000C02A  _SpriteTableY                      SMSlib_sprite
     0000C06A  _SpriteTableXN                     SMSlib_sprite
     0000C0EA  _SpriteNextFree                    SMSlib_sprite
     0000C0EB  _STM_src                           SMSlib_STMcomp
     0000C0ED  _STM_dest                          SMSlib_STMcomp
     0000C0EF  _STM_HH                            SMSlib_STMcomp
     0000C0F0  _STM_oldHH                         SMSlib_STMcomp
     0000C0F1  _STM_needRestore                   SMSlib_STMcomp
     0000C0F2  _STM_ttw                           SMSlib_STMcomp
     0000C0F3  _STM_width                         SMSlib_STMcomp
ASxxxx Linker V03.00 + NoICE + sdld,  page 14.
Hexadecimal  [32-Bits]

Area                                    Addr        Size        Decimal Bytes (Attributes)
--------------------------------        ----        ----        ------- ----- ------------
_INITIALIZED                        0000C0F4    00000005 =           5. bytes (REL,CON)

      Value  Global                              Global Defined In Module
      -----  --------------------------------   ------------------------
     0000C0F4  _VDPReg                            SMSlib
     0000C0F6  _spritesHeight                     SMSlib
     0000C0F7  _spritesWidth                      SMSlib
     0000C0F8  _spritesTileOffset                 SMSlib

ASxxxx Linker V03.00 + NoICE + sdld,  page 15.
Hexadecimal  [32-Bits]

Area                                    Addr        Size        Decimal Bytes (Attributes)
--------------------------------        ----        ----        ------- ----- ------------
_CABS0                              00000000    00000010 =          16. bytes (ABS,CON)

      Value  Global                              Global Defined In Module
      -----  --------------------------------   ------------------------
     00007FF0  G$__SMS__SEGA_signature$0$0        main
     00007FF0  ___SMS__SEGA_signature             main

ASxxxx Linker V03.00 + NoICE + sdld,  page 16.
Hexadecimal  [32-Bits]

Area                                    Addr        Size        Decimal Bytes (Attributes)
--------------------------------        ----        ----        ------- ----- ------------
_CABS1                              00000000    00000011 =          17. bytes (ABS,CON)

      Value  Global                              Global Defined In Module
      -----  --------------------------------   ------------------------
     00007FCF  G$__SMS__SDSC_author$0$0           main
     00007FCF  ___SMS__SDSC_author                main

ASxxxx Linker V03.00 + NoICE + sdld,  page 17.
Hexadecimal  [32-Bits]

Area                                    Addr        Size        Decimal Bytes (Attributes)
--------------------------------        ----        ----        ------- ----- ------------
_CABS2                              00000000    0000000C =          12. bytes (ABS,CON)

      Value  Global                              Global Defined In Module
      -----  --------------------------------   ------------------------
     00007FC3  G$__SMS__SDSC_name$0$0             main
     00007FC3  ___SMS__SDSC_name                  main

ASxxxx Linker V03.00 + NoICE + sdld,  page 18.
Hexadecimal  [32-Bits]

Area                                    Addr        Size        Decimal Bytes (Attributes)
--------------------------------        ----        ----        ------- ----- ------------
_CABS3                              00000000    00000037 =          55. bytes (ABS,CON)

      Value  Global                              Global Defined In Module
      -----  --------------------------------   ------------------------
     00007F8C  G$__SMS__SDSC_descr$0$0            main
     00007F8C  ___SMS__SDSC_descr                 main

ASxxxx Linker V03.00 + NoICE + sdld,  page 19.
Hexadecimal  [32-Bits]

Area                                    Addr        Size        Decimal Bytes (Attributes)
--------------------------------        ----        ----        ------- ----- ------------
_CABS4                              00000000    00000010 =          16. bytes (ABS,CON)

      Value  Global                              Global Defined In Module
      -----  --------------------------------   ------------------------
     00007FE0  G$__SMS__SDSC_signature$0$0        main
     00007FE0  ___SMS__SDSC_signature             main

ASxxxx Linker V03.00 + NoICE + sdld,  page 20.

Files Linked                              [ module(s) ]

../crt0/crt0_sms.rel                      [ crt0 ]
main.rel                                  [ main ]
engine/asm_manager.rel                    [ asm_manager ]
engine/content_manager.rel                [ content_manager ]
gfx.rel                                   [ gfx ]


Libraries Linked                          [ object file ]

../lib/SMSlib.lib                         [ SMSlib.rel ]
../lib/SMSlib.lib                         [ SMSlib_PSGaiden.rel ]
../lib/SMSlib.lib                         [ SMSlib_sprite.rel ]
C:\Program Files\SDCC\bin\..\lib\z80/z80.lib
                                          [ __sdcc_call_hl.rel ]
../lib/SMSlib.lib                         [ SMSlib_STMcomp.rel ]

ASxxxx Linker V03.00 + NoICE + sdld,  page 21.

User Base Address Definitions

_CODE = 0x0200
_DATA = 0xc000


?ASlink-Warning-Undefined Global '_SMS_crt0_RST08' referenced by module 'SMSlib'

?ASlink-Warning-Undefined Global '_SMS_crt0_RST08' referenced by module 'SMSlib_PSGaiden'

?ASlink-Warning-Undefined Global '_SMS_crt0_RST08' referenced by module 'SMSlib_sprite'

?ASlink-Warning-Undefined Global '_SMS_crt0_RST08' referenced by module 'SMSlib_STMcomp'
