ASxxxx Linker V03.00 + NoICE + sdld,  page 1.
Hexadecimal  [32-Bits]

Area                                    Addr        Size        Decimal Bytes (Attributes)
--------------------------------        ----        ----        ------- ----- ------------
.  .ABS.                            00000000    00000000 =           0. bytes (ABS,CON)

      Value  Global                              Global Defined In Module
      -----  --------------------------------   ------------------------
     00000000  .__.ABS.                           SMSlib_STMcomp
     00000000  l__BSEG                         
     00000000  l__BSS                          
     00000000  l__CABS                         
     00000000  l__DABS                         
     00000000  l__HEADER                       
     00000000  l__HEAP                         
     00000000  l__HOME                         
     00000000  s__CABS                         
     00000000  s__CABS0                        
     00000000  s__CABS1                        
     00000000  s__CABS2                        
     00000000  s__CABS3                        
     00000000  s__CABS4                        
     00000000  s__DABS                         
     00000000  s__HEADER                       
     00000000  s__HEADER0                      
     00000000  s__HEADER1                      
     00000000  s__HEADER2                      
     00000000  s__HEADER3                      
     00000000  s__HEADER4                      
     00000001  l__GSFINAL                      
     00000005  l__INITIALIZED                  
     00000005  l__INITIALIZER                  
     00000008  l__HEADER0                      
     00000009  l__HEADER1                      
     0000000C  l__CABS2                        
     0000000F  l__GSINIT                       
     00000010  l__CABS0                        
     00000010  l__CABS4                        
     00000011  l__CABS1                        
     00000018  l__HEADER2                      
     0000002B  l__HEADER3                      
     00000037  l__CABS3                        
     000000BE  G$VDPDataPort$0_0$0                asm_manager
     000000BF  G$VDPControlPort$0_0$0             asm_manager
     000000F4  l__DATA                         
     00000104  l__HEADER4                      
     00000200  s__CODE                         
     00000D9A  l__CODE                         
     00000F9A  s__HOME                         
     00000F9A  s__INITIALIZER                  
     00000F9F  s__GSINIT                       
     00000FAE  s__GSFINAL                      
     00008000  G$SMS_SRAM$0_0$0                   content_manager
     00008000  _SMS_SRAM                          SMSlib_STMcomp
     0000C000  s__DATA                         
     0000C0F4  s__INITIALIZED                  
     0000C0F9  s__BSEG                         
     0000C0F9  s__BSS                          
ASxxxx Linker V03.00 + NoICE + sdld,  page 2.
Hexadecimal  [32-Bits]

Area                                    Addr        Size        Decimal Bytes (Attributes)
--------------------------------        ----        ----        ------- ----- ------------
.  .ABS.                            00000000    00000000 =           0. bytes (ABS,CON)

      Value  Global                              Global Defined In Module
      -----  --------------------------------   ------------------------
     0000C0F9  s__HEAP                         
     0000FFFC  G$SRAM_bank_to_be_mapped_on_slot   content_manager
     0000FFFC  _SRAM_bank_to_be_mapped_on_slot2   SMSlib_STMcomp
     0000FFFF  G$ROM_bank_to_be_mapped_on_slot2   content_manager
     0000FFFF  _ROM_bank_to_be_mapped_on_slot2    SMSlib_STMcomp

ASxxxx Linker V03.00 + NoICE + sdld,  page 3.
Hexadecimal  [32-Bits]

Area                                    Addr        Size        Decimal Bytes (Attributes)
--------------------------------        ----        ----        ------- ----- ------------
_CODE                               00000200    00000D9A =        3482. bytes (REL,CON)

      Value  Global                              Global Defined In Module
      -----  --------------------------------   ------------------------
     00000200  A$main$76                          main
     00000200  C$main.c$3$0_0$92                  main
     00000200  C$main.c$5$1_0$92                  main
     00000200  G$main$0$0                         main
     00000200  _main                              main
     00000203  A$main$80                          main
     00000203  C$main.c$6$1_0$92                  main
     00000206  A$main$81                          main
     00000209  A$main$85                          main
     00000209  C$main.c$7$1_0$92                  main
     0000020C  A$main$89                          main
     0000020C  C$main.c$9$1_0$92                  main
     0000020F  A$main$93                          main
     0000020F  C$main.c$10$1_0$92                 main
     00000212  A$main$97                          main
     00000212  C$main.c$12$1_0$92                 main
     00000215  A$main$98                          main
     00000218  A$main$103                         main
     00000218  C$main.c$15$3_0$94                 main
     0000021B  A$main$111                         main
     0000021B  C$main.c$17$2_0$92                 main
     0000021B  XG$main$0$0                        main
     0000021D  Fmain$__str_0$0_0$0                main
     0000022E  Fmain$__str_1$0_0$0                main
     0000023A  Fmain$__str_2$0_0$0                main
     00000271  A$asm_manager$59                   asm_manager
     00000271  C$asm_manager.c$21$1_0$1           asm_manager
     00000271  C$asm_manager.c$6$0_0$1            asm_manager
     00000271  G$engine_asm_manager_clear_VRAM$   asm_manager
     00000271  _engine_asm_manager_clear_VRAM     asm_manager
     00000273  A$asm_manager$60                   asm_manager
     00000275  A$asm_manager$61                   asm_manager
     00000277  A$asm_manager$62                   asm_manager
     00000279  A$asm_manager$63                   asm_manager
     0000027C  A$asm_manager$65                   asm_manager
     0000027E  A$asm_manager$66                   asm_manager
     00000280  A$asm_manager$67                   asm_manager
     00000281  A$asm_manager$68                   asm_manager
     00000282  A$asm_manager$69                   asm_manager
     00000283  A$asm_manager$70                   asm_manager
     00000286  A$asm_manager$78                   asm_manager
     00000286  C$asm_manager.c$23$1_0$1           asm_manager
     00000286  XG$engine_asm_manager_clear_VRAM   asm_manager
     00000287  A$content_manager$72               content_manager
     00000287  C$content_manager.c$10$0_0$66      content_manager
     00000287  C$content_manager.c$7$0_0$66       content_manager
     00000287  G$engine_content_manager_load_sp   content_manager
     00000287  XG$engine_content_manager_load_s   content_manager
     00000287  _engine_content_manager_load_spr   content_manager
     00000288  A$content_manager$85               content_manager
ASxxxx Linker V03.00 + NoICE + sdld,  page 4.
Hexadecimal  [32-Bits]

Area                                    Addr        Size        Decimal Bytes (Attributes)
--------------------------------        ----        ----        ------- ----- ------------
_CODE                               00000200    00000D9A =        3482. bytes (REL,CON)

      Value  Global                              Global Defined In Module
      -----  --------------------------------   ------------------------
     00000288  C$content_manager.c$12$0_0$67      content_manager
     00000288  C$content_manager.c$14$1_0$67      content_manager
     00000288  G$engine_content_manager_load_sp   content_manager
     00000288  _engine_content_manager_load_spl   content_manager
     0000028B  A$content_manager$86               content_manager
     0000028C  A$content_manager$87               content_manager
     0000028F  A$content_manager$88               content_manager
     00000290  A$content_manager$89               content_manager
     00000293  A$content_manager$90               content_manager
     00000294  A$content_manager$94               content_manager
     00000294  C$content_manager.c$15$1_0$67      content_manager
     00000297  A$content_manager$95               content_manager
     00000298  A$content_manager$96               content_manager
     0000029B  A$content_manager$97               content_manager
     0000029C  A$content_manager$98               content_manager
     0000029F  A$content_manager$99               content_manager
     000002A0  A$content_manager$100              content_manager
     000002A1  A$content_manager$104              content_manager
     000002A1  C$content_manager.c$16$1_0$67      content_manager
     000002A4  A$content_manager$112              content_manager
     000002A4  C$content_manager.c$17$1_0$67      content_manager
     000002A4  XG$engine_content_manager_load_s   content_manager
     000002A7  G$splash__palette__bin$0_0$0       gfx
     000002A7  _splash__palette__bin              gfx
     000002B7  G$splash__tilemap__stmcompr$0_0$   gfx
     000002B7  _splash__tilemap__stmcompr         gfx
     000002FE  G$splash__tiles__psgcompr$0_0$0    gfx
     000002FE  _splash__tiles__psgcompr           gfx
     00000B27  _SMS_loadPSGaidencompressedTiles   SMSlib_PSGaiden
     00000C01  _SMS_init                          SMSlib
     00000C33  _VDPReg_init                       SMSlib
     00000C3E  _SMS_VDPturnOnFeature              SMSlib
     00000C53  _SMS_VDPturnOffFeature             SMSlib
     00000C6B  _SMS_setBGScrollX                  SMSlib
     00000C75  _SMS_setBGScrollY                  SMSlib
     00000C7F  _SMS_setBackdropColor              SMSlib
     00000C89  _SMS_useFirstHalfTilesforSprites   SMSlib
     00000C9F  _SMS_setSpriteMode                 SMSlib
     00000CED  _SMS_setBGPaletteColor             SMSlib
     00000D01  _SMS_setSpritePaletteColor         SMSlib
     00000D15  _SMS_loadBGPalette                 SMSlib
     00000D2A  _SMS_loadSpritePalette             SMSlib
     00000D3F  _SMS_setColor                      SMSlib
     00000D43  _SMS_waitForVBlank                 SMSlib
     00000D50  _SMS_getKeysStatus                 SMSlib
     00000D54  _SMS_getKeysPressed                SMSlib
     00000D71  _SMS_getKeysHeld                   SMSlib
     00000D85  _SMS_getKeysReleased               SMSlib
     00000DA2  _SMS_queryPauseRequested           SMSlib
     00000DA7  _SMS_resetPauseRequest             SMSlib
     00000DAD  _SMS_setLineInterruptHandler       SMSlib
ASxxxx Linker V03.00 + NoICE + sdld,  page 5.
Hexadecimal  [32-Bits]

Area                                    Addr        Size        Decimal Bytes (Attributes)
--------------------------------        ----        ----        ------- ----- ------------
_CODE                               00000200    00000D9A =        3482. bytes (REL,CON)

      Value  Global                              Global Defined In Module
      -----  --------------------------------   ------------------------
     00000DB1  _SMS_setLineCounter                SMSlib
     00000DBB  _SMS_getVCount                     SMSlib
     00000DBF  _SMS_getHCount                     SMSlib
     00000DC3  _SMS_isr                           SMSlib
     00000DF9  _SMS_nmi_isr                       SMSlib
     00000E02  _SMS_initSprites                   SMSlib_sprite
     00000E08  _SMS_addSprite                     SMSlib_sprite
     00000E3B  _SMS_copySpritestoSAT              SMSlib_sprite
     00000E71  ___sdcc_call_hl                    
     00000E72  _SMS_loadSTMcompressedTileMapatA   SMSlib_STMcomp
ASxxxx Linker V03.00 + NoICE + sdld,  page 6.
Hexadecimal  [32-Bits]

Area                                    Addr        Size        Decimal Bytes (Attributes)
--------------------------------        ----        ----        ------- ----- ------------
_HEADER0                            00000000    00000008 =           8. bytes (ABS,CON)

      Value  Global                              Global Defined In Module
      -----  --------------------------------   ------------------------
ASxxxx Linker V03.00 + NoICE + sdld,  page 7.
Hexadecimal  [32-Bits]

Area                                    Addr        Size        Decimal Bytes (Attributes)
--------------------------------        ----        ----        ------- ----- ------------
_HEADER1                            00000000    00000009 =           9. bytes (ABS,CON)

      Value  Global                              Global Defined In Module
      -----  --------------------------------   ------------------------
     00000008  _SMS_crt0_RST08                    crt0

ASxxxx Linker V03.00 + NoICE + sdld,  page 8.
Hexadecimal  [32-Bits]

Area                                    Addr        Size        Decimal Bytes (Attributes)
--------------------------------        ----        ----        ------- ----- ------------
_HEADER2                            00000000    00000018 =          24. bytes (ABS,CON)

      Value  Global                              Global Defined In Module
      -----  --------------------------------   ------------------------
     00000018  _SMS_crt0_RST18                    crt0

ASxxxx Linker V03.00 + NoICE + sdld,  page 9.
Hexadecimal  [32-Bits]

Area                                    Addr        Size        Decimal Bytes (Attributes)
--------------------------------        ----        ----        ------- ----- ------------
_HEADER3                            00000000    0000002B =          43. bytes (ABS,CON)

      Value  Global                              Global Defined In Module
      -----  --------------------------------   ------------------------
ASxxxx Linker V03.00 + NoICE + sdld,  page 10.
Hexadecimal  [32-Bits]

Area                                    Addr        Size        Decimal Bytes (Attributes)
--------------------------------        ----        ----        ------- ----- ------------
_HEADER4                            00000000    00000104 =         260. bytes (ABS,CON)

      Value  Global                              Global Defined In Module
      -----  --------------------------------   ------------------------
     00000069  _OUTI128                           crt0
     000000E9  _OUTI64                            crt0
     00000129  _OUTI32                            crt0
     00000169  _outi_block                        crt0

ASxxxx Linker V03.00 + NoICE + sdld,  page 11.
Hexadecimal  [32-Bits]

Area                                    Addr        Size        Decimal Bytes (Attributes)
--------------------------------        ----        ----        ------- ----- ------------
_INITIALIZER                        00000F9A    00000005 =           5. bytes (REL,CON)

      Value  Global                              Global Defined In Module
      -----  --------------------------------   ------------------------
ASxxxx Linker V03.00 + NoICE + sdld,  page 12.
Hexadecimal  [32-Bits]

Area                                    Addr        Size        Decimal Bytes (Attributes)
--------------------------------        ----        ----        ------- ----- ------------
_GSINIT                             00000F9F    0000000F =          15. bytes (REL,CON)

      Value  Global                              Global Defined In Module
      -----  --------------------------------   ------------------------
     00000F9F  gsinit                             crt0

ASxxxx Linker V03.00 + NoICE + sdld,  page 13.
Hexadecimal  [32-Bits]

Area                                    Addr        Size        Decimal Bytes (Attributes)
--------------------------------        ----        ----        ------- ----- ------------
_GSFINAL                            00000FAE    00000001 =           1. bytes (REL,CON)

      Value  Global                              Global Defined In Module
      -----  --------------------------------   ------------------------
ASxxxx Linker V03.00 + NoICE + sdld,  page 14.
Hexadecimal  [32-Bits]

Area                                    Addr        Size        Decimal Bytes (Attributes)
--------------------------------        ----        ----        ------- ----- ------------
_DATA                               0000C000    000000F4 =         244. bytes (REL,CON)

      Value  Global                              Global Defined In Module
      -----  --------------------------------   ------------------------
     0000C000  _decompBuffer                      SMSlib_PSGaiden
     0000C020  _VDPBlank                          SMSlib
     0000C021  _SMS_VDPFlags                      SMSlib
     0000C022  _PauseRequested                    SMSlib
     0000C023  _SMS_Port3EBIOSvalue               SMSlib
     0000C024  _KeysStatus                        SMSlib
     0000C026  _PreviousKeysStatus                SMSlib
     0000C028  _SMS_theLineInterruptHandler       SMSlib
     0000C02A  _SpriteTableY                      SMSlib_sprite
     0000C06A  _SpriteTableXN                     SMSlib_sprite
     0000C0EA  _SpriteNextFree                    SMSlib_sprite
     0000C0EB  _STM_src                           SMSlib_STMcomp
     0000C0ED  _STM_dest                          SMSlib_STMcomp
     0000C0EF  _STM_HH                            SMSlib_STMcomp
     0000C0F0  _STM_oldHH                         SMSlib_STMcomp
     0000C0F1  _STM_needRestore                   SMSlib_STMcomp
     0000C0F2  _STM_ttw                           SMSlib_STMcomp
     0000C0F3  _STM_width                         SMSlib_STMcomp
ASxxxx Linker V03.00 + NoICE + sdld,  page 15.
Hexadecimal  [32-Bits]

Area                                    Addr        Size        Decimal Bytes (Attributes)
--------------------------------        ----        ----        ------- ----- ------------
_INITIALIZED                        0000C0F4    00000005 =           5. bytes (REL,CON)

      Value  Global                              Global Defined In Module
      -----  --------------------------------   ------------------------
     0000C0F4  _VDPReg                            SMSlib
     0000C0F6  _spritesHeight                     SMSlib
     0000C0F7  _spritesWidth                      SMSlib
     0000C0F8  _spritesTileOffset                 SMSlib

ASxxxx Linker V03.00 + NoICE + sdld,  page 16.
Hexadecimal  [32-Bits]

Area                                    Addr        Size        Decimal Bytes (Attributes)
--------------------------------        ----        ----        ------- ----- ------------
_CABS0                              00000000    00000010 =          16. bytes (ABS,CON)

      Value  Global                              Global Defined In Module
      -----  --------------------------------   ------------------------
     00007FF0  G$__SMS__SEGA_signature$0_0$0      main
     00007FF0  ___SMS__SEGA_signature             main

ASxxxx Linker V03.00 + NoICE + sdld,  page 17.
Hexadecimal  [32-Bits]

Area                                    Addr        Size        Decimal Bytes (Attributes)
--------------------------------        ----        ----        ------- ----- ------------
_CABS1                              00000000    00000011 =          17. bytes (ABS,CON)

      Value  Global                              Global Defined In Module
      -----  --------------------------------   ------------------------
     00007FCF  G$__SMS__SDSC_author$0_0$0         main
     00007FCF  ___SMS__SDSC_author                main

ASxxxx Linker V03.00 + NoICE + sdld,  page 18.
Hexadecimal  [32-Bits]

Area                                    Addr        Size        Decimal Bytes (Attributes)
--------------------------------        ----        ----        ------- ----- ------------
_CABS2                              00000000    0000000C =          12. bytes (ABS,CON)

      Value  Global                              Global Defined In Module
      -----  --------------------------------   ------------------------
     00007FC3  G$__SMS__SDSC_name$0_0$0           main
     00007FC3  ___SMS__SDSC_name                  main

ASxxxx Linker V03.00 + NoICE + sdld,  page 19.
Hexadecimal  [32-Bits]

Area                                    Addr        Size        Decimal Bytes (Attributes)
--------------------------------        ----        ----        ------- ----- ------------
_CABS3                              00000000    00000037 =          55. bytes (ABS,CON)

      Value  Global                              Global Defined In Module
      -----  --------------------------------   ------------------------
     00007F8C  G$__SMS__SDSC_descr$0_0$0          main
     00007F8C  ___SMS__SDSC_descr                 main

ASxxxx Linker V03.00 + NoICE + sdld,  page 20.
Hexadecimal  [32-Bits]

Area                                    Addr        Size        Decimal Bytes (Attributes)
--------------------------------        ----        ----        ------- ----- ------------
_CABS4                              00000000    00000010 =          16. bytes (ABS,CON)

      Value  Global                              Global Defined In Module
      -----  --------------------------------   ------------------------
     00007FE0  G$__SMS__SDSC_signature$0_0$0      main
     00007FE0  ___SMS__SDSC_signature             main

ASxxxx Linker V03.00 + NoICE + sdld,  page 21.

Files Linked                              [ module(s) ]

../crt0/crt0_sms.rel                      [ crt0 ]
main.rel                                  [ main ]
engine/asm_manager.rel                    [ asm_manager ]
engine/content_manager.rel                [ content_manager ]
gfx.rel                                   [ gfx ]


Libraries Linked                          [ object file ]

../lib/SMSlib.lib                         [ SMSlib_PSGaiden.rel ]
../lib/SMSlib.lib                         [ SMSlib.rel ]
../lib/SMSlib.lib                         [ SMSlib_sprite.rel ]
C:\Program Files\SDCC\bin\..\lib\z80/z80.lib
                                          [ __sdcc_call_hl.rel ]
../lib/SMSlib.lib                         [ SMSlib_STMcomp.rel ]

ASxxxx Linker V03.00 + NoICE + sdld,  page 22.

User Base Address Definitions

_CODE = 0x0200
_DATA = 0xc000

