                                      1 ;--------------------------------------------------------
                                      2 ; File Created by SDCC : free open source ANSI-C Compiler
                                      3 ; Version 4.1.0 #12072 (MINGW64)
                                      4 ;--------------------------------------------------------
                                      5 	.module content_manager
                                      6 	.optsdcc -mz80
                                      7 	
                                      8 ;--------------------------------------------------------
                                      9 ; Public variables in this module
                                     10 ;--------------------------------------------------------
                                     11 	.globl _devkit_SMS_loadSpritePalette
                                     12 	.globl _devkit_SMS_loadBGPalette
                                     13 	.globl _devkit_SMS_loadPSGaidencompressedTiles
                                     14 	.globl _devkit_SMS_loadTiles
                                     15 	.globl _devkit_SMS_mapROMBank
                                     16 	.globl _engine_content_manager_bggame
                                     17 	.globl _engine_content_manager_splash
                                     18 	.globl _engine_content_manager_titles
                                     19 	.globl _engine_content_manager_sprite
                                     20 	.globl _engine_content_manager_load_level1_assets
                                     21 ;--------------------------------------------------------
                                     22 ; special function registers
                                     23 ;--------------------------------------------------------
                                     24 ;--------------------------------------------------------
                                     25 ; ram data
                                     26 ;--------------------------------------------------------
                                     27 	.area _DATA
                                     28 ;--------------------------------------------------------
                                     29 ; ram data
                                     30 ;--------------------------------------------------------
                                     31 	.area _INITIALIZED
                                     32 ;--------------------------------------------------------
                                     33 ; absolute external ram data
                                     34 ;--------------------------------------------------------
                                     35 	.area _DABS (ABS)
                                     36 ;--------------------------------------------------------
                                     37 ; global & static initialisations
                                     38 ;--------------------------------------------------------
                                     39 	.area _HOME
                                     40 	.area _GSINIT
                                     41 	.area _GSFINAL
                                     42 	.area _GSINIT
                                     43 ;--------------------------------------------------------
                                     44 ; Home
                                     45 ;--------------------------------------------------------
                                     46 	.area _HOME
                                     47 	.area _HOME
                                     48 ;--------------------------------------------------------
                                     49 ; code
                                     50 ;--------------------------------------------------------
                                     51 	.area _CODE
                           000000    52 	G$engine_content_manager_bggame$0$0	= .
                                     53 	.globl	G$engine_content_manager_bggame$0$0
                           000000    54 	C$content_manager.c$13$0_0$83	= .
                                     55 	.globl	C$content_manager.c$13$0_0$83
                                     56 ;content_manager.c:13: void engine_content_manager_bggame()
                                     57 ;	---------------------------------
                                     58 ; Function engine_content_manager_bggame
                                     59 ; ---------------------------------
      000000                         60 _engine_content_manager_bggame::
                           000000    61 	C$content_manager.c$15$1_0$83	= .
                                     62 	.globl	C$content_manager.c$15$1_0$83
                                     63 ;content_manager.c:15: devkit_SMS_loadPSGaidencompressedTiles( font_tiles__tiles__psgcompr, 0 );
      000000 21 00 00         [10]   64 	ld	hl, #0x0000
      000003 E5               [11]   65 	push	hl
      000004 21r00r00         [10]   66 	ld	hl, #_font_tiles__tiles__psgcompr
      000007 E5               [11]   67 	push	hl
      000008 CDr00r00         [17]   68 	call	_devkit_SMS_loadPSGaidencompressedTiles
      00000B F1               [10]   69 	pop	af
                           00000C    70 	C$content_manager.c$16$1_0$83	= .
                                     71 	.globl	C$content_manager.c$16$1_0$83
                                     72 ;content_manager.c:16: devkit_SMS_loadBGPalette( ( void * ) font_tiles__palette__bin );
      00000C 21r00r00         [10]   73 	ld	hl, #_font_tiles__palette__bin
      00000F E3               [19]   74 	ex	(sp),hl
      000010 CDr00r00         [17]   75 	call	_devkit_SMS_loadBGPalette
      000013 F1               [10]   76 	pop	af
                           000014    77 	C$content_manager.c$17$1_0$83	= .
                                     78 	.globl	C$content_manager.c$17$1_0$83
                                     79 ;content_manager.c:17: }
                           000014    80 	C$content_manager.c$17$1_0$83	= .
                                     81 	.globl	C$content_manager.c$17$1_0$83
                           000014    82 	XG$engine_content_manager_bggame$0$0	= .
                                     83 	.globl	XG$engine_content_manager_bggame$0$0
      000014 C9               [10]   84 	ret
                           000015    85 	G$engine_content_manager_splash$0$0	= .
                                     86 	.globl	G$engine_content_manager_splash$0$0
                           000015    87 	C$content_manager.c$19$1_0$85	= .
                                     88 	.globl	C$content_manager.c$19$1_0$85
                                     89 ;content_manager.c:19: void engine_content_manager_splash()
                                     90 ;	---------------------------------
                                     91 ; Function engine_content_manager_splash
                                     92 ; ---------------------------------
      000015                         93 _engine_content_manager_splash::
                           000015    94 	C$content_manager.c$22$1_0$85	= .
                                     95 	.globl	C$content_manager.c$22$1_0$85
                                     96 ;content_manager.c:22: }
                           000015    97 	C$content_manager.c$22$1_0$85	= .
                                     98 	.globl	C$content_manager.c$22$1_0$85
                           000015    99 	XG$engine_content_manager_splash$0$0	= .
                                    100 	.globl	XG$engine_content_manager_splash$0$0
      000015 C9               [10]  101 	ret
                           000016   102 	G$engine_content_manager_titles$0$0	= .
                                    103 	.globl	G$engine_content_manager_titles$0$0
                           000016   104 	C$content_manager.c$24$1_0$87	= .
                                    105 	.globl	C$content_manager.c$24$1_0$87
                                    106 ;content_manager.c:24: void engine_content_manager_titles()
                                    107 ;	---------------------------------
                                    108 ; Function engine_content_manager_titles
                                    109 ; ---------------------------------
      000016                        110 _engine_content_manager_titles::
                           000016   111 	C$content_manager.c$27$1_0$87	= .
                                    112 	.globl	C$content_manager.c$27$1_0$87
                                    113 ;content_manager.c:27: }
                           000016   114 	C$content_manager.c$27$1_0$87	= .
                                    115 	.globl	C$content_manager.c$27$1_0$87
                           000016   116 	XG$engine_content_manager_titles$0$0	= .
                                    117 	.globl	XG$engine_content_manager_titles$0$0
      000016 C9               [10]  118 	ret
                           000017   119 	G$engine_content_manager_sprite$0$0	= .
                                    120 	.globl	G$engine_content_manager_sprite$0$0
                           000017   121 	C$content_manager.c$29$1_0$89	= .
                                    122 	.globl	C$content_manager.c$29$1_0$89
                                    123 ;content_manager.c:29: void engine_content_manager_sprite()
                                    124 ;	---------------------------------
                                    125 ; Function engine_content_manager_sprite
                                    126 ; ---------------------------------
      000017                        127 _engine_content_manager_sprite::
                           000017   128 	C$content_manager.c$35$1_0$89	= .
                                    129 	.globl	C$content_manager.c$35$1_0$89
                                    130 ;content_manager.c:35: }
                           000017   131 	C$content_manager.c$35$1_0$89	= .
                                    132 	.globl	C$content_manager.c$35$1_0$89
                           000017   133 	XG$engine_content_manager_sprite$0$0	= .
                                    134 	.globl	XG$engine_content_manager_sprite$0$0
      000017 C9               [10]  135 	ret
                           000018   136 	G$engine_content_manager_load_level1_assets$0$0	= .
                                    137 	.globl	G$engine_content_manager_load_level1_assets$0$0
                           000018   138 	C$content_manager.c$37$1_0$90	= .
                                    139 	.globl	C$content_manager.c$37$1_0$90
                                    140 ;content_manager.c:37: void engine_content_manager_load_level1_assets()
                                    141 ;	---------------------------------
                                    142 ; Function engine_content_manager_load_level1_assets
                                    143 ; ---------------------------------
      000018                        144 _engine_content_manager_load_level1_assets::
                           000018   145 	C$content_manager.c$39$1_0$90	= .
                                    146 	.globl	C$content_manager.c$39$1_0$90
                                    147 ;content_manager.c:39: devkit_SMS_mapROMBank( level1_palette_bin_bank );
      000018 3E 02            [ 7]  148 	ld	a, #0x02
      00001A F5               [11]  149 	push	af
      00001B 33               [ 6]  150 	inc	sp
      00001C CDr00r00         [17]  151 	call	_devkit_SMS_mapROMBank
      00001F 33               [ 6]  152 	inc	sp
                           000020   153 	C$content_manager.c$40$1_0$90	= .
                                    154 	.globl	C$content_manager.c$40$1_0$90
                                    155 ;content_manager.c:40: devkit_SMS_loadBGPalette( (unsigned char *) level1_palette_bin );
      000020 21r00r00         [10]  156 	ld	hl, #_level1_palette_bin
      000023 E5               [11]  157 	push	hl
      000024 CDr00r00         [17]  158 	call	_devkit_SMS_loadBGPalette
      000027 F1               [10]  159 	pop	af
                           000028   160 	C$content_manager.c$41$1_0$90	= .
                                    161 	.globl	C$content_manager.c$41$1_0$90
                                    162 ;content_manager.c:41: devkit_SMS_loadTiles( ( unsigned char * )level1_tiles_bin, 0, level1_tiles_bin_size );
      000028 21 00 11         [10]  163 	ld	hl, #0x1100
      00002B E5               [11]  164 	push	hl
      00002C 65               [ 4]  165 	ld	h, l
      00002D E5               [11]  166 	push	hl
      00002E 21r00r00         [10]  167 	ld	hl, #_level1_tiles_bin
      000031 E5               [11]  168 	push	hl
      000032 CDr00r00         [17]  169 	call	_devkit_SMS_loadTiles
      000035 21 06 00         [10]  170 	ld	hl, #6
      000038 39               [11]  171 	add	hl, sp
      000039 F9               [ 6]  172 	ld	sp, hl
                           00003A   173 	C$content_manager.c$42$1_0$90	= .
                                    174 	.globl	C$content_manager.c$42$1_0$90
                                    175 ;content_manager.c:42: devkit_SMS_mapROMBank( player_palette_bin_bank );
      00003A 3E 03            [ 7]  176 	ld	a, #0x03
      00003C F5               [11]  177 	push	af
      00003D 33               [ 6]  178 	inc	sp
      00003E CDr00r00         [17]  179 	call	_devkit_SMS_mapROMBank
      000041 33               [ 6]  180 	inc	sp
                           000042   181 	C$content_manager.c$43$1_0$90	= .
                                    182 	.globl	C$content_manager.c$43$1_0$90
                                    183 ;content_manager.c:43: devkit_SMS_loadSpritePalette( ( unsigned char * ) player_palette_bin );
      000042 21r00r00         [10]  184 	ld	hl, #_player_palette_bin
      000045 E5               [11]  185 	push	hl
      000046 CDr00r00         [17]  186 	call	_devkit_SMS_loadSpritePalette
      000049 F1               [10]  187 	pop	af
                           00004A   188 	C$content_manager.c$44$1_0$90	= .
                                    189 	.globl	C$content_manager.c$44$1_0$90
                                    190 ;content_manager.c:44: }
                           00004A   191 	C$content_manager.c$44$1_0$90	= .
                                    192 	.globl	C$content_manager.c$44$1_0$90
                           00004A   193 	XG$engine_content_manager_load_level1_assets$0$0	= .
                                    194 	.globl	XG$engine_content_manager_load_level1_assets$0$0
      00004A C9               [10]  195 	ret
                           00004B   196 	Fcontent_manager$load_tile$0$0	= .
                                    197 	.globl	Fcontent_manager$load_tile$0$0
                           00004B   198 	C$content_manager.c$46$1_0$92	= .
                                    199 	.globl	C$content_manager.c$46$1_0$92
                                    200 ;content_manager.c:46: static void load_tile( unsigned char bank, const unsigned char *tiles, unsigned char tilefrom, const unsigned char *palette )
                                    201 ;	---------------------------------
                                    202 ; Function load_tile
                                    203 ; ---------------------------------
      00004B                        204 _load_tile:
                           00004B   205 	C$content_manager.c$48$1_0$92	= .
                                    206 	.globl	C$content_manager.c$48$1_0$92
                                    207 ;content_manager.c:48: devkit_SMS_mapROMBank( bank );
      00004B 21 02 00         [10]  208 	ld	hl, #2
      00004E 39               [11]  209 	add	hl, sp
      00004F 7E               [ 7]  210 	ld	a, (hl)
      000050 F5               [11]  211 	push	af
      000051 33               [ 6]  212 	inc	sp
      000052 CDr00r00         [17]  213 	call	_devkit_SMS_mapROMBank
      000055 33               [ 6]  214 	inc	sp
                           000056   215 	C$content_manager.c$49$1_0$92	= .
                                    216 	.globl	C$content_manager.c$49$1_0$92
                                    217 ;content_manager.c:49: devkit_SMS_loadPSGaidencompressedTiles( tiles, tilefrom );
      000056 FD 21 05 00      [14]  218 	ld	iy, #5
      00005A FD 39            [15]  219 	add	iy, sp
      00005C FD 5E 00         [19]  220 	ld	e, 0 (iy)
      00005F 16 00            [ 7]  221 	ld	d, #0x00
      000061 FD 4E FE         [19]  222 	ld	c, -2 (iy)
      000064 FD 46 FF         [19]  223 	ld	b, -1 (iy)
      000067 D5               [11]  224 	push	de
      000068 C5               [11]  225 	push	bc
      000069 CDr00r00         [17]  226 	call	_devkit_SMS_loadPSGaidencompressedTiles
      00006C F1               [10]  227 	pop	af
      00006D F1               [10]  228 	pop	af
                           00006E   229 	C$content_manager.c$50$1_0$92	= .
                                    230 	.globl	C$content_manager.c$50$1_0$92
                                    231 ;content_manager.c:50: devkit_SMS_loadBGPalette( ( void * ) palette );
      00006E 21 06 00         [10]  232 	ld	hl, #6
      000071 39               [11]  233 	add	hl, sp
      000072 4E               [ 7]  234 	ld	c, (hl)
      000073 23               [ 6]  235 	inc	hl
      000074 46               [ 7]  236 	ld	b, (hl)
      000075 C5               [11]  237 	push	bc
      000076 CDr00r00         [17]  238 	call	_devkit_SMS_loadBGPalette
      000079 F1               [10]  239 	pop	af
                           00007A   240 	C$content_manager.c$51$1_0$92	= .
                                    241 	.globl	C$content_manager.c$51$1_0$92
                                    242 ;content_manager.c:51: }
                           00007A   243 	C$content_manager.c$51$1_0$92	= .
                                    244 	.globl	C$content_manager.c$51$1_0$92
                           00007A   245 	XFcontent_manager$load_tile$0$0	= .
                                    246 	.globl	XFcontent_manager$load_tile$0$0
      00007A C9               [10]  247 	ret
                                    248 	.area _CODE
                                    249 	.area _INITIALIZER
                                    250 	.area _CABS (ABS)
