                                      1 ;--------------------------------------------------------
                                      2 ; File Created by SDCC : free open source ANSI-C Compiler
                                      3 ; Version 4.1.0 #12072 (MINGW64)
                                      4 ;--------------------------------------------------------
                                      5 	.module content_manager
                                      6 	.optsdcc -mz80
                                      7 	
                                      8 ;--------------------------------------------------------
                                      9 ; Public variables in this module
                                     10 ;--------------------------------------------------------
                                     11 	.globl _devkit_SMS_loadBGPalette
                                     12 	.globl _devkit_SMS_loadPSGaidencompressedTiles
                                     13 	.globl _devkit_SMS_mapROMBank
                                     14 	.globl _engine_content_manager_bggame
                                     15 	.globl _engine_content_manager_splash
                                     16 	.globl _engine_content_manager_titles
                                     17 	.globl _engine_content_manager_sprite
                                     18 ;--------------------------------------------------------
                                     19 ; special function registers
                                     20 ;--------------------------------------------------------
                                     21 ;--------------------------------------------------------
                                     22 ; ram data
                                     23 ;--------------------------------------------------------
                                     24 	.area _DATA
                                     25 ;--------------------------------------------------------
                                     26 ; ram data
                                     27 ;--------------------------------------------------------
                                     28 	.area _INITIALIZED
                                     29 ;--------------------------------------------------------
                                     30 ; absolute external ram data
                                     31 ;--------------------------------------------------------
                                     32 	.area _DABS (ABS)
                                     33 ;--------------------------------------------------------
                                     34 ; global & static initialisations
                                     35 ;--------------------------------------------------------
                                     36 	.area _HOME
                                     37 	.area _GSINIT
                                     38 	.area _GSFINAL
                                     39 	.area _GSINIT
                                     40 ;--------------------------------------------------------
                                     41 ; Home
                                     42 ;--------------------------------------------------------
                                     43 	.area _HOME
                                     44 	.area _HOME
                                     45 ;--------------------------------------------------------
                                     46 ; code
                                     47 ;--------------------------------------------------------
                                     48 	.area _CODE
                           000000    49 	G$engine_content_manager_bggame$0$0	= .
                                     50 	.globl	G$engine_content_manager_bggame$0$0
                           000000    51 	C$content_manager.c$10$0_0$83	= .
                                     52 	.globl	C$content_manager.c$10$0_0$83
                                     53 ;content_manager.c:10: void engine_content_manager_bggame()
                                     54 ;	---------------------------------
                                     55 ; Function engine_content_manager_bggame
                                     56 ; ---------------------------------
      000000                         57 _engine_content_manager_bggame::
                           000000    58 	C$content_manager.c$12$1_0$83	= .
                                     59 	.globl	C$content_manager.c$12$1_0$83
                                     60 ;content_manager.c:12: devkit_SMS_loadPSGaidencompressedTiles( font_tiles__tiles__psgcompr, 0 );
      000000 21 00 00         [10]   61 	ld	hl, #0x0000
      000003 E5               [11]   62 	push	hl
      000004 21r00r00         [10]   63 	ld	hl, #_font_tiles__tiles__psgcompr
      000007 E5               [11]   64 	push	hl
      000008 CDr00r00         [17]   65 	call	_devkit_SMS_loadPSGaidencompressedTiles
      00000B F1               [10]   66 	pop	af
                           00000C    67 	C$content_manager.c$13$1_0$83	= .
                                     68 	.globl	C$content_manager.c$13$1_0$83
                                     69 ;content_manager.c:13: devkit_SMS_loadBGPalette( ( void * ) font_tiles__palette__bin );
      00000C 21r00r00         [10]   70 	ld	hl, #_font_tiles__palette__bin
      00000F E3               [19]   71 	ex	(sp),hl
      000010 CDr00r00         [17]   72 	call	_devkit_SMS_loadBGPalette
      000013 F1               [10]   73 	pop	af
                           000014    74 	C$content_manager.c$14$1_0$83	= .
                                     75 	.globl	C$content_manager.c$14$1_0$83
                                     76 ;content_manager.c:14: }
                           000014    77 	C$content_manager.c$14$1_0$83	= .
                                     78 	.globl	C$content_manager.c$14$1_0$83
                           000014    79 	XG$engine_content_manager_bggame$0$0	= .
                                     80 	.globl	XG$engine_content_manager_bggame$0$0
      000014 C9               [10]   81 	ret
                           000015    82 	G$engine_content_manager_splash$0$0	= .
                                     83 	.globl	G$engine_content_manager_splash$0$0
                           000015    84 	C$content_manager.c$16$1_0$85	= .
                                     85 	.globl	C$content_manager.c$16$1_0$85
                                     86 ;content_manager.c:16: void engine_content_manager_splash()
                                     87 ;	---------------------------------
                                     88 ; Function engine_content_manager_splash
                                     89 ; ---------------------------------
      000015                         90 _engine_content_manager_splash::
                           000015    91 	C$content_manager.c$19$1_0$85	= .
                                     92 	.globl	C$content_manager.c$19$1_0$85
                                     93 ;content_manager.c:19: }
                           000015    94 	C$content_manager.c$19$1_0$85	= .
                                     95 	.globl	C$content_manager.c$19$1_0$85
                           000015    96 	XG$engine_content_manager_splash$0$0	= .
                                     97 	.globl	XG$engine_content_manager_splash$0$0
      000015 C9               [10]   98 	ret
                           000016    99 	G$engine_content_manager_titles$0$0	= .
                                    100 	.globl	G$engine_content_manager_titles$0$0
                           000016   101 	C$content_manager.c$21$1_0$87	= .
                                    102 	.globl	C$content_manager.c$21$1_0$87
                                    103 ;content_manager.c:21: void engine_content_manager_titles()
                                    104 ;	---------------------------------
                                    105 ; Function engine_content_manager_titles
                                    106 ; ---------------------------------
      000016                        107 _engine_content_manager_titles::
                           000016   108 	C$content_manager.c$24$1_0$87	= .
                                    109 	.globl	C$content_manager.c$24$1_0$87
                                    110 ;content_manager.c:24: }
                           000016   111 	C$content_manager.c$24$1_0$87	= .
                                    112 	.globl	C$content_manager.c$24$1_0$87
                           000016   113 	XG$engine_content_manager_titles$0$0	= .
                                    114 	.globl	XG$engine_content_manager_titles$0$0
      000016 C9               [10]  115 	ret
                           000017   116 	G$engine_content_manager_sprite$0$0	= .
                                    117 	.globl	G$engine_content_manager_sprite$0$0
                           000017   118 	C$content_manager.c$26$1_0$89	= .
                                    119 	.globl	C$content_manager.c$26$1_0$89
                                    120 ;content_manager.c:26: void engine_content_manager_sprite()
                                    121 ;	---------------------------------
                                    122 ; Function engine_content_manager_sprite
                                    123 ; ---------------------------------
      000017                        124 _engine_content_manager_sprite::
                           000017   125 	C$content_manager.c$32$1_0$89	= .
                                    126 	.globl	C$content_manager.c$32$1_0$89
                                    127 ;content_manager.c:32: }
                           000017   128 	C$content_manager.c$32$1_0$89	= .
                                    129 	.globl	C$content_manager.c$32$1_0$89
                           000017   130 	XG$engine_content_manager_sprite$0$0	= .
                                    131 	.globl	XG$engine_content_manager_sprite$0$0
      000017 C9               [10]  132 	ret
                           000018   133 	Fcontent_manager$load_tile$0$0	= .
                                    134 	.globl	Fcontent_manager$load_tile$0$0
                           000018   135 	C$content_manager.c$34$1_0$91	= .
                                    136 	.globl	C$content_manager.c$34$1_0$91
                                    137 ;content_manager.c:34: static void load_tile( unsigned char bank, const unsigned char *tiles, unsigned char tilefrom, const unsigned char *palette )
                                    138 ;	---------------------------------
                                    139 ; Function load_tile
                                    140 ; ---------------------------------
      000018                        141 _load_tile:
                           000018   142 	C$content_manager.c$36$1_0$91	= .
                                    143 	.globl	C$content_manager.c$36$1_0$91
                                    144 ;content_manager.c:36: devkit_SMS_mapROMBank( bank );
      000018 21 02 00         [10]  145 	ld	hl, #2
      00001B 39               [11]  146 	add	hl, sp
      00001C 7E               [ 7]  147 	ld	a, (hl)
      00001D F5               [11]  148 	push	af
      00001E 33               [ 6]  149 	inc	sp
      00001F CDr00r00         [17]  150 	call	_devkit_SMS_mapROMBank
      000022 33               [ 6]  151 	inc	sp
                           000023   152 	C$content_manager.c$37$1_0$91	= .
                                    153 	.globl	C$content_manager.c$37$1_0$91
                                    154 ;content_manager.c:37: devkit_SMS_loadPSGaidencompressedTiles( tiles, tilefrom );
      000023 FD 21 05 00      [14]  155 	ld	iy, #5
      000027 FD 39            [15]  156 	add	iy, sp
      000029 FD 5E 00         [19]  157 	ld	e, 0 (iy)
      00002C 16 00            [ 7]  158 	ld	d, #0x00
      00002E FD 4E FE         [19]  159 	ld	c, -2 (iy)
      000031 FD 46 FF         [19]  160 	ld	b, -1 (iy)
      000034 D5               [11]  161 	push	de
      000035 C5               [11]  162 	push	bc
      000036 CDr00r00         [17]  163 	call	_devkit_SMS_loadPSGaidencompressedTiles
      000039 F1               [10]  164 	pop	af
      00003A F1               [10]  165 	pop	af
                           00003B   166 	C$content_manager.c$38$1_0$91	= .
                                    167 	.globl	C$content_manager.c$38$1_0$91
                                    168 ;content_manager.c:38: devkit_SMS_loadBGPalette( ( void * ) palette );
      00003B 21 06 00         [10]  169 	ld	hl, #6
      00003E 39               [11]  170 	add	hl, sp
      00003F 4E               [ 7]  171 	ld	c, (hl)
      000040 23               [ 6]  172 	inc	hl
      000041 46               [ 7]  173 	ld	b, (hl)
      000042 C5               [11]  174 	push	bc
      000043 CDr00r00         [17]  175 	call	_devkit_SMS_loadBGPalette
      000046 F1               [10]  176 	pop	af
                           000047   177 	C$content_manager.c$39$1_0$91	= .
                                    178 	.globl	C$content_manager.c$39$1_0$91
                                    179 ;content_manager.c:39: }
                           000047   180 	C$content_manager.c$39$1_0$91	= .
                                    181 	.globl	C$content_manager.c$39$1_0$91
                           000047   182 	XFcontent_manager$load_tile$0$0	= .
                                    183 	.globl	XFcontent_manager$load_tile$0$0
      000047 C9               [10]  184 	ret
                                    185 	.area _CODE
                                    186 	.area _INITIALIZER
                                    187 	.area _CABS (ABS)
