ASxxxx Linker V03.00 + NoICE + sdld,  page 1.
Hexadecimal  [32-Bits]

Area                                    Addr        Size        Decimal Bytes (Attributes)
--------------------------------        ----        ----        ------- ----- ------------
.  .ABS.                            00000000    00000000 =           0. bytes (ABS,CON)

      Value  Global                              Global Defined In Module
      -----  --------------------------------   ------------------------
     00000000  .__.ABS.                           PSGResume
     00000000  l__BSEG                         
     00000000  l__BSS                          
     00000000  l__CABS                         
     00000000  l__DABS                         
     00000000  l__HEADER                       
     00000000  l__HEAP                         
     00000000  l__HOME                         
     00000000  s__CABS                         
     00000000  s__DABS                         
     00000000  s__HEADER                       
     00000000  s__HEADER0                      
     00000000  s__HEADER1                      
     00000000  s__HEADER2                      
     00000000  s__HEADER3                      
     00000000  s__HEADER4                      
     00000001  l__GSFINAL                      
     00000005  l__INITIALIZED                  
     00000005  l__INITIALIZER                  
     00000008  l__HEADER0                      
     00000009  l__HEADER1                      
     0000000F  l__GSINIT                       
     0000001F  l__HEADER2                      
     0000002B  l__HEADER3                      
     000000BF  G$SMS_VDPControlPort$0_0$0         main
     000000FF  l__DATA                         
     00000104  l__HEADER4                      
     00000200  s__CODE                         
     00000D36  l__CODE                         
     00000F36  s__HOME                         
     00000F36  s__INITIALIZER                  
     00000F3B  s__GSINIT                       
     00000F4A  s__GSFINAL                      
     00008000  G$SMS_SRAM$0_0$0                   main
     00008000  _SMS_SRAM                          SMSlib_sprite
     0000C000  s__DATA                         
     0000C0FF  s__INITIALIZED                  
     0000C104  s__BSEG                         
     0000C104  s__BSS                          
     0000C104  s__HEAP                         
     0000FFFC  G$SRAM_bank_to_be_mapped_on_slot   main
     0000FFFC  _SRAM_bank_to_be_mapped_on_slot2   SMSlib_sprite
     0000FFFD  G$ROM_bank_to_be_mapped_on_slot0   main
     0000FFFD  _ROM_bank_to_be_mapped_on_slot0    SMSlib_sprite
     0000FFFE  G$ROM_bank_to_be_mapped_on_slot1   main
     0000FFFE  _ROM_bank_to_be_mapped_on_slot1    SMSlib_sprite
     0000FFFF  G$ROM_bank_to_be_mapped_on_slot2   main
     0000FFFF  _ROM_bank_to_be_mapped_on_slot2    SMSlib_sprite
ASxxxx Linker V03.00 + NoICE + sdld,  page 2.
Hexadecimal  [32-Bits]

Area                                    Addr        Size        Decimal Bytes (Attributes)
--------------------------------        ----        ----        ------- ----- ------------
_CODE                               00000200    00000D36 =        3382. bytes (REL,CON)

      Value  Global                              Global Defined In Module
      -----  --------------------------------   ------------------------
     00000200  A$main$75                          main
     00000200  C$main.c$3$0_0$136                 main
     00000200  C$main.c$5$1_0$136                 main
     00000200  G$main$0$0                         main
     00000200  _main                              main
     00000202  A$main$78                          main
     00000203  A$main$79                          main
     00000206  A$main$83                          main
     00000206  C$main.c$6$1_0$136                 main
     00000209  A$main$84                          main
     0000020C  A$main$89                          main
     0000020C  C$main.c$9$3_0$138                 main
     0000020F  A$main$97                          main
     0000020F  C$main.c$11$2_0$136                main
     0000020F  XG$main$0$0                        main
     00000212  A$_snd_manager$99                  _snd_manager
     00000212  C$_snd_manager.c$10$0_0$39         _snd_manager
     00000212  C$_snd_manager.c$12$1_0$39         _snd_manager
     00000212  G$devkit_PSG_STOPPED$0$0           _snd_manager
     00000212  _devkit_PSG_STOPPED                _snd_manager
     00000213  A$_snd_manager$107                 _snd_manager
     00000213  C$_snd_manager.c$13$1_0$39         _snd_manager
     00000213  XG$devkit_PSG_STOPPED$0$0          _snd_manager
     00000214  A$_snd_manager$120                 _snd_manager
     00000214  C$_snd_manager.c$14$1_0$40         _snd_manager
     00000214  C$_snd_manager.c$16$1_0$40         _snd_manager
     00000214  G$devkit_PSG_PLAYING$0$0           _snd_manager
     00000214  _devkit_PSG_PLAYING                _snd_manager
     00000216  A$_snd_manager$128                 _snd_manager
     00000216  C$_snd_manager.c$17$1_0$40         _snd_manager
     00000216  XG$devkit_PSG_PLAYING$0$0          _snd_manager
     00000217  A$_snd_manager$141                 _snd_manager
     00000217  C$_snd_manager.c$19$1_0$41         _snd_manager
     00000217  C$_snd_manager.c$21$1_0$41         _snd_manager
     00000217  G$devkit_SFX_CHANNEL2$0$0          _snd_manager
     00000217  _devkit_SFX_CHANNEL2               _snd_manager
     00000219  A$_snd_manager$149                 _snd_manager
     00000219  C$_snd_manager.c$22$1_0$41         _snd_manager
     00000219  XG$devkit_SFX_CHANNEL2$0$0         _snd_manager
     0000021A  A$_snd_manager$162                 _snd_manager
     0000021A  C$_snd_manager.c$23$1_0$42         _snd_manager
     0000021A  C$_snd_manager.c$25$1_0$42         _snd_manager
     0000021A  G$devkit_SFX_CHANNEL3$0$0          _snd_manager
     0000021A  _devkit_SFX_CHANNEL3               _snd_manager
     0000021C  A$_snd_manager$170                 _snd_manager
     0000021C  C$_snd_manager.c$26$1_0$42         _snd_manager
     0000021C  XG$devkit_SFX_CHANNEL3$0$0         _snd_manager
     0000021D  A$_snd_manager$183                 _snd_manager
     0000021D  C$_snd_manager.c$27$1_0$43         _snd_manager
     0000021D  C$_snd_manager.c$29$1_0$43         _snd_manager
ASxxxx Linker V03.00 + NoICE + sdld,  page 3.
Hexadecimal  [32-Bits]

Area                                    Addr        Size        Decimal Bytes (Attributes)
--------------------------------        ----        ----        ------- ----- ------------
_CODE                               00000200    00000D36 =        3382. bytes (REL,CON)

      Value  Global                              Global Defined In Module
      -----  --------------------------------   ------------------------
     0000021D  G$devkit_SFX_CHANNELS2AND3$0$0     _snd_manager
     0000021D  _devkit_SFX_CHANNELS2AND3          _snd_manager
     0000021F  A$_snd_manager$191                 _snd_manager
     0000021F  C$_snd_manager.c$30$1_0$43         _snd_manager
     0000021F  XG$devkit_SFX_CHANNELS2AND3$0$0    _snd_manager
     00000220  A$_snd_manager$204                 _snd_manager
     00000220  C$_snd_manager.c$31$1_0$44         _snd_manager
     00000220  C$_snd_manager.c$33$1_0$44         _snd_manager
     00000220  G$devkit_SFX_CHANNEL0$0$0          _snd_manager
     00000220  _devkit_SFX_CHANNEL0               _snd_manager
     00000222  A$_snd_manager$212                 _snd_manager
     00000222  C$_snd_manager.c$34$1_0$44         _snd_manager
     00000222  XG$devkit_SFX_CHANNEL0$0$0         _snd_manager
     00000223  A$_snd_manager$225                 _snd_manager
     00000223  C$_snd_manager.c$35$1_0$45         _snd_manager
     00000223  C$_snd_manager.c$37$1_0$45         _snd_manager
     00000223  G$devkit_SFX_CHANNEL1$0$0          _snd_manager
     00000223  _devkit_SFX_CHANNEL1               _snd_manager
     00000225  A$_snd_manager$233                 _snd_manager
     00000225  C$_snd_manager.c$38$1_0$45         _snd_manager
     00000225  XG$devkit_SFX_CHANNEL1$0$0         _snd_manager
     00000226  A$_snd_manager$253                 _snd_manager
     00000226  C$_snd_manager.c$54$1_0$47         _snd_manager
     00000226  C$_snd_manager.c$56$1_0$47         _snd_manager
     00000226  C$_snd_manager.c$57$1_0$47         _snd_manager
     00000226  G$devkit_PSGPlay$0$0               _snd_manager
     00000226  XG$devkit_PSGPlay$0$0              _snd_manager
     00000226  _devkit_PSGPlay                    _snd_manager
     00000229  A$_snd_manager$263                 _snd_manager
     00000229  C$_snd_manager.c$58$1_0$49         _snd_manager
     00000229  G$devkit_PSGPlayLoops$0$0          _snd_manager
     00000229  _devkit_PSGPlayLoops               _snd_manager
     0000022A  A$_snd_manager$267                 _snd_manager
     0000022A  C$_snd_manager.c$60$1_0$49         _snd_manager
     0000022E  A$_snd_manager$268                 _snd_manager
     00000230  A$_snd_manager$269                 _snd_manager
     00000233  A$_snd_manager$270                 _snd_manager
     00000234  A$_snd_manager$271                 _snd_manager
     00000235  A$_snd_manager$272                 _snd_manager
     00000236  A$_snd_manager$273                 _snd_manager
     00000239  A$_snd_manager$277                 _snd_manager
     00000239  C$_snd_manager.c$61$1_0$49         _snd_manager
     0000023A  A$_snd_manager$278                 _snd_manager
     0000023B  A$_snd_manager$279                 _snd_manager
     0000023C  A$_snd_manager$299                 _snd_manager
     0000023C  C$_snd_manager.c$62$1_0$51         _snd_manager
     0000023C  C$_snd_manager.c$64$1_0$51         _snd_manager
     0000023C  C$_snd_manager.c$65$1_0$51         _snd_manager
     0000023C  G$devkit_PSGPlayNoRepeat$0$0       _snd_manager
     0000023C  XG$devkit_PSGPlayNoRepeat$0$0      _snd_manager
     0000023C  _devkit_PSGPlayNoRepeat            _snd_manager
ASxxxx Linker V03.00 + NoICE + sdld,  page 4.
Hexadecimal  [32-Bits]

Area                                    Addr        Size        Decimal Bytes (Attributes)
--------------------------------        ----        ----        ------- ----- ------------
_CODE                               00000200    00000D36 =        3382. bytes (REL,CON)

      Value  Global                              Global Defined In Module
      -----  --------------------------------   ------------------------
     0000023F  A$_snd_manager$319                 _snd_manager
     0000023F  C$_snd_manager.c$68$1_0$53         _snd_manager
     0000023F  C$_snd_manager.c$70$1_0$53         _snd_manager
     0000023F  C$_snd_manager.c$71$1_0$53         _snd_manager
     0000023F  G$devkit_PSGCancelLoop$0$0         _snd_manager
     0000023F  XG$devkit_PSGCancelLoop$0$0        _snd_manager
     0000023F  _devkit_PSGCancelLoop              _snd_manager
     00000242  A$_snd_manager$339                 _snd_manager
     00000242  C$_snd_manager.c$72$1_0$55         _snd_manager
     00000242  C$_snd_manager.c$74$1_0$55         _snd_manager
     00000242  C$_snd_manager.c$75$1_0$55         _snd_manager
     00000242  G$devkit_PSGStop$0$0               _snd_manager
     00000242  XG$devkit_PSGStop$0$0              _snd_manager
     00000242  _devkit_PSGStop                    _snd_manager
     00000245  A$_snd_manager$359                 _snd_manager
     00000245  C$_snd_manager.c$76$1_0$57         _snd_manager
     00000245  C$_snd_manager.c$78$1_0$57         _snd_manager
     00000245  C$_snd_manager.c$79$1_0$57         _snd_manager
     00000245  G$devkit_PSGResume$0$0             _snd_manager
     00000245  XG$devkit_PSGResume$0$0            _snd_manager
     00000245  _devkit_PSGResume                  _snd_manager
     00000248  A$_snd_manager$379                 _snd_manager
     00000248  C$_snd_manager.c$80$1_0$59         _snd_manager
     00000248  C$_snd_manager.c$82$1_0$59         _snd_manager
     00000248  C$_snd_manager.c$83$1_0$59         _snd_manager
     00000248  G$devkit_PSGGetStatus$0$0          _snd_manager
     00000248  XG$devkit_PSGGetStatus$0$0         _snd_manager
     00000248  _devkit_PSGGetStatus               _snd_manager
     0000024B  A$_snd_manager$389                 _snd_manager
     0000024B  C$_snd_manager.c$86$1_0$61         _snd_manager
     0000024B  G$devkit_PSGSetMusicVolumeChanne   _snd_manager
     0000024B  _devkit_PSGSetMusicVolumeChannel   _snd_manager
     0000024C  A$_snd_manager$390                 _snd_manager
     0000024D  A$_snd_manager$394                 _snd_manager
     0000024D  C$_snd_manager.c$88$1_0$61         _snd_manager
     00000251  A$_snd_manager$395                 _snd_manager
     00000253  A$_snd_manager$396                 _snd_manager
     00000256  A$_snd_manager$397                 _snd_manager
     00000259  A$_snd_manager$398                 _snd_manager
     0000025A  A$_snd_manager$399                 _snd_manager
     0000025B  A$_snd_manager$402                 _snd_manager
     0000025C  A$_snd_manager$403                 _snd_manager
     0000025F  A$_snd_manager$407                 _snd_manager
     0000025F  C$_snd_manager.c$89$1_0$61         _snd_manager
     00000260  A$_snd_manager$408                 _snd_manager
     00000261  A$_snd_manager$409                 _snd_manager
     00000262  A$_snd_manager$422                 _snd_manager
     00000262  C$_snd_manager.c$90$1_0$63         _snd_manager
     00000262  C$_snd_manager.c$92$1_0$63         _snd_manager
     00000262  G$devkit_PSGSetMusicVolumeAttenu   _snd_manager
     00000262  _devkit_PSGSetMusicVolumeAttenua   _snd_manager
ASxxxx Linker V03.00 + NoICE + sdld,  page 5.
Hexadecimal  [32-Bits]

Area                                    Addr        Size        Decimal Bytes (Attributes)
--------------------------------        ----        ----        ------- ----- ------------
_CODE                               00000200    00000D36 =        3382. bytes (REL,CON)

      Value  Global                              Global Defined In Module
      -----  --------------------------------   ------------------------
     00000264  A$_snd_manager$423                 _snd_manager
     00000265  A$_snd_manager$424                 _snd_manager
     00000267  A$_snd_manager$425                 _snd_manager
     00000268  A$_snd_manager$426                 _snd_manager
     00000269  A$_snd_manager$427                 _snd_manager
     0000026A  A$_snd_manager$428                 _snd_manager
     0000026B  A$_snd_manager$429                 _snd_manager
     0000026C  A$_snd_manager$430                 _snd_manager
     0000026D  A$_snd_manager$431                 _snd_manager
     0000026F  A$_snd_manager$432                 _snd_manager
     00000270  A$_snd_manager$435                 _snd_manager
     00000272  A$_snd_manager$438                 _snd_manager
     00000273  A$_snd_manager$439                 _snd_manager
     00000274  A$_snd_manager$440                 _snd_manager
     00000275  A$_snd_manager$441                 _snd_manager
     00000276  A$_snd_manager$442                 _snd_manager
     00000277  A$_snd_manager$443                 _snd_manager
     00000278  A$_snd_manager$444                 _snd_manager
     00000279  A$_snd_manager$445                 _snd_manager
     0000027A  A$_snd_manager$446                 _snd_manager
     0000027B  A$_snd_manager$447                 _snd_manager
     0000027C  A$_snd_manager$448                 _snd_manager
     0000027D  A$_snd_manager$449                 _snd_manager
     0000027E  A$_snd_manager$450                 _snd_manager
     0000027F  A$_snd_manager$451                 _snd_manager
     00000280  A$_snd_manager$452                 _snd_manager
     00000281  A$_snd_manager$453                 _snd_manager
     00000282  A$_snd_manager$454                 _snd_manager
     00000283  A$_snd_manager$455                 _snd_manager
     00000284  A$_snd_manager$456                 _snd_manager
     00000285  A$_snd_manager$457                 _snd_manager
     00000286  A$_snd_manager$458                 _snd_manager
     00000287  A$_snd_manager$461                 _snd_manager
     00000288  A$_snd_manager$462                 _snd_manager
     00000289  A$_snd_manager$463                 _snd_manager
     0000028A  A$_snd_manager$473                 _snd_manager
     0000028A  C$_snd_manager.c$93$1_0$63         _snd_manager
     0000028A  XG$devkit_PSGSetMusicVolumeAtten   _snd_manager
     0000028D  A$_snd_manager$493                 _snd_manager
     0000028D  C$_snd_manager.c$94$1_0$65         _snd_manager
     0000028D  C$_snd_manager.c$96$1_0$65         _snd_manager
     0000028D  C$_snd_manager.c$97$1_0$65         _snd_manager
     0000028D  G$devkit_PSGSetMusicVolumeChanne   _snd_manager
     0000028D  XG$devkit_PSGSetMusicVolumeChann   _snd_manager
     0000028D  _devkit_PSGSetMusicVolumeChannel   _snd_manager
     00000290  A$_snd_manager$506                 _snd_manager
     00000290  C$_snd_manager.c$100$1_0$67        _snd_manager
     00000290  C$_snd_manager.c$98$1_0$67         _snd_manager
     00000290  G$devkit_PSGSetSFXVolumeAttenuat   _snd_manager
     00000290  _devkit_PSGSetSFXVolumeAttenuati   _snd_manager
     00000291  A$_snd_manager$514                 _snd_manager
ASxxxx Linker V03.00 + NoICE + sdld,  page 6.
Hexadecimal  [32-Bits]

Area                                    Addr        Size        Decimal Bytes (Attributes)
--------------------------------        ----        ----        ------- ----- ------------
_CODE                               00000200    00000D36 =        3382. bytes (REL,CON)

      Value  Global                              Global Defined In Module
      -----  --------------------------------   ------------------------
     00000291  C$_snd_manager.c$101$1_0$67        _snd_manager
     00000291  XG$devkit_PSGSetSFXVolumeAttenua   _snd_manager
     00000294  A$_snd_manager$524                 _snd_manager
     00000294  C$_snd_manager.c$103$1_0$69        _snd_manager
     00000294  G$devkit_PSGSFXPlay$0$0            _snd_manager
     00000294  _devkit_PSGSFXPlay                 _snd_manager
     00000295  A$_snd_manager$528                 _snd_manager
     00000295  C$_snd_manager.c$105$1_0$69        _snd_manager
     00000299  A$_snd_manager$529                 _snd_manager
     0000029B  A$_snd_manager$530                 _snd_manager
     0000029E  A$_snd_manager$531                 _snd_manager
     0000029F  A$_snd_manager$532                 _snd_manager
     000002A0  A$_snd_manager$533                 _snd_manager
     000002A1  A$_snd_manager$534                 _snd_manager
     000002A4  A$_snd_manager$538                 _snd_manager
     000002A4  C$_snd_manager.c$106$1_0$69        _snd_manager
     000002A5  A$_snd_manager$539                 _snd_manager
     000002A6  A$_snd_manager$540                 _snd_manager
     000002A7  A$_snd_manager$550                 _snd_manager
     000002A7  C$_snd_manager.c$107$1_0$71        _snd_manager
     000002A7  G$devkit_PSGSFXPlayLoop$0$0        _snd_manager
     000002A7  _devkit_PSGSFXPlayLoop             _snd_manager
     000002A8  A$_snd_manager$554                 _snd_manager
     000002A8  C$_snd_manager.c$109$1_0$71        _snd_manager
     000002AC  A$_snd_manager$555                 _snd_manager
     000002AE  A$_snd_manager$556                 _snd_manager
     000002B1  A$_snd_manager$557                 _snd_manager
     000002B2  A$_snd_manager$558                 _snd_manager
     000002B3  A$_snd_manager$559                 _snd_manager
     000002B4  A$_snd_manager$560                 _snd_manager
     000002B7  A$_snd_manager$564                 _snd_manager
     000002B7  C$_snd_manager.c$110$1_0$71        _snd_manager
     000002B8  A$_snd_manager$565                 _snd_manager
     000002B9  A$_snd_manager$566                 _snd_manager
     000002BA  A$_snd_manager$586                 _snd_manager
     000002BA  C$_snd_manager.c$111$1_0$73        _snd_manager
     000002BA  C$_snd_manager.c$113$1_0$73        _snd_manager
     000002BA  C$_snd_manager.c$114$1_0$73        _snd_manager
     000002BA  G$devkit_PSGSFXCancelLoop$0$0      _snd_manager
     000002BA  XG$devkit_PSGSFXCancelLoop$0$0     _snd_manager
     000002BA  _devkit_PSGSFXCancelLoop           _snd_manager
     000002BD  A$_snd_manager$606                 _snd_manager
     000002BD  C$_snd_manager.c$115$1_0$75        _snd_manager
     000002BD  C$_snd_manager.c$117$1_0$75        _snd_manager
     000002BD  C$_snd_manager.c$118$1_0$75        _snd_manager
     000002BD  G$devkit_PSGSFXStop$0$0            _snd_manager
     000002BD  XG$devkit_PSGSFXStop$0$0           _snd_manager
     000002BD  _devkit_PSGSFXStop                 _snd_manager
     000002C0  A$_snd_manager$626                 _snd_manager
     000002C0  C$_snd_manager.c$119$1_0$77        _snd_manager
     000002C0  C$_snd_manager.c$121$1_0$77        _snd_manager
ASxxxx Linker V03.00 + NoICE + sdld,  page 7.
Hexadecimal  [32-Bits]

Area                                    Addr        Size        Decimal Bytes (Attributes)
--------------------------------        ----        ----        ------- ----- ------------
_CODE                               00000200    00000D36 =        3382. bytes (REL,CON)

      Value  Global                              Global Defined In Module
      -----  --------------------------------   ------------------------
     000002C0  C$_snd_manager.c$122$1_0$77        _snd_manager
     000002C0  G$devkit_PSGSFXGetStatus$0$0       _snd_manager
     000002C0  XG$devkit_PSGSFXGetStatus$0$0      _snd_manager
     000002C0  _devkit_PSGSFXGetStatus            _snd_manager
     000002C3  A$_snd_manager$646                 _snd_manager
     000002C3  C$_snd_manager.c$124$1_0$79        _snd_manager
     000002C3  C$_snd_manager.c$126$1_0$79        _snd_manager
     000002C3  C$_snd_manager.c$127$1_0$79        _snd_manager
     000002C3  G$devkit_PSGSilenceChannels$0$0    _snd_manager
     000002C3  XG$devkit_PSGSilenceChannels$0$0   _snd_manager
     000002C3  _devkit_PSGSilenceChannels         _snd_manager
     000002C6  A$_snd_manager$666                 _snd_manager
     000002C6  C$_snd_manager.c$128$1_0$81        _snd_manager
     000002C6  C$_snd_manager.c$130$1_0$81        _snd_manager
     000002C6  C$_snd_manager.c$131$1_0$81        _snd_manager
     000002C6  G$devkit_PSGRestoreVolumes$0$0     _snd_manager
     000002C6  XG$devkit_PSGRestoreVolumes$0$0    _snd_manager
     000002C6  _devkit_PSGRestoreVolumes          _snd_manager
     000002C9  A$_snd_manager$686                 _snd_manager
     000002C9  C$_snd_manager.c$133$1_0$83        _snd_manager
     000002C9  C$_snd_manager.c$135$1_0$83        _snd_manager
     000002C9  C$_snd_manager.c$136$1_0$83        _snd_manager
     000002C9  G$devkit_PSGFrame$0$0              _snd_manager
     000002C9  XG$devkit_PSGFrame$0$0             _snd_manager
     000002C9  _devkit_PSGFrame                   _snd_manager
     000002CC  A$_snd_manager$706                 _snd_manager
     000002CC  C$_snd_manager.c$137$1_0$85        _snd_manager
     000002CC  C$_snd_manager.c$139$1_0$85        _snd_manager
     000002CC  C$_snd_manager.c$140$1_0$85        _snd_manager
     000002CC  G$devkit_PSGSFXFrame$0$0           _snd_manager
     000002CC  XG$devkit_PSGSFXFrame$0$0          _snd_manager
     000002CC  _devkit_PSGSFXFrame                _snd_manager
     000002CF  _SMS_init                          SMSlib
     0000030E  _VDPReg_init                       SMSlib
     00000319  _SMS_VDPturnOnFeature              SMSlib
     0000032E  _SMS_VDPturnOffFeature             SMSlib
     00000346  _SMS_setBGScrollX                  SMSlib
     00000350  _SMS_setBGScrollY                  SMSlib
     0000035A  _SMS_setBackdropColor              SMSlib
     00000364  _SMS_useFirstHalfTilesforSprites   SMSlib
     0000037A  _SMS_setSpriteMode                 SMSlib
     000003C7  _SMS_setBGPaletteColor             SMSlib
     000003D4  _SMS_setSpritePaletteColor         SMSlib
     000003E1  _SMS_loadBGPalette                 SMSlib
     000003F5  _SMS_loadSpritePalette             SMSlib
     00000409  _SMS_setColor                      SMSlib
     0000040D  _SMS_waitForVBlank                 SMSlib
     0000041A  _SMS_getKeysStatus                 SMSlib
     0000041F  _SMS_getKeysPressed                SMSlib
     00000434  _SMS_getKeysHeld                   SMSlib
     00000447  _SMS_getKeysReleased               SMSlib
ASxxxx Linker V03.00 + NoICE + sdld,  page 8.
Hexadecimal  [32-Bits]

Area                                    Addr        Size        Decimal Bytes (Attributes)
--------------------------------        ----        ----        ------- ----- ------------
_CODE                               00000200    00000D36 =        3382. bytes (REL,CON)

      Value  Global                              Global Defined In Module
      -----  --------------------------------   ------------------------
     00000460  _SMS_queryPauseRequested           SMSlib
     00000464  _SMS_resetPauseRequest             SMSlib
     0000046A  _SMS_setFrameInterruptHandler      SMSlib
     0000046E  _SMS_setLineInterruptHandler       SMSlib
     00000483  _SMS_setLineCounter                SMSlib
     0000048D  _SMS_getVCount                     SMSlib
     00000497  _SMS_isr                           SMSlib
     000004D6  _SMS_nmi_isr                       SMSlib
     000004DF  _SMS_initSprites                   SMSlib_sprite
     000004E5  _SMS_addSprite_f                   SMSlib_sprite
     00000510  _SMS_copySpritestoSAT              SMSlib_sprite
     00000544  _PSGStop                           PSGlib
     00000577  _PSGPlay                           PSGlib
     000005B6  _PSGGetStatus                      PSGlib
     000005BA  _PSGSFXStop                        PSGlib
     00000716  _PSGSFXPlay                        PSGlib
     0000077A  _PSGSFXCancelLoop                  PSGlib
     00000780  _PSGSFXGetStatus                   PSGlib
     00000784  _PSGSFXPlayLoop                    PSGlib
     0000079F  _PSGFrame                          PSGlib
     00000916  _PSGSFXFrame                       PSGlib
     000009C7  _PSGSilenceChannels                PSGRestoreVolumes
     000009D8  _PSGRestoreVolumes                 PSGRestoreVolumes
     00000BFB  ___sdcc_call_hl                    
     00000BFC  _PSGPlayLoops                      PSGPlayLoops
     00000C13  _PSGCancelLoop                     PSGPlayLoops
     00000C1E  _PSGPlayNoRepeat                   PSGPlayLoops
     00000C2C  _PSGSetMusicVolumeChannelsAttenu   PSGAttenuation
     00000D36  _PSGSetSFXVolumeAttenuation        PSGAttenuation
     00000E1E  _PSGResume                         PSGResume

ASxxxx Linker V03.00 + NoICE + sdld,  page 9.
Hexadecimal  [32-Bits]

Area                                    Addr        Size        Decimal Bytes (Attributes)
--------------------------------        ----        ----        ------- ----- ------------
_HEADER0                            00000000    00000008 =           8. bytes (ABS,CON)

      Value  Global                              Global Defined In Module
      -----  --------------------------------   ------------------------
ASxxxx Linker V03.00 + NoICE + sdld,  page 10.
Hexadecimal  [32-Bits]

Area                                    Addr        Size        Decimal Bytes (Attributes)
--------------------------------        ----        ----        ------- ----- ------------
_HEADER1                            00000000    00000009 =           9. bytes (ABS,CON)

      Value  Global                              Global Defined In Module
      -----  --------------------------------   ------------------------
     00000008  _SMS_crt0_RST08                    crt0

ASxxxx Linker V03.00 + NoICE + sdld,  page 11.
Hexadecimal  [32-Bits]

Area                                    Addr        Size        Decimal Bytes (Attributes)
--------------------------------        ----        ----        ------- ----- ------------
_HEADER2                            00000000    0000001F =          31. bytes (ABS,CON)

      Value  Global                              Global Defined In Module
      -----  --------------------------------   ------------------------
     00000018  _SMS_crt0_RST18                    crt0
     0000002F  get_bank                           crt0
     00000033  set_bank                           crt0
ASxxxx Linker V03.00 + NoICE + sdld,  page 12.
Hexadecimal  [32-Bits]

Area                                    Addr        Size        Decimal Bytes (Attributes)
--------------------------------        ----        ----        ------- ----- ------------
_HEADER3                            00000000    0000002B =          43. bytes (ABS,CON)

      Value  Global                              Global Defined In Module
      -----  --------------------------------   ------------------------
ASxxxx Linker V03.00 + NoICE + sdld,  page 13.
Hexadecimal  [32-Bits]

Area                                    Addr        Size        Decimal Bytes (Attributes)
--------------------------------        ----        ----        ------- ----- ------------
_HEADER4                            00000000    00000104 =         260. bytes (ABS,CON)

      Value  Global                              Global Defined In Module
      -----  --------------------------------   ------------------------
     00000069  _OUTI128                           crt0
     000000A9  _OUTI96                            crt0
     000000E9  _OUTI64                            crt0
     00000129  _OUTI32                            crt0
     00000169  _outi_block                        crt0

ASxxxx Linker V03.00 + NoICE + sdld,  page 14.
Hexadecimal  [32-Bits]

Area                                    Addr        Size        Decimal Bytes (Attributes)
--------------------------------        ----        ----        ------- ----- ------------
_INITIALIZER                        00000F36    00000005 =           5. bytes (REL,CON)

      Value  Global                              Global Defined In Module
      -----  --------------------------------   ------------------------
ASxxxx Linker V03.00 + NoICE + sdld,  page 15.
Hexadecimal  [32-Bits]

Area                                    Addr        Size        Decimal Bytes (Attributes)
--------------------------------        ----        ----        ------- ----- ------------
_GSINIT                             00000F3B    0000000F =          15. bytes (REL,CON)

      Value  Global                              Global Defined In Module
      -----  --------------------------------   ------------------------
     00000F3B  crt0_gsinit                        crt0

ASxxxx Linker V03.00 + NoICE + sdld,  page 16.
Hexadecimal  [32-Bits]

Area                                    Addr        Size        Decimal Bytes (Attributes)
--------------------------------        ----        ----        ------- ----- ------------
_GSFINAL                            00000F4A    00000001 =           1. bytes (REL,CON)

      Value  Global                              Global Defined In Module
      -----  --------------------------------   ------------------------
ASxxxx Linker V03.00 + NoICE + sdld,  page 17.
Hexadecimal  [32-Bits]

Area                                    Addr        Size        Decimal Bytes (Attributes)
--------------------------------        ----        ----        ------- ----- ------------
_DATA                               0000C000    000000FF =         255. bytes (REL,CON)

      Value  Global                              Global Defined In Module
      -----  --------------------------------   ------------------------
     0000C000  _VDPBlank                          SMSlib
     0000C001  _SMS_VDPFlags                      SMSlib
     0000C002  _PauseRequested                    SMSlib
     0000C003  _SMS_Port3EBIOSvalue               SMSlib
     0000C004  _SMS_theFrameInterruptHandler      SMSlib
     0000C006  _KeysStatus                        SMSlib
     0000C008  _PreviousKeysStatus                SMSlib
     0000C00A  _SMS_theLineInterruptHandler       SMSlib
     0000C00C  _SpriteTableY                      SMSlib_sprite
     0000C04C  _SpriteTableXN                     SMSlib_sprite
     0000C0CC  _SpriteNextFree                    SMSlib_sprite
     0000C0CD  _PSGMusicStatus                    PSGlib
     0000C0CE  _PSGMusicStart                     PSGlib
     0000C0D0  _PSGMusicPointer                   PSGlib
     0000C0D2  _PSGMusicLoopPoint                 PSGlib
     0000C0D4  _PSGMusicSkipFrames                PSGlib
     0000C0D5  _PSGLoopFlag                       PSGlib
     0000C0D6  _PSGLoopCounter                    PSGlib
     0000C0D7  _PSGMusicLastLatch                 PSGlib
     0000C0D8  _PSGMusicVolumeAttenuationChn      PSGlib
     0000C0DC  _PSGMusicSubstringLen              PSGlib
     0000C0DD  _PSGMusicSubstringRetAddr          PSGlib
     0000C0DF  _PSGChan0Volume                    PSGlib
     0000C0E0  _PSGChan1Volume                    PSGlib
     0000C0E1  _PSGChan2Volume                    PSGlib
     0000C0E2  _PSGChan3Volume                    PSGlib
     0000C0E3  _PSGChan0LowTone                   PSGlib
     0000C0E4  _PSGChan0HighTone                  PSGlib
     0000C0E5  _PSGChan1LowTone                   PSGlib
     0000C0E6  _PSGChan1HighTone                  PSGlib
     0000C0E7  _PSGChan2LowTone                   PSGlib
     0000C0E8  _PSGChan2HighTone                  PSGlib
     0000C0E9  _PSGChan3LowTone                   PSGlib
     0000C0EA  _PSGChannel0SFX                    PSGlib
     0000C0EB  _PSGChannel1SFX                    PSGlib
     0000C0EC  _PSGChannel2SFX                    PSGlib
     0000C0ED  _PSGChannel3SFX                    PSGlib
     0000C0EE  _PSGSFXChan0Volume                 PSGlib
     0000C0EF  _PSGSFXChan1Volume                 PSGlib
     0000C0F0  _PSGSFXChan2Volume                 PSGlib
     0000C0F1  _PSGSFXChan3Volume                 PSGlib
     0000C0F2  _PSGSFXStatus                      PSGlib
     0000C0F3  _PSGSFXStart                       PSGlib
     0000C0F5  _PSGSFXPointer                     PSGlib
     0000C0F7  _PSGSFXLoopPoint                   PSGlib
     0000C0F9  _PSGSFXSkipFrames                  PSGlib
     0000C0FA  _PSGSFXLoopFlag                    PSGlib
     0000C0FB  _PSGSFXVolumeAttenuation           PSGlib
     0000C0FC  _PSGSFXSubstringLen                PSGlib
     0000C0FD  _PSGSFXSubstringRetAddr            PSGlib

ASxxxx Linker V03.00 + NoICE + sdld,  page 18.
Hexadecimal  [32-Bits]

Area                                    Addr        Size        Decimal Bytes (Attributes)
--------------------------------        ----        ----        ------- ----- ------------
_INITIALIZED                        0000C0FF    00000005 =           5. bytes (REL,CON)

      Value  Global                              Global Defined In Module
      -----  --------------------------------   ------------------------
     0000C0FF  _VDPReg                            SMSlib
     0000C101  _spritesHeight                     SMSlib
     0000C102  _spritesWidth                      SMSlib
     0000C103  _spritesTileOffset                 SMSlib

ASxxxx Linker V03.00 + NoICE + sdld,  page 19.

Files Linked                              [ module(s) ]

../crt0/crt0_sms.rel                      [ crt0 ]
main.rel                                  [ main ]
devkit/_snd_manager.rel                   [ _snd_manager ]


Libraries Linked                          [ object file ]

../lib/SMSlib.lib                         [ SMSlib.rel ]
../lib/SMSlib.lib                         [ SMSlib_sprite.rel ]
../lib/PSGlib.lib                         [ PSGlib.rel ]
../lib/PSGlib.lib                         [ PSGRestoreVolumes.rel ]
C:\Program Files\SDCC\bin\..\lib\z80/z80.lib
                                          [ __sdcc_call_hl.rel ]
../lib/PSGlib.lib                         [ PSGPlayLoops.rel ]
../lib/PSGlib.lib                         [ PSGAttenuation.rel ]
../lib/PSGlib.lib                         [ PSGResume.rel ]

ASxxxx Linker V03.00 + NoICE + sdld,  page 20.

User Base Address Definitions

_CODE = 0x0200
_DATA = 0xc000

