ASxxxx Linker V03.00 + NoICE + sdld,  page 1.
Hexadecimal  [32-Bits]

Area                                    Addr        Size        Decimal Bytes (Attributes)
--------------------------------        ----        ----        ------- ----- ------------
.  .ABS.                            00000000    00000000 =           0. bytes (ABS,CON)

      Value  Global                              Global Defined In Module
      -----  --------------------------------   ------------------------
     00000000  .__.ABS.                           
     00000000  l__BSEG                         
     00000000  l__BSS                          
     00000000  l__CABS                         
     00000000  l__DABS                         
     00000000  l__HEADER                       
     00000000  l__HEAP                         
     00000000  l__HOME                         
     00000000  s__CABS                         
     00000000  s__CABS0                        
     00000000  s__CABS1                        
     00000000  s__CABS2                        
     00000000  s__CABS3                        
     00000000  s__CABS4                        
     00000000  s__DABS                         
     00000000  s__HEADER                       
     00000000  s__HEADER0                      
     00000000  s__HEADER1                      
     00000000  s__HEADER2                      
     00000000  s__HEADER3                      
     00000000  s__HEADER4                      
     00000000  s__HEADER5                      
     00000001  l__GSFINAL                      
     00000003  l__HEADER3                      
     00000003  l__HEADER4                      
     00000006  l__HEADER0                      
     00000008  l__INITIALIZED                  
     00000008  l__INITIALIZER                  
     00000009  l__HEADER1                      
     0000000A  l__HEADER2                      
     0000000E  l__CABS1                        
     0000000F  l__GSINIT                       
     00000010  l__CABS0                        
     00000010  l__CABS2                        
     00000010  l__CABS4                        
     00000038  l__CABS3                        
     000000F0  l__DATA                         
     0000012A  l__HEADER5                      
     00000200  s__CODE                         
     0000191C  l__CODE                         
     00001B1C  s__HOME                         
     00001B1C  s__INITIALIZER                  
     00001B24  s__GSINIT                       
     00001B33  s__GSFINAL                      
     00008000  _SMS_SRAM                          SMSlib_loadTileMap
     0000C000  s__DATA                         
     0000C0F0  s__INITIALIZED                  
     0000C0F8  s__BSEG                         
     0000C0F8  s__BSS                          
     0000C0F8  s__HEAP                         
ASxxxx Linker V03.00 + NoICE + sdld,  page 2.
Hexadecimal  [32-Bits]

Area                                    Addr        Size        Decimal Bytes (Attributes)
--------------------------------        ----        ----        ------- ----- ------------
.  .ABS.                            00000000    00000000 =           0. bytes (ABS,CON)

      Value  Global                              Global Defined In Module
      -----  --------------------------------   ------------------------
     0000FFFC  _SRAM_bank_to_be_mapped_on_slot2   SMSlib_loadTileMap
     0000FFFF  _ROM_bank_to_be_mapped_on_slot2    SMSlib_loadTileMap

ASxxxx Linker V03.00 + NoICE + sdld,  page 3.
Hexadecimal  [32-Bits]

Area                                    Addr        Size        Decimal Bytes (Attributes)
--------------------------------        ----        ----        ------- ----- ------------
_CODE                               00000200    0000191C =        6428. bytes (REL,CON)

      Value  Global                              Global Defined In Module
      -----  --------------------------------   ------------------------
     00000200  __clock                            crt0
     00000204  _exit                              crt0
     0000020A  _main                              main
     0000024B  _devkit_SMS_init                   _sms_manager
     0000024E  _devkit_SMS_displayOn              _sms_manager
     00000254  _devkit_SMS_displayOff             _sms_manager
     0000025A  _devkit_SMS_mapROMBank             _sms_manager
     00000263  _devkit_SMS_setBGScrollX           _sms_manager
     0000026F  _devkit_SMS_setBGScrollY           _sms_manager
     0000027B  _devkit_SMS_enableSRAM             _sms_manager
     00000281  _devkit_SMS_enableSRAMBank         _sms_manager
     00000290  _devkit_SMS_disableSRAM            _sms_manager
     00000296  _devkit_SMS_setSpriteMode          _sms_manager
     000002A2  _devkit_SMS_useFirstHalfTilesfor   _sms_manager
     000002A7  _devkit_SMS_useFirstHalfTilesfor   _sms_manager
     000002AC  _devkit_SMS_VDPturnOnFeature       _sms_manager
     000002B3  _devkit_SMS_loadPSGaidencompress   _sms_manager
     000002C9  _devkit_SMS_loadSTMcompressedTil   _sms_manager
     000002EA  _devkit_SMS_loadBGPalette          _sms_manager
     000002F1  _devkit_SMS_loadSpritePalette      _sms_manager
     000002F8  _devkit_SMS_setSpritePaletteColo   _sms_manager
     00000320  _devkit_SMS_setNextTileatXY        _sms_manager
     00000349  _devkit_SMS_setTile                _sms_manager
     00000357  _devkit_SMS_loadTileMap            _sms_manager
     0000037F  _devkit_SMS_addSprite              _sms_manager
     0000039A  _devkit_SMS_addSprite_bulk8        _sms_manager
     00000476  _devkit_SMS_addSprite_bulk12       _sms_manager
     00000579  _devkit_SMS_initSprites            _sms_manager
     0000057C  _devkit_SMS_finalizeSprites        _sms_manager
     0000057F  _devkit_SMS_waitForVBlank          _sms_manager
     00000582  _devkit_SMS_copySpritestoSAT       _sms_manager
     00000585  _devkit_UNSAFE_SMS_copySpritesto   _sms_manager
     00000588  _devkit_SMS_queryPauseRequested    _sms_manager
     0000058B  _devkit_SMS_resetPauseRequest      _sms_manager
     0000058E  _devkit_isCollisionDetected        _sms_manager
     00000595  _devkit_SMS_getKeysStatus          _sms_manager
     00000598  _devkit_PORT_A_KEY_UP              _sms_manager
     0000059C  _devkit_PORT_A_KEY_DOWN            _sms_manager
     000005A0  _devkit_PORT_A_KEY_LEFT            _sms_manager
     000005A4  _devkit_PORT_A_KEY_RIGHT           _sms_manager
     000005A8  _devkit_PORT_A_KEY_1               _sms_manager
     000005AC  _devkit_PORT_A_KEY_2               _sms_manager
     000005B0  _devkit_SPRITEMODE_NORMAL          _sms_manager
     000005B3  _devkit_VDPFEATURE_HIDEFIRSTCOL    _sms_manager
     0000060D  _engine_asm_manager_clear_VRAM     asm_manager
     00000623  _engine_content_manager_load_til   content_manager
     00000639  _engine_content_manager_load_til   content_manager
     0000064F  _engine_content_manager_load_spr   content_manager
     00000665  _engine_font_manager_draw_char     font_manager
     0000068C  _engine_font_manager_draw_text     font_manager
ASxxxx Linker V03.00 + NoICE + sdld,  page 4.
Hexadecimal  [32-Bits]

Area                                    Addr        Size        Decimal Bytes (Attributes)
--------------------------------        ----        ----        ------- ----- ------------
_CODE                               00000200    0000191C =        6428. bytes (REL,CON)

      Value  Global                              Global Defined In Module
      -----  --------------------------------   ------------------------
     000006D2  _engine_font_manager_draw_data     font_manager
     0000077D  _engine_font_manager_draw_data_Z   font_manager
     00000804  _engine_gamer_manager_init         gamer_manager
     0000083C  _engine_gamer_manager_update       gamer_manager
     0000087D  _engine_gamer_manager_draw         gamer_manager
     0000089B  _engine_input_manager_update       input_manager
     000008A8  _engine_input_manager_hold_up      input_manager
     000008B1  _engine_input_manager_hold_down    input_manager
     000008BA  _engine_input_manager_hold_left    input_manager
     000008C3  _engine_input_manager_hold_right   input_manager
     000008CC  _engine_input_manager_hold_fire1   input_manager
     000008D5  _engine_input_manager_hold_fire2   input_manager
     000008DE  _engine_input_manager_move_up      input_manager
     000008E7  _engine_input_manager_move_down    input_manager
     000008F0  _engine_input_manager_move_left    input_manager
     000008F9  _engine_input_manager_move_right   input_manager
     00000902  _engine_input_manager_move_fire1   input_manager
     0000090B  _engine_input_manager_move_fire2   input_manager
     0000095E  _engine_screen_manager_init        screen_manager
     00000973  _engine_screen_manager_update      screen_manager
     000009B6  _engine_sprite_manager_draw        sprite_manager
     00000A20  _engine_tree_manager_draw          tree_manager
     00000ACA  G$font_tiles__palette__bin$0$0     gfx
     00000ACA  _font_tiles__palette__bin          gfx
     00000ADA  G$font_tiles__tilemap__bin$0$0     gfx
     00000ADA  _font_tiles__tilemap__bin          gfx
     00000B5A  G$font_tiles__tiles__psgcompr$0$   gfx
     00000B5A  _font_tiles__tiles__psgcompr       gfx
     00000DF1  G$game_tiles__palette__bin$0$0     gfx
     00000DF1  _game_tiles__palette__bin          gfx
     00000E01  G$game_tiles__tilemap__bin$0$0     gfx
     00000E01  _game_tiles__tilemap__bin          gfx
     00000ED1  G$game_tiles__tiles__psgcompr$0$   gfx
     00000ED1  _game_tiles__tiles__psgcompr       gfx
     00001431  G$sprites__palette__bin$0$0        gfx
     00001431  _sprites__palette__bin             gfx
     00001441  G$sprites__tiles__psgcompr$0$0     gfx
     00001441  _sprites__tiles__psgcompr          gfx
     0000147F  __divuint                          
     00001487  __divuchar                         
     0000148E  __divu8                            
     00001491  __divu16                           
     000014C0  _UNSAFE_SMS_copySpritestoSAT       SMSlib_UNSAFE
     000014D8  _UNSAFE_SMS_VRAMmemcpy32           SMSlib_UNSAFE
     000014F5  _UNSAFE_SMS_VRAMmemcpy64           SMSlib_UNSAFE
     00001512  _UNSAFE_SMS_VRAMmemcpy128          SMSlib_UNSAFE
     0000152F  _SMS_init                          SMSlib
     00001583  _VDPReg_init                       SMSlib
     0000158E  _SMS_VDPType                       SMSlib
     00001596  _SMS_VDPturnOnFeature              SMSlib
     000015AD  _SMS_VDPturnOffFeature             SMSlib
ASxxxx Linker V03.00 + NoICE + sdld,  page 5.
Hexadecimal  [32-Bits]

Area                                    Addr        Size        Decimal Bytes (Attributes)
--------------------------------        ----        ----        ------- ----- ------------
_CODE                               00000200    0000191C =        6428. bytes (REL,CON)

      Value  Global                              Global Defined In Module
      -----  --------------------------------   ------------------------
     000015C6  _SMS_setBGScrollX                  SMSlib
     000015D0  _SMS_setBGScrollY                  SMSlib
     000015DA  _SMS_setBackdropColor              SMSlib
     000015E4  _SMS_useFirstHalfTilesforSprites   SMSlib
     000015F8  _SMS_setSpriteMode                 SMSlib
     0000163D  _SMS_setBGPaletteColor             SMSlib
     00001651  _SMS_setSpritePaletteColor         SMSlib
     00001665  _SMS_loadBGPalette                 SMSlib
     00001679  _SMS_loadSpritePalette             SMSlib
     0000168D  _SMS_setColor                      SMSlib
     00001691  _SMS_initSprites                   SMSlib
     00001697  _SMS_addSprite                     SMSlib
     000016EC  _SMS_finalizeSprites               SMSlib
     000016FE  _SMS_copySpritestoSAT              SMSlib
     00001727  _SMS_waitForVBlank                 SMSlib
     00001734  _SMS_getKeysStatus                 SMSlib
     00001738  _SMS_getKeysPressed                SMSlib
     00001755  _SMS_getKeysHeld                   SMSlib
     0000176C  _SMS_getKeysReleased               SMSlib
     00001789  _SMS_queryPauseRequested           SMSlib
     00001791  _SMS_resetPauseRequest             SMSlib
     00001797  _SMS_setLineInterruptHandler       SMSlib
     000017A8  _SMS_setLineCounter                SMSlib
     000017B7  _SMS_getVCount                     SMSlib
     000017BB  _SMS_getHCount                     SMSlib
     000017BF  _SMS_isr                           SMSlib
     000017F5  _SMS_nmi_isr                       SMSlib
     00001808  _SMS_loadSTMcompressedTileMapAre   SMSlib_STMcomp
     000019E9  ___sdcc_call_hl                    
     000019EA  _SMS_loadPSGaidencompressedTiles   SMSlib_PSGaiden
     00001ACC  _SMS_loadTileMap                   SMSlib_loadTileMap
     00001B05  __moduchar                         
     00001B11  __moduint                          

ASxxxx Linker V03.00 + NoICE + sdld,  page 6.
Hexadecimal  [32-Bits]

Area                                    Addr        Size        Decimal Bytes (Attributes)
--------------------------------        ----        ----        ------- ----- ------------
_HEADER0                            00000000    00000006 =           6. bytes (ABS,CON)

      Value  Global                              Global Defined In Module
      -----  --------------------------------   ------------------------
     00000006  _SMS_crt0_RST08                    crt0

ASxxxx Linker V03.00 + NoICE + sdld,  page 7.
Hexadecimal  [32-Bits]

Area                                    Addr        Size        Decimal Bytes (Attributes)
--------------------------------        ----        ----        ------- ----- ------------
_HEADER1                            00000000    00000009 =           9. bytes (ABS,CON)

      Value  Global                              Global Defined In Module
      -----  --------------------------------   ------------------------
     00000011  _SMS_crt0_RST18                    crt0

ASxxxx Linker V03.00 + NoICE + sdld,  page 8.
Hexadecimal  [32-Bits]

Area                                    Addr        Size        Decimal Bytes (Attributes)
--------------------------------        ----        ----        ------- ----- ------------
_HEADER2                            00000000    0000000A =          10. bytes (ABS,CON)

      Value  Global                              Global Defined In Module
      -----  --------------------------------   ------------------------
ASxxxx Linker V03.00 + NoICE + sdld,  page 9.
Hexadecimal  [32-Bits]

Area                                    Addr        Size        Decimal Bytes (Attributes)
--------------------------------        ----        ----        ------- ----- ------------
_HEADER3                            00000000    00000003 =           3. bytes (ABS,CON)

      Value  Global                              Global Defined In Module
      -----  --------------------------------   ------------------------
ASxxxx Linker V03.00 + NoICE + sdld,  page 10.
Hexadecimal  [32-Bits]

Area                                    Addr        Size        Decimal Bytes (Attributes)
--------------------------------        ----        ----        ------- ----- ------------
_HEADER4                            00000000    00000003 =           3. bytes (ABS,CON)

      Value  Global                              Global Defined In Module
      -----  --------------------------------   ------------------------
ASxxxx Linker V03.00 + NoICE + sdld,  page 11.
Hexadecimal  [32-Bits]

Area                                    Addr        Size        Decimal Bytes (Attributes)
--------------------------------        ----        ----        ------- ----- ------------
_HEADER5                            00000000    0000012A =         298. bytes (ABS,CON)

      Value  Global                              Global Defined In Module
      -----  --------------------------------   ------------------------
     00000099  _OUTI128                           crt0
     00000119  _OUTI64                            crt0
     00000159  _OUTI32                            crt0
     00000199  _outi_block                        crt0

ASxxxx Linker V03.00 + NoICE + sdld,  page 12.
Hexadecimal  [32-Bits]

Area                                    Addr        Size        Decimal Bytes (Attributes)
--------------------------------        ----        ----        ------- ----- ------------
_INITIALIZER                        00001B1C    00000008 =           8. bytes (REL,CON)

      Value  Global                              Global Defined In Module
      -----  --------------------------------   ------------------------
ASxxxx Linker V03.00 + NoICE + sdld,  page 13.
Hexadecimal  [32-Bits]

Area                                    Addr        Size        Decimal Bytes (Attributes)
--------------------------------        ----        ----        ------- ----- ------------
_GSINIT                             00001B24    0000000F =          15. bytes (REL,CON)

      Value  Global                              Global Defined In Module
      -----  --------------------------------   ------------------------
     00001B24  gsinit                             crt0

ASxxxx Linker V03.00 + NoICE + sdld,  page 14.
Hexadecimal  [32-Bits]

Area                                    Addr        Size        Decimal Bytes (Attributes)
--------------------------------        ----        ----        ------- ----- ------------
_GSFINAL                            00001B33    00000001 =           1. bytes (REL,CON)

      Value  Global                              Global Defined In Module
      -----  --------------------------------   ------------------------
ASxxxx Linker V03.00 + NoICE + sdld,  page 15.
Hexadecimal  [32-Bits]

Area                                    Addr        Size        Decimal Bytes (Attributes)
--------------------------------        ----        ----        ------- ----- ------------
_DATA                               0000C000    000000F0 =         240. bytes (REL,CON)

      Value  Global                              Global Defined In Module
      -----  --------------------------------   ------------------------
     0000C000  _global_gamer_object               gamer_manager
     0000C005  _VDPBlank                          SMSlib
     0000C006  _SMS_VDPFlags                      SMSlib
     0000C007  _PauseRequested                    SMSlib
     0000C008  _VDPType                           SMSlib
     0000C009  _KeysStatus                        SMSlib
     0000C00B  _PreviousKeysStatus                SMSlib
     0000C00D  _SpriteTableY                      SMSlib
     0000C04D  _SpriteTableXN                     SMSlib
     0000C0CD  _SpriteNextFree                    SMSlib
     0000C0CE  _SMS_theLineInterruptHandler       SMSlib
     0000C0D0  _decompBuffer                      SMSlib_PSGaiden
ASxxxx Linker V03.00 + NoICE + sdld,  page 16.
Hexadecimal  [32-Bits]

Area                                    Addr        Size        Decimal Bytes (Attributes)
--------------------------------        ----        ----        ------- ----- ------------
_INITIALIZED                        0000C0F0    00000008 =           8. bytes (REL,CON)

      Value  Global                              Global Defined In Module
      -----  --------------------------------   ------------------------
     0000C0F4  _VDPReg                            SMSlib
     0000C0F6  _spritesHeight                     SMSlib
     0000C0F7  _spritesWidth                      SMSlib
ASxxxx Linker V03.00 + NoICE + sdld,  page 17.
Hexadecimal  [32-Bits]

Area                                    Addr        Size        Decimal Bytes (Attributes)
--------------------------------        ----        ----        ------- ----- ------------
_CABS0                              00000000    00000010 =          16. bytes (ABS,CON)

      Value  Global                              Global Defined In Module
      -----  --------------------------------   ------------------------
     00007FF0  ___SMS__SEGA_signature             _sms_manager

ASxxxx Linker V03.00 + NoICE + sdld,  page 18.
Hexadecimal  [32-Bits]

Area                                    Addr        Size        Decimal Bytes (Attributes)
--------------------------------        ----        ----        ------- ----- ------------
_CABS1                              00000000    0000000E =          14. bytes (ABS,CON)

      Value  Global                              Global Defined In Module
      -----  --------------------------------   ------------------------
     00007FD2  ___SMS__SDSC_author                _sms_manager

ASxxxx Linker V03.00 + NoICE + sdld,  page 19.
Hexadecimal  [32-Bits]

Area                                    Addr        Size        Decimal Bytes (Attributes)
--------------------------------        ----        ----        ------- ----- ------------
_CABS2                              00000000    00000010 =          16. bytes (ABS,CON)

      Value  Global                              Global Defined In Module
      -----  --------------------------------   ------------------------
     00007FC2  ___SMS__SDSC_name                  _sms_manager

ASxxxx Linker V03.00 + NoICE + sdld,  page 20.
Hexadecimal  [32-Bits]

Area                                    Addr        Size        Decimal Bytes (Attributes)
--------------------------------        ----        ----        ------- ----- ------------
_CABS3                              00000000    00000038 =          56. bytes (ABS,CON)

      Value  Global                              Global Defined In Module
      -----  --------------------------------   ------------------------
     00007F8A  ___SMS__SDSC_descr                 _sms_manager

ASxxxx Linker V03.00 + NoICE + sdld,  page 21.
Hexadecimal  [32-Bits]

Area                                    Addr        Size        Decimal Bytes (Attributes)
--------------------------------        ----        ----        ------- ----- ------------
_CABS4                              00000000    00000010 =          16. bytes (ABS,CON)

      Value  Global                              Global Defined In Module
      -----  --------------------------------   ------------------------
     00007FE0  ___SMS__SDSC_signature             _sms_manager

ASxxxx Linker V03.00 + NoICE + sdld,  page 22.

Files Linked                              [ module(s) ]

../crt0/crt0_sms.rel                      [ crt0 ]
main.rel                                  [ main ]
devkit/_sms_manager.rel                   [ _sms_manager ]
engine/asm_manager.rel                    [ asm_manager ]
engine/content_manager.rel                [ content_manager ]
engine/font_manager.rel                   [ font_manager ]
engine/gamer_manager.rel                  [ gamer_manager ]
engine/input_manager.rel                  [ input_manager ]
engine/screen_manager.rel                 [ screen_manager ]
engine/sprite_manager.rel                 [ sprite_manager ]
engine/tree_manager.rel                   [ tree_manager ]
gfx.rel                                   [ gfx ]


Libraries Linked                          [ object file ]

C:\Program Files\SDCC\bin\..\lib\z80/z80.lib
                                          [ divunsigned.rel ]
../lib/SMSlib.lib                         [ SMSlib_UNSAFE.rel ]
../lib/SMSlib.lib                         [ SMSlib.rel ]
../lib/SMSlib.lib                         [ SMSlib_STMcomp.rel ]
C:\Program Files\SDCC\bin\..\lib\z80/z80.lib
                                          [ __sdcc_call_hl.rel ]
../lib/SMSlib.lib                         [ SMSlib_PSGaiden.rel ]
../lib/SMSlib.lib                         [ SMSlib_loadTileMap.rel ]
C:\Program Files\SDCC\bin\..\lib\z80/z80.lib
                                          [ modunsigned.rel ]

ASxxxx Linker V03.00 + NoICE + sdld,  page 23.

User Base Address Definitions

_CODE = 0x0200
_DATA = 0xc000

