ASxxxx Linker V03.00 + NoICE + sdld,  page 1.
Hexadecimal  [32-Bits]

Area                                    Addr        Size        Decimal Bytes (Attributes)
--------------------------------        ----        ----        ------- ----- ------------
.  .ABS.                            00000000    00000000 =           0. bytes (ABS,CON)

      Value  Global                              Global Defined In Module
      -----  --------------------------------   ------------------------
     00000000  .__.ABS.                           
     00000000  l__BSEG                         
     00000000  l__BSS                          
     00000000  l__CABS                         
     00000000  l__DABS                         
     00000000  l__HEADER                       
     00000000  l__HEAP                         
     00000000  l__HOME                         
     00000000  s__CABS                         
     00000000  s__CABS0                        
     00000000  s__CABS1                        
     00000000  s__CABS2                        
     00000000  s__CABS3                        
     00000000  s__CABS4                        
     00000000  s__DABS                         
     00000000  s__HEADER                       
     00000000  s__HEADER0                      
     00000000  s__HEADER1                      
     00000000  s__HEADER2                      
     00000000  s__HEADER3                      
     00000000  s__HEADER4                      
     00000000  s__HEADER5                      
     00000001  l__GSFINAL                      
     00000003  l__HEADER3                      
     00000003  l__HEADER4                      
     00000006  l__HEADER0                      
     00000008  l__INITIALIZED                  
     00000008  l__INITIALIZER                  
     00000009  l__HEADER1                      
     0000000A  l__HEADER2                      
     0000000E  l__CABS1                        
     0000000F  l__GSINIT                       
     00000010  l__CABS0                        
     00000010  l__CABS2                        
     00000010  l__CABS4                        
     00000038  l__CABS3                        
     000000BE  G$VDPDataPort$0_0$0                asm_manager
     000000BF  G$VDPControlPort$0_0$0             asm_manager
     000000F0  l__DATA                         
     0000012A  l__HEADER5                      
     00000200  s__CODE                         
     00001BAB  l__CODE                         
     00001DAB  s__HOME                         
     00001DAB  s__INITIALIZER                  
     00001DB3  s__GSINIT                       
     00001DC2  s__GSFINAL                      
     00008000  G$SMS_SRAM$0_0$0                   _sms_manager
     00008000  _SMS_SRAM                          SMSlib_PSGaiden
     0000C000  s__DATA                         
     0000C0F0  s__INITIALIZED                  
ASxxxx Linker V03.00 + NoICE + sdld,  page 2.
Hexadecimal  [32-Bits]

Area                                    Addr        Size        Decimal Bytes (Attributes)
--------------------------------        ----        ----        ------- ----- ------------
.  .ABS.                            00000000    00000000 =           0. bytes (ABS,CON)

      Value  Global                              Global Defined In Module
      -----  --------------------------------   ------------------------
     0000C0F8  s__BSEG                         
     0000C0F8  s__BSS                          
     0000C0F8  s__HEAP                         
     0000FFFC  G$SRAM_bank_to_be_mapped_on_slot   _sms_manager
     0000FFFC  _SRAM_bank_to_be_mapped_on_slot2   SMSlib_PSGaiden
     0000FFFF  G$ROM_bank_to_be_mapped_on_slot2   _sms_manager
     0000FFFF  _ROM_bank_to_be_mapped_on_slot2    SMSlib_PSGaiden
ASxxxx Linker V03.00 + NoICE + sdld,  page 3.
Hexadecimal  [32-Bits]

Area                                    Addr        Size        Decimal Bytes (Attributes)
--------------------------------        ----        ----        ------- ----- ------------
_CODE                               00000200    00001BAB =        7083. bytes (REL,CON)

      Value  Global                              Global Defined In Module
      -----  --------------------------------   ------------------------
     00000200  __clock                            crt0
     00000204  _exit                              crt0
     0000020A  A$main$74                          main
     0000020A  C$main.c$3$0_0$47                  main
     0000020A  C$main.c$5$1_0$47                  main
     0000020A  G$main$0$0                         main
     0000020A  _main                              main
     0000020D  A$main$78                          main
     0000020D  C$main.c$6$1_0$47                  main
     00000210  A$main$82                          main
     00000210  C$main.c$7$1_0$47                  main
     00000213  A$main$86                          main
     00000213  C$main.c$9$1_0$47                  main
     00000216  A$main$87                          main
     00000217  A$main$88                          main
     00000218  A$main$89                          main
     00000219  A$main$90                          main
     0000021C  A$main$91                          main
     0000021D  A$main$95                          main
     0000021D  C$main.c$10$1_0$47                 main
     00000220  A$main$99                          main
     00000220  C$main.c$11$1_0$47                 main
     00000223  A$main$100                         main
     00000224  A$main$101                         main
     00000227  A$main$102                         main
     00000228  A$main$106                         main
     00000228  C$main.c$13$1_0$47                 main
     0000022B  A$main$110                         main
     0000022B  C$main.c$14$1_0$47                 main
     0000022E  A$main$114                         main
     0000022E  C$main.c$15$1_0$47                 main
     00000231  A$main$118                         main
     00000231  C$main.c$16$1_0$47                 main
     00000234  A$main$122                         main
     00000234  C$main.c$18$1_0$47                 main
     00000237  A$main$127                         main
     00000237  C$main.c$21$3_0$49                 main
     0000023A  A$main$131                         main
     0000023A  C$main.c$22$3_0$49                 main
     0000023D  A$main$135                         main
     0000023D  C$main.c$23$3_0$49                 main
     00000240  A$main$139                         main
     00000240  C$main.c$25$3_0$49                 main
     00000243  A$main$143                         main
     00000243  C$main.c$26$3_0$49                 main
     00000246  A$main$147                         main
     00000246  C$main.c$27$3_0$49                 main
     00000249  A$main$155                         main
     00000249  C$main.c$29$2_0$47                 main
     00000249  XG$main$0$0                        main
ASxxxx Linker V03.00 + NoICE + sdld,  page 4.
Hexadecimal  [32-Bits]

Area                                    Addr        Size        Decimal Bytes (Attributes)
--------------------------------        ----        ----        ------- ----- ------------
_CODE                               00000200    00001BAB =        7083. bytes (REL,CON)

      Value  Global                              Global Defined In Module
      -----  --------------------------------   ------------------------
     0000024B  A$_sms_manager$129                 _sms_manager
     0000024B  C$_sms_manager.c$11$0_0$71         _sms_manager
     0000024B  C$_sms_manager.c$13$1_0$71         _sms_manager
     0000024B  C$_sms_manager.c$14$1_0$71         _sms_manager
     0000024B  G$devkit_SMS_init$0$0              _sms_manager
     0000024B  XG$devkit_SMS_init$0$0             _sms_manager
     0000024B  _devkit_SMS_init                   _sms_manager
     0000024E  A$_sms_manager$142                 _sms_manager
     0000024E  C$_sms_manager.c$15$1_0$72         _sms_manager
     0000024E  C$_sms_manager.c$17$1_0$72         _sms_manager
     0000024E  G$devkit_SMS_displayOn$0$0         _sms_manager
     0000024E  _devkit_SMS_displayOn              _sms_manager
     00000251  A$_sms_manager$150                 _sms_manager
     00000251  C$_sms_manager.c$18$1_0$72         _sms_manager
     00000251  XG$devkit_SMS_displayOn$0$0        _sms_manager
     00000254  A$_sms_manager$163                 _sms_manager
     00000254  C$_sms_manager.c$19$1_0$73         _sms_manager
     00000254  C$_sms_manager.c$21$1_0$73         _sms_manager
     00000254  G$devkit_SMS_displayOff$0$0        _sms_manager
     00000254  _devkit_SMS_displayOff             _sms_manager
     00000257  A$_sms_manager$171                 _sms_manager
     00000257  C$_sms_manager.c$22$1_0$73         _sms_manager
     00000257  XG$devkit_SMS_displayOff$0$0       _sms_manager
     0000025A  A$_sms_manager$184                 _sms_manager
     0000025A  C$_sms_manager.c$23$1_0$75         _sms_manager
     0000025A  C$_sms_manager.c$25$1_0$75         _sms_manager
     0000025A  G$devkit_SMS_mapROMBank$0$0        _sms_manager
     0000025A  _devkit_SMS_mapROMBank             _sms_manager
     0000025E  A$_sms_manager$185                 _sms_manager
     00000260  A$_sms_manager$186                 _sms_manager
     00000263  A$_sms_manager$187                 _sms_manager
     00000266  A$_sms_manager$195                 _sms_manager
     00000266  C$_sms_manager.c$26$1_0$75         _sms_manager
     00000266  XG$devkit_SMS_mapROMBank$0$0       _sms_manager
     00000267  A$_sms_manager$208                 _sms_manager
     00000267  C$_sms_manager.c$28$1_0$76         _sms_manager
     00000267  C$_sms_manager.c$30$1_0$76         _sms_manager
     00000267  G$devkit_SMS_enableSRAM$0$0        _sms_manager
     00000267  _devkit_SMS_enableSRAM             _sms_manager
     00000269  A$_sms_manager$209                 _sms_manager
     0000026C  A$_sms_manager$217                 _sms_manager
     0000026C  C$_sms_manager.c$31$1_0$76         _sms_manager
     0000026C  XG$devkit_SMS_enableSRAM$0$0       _sms_manager
     0000026D  A$_sms_manager$230                 _sms_manager
     0000026D  C$_sms_manager.c$32$1_0$78         _sms_manager
     0000026D  C$_sms_manager.c$34$1_0$78         _sms_manager
     0000026D  G$devkit_SMS_enableSRAMBank$0$0    _sms_manager
     0000026D  _devkit_SMS_enableSRAMBank         _sms_manager
     00000271  A$_sms_manager$231                 _sms_manager
     00000273  A$_sms_manager$232                 _sms_manager
     00000276  A$_sms_manager$233                 _sms_manager
ASxxxx Linker V03.00 + NoICE + sdld,  page 5.
Hexadecimal  [32-Bits]

Area                                    Addr        Size        Decimal Bytes (Attributes)
--------------------------------        ----        ----        ------- ----- ------------
_CODE                               00000200    00001BAB =        7083. bytes (REL,CON)

      Value  Global                              Global Defined In Module
      -----  --------------------------------   ------------------------
     00000277  A$_sms_manager$234                 _sms_manager
     00000278  A$_sms_manager$235                 _sms_manager
     0000027A  A$_sms_manager$236                 _sms_manager
     0000027C  A$_sms_manager$237                 _sms_manager
     0000027F  A$_sms_manager$245                 _sms_manager
     0000027F  C$_sms_manager.c$35$1_0$78         _sms_manager
     0000027F  XG$devkit_SMS_enableSRAMBank$0$0   _sms_manager
     00000280  A$_sms_manager$258                 _sms_manager
     00000280  C$_sms_manager.c$36$1_0$79         _sms_manager
     00000280  C$_sms_manager.c$38$1_0$79         _sms_manager
     00000280  G$devkit_SMS_disableSRAM$0$0       _sms_manager
     00000280  _devkit_SMS_disableSRAM            _sms_manager
     00000282  A$_sms_manager$259                 _sms_manager
     00000285  A$_sms_manager$267                 _sms_manager
     00000285  C$_sms_manager.c$39$1_0$79         _sms_manager
     00000285  XG$devkit_SMS_disableSRAM$0$0      _sms_manager
     00000286  A$_sms_manager$280                 _sms_manager
     00000286  C$_sms_manager.c$40$1_0$80         _sms_manager
     00000286  C$_sms_manager.c$42$1_0$80         _sms_manager
     00000286  G$devkit_SMS_SRAM$0$0              _sms_manager
     00000286  _devkit_SMS_SRAM                   _sms_manager
     00000289  A$_sms_manager$288                 _sms_manager
     00000289  C$_sms_manager.c$43$1_0$80         _sms_manager
     00000289  XG$devkit_SMS_SRAM$0$0             _sms_manager
     0000028A  A$_sms_manager$301                 _sms_manager
     0000028A  C$_sms_manager.c$46$1_0$82         _sms_manager
     0000028A  C$_sms_manager.c$48$1_0$82         _sms_manager
     0000028A  G$devkit_SMS_setSpriteMode$0$0     _sms_manager
     0000028A  _devkit_SMS_setSpriteMode          _sms_manager
     0000028E  A$_sms_manager$302                 _sms_manager
     00000290  A$_sms_manager$303                 _sms_manager
     00000293  A$_sms_manager$311                 _sms_manager
     00000293  C$_sms_manager.c$49$1_0$82         _sms_manager
     00000293  XG$devkit_SMS_setSpriteMode$0$0    _sms_manager
     00000296  A$_sms_manager$324                 _sms_manager
     00000296  C$_sms_manager.c$50$1_0$83         _sms_manager
     00000296  C$_sms_manager.c$52$1_0$83         _sms_manager
     00000296  G$devkit_SMS_useFirstHalfTilesfo   _sms_manager
     00000296  _devkit_SMS_useFirstHalfTilesfor   _sms_manager
     00000298  A$_sms_manager$332                 _sms_manager
     00000298  C$_sms_manager.c$53$1_0$83         _sms_manager
     00000298  XG$devkit_SMS_useFirstHalfTilesf   _sms_manager
     0000029B  A$_sms_manager$345                 _sms_manager
     0000029B  C$_sms_manager.c$54$1_0$84         _sms_manager
     0000029B  C$_sms_manager.c$56$1_0$84         _sms_manager
     0000029B  G$devkit_SMS_useFirstHalfTilesfo   _sms_manager
     0000029B  _devkit_SMS_useFirstHalfTilesfor   _sms_manager
     0000029D  A$_sms_manager$353                 _sms_manager
     0000029D  C$_sms_manager.c$57$1_0$84         _sms_manager
     0000029D  XG$devkit_SMS_useFirstHalfTilesf   _sms_manager
     000002A0  A$_sms_manager$366                 _sms_manager
ASxxxx Linker V03.00 + NoICE + sdld,  page 6.
Hexadecimal  [32-Bits]

Area                                    Addr        Size        Decimal Bytes (Attributes)
--------------------------------        ----        ----        ------- ----- ------------
_CODE                               00000200    00001BAB =        7083. bytes (REL,CON)

      Value  Global                              Global Defined In Module
      -----  --------------------------------   ------------------------
     000002A0  C$_sms_manager.c$58$1_0$86         _sms_manager
     000002A0  C$_sms_manager.c$60$1_0$86         _sms_manager
     000002A0  G$devkit_SMS_VDPturnOnFeature$0$   _sms_manager
     000002A0  _devkit_SMS_VDPturnOnFeature       _sms_manager
     000002A4  A$_sms_manager$367                 _sms_manager
     000002A6  A$_sms_manager$368                 _sms_manager
     000002A9  A$_sms_manager$369                 _sms_manager
     000002AC  A$_sms_manager$377                 _sms_manager
     000002AC  C$_sms_manager.c$61$1_0$86         _sms_manager
     000002AC  XG$devkit_SMS_VDPturnOnFeature$0   _sms_manager
     000002AF  A$_sms_manager$390                 _sms_manager
     000002AF  C$_sms_manager.c$63$1_0$88         _sms_manager
     000002AF  C$_sms_manager.c$65$1_0$88         _sms_manager
     000002AF  G$devkit_SMS_loadPSGaidencompres   _sms_manager
     000002AF  _devkit_SMS_loadPSGaidencompress   _sms_manager
     000002B3  A$_sms_manager$391                 _sms_manager
     000002B5  A$_sms_manager$392                 _sms_manager
     000002B8  A$_sms_manager$393                 _sms_manager
     000002BB  A$_sms_manager$394                 _sms_manager
     000002BC  A$_sms_manager$395                 _sms_manager
     000002BF  A$_sms_manager$396                 _sms_manager
     000002C2  A$_sms_manager$397                 _sms_manager
     000002C3  A$_sms_manager$398                 _sms_manager
     000002C6  A$_sms_manager$399                 _sms_manager
     000002C7  A$_sms_manager$400                 _sms_manager
     000002C8  A$_sms_manager$408                 _sms_manager
     000002C8  C$_sms_manager.c$66$1_0$88         _sms_manager
     000002C8  XG$devkit_SMS_loadPSGaidencompre   _sms_manager
     000002C9  A$_sms_manager$421                 _sms_manager
     000002C9  C$_sms_manager.c$67$1_0$90         _sms_manager
     000002C9  C$_sms_manager.c$69$1_0$90         _sms_manager
     000002C9  G$devkit_SMS_loadSTMcompressedTi   _sms_manager
     000002C9  _devkit_SMS_loadSTMcompressedTil   _sms_manager
     000002CB  A$_sms_manager$422                 _sms_manager
     000002CC  A$_sms_manager$423                 _sms_manager
     000002CD  A$_sms_manager$424                 _sms_manager
     000002D1  A$_sms_manager$425                 _sms_manager
     000002D3  A$_sms_manager$426                 _sms_manager
     000002D6  A$_sms_manager$427                 _sms_manager
     000002D9  A$_sms_manager$428                 _sms_manager
     000002DA  A$_sms_manager$429                 _sms_manager
     000002DD  A$_sms_manager$430                 _sms_manager
     000002DF  A$_sms_manager$431                 _sms_manager
     000002E0  A$_sms_manager$432                 _sms_manager
     000002E1  A$_sms_manager$433                 _sms_manager
     000002E4  A$_sms_manager$434                 _sms_manager
     000002E5  A$_sms_manager$435                 _sms_manager
     000002E6  A$_sms_manager$436                 _sms_manager
     000002E9  A$_sms_manager$437                 _sms_manager
     000002EA  A$_sms_manager$438                 _sms_manager
     000002EB  A$_sms_manager$439                 _sms_manager
ASxxxx Linker V03.00 + NoICE + sdld,  page 7.
Hexadecimal  [32-Bits]

Area                                    Addr        Size        Decimal Bytes (Attributes)
--------------------------------        ----        ----        ------- ----- ------------
_CODE                               00000200    00001BAB =        7083. bytes (REL,CON)

      Value  Global                              Global Defined In Module
      -----  --------------------------------   ------------------------
     000002EC  A$_sms_manager$447                 _sms_manager
     000002EC  C$_sms_manager.c$70$1_0$90         _sms_manager
     000002EC  XG$devkit_SMS_loadSTMcompressedT   _sms_manager
     000002ED  A$_sms_manager$460                 _sms_manager
     000002ED  C$_sms_manager.c$72$1_0$92         _sms_manager
     000002ED  C$_sms_manager.c$74$1_0$92         _sms_manager
     000002ED  G$devkit_SMS_loadBGPalette$0$0     _sms_manager
     000002ED  _devkit_SMS_loadBGPalette          _sms_manager
     000002F1  A$_sms_manager$461                 _sms_manager
     000002F3  A$_sms_manager$462                 _sms_manager
     000002F6  A$_sms_manager$463                 _sms_manager
     000002F9  A$_sms_manager$471                 _sms_manager
     000002F9  C$_sms_manager.c$75$1_0$92         _sms_manager
     000002F9  XG$devkit_SMS_loadBGPalette$0$0    _sms_manager
     000002FC  A$_sms_manager$484                 _sms_manager
     000002FC  C$_sms_manager.c$76$1_0$94         _sms_manager
     000002FC  C$_sms_manager.c$78$1_0$94         _sms_manager
     000002FC  G$devkit_SMS_loadSpritePalette$0   _sms_manager
     000002FC  _devkit_SMS_loadSpritePalette      _sms_manager
     00000300  A$_sms_manager$485                 _sms_manager
     00000302  A$_sms_manager$486                 _sms_manager
     00000305  A$_sms_manager$487                 _sms_manager
     00000308  A$_sms_manager$495                 _sms_manager
     00000308  C$_sms_manager.c$79$1_0$94         _sms_manager
     00000308  XG$devkit_SMS_loadSpritePalette$   _sms_manager
     0000030B  A$_sms_manager$508                 _sms_manager
     0000030B  C$_sms_manager.c$80$1_0$96         _sms_manager
     0000030B  C$_sms_manager.c$82$1_0$96         _sms_manager
     0000030B  G$devkit_SMS_setSpritePaletteCol   _sms_manager
     0000030B  _devkit_SMS_setSpritePaletteColo   _sms_manager
     0000030F  A$_sms_manager$509                 _sms_manager
     00000311  A$_sms_manager$510                 _sms_manager
     00000314  A$_sms_manager$511                 _sms_manager
     00000315  A$_sms_manager$512                 _sms_manager
     00000316  A$_sms_manager$513                 _sms_manager
     00000318  A$_sms_manager$514                 _sms_manager
     0000031B  A$_sms_manager$515                 _sms_manager
     0000031C  A$_sms_manager$516                 _sms_manager
     0000031F  A$_sms_manager$517                 _sms_manager
     00000321  A$_sms_manager$518                 _sms_manager
     00000323  A$_sms_manager$519                 _sms_manager
     00000324  A$_sms_manager$520                 _sms_manager
     00000325  A$_sms_manager$521                 _sms_manager
     00000326  A$_sms_manager$522                 _sms_manager
     00000327  A$_sms_manager$523                 _sms_manager
     00000328  A$_sms_manager$527                 _sms_manager
     00000328  C$_sms_manager.c$83$1_0$96         _sms_manager
     00000329  A$_sms_manager$528                 _sms_manager
     0000032A  A$_sms_manager$529                 _sms_manager
     0000032D  A$_sms_manager$530                 _sms_manager
     0000032E  A$_sms_manager$531                 _sms_manager
ASxxxx Linker V03.00 + NoICE + sdld,  page 8.
Hexadecimal  [32-Bits]

Area                                    Addr        Size        Decimal Bytes (Attributes)
--------------------------------        ----        ----        ------- ----- ------------
_CODE                               00000200    00001BAB =        7083. bytes (REL,CON)

      Value  Global                              Global Defined In Module
      -----  --------------------------------   ------------------------
     0000032F  A$_sms_manager$532                 _sms_manager
     00000332  A$_sms_manager$533                 _sms_manager
     00000333  A$_sms_manager$541                 _sms_manager
     00000333  C$_sms_manager.c$84$1_0$96         _sms_manager
     00000333  XG$devkit_SMS_setSpritePaletteCo   _sms_manager
     00000334  A$_sms_manager$551                 _sms_manager
     00000334  C$_sms_manager.c$86$1_0$98         _sms_manager
     00000334  G$devkit_SMS_setNextTileatXY$0$0   _sms_manager
     00000334  _devkit_SMS_setNextTileatXY        _sms_manager
     00000336  A$_sms_manager$552                 _sms_manager
     0000033A  A$_sms_manager$553                 _sms_manager
     0000033C  A$_sms_manager$557                 _sms_manager
     0000033C  C$_sms_manager.c$88$1_0$98         _sms_manager
     0000033F  A$_sms_manager$558                 _sms_manager
     00000341  A$_sms_manager$559                 _sms_manager
     00000342  A$_sms_manager$560                 _sms_manager
     00000343  A$_sms_manager$561                 _sms_manager
     00000344  A$_sms_manager$562                 _sms_manager
     00000345  A$_sms_manager$563                 _sms_manager
     00000346  A$_sms_manager$564                 _sms_manager
     00000347  A$_sms_manager$565                 _sms_manager
     00000348  A$_sms_manager$566                 _sms_manager
     00000349  A$_sms_manager$567                 _sms_manager
     0000034A  A$_sms_manager$568                 _sms_manager
     0000034C  A$_sms_manager$569                 _sms_manager
     0000034D  A$_sms_manager$570                 _sms_manager
     0000034E  A$_sms_manager$571                 _sms_manager
     00000351  A$_sms_manager$572                 _sms_manager
     00000353  A$_sms_manager$573                 _sms_manager
     00000354  A$_sms_manager$574                 _sms_manager
     00000355  A$_sms_manager$575                 _sms_manager
     00000356  A$_sms_manager$576                 _sms_manager
     00000357  A$_sms_manager$577                 _sms_manager
     00000358  A$_sms_manager$578                 _sms_manager
     00000359  A$_sms_manager$586                 _sms_manager
     00000359  C$_sms_manager.c$89$1_0$98         _sms_manager
     00000359  XG$devkit_SMS_setNextTileatXY$0$   _sms_manager
     0000035B  A$_sms_manager$587                 _sms_manager
     0000035E  A$_sms_manager$600                 _sms_manager
     0000035E  C$_sms_manager.c$90$1_0$100        _sms_manager
     0000035E  C$_sms_manager.c$92$1_0$100        _sms_manager
     0000035E  G$devkit_SMS_setTile$0$0           _sms_manager
     0000035E  _devkit_SMS_setTile                _sms_manager
     00000362  A$_sms_manager$601                 _sms_manager
     00000364  A$_sms_manager$602                 _sms_manager
     00000367  A$_sms_manager$603                 _sms_manager
     0000036A  A$_sms_manager$611                 _sms_manager
     0000036A  C$_sms_manager.c$93$1_0$100        _sms_manager
     0000036A  XG$devkit_SMS_setTile$0$0          _sms_manager
     0000036D  A$_sms_manager$624                 _sms_manager
     0000036D  C$_sms_manager.c$94$1_0$102        _sms_manager
ASxxxx Linker V03.00 + NoICE + sdld,  page 9.
Hexadecimal  [32-Bits]

Area                                    Addr        Size        Decimal Bytes (Attributes)
--------------------------------        ----        ----        ------- ----- ------------
_CODE                               00000200    00001BAB =        7083. bytes (REL,CON)

      Value  Global                              Global Defined In Module
      -----  --------------------------------   ------------------------
     0000036D  C$_sms_manager.c$96$1_0$102        _sms_manager
     0000036D  G$devkit_SMS_setTilePriority$0$0   _sms_manager
     0000036D  _devkit_SMS_setTilePriority        _sms_manager
     00000371  A$_sms_manager$625                 _sms_manager
     00000373  A$_sms_manager$626                 _sms_manager
     00000376  A$_sms_manager$627                 _sms_manager
     00000377  A$_sms_manager$628                 _sms_manager
     00000379  A$_sms_manager$629                 _sms_manager
     0000037A  A$_sms_manager$637                 _sms_manager
     0000037A  C$_sms_manager.c$97$1_0$102        _sms_manager
     0000037A  XG$devkit_SMS_setTilePriority$0$   _sms_manager
     0000037D  A$_sms_manager$650                 _sms_manager
     0000037D  C$_sms_manager.c$101$1_0$104       _sms_manager
     0000037D  C$_sms_manager.c$99$1_0$104        _sms_manager
     0000037D  G$devkit_SMS_addSprite$0$0         _sms_manager
     0000037D  _devkit_SMS_addSprite              _sms_manager
     00000381  A$_sms_manager$651                 _sms_manager
     00000383  A$_sms_manager$652                 _sms_manager
     00000386  A$_sms_manager$653                 _sms_manager
     00000387  A$_sms_manager$654                 _sms_manager
     00000388  A$_sms_manager$655                 _sms_manager
     0000038B  A$_sms_manager$656                 _sms_manager
     0000038D  A$_sms_manager$657                 _sms_manager
     0000038E  A$_sms_manager$658                 _sms_manager
     0000038F  A$_sms_manager$659                 _sms_manager
     00000392  A$_sms_manager$660                 _sms_manager
     00000393  A$_sms_manager$661                 _sms_manager
     00000394  A$_sms_manager$662                 _sms_manager
     00000397  A$_sms_manager$663                 _sms_manager
     00000398  A$_sms_manager$664                 _sms_manager
     00000399  A$_sms_manager$672                 _sms_manager
     00000399  C$_sms_manager.c$102$1_0$104       _sms_manager
     00000399  XG$devkit_SMS_addSprite$0$0        _sms_manager
     0000039A  A$_sms_manager$692                 _sms_manager
     0000039A  C$_sms_manager.c$143$1_0$105       _sms_manager
     0000039A  C$_sms_manager.c$145$1_0$105       _sms_manager
     0000039A  C$_sms_manager.c$146$1_0$105       _sms_manager
     0000039A  G$devkit_SMS_initSprites$0$0       _sms_manager
     0000039A  XG$devkit_SMS_initSprites$0$0      _sms_manager
     0000039A  _devkit_SMS_initSprites            _sms_manager
     0000039D  A$_sms_manager$712                 _sms_manager
     0000039D  C$_sms_manager.c$147$1_0$106       _sms_manager
     0000039D  C$_sms_manager.c$149$1_0$106       _sms_manager
     0000039D  C$_sms_manager.c$150$1_0$106       _sms_manager
     0000039D  G$devkit_SMS_finalizeSprites$0$0   _sms_manager
     0000039D  XG$devkit_SMS_finalizeSprites$0$   _sms_manager
     0000039D  _devkit_SMS_finalizeSprites        _sms_manager
     000003A0  A$_sms_manager$732                 _sms_manager
     000003A0  C$_sms_manager.c$151$1_0$107       _sms_manager
     000003A0  C$_sms_manager.c$153$1_0$107       _sms_manager
     000003A0  C$_sms_manager.c$154$1_0$107       _sms_manager
ASxxxx Linker V03.00 + NoICE + sdld,  page 10.
Hexadecimal  [32-Bits]

Area                                    Addr        Size        Decimal Bytes (Attributes)
--------------------------------        ----        ----        ------- ----- ------------
_CODE                               00000200    00001BAB =        7083. bytes (REL,CON)

      Value  Global                              Global Defined In Module
      -----  --------------------------------   ------------------------
     000003A0  G$devkit_SMS_waitForVBlank$0$0     _sms_manager
     000003A0  XG$devkit_SMS_waitForVBlank$0$0    _sms_manager
     000003A0  _devkit_SMS_waitForVBlank          _sms_manager
     000003A3  A$_sms_manager$752                 _sms_manager
     000003A3  C$_sms_manager.c$155$1_0$108       _sms_manager
     000003A3  C$_sms_manager.c$157$1_0$108       _sms_manager
     000003A3  C$_sms_manager.c$158$1_0$108       _sms_manager
     000003A3  G$devkit_SMS_copySpritestoSAT$0$   _sms_manager
     000003A3  XG$devkit_SMS_copySpritestoSAT$0   _sms_manager
     000003A3  _devkit_SMS_copySpritestoSAT       _sms_manager
     000003A6  A$_sms_manager$772                 _sms_manager
     000003A6  C$_sms_manager.c$159$1_0$109       _sms_manager
     000003A6  C$_sms_manager.c$161$1_0$109       _sms_manager
     000003A6  C$_sms_manager.c$162$1_0$109       _sms_manager
     000003A6  G$devkit_UNSAFE_SMS_copySpritest   _sms_manager
     000003A6  XG$devkit_UNSAFE_SMS_copySprites   _sms_manager
     000003A6  _devkit_UNSAFE_SMS_copySpritesto   _sms_manager
     000003A9  A$_sms_manager$792                 _sms_manager
     000003A9  C$_sms_manager.c$164$1_0$110       _sms_manager
     000003A9  C$_sms_manager.c$166$1_0$110       _sms_manager
     000003A9  C$_sms_manager.c$167$1_0$110       _sms_manager
     000003A9  G$devkit_SMS_queryPauseRequested   _sms_manager
     000003A9  XG$devkit_SMS_queryPauseRequeste   _sms_manager
     000003A9  _devkit_SMS_queryPauseRequested    _sms_manager
     000003AC  A$_sms_manager$812                 _sms_manager
     000003AC  C$_sms_manager.c$168$1_0$111       _sms_manager
     000003AC  C$_sms_manager.c$170$1_0$111       _sms_manager
     000003AC  C$_sms_manager.c$171$1_0$111       _sms_manager
     000003AC  G$devkit_SMS_resetPauseRequest$0   _sms_manager
     000003AC  XG$devkit_SMS_resetPauseRequest$   _sms_manager
     000003AC  _devkit_SMS_resetPauseRequest      _sms_manager
     000003AF  A$_sms_manager$825                 _sms_manager
     000003AF  C$_sms_manager.c$174$1_0$112       _sms_manager
     000003AF  C$_sms_manager.c$176$1_0$112       _sms_manager
     000003AF  G$devkit_isCollisionDetected$0$0   _sms_manager
     000003AF  _devkit_isCollisionDetected        _sms_manager
     000003B2  A$_sms_manager$826                 _sms_manager
     000003B4  A$_sms_manager$827                 _sms_manager
     000003B5  A$_sms_manager$835                 _sms_manager
     000003B5  C$_sms_manager.c$177$1_0$112       _sms_manager
     000003B5  XG$devkit_isCollisionDetected$0$   _sms_manager
     000003B6  A$_sms_manager$855                 _sms_manager
     000003B6  C$_sms_manager.c$180$1_0$113       _sms_manager
     000003B6  C$_sms_manager.c$182$1_0$113       _sms_manager
     000003B6  C$_sms_manager.c$183$1_0$113       _sms_manager
     000003B6  G$devkit_SMS_getKeysStatus$0$0     _sms_manager
     000003B6  XG$devkit_SMS_getKeysStatus$0$0    _sms_manager
     000003B6  _devkit_SMS_getKeysStatus          _sms_manager
     000003B9  A$_sms_manager$868                 _sms_manager
     000003B9  C$_sms_manager.c$186$1_0$114       _sms_manager
     000003B9  C$_sms_manager.c$188$1_0$114       _sms_manager
ASxxxx Linker V03.00 + NoICE + sdld,  page 11.
Hexadecimal  [32-Bits]

Area                                    Addr        Size        Decimal Bytes (Attributes)
--------------------------------        ----        ----        ------- ----- ------------
_CODE                               00000200    00001BAB =        7083. bytes (REL,CON)

      Value  Global                              Global Defined In Module
      -----  --------------------------------   ------------------------
     000003B9  G$devkit_SPRITEMODE_NORMAL$0$0     _sms_manager
     000003B9  _devkit_SPRITEMODE_NORMAL          _sms_manager
     000003BB  A$_sms_manager$876                 _sms_manager
     000003BB  C$_sms_manager.c$189$1_0$114       _sms_manager
     000003BB  XG$devkit_SPRITEMODE_NORMAL$0$0    _sms_manager
     000003BC  A$_sms_manager$889                 _sms_manager
     000003BC  C$_sms_manager.c$190$1_0$115       _sms_manager
     000003BC  C$_sms_manager.c$192$1_0$115       _sms_manager
     000003BC  G$devkit_VDPFEATURE_HIDEFIRSTCOL   _sms_manager
     000003BC  _devkit_VDPFEATURE_HIDEFIRSTCOL    _sms_manager
     000003BF  A$_sms_manager$897                 _sms_manager
     000003BF  C$_sms_manager.c$193$1_0$115       _sms_manager
     000003BF  XG$devkit_VDPFEATURE_HIDEFIRSTCO   _sms_manager
     000003C0  A$_sms_manager$910                 _sms_manager
     000003C0  C$_sms_manager.c$194$1_0$116       _sms_manager
     000003C0  C$_sms_manager.c$196$1_0$116       _sms_manager
     000003C0  G$devkit_TILE_PRIORITY$0$0         _sms_manager
     000003C0  _devkit_TILE_PRIORITY              _sms_manager
     000003C3  A$_sms_manager$918                 _sms_manager
     000003C3  C$_sms_manager.c$197$1_0$116       _sms_manager
     000003C3  XG$devkit_TILE_PRIORITY$0$0        _sms_manager
     000003C4  A$_sms_manager$931                 _sms_manager
     000003C4  C$_sms_manager.c$198$1_0$117       _sms_manager
     000003C4  C$_sms_manager.c$200$1_0$117       _sms_manager
     000003C4  G$devkit_TILE_USE_SPRITE_PALETTE   _sms_manager
     000003C4  _devkit_TILE_USE_SPRITE_PALETTE    _sms_manager
     000003C7  A$_sms_manager$939                 _sms_manager
     000003C7  C$_sms_manager.c$201$1_0$117       _sms_manager
     000003C7  XG$devkit_TILE_USE_SPRITE_PALETT   _sms_manager
     000003C8  F_sms_manager$__str_0$0_0$0        _sms_manager
     000003D6  F_sms_manager$__str_1$0_0$0        _sms_manager
     000003E6  F_sms_manager$__str_2$0_0$0        _sms_manager
     0000041E  A$asm_manager$59                   asm_manager
     0000041E  C$asm_manager.c$11$0_0$1           asm_manager
     0000041E  C$asm_manager.c$30$1_0$1           asm_manager
     0000041E  G$engine_asm_manager_clear_VRAM$   asm_manager
     0000041E  _engine_asm_manager_clear_VRAM     asm_manager
     00000420  A$asm_manager$60                   asm_manager
     00000422  A$asm_manager$61                   asm_manager
     00000424  A$asm_manager$62                   asm_manager
     00000426  A$asm_manager$63                   asm_manager
     00000429  A$asm_manager$65                   asm_manager
     0000042B  A$asm_manager$66                   asm_manager
     0000042D  A$asm_manager$67                   asm_manager
     0000042E  A$asm_manager$68                   asm_manager
     0000042F  A$asm_manager$69                   asm_manager
     00000430  A$asm_manager$70                   asm_manager
     00000433  A$asm_manager$78                   asm_manager
     00000433  C$asm_manager.c$33$1_0$1           asm_manager
     00000433  XG$engine_asm_manager_clear_VRAM   asm_manager
     00000434  A$content_manager$60               content_manager
ASxxxx Linker V03.00 + NoICE + sdld,  page 12.
Hexadecimal  [32-Bits]

Area                                    Addr        Size        Decimal Bytes (Attributes)
--------------------------------        ----        ----        ------- ----- ------------
_CODE                               00000200    00001BAB =        7083. bytes (REL,CON)

      Value  Global                              Global Defined In Module
      -----  --------------------------------   ------------------------
     00000434  C$content_manager.c$10$0_0$14      content_manager
     00000434  C$content_manager.c$13$1_0$14      content_manager
     00000434  G$engine_content_manager_load_ti   content_manager
     00000434  _engine_content_manager_load_til   content_manager
     00000437  A$content_manager$61               content_manager
     00000438  A$content_manager$62               content_manager
     0000043B  A$content_manager$63               content_manager
     0000043C  A$content_manager$64               content_manager
     0000043F  A$content_manager$65               content_manager
     00000440  A$content_manager$69               content_manager
     00000440  C$content_manager.c$14$1_0$14      content_manager
     00000443  A$content_manager$70               content_manager
     00000444  A$content_manager$71               content_manager
     00000447  A$content_manager$72               content_manager
     00000448  A$content_manager$80               content_manager
     00000448  C$content_manager.c$15$1_0$14      content_manager
     00000448  XG$engine_content_manager_load_t   content_manager
     00000449  A$content_manager$93               content_manager
     00000449  C$content_manager.c$16$1_0$15      content_manager
     00000449  C$content_manager.c$19$1_0$15      content_manager
     00000449  G$engine_content_manager_load_ti   content_manager
     00000449  _engine_content_manager_load_til   content_manager
     0000044C  A$content_manager$94               content_manager
     0000044D  A$content_manager$95               content_manager
     00000450  A$content_manager$96               content_manager
     00000451  A$content_manager$97               content_manager
     00000454  A$content_manager$98               content_manager
     00000455  A$content_manager$102              content_manager
     00000455  C$content_manager.c$20$1_0$15      content_manager
     00000458  A$content_manager$103              content_manager
     00000459  A$content_manager$104              content_manager
     0000045C  A$content_manager$105              content_manager
     0000045D  A$content_manager$113              content_manager
     0000045D  C$content_manager.c$21$1_0$15      content_manager
     0000045D  XG$engine_content_manager_load_t   content_manager
     0000045E  A$content_manager$126              content_manager
     0000045E  C$content_manager.c$22$1_0$16      content_manager
     0000045E  C$content_manager.c$25$1_0$16      content_manager
     0000045E  G$engine_content_manager_load_sp   content_manager
     0000045E  _engine_content_manager_load_spr   content_manager
     00000461  A$content_manager$127              content_manager
     00000462  A$content_manager$128              content_manager
     00000465  A$content_manager$129              content_manager
     00000466  A$content_manager$130              content_manager
     00000469  A$content_manager$131              content_manager
     0000046A  A$content_manager$135              content_manager
     0000046A  C$content_manager.c$26$1_0$16      content_manager
     0000046D  A$content_manager$136              content_manager
     0000046E  A$content_manager$137              content_manager
     00000471  A$content_manager$138              content_manager
     00000472  A$content_manager$146              content_manager
ASxxxx Linker V03.00 + NoICE + sdld,  page 13.
Hexadecimal  [32-Bits]

Area                                    Addr        Size        Decimal Bytes (Attributes)
--------------------------------        ----        ----        ------- ----- ------------
_CODE                               00000200    00001BAB =        7083. bytes (REL,CON)

      Value  Global                              Global Defined In Module
      -----  --------------------------------   ------------------------
     00000472  C$content_manager.c$27$1_0$16      content_manager
     00000472  XG$engine_content_manager_load_s   content_manager
     00000473  A$font_manager$57                  font_manager
     00000473  C$font_manager.c$10$0_0$19         font_manager
     00000473  G$engine_font_manager_draw_char$   font_manager
     00000473  _engine_font_manager_draw_char     font_manager
     00000475  A$font_manager$58                  font_manager
     00000479  A$font_manager$59                  font_manager
     0000047B  A$font_manager$66                  font_manager
     0000047B  C$font_manager.c$12$2_0$19         font_manager
     0000047B  C$font_manager.c$13$1_0$19         font_manager
     0000047E  A$font_manager$67                  font_manager
     00000480  A$font_manager$68                  font_manager
     00000481  A$font_manager$72                  font_manager
     00000481  C$font_manager.c$14$1_0$19         font_manager
     00000482  A$font_manager$73                  font_manager
     00000485  A$font_manager$74                  font_manager
     00000488  A$font_manager$75                  font_manager
     00000489  A$font_manager$76                  font_manager
     0000048C  A$font_manager$77                  font_manager
     0000048D  A$font_manager$78                  font_manager
     0000048E  A$font_manager$82                  font_manager
     0000048E  C$font_manager.c$15$1_0$19         font_manager
     00000491  A$font_manager$83                  font_manager
     00000492  A$font_manager$84                  font_manager
     00000494  A$font_manager$85                  font_manager
     00000496  A$font_manager$86                  font_manager
     00000497  A$font_manager$87                  font_manager
     00000498  A$font_manager$88                  font_manager
     0000049B  A$font_manager$89                  font_manager
     0000049C  A$font_manager$93                  font_manager
     0000049E  A$font_manager$98                  font_manager
     0000049E  C$font_manager.c$16$1_0$19         font_manager
     0000049E  XG$engine_font_manager_draw_char   font_manager
     0000049F  A$font_manager$108                 font_manager
     0000049F  C$font_manager.c$18$1_0$21         font_manager
     0000049F  G$engine_font_manager_draw_text$   font_manager
     0000049F  _engine_font_manager_draw_text     font_manager
     000004A1  A$font_manager$109                 font_manager
     000004A5  A$font_manager$110                 font_manager
     000004A7  A$font_manager$111                 font_manager
     000004A8  A$font_manager$118                 font_manager
     000004A8  C$font_manager.c$20$2_0$21         font_manager
     000004A8  C$font_manager.c$23$1_0$21         font_manager
     000004AB  A$font_manager$119                 font_manager
     000004AE  A$font_manager$120                 font_manager
     000004B0  A$font_manager$122                 font_manager
     000004B3  A$font_manager$123                 font_manager
     000004B6  A$font_manager$124                 font_manager
     000004B8  A$font_manager$125                 font_manager
     000004B9  A$font_manager$126                 font_manager
ASxxxx Linker V03.00 + NoICE + sdld,  page 14.
Hexadecimal  [32-Bits]

Area                                    Addr        Size        Decimal Bytes (Attributes)
--------------------------------        ----        ----        ------- ----- ------------
_CODE                               00000200    00001BAB =        7083. bytes (REL,CON)

      Value  Global                              Global Defined In Module
      -----  --------------------------------   ------------------------
     000004BA  A$font_manager$127                 font_manager
     000004BB  A$font_manager$128                 font_manager
     000004BD  A$font_manager$132                 font_manager
     000004BD  C$font_manager.c$25$2_0$22         font_manager
     000004BF  A$font_manager$133                 font_manager
     000004C0  A$font_manager$137                 font_manager
     000004C0  C$font_manager.c$26$2_0$22         font_manager
     000004C3  A$font_manager$138                 font_manager
     000004C6  A$font_manager$139                 font_manager
     000004C9  A$font_manager$140                 font_manager
     000004CC  A$font_manager$141                 font_manager
     000004CD  A$font_manager$142                 font_manager
     000004D0  A$font_manager$143                 font_manager
     000004D1  A$font_manager$144                 font_manager
     000004D2  A$font_manager$145                 font_manager
     000004D3  A$font_manager$146                 font_manager
     000004D4  A$font_manager$147                 font_manager
     000004D7  A$font_manager$148                 font_manager
     000004D8  A$font_manager$149                 font_manager
     000004D9  A$font_manager$153                 font_manager
     000004D9  C$font_manager.c$27$2_0$22         font_manager
     000004DC  A$font_manager$154                 font_manager
     000004DD  A$font_manager$155                 font_manager
     000004DF  A$font_manager$156                 font_manager
     000004E0  A$font_manager$157                 font_manager
     000004E1  A$font_manager$158                 font_manager
     000004E2  A$font_manager$159                 font_manager
     000004E3  A$font_manager$160                 font_manager
     000004E4  A$font_manager$161                 font_manager
     000004E5  A$font_manager$162                 font_manager
     000004E6  A$font_manager$163                 font_manager
     000004E7  A$font_manager$164                 font_manager
     000004EA  A$font_manager$165                 font_manager
     000004EB  A$font_manager$166                 font_manager
     000004EC  A$font_manager$170                 font_manager
     000004EC  C$font_manager.c$28$2_0$22         font_manager
     000004ED  A$font_manager$171                 font_manager
     000004EF  A$font_manager$176                 font_manager
     000004F0  A$font_manager$177                 font_manager
     000004F2  A$font_manager$182                 font_manager
     000004F2  C$font_manager.c$30$1_0$21         font_manager
     000004F2  XG$engine_font_manager_draw_text   font_manager
     000004F3  A$font_manager$192                 font_manager
     000004F3  C$font_manager.c$32$1_0$25         font_manager
     000004F3  G$engine_font_manager_draw_data$   font_manager
     000004F3  _engine_font_manager_draw_data     font_manager
     000004F5  A$font_manager$193                 font_manager
     000004F9  A$font_manager$194                 font_manager
     000004FB  A$font_manager$195                 font_manager
     000004FE  A$font_manager$196                 font_manager
     000004FF  A$font_manager$197                 font_manager
ASxxxx Linker V03.00 + NoICE + sdld,  page 15.
Hexadecimal  [32-Bits]

Area                                    Addr        Size        Decimal Bytes (Attributes)
--------------------------------        ----        ----        ------- ----- ------------
_CODE                               00000200    00001BAB =        7083. bytes (REL,CON)

      Value  Global                              Global Defined In Module
      -----  --------------------------------   ------------------------
     00000500  A$font_manager$204                 font_manager
     00000500  C$font_manager.c$34$2_0$25         font_manager
     00000500  C$font_manager.c$43$3_0$26         font_manager
     00000503  A$font_manager$205                 font_manager
     00000504  A$font_manager$206                 font_manager
     00000505  A$font_manager$207                 font_manager
     00000506  A$font_manager$208                 font_manager
     00000509  A$font_manager$209                 font_manager
     0000050C  A$font_manager$210                 font_manager
     00000510  A$font_manager$215                 font_manager
     00000510  C$font_manager.c$45$2_0$25         font_manager
     00000511  A$font_manager$216                 font_manager
     00000514  A$font_manager$217                 font_manager
     00000515  A$font_manager$218                 font_manager
     00000518  A$font_manager$219                 font_manager
     0000051B  A$font_manager$220                 font_manager
     0000051C  A$font_manager$221                 font_manager
     0000051F  A$font_manager$222                 font_manager
     00000520  A$font_manager$223                 font_manager
     00000521  A$font_manager$224                 font_manager
     00000522  A$font_manager$225                 font_manager
     00000523  A$font_manager$226                 font_manager
     00000526  A$font_manager$227                 font_manager
     00000529  A$font_manager$231                 font_manager
     00000529  C$font_manager.c$46$2_0$25         font_manager
     0000052A  A$font_manager$232                 font_manager
     0000052B  A$font_manager$233                 font_manager
     0000052E  A$font_manager$234                 font_manager
     0000052F  A$font_manager$235                 font_manager
     00000532  A$font_manager$236                 font_manager
     00000535  A$font_manager$237                 font_manager
     00000536  A$font_manager$238                 font_manager
     00000539  A$font_manager$239                 font_manager
     0000053A  A$font_manager$240                 font_manager
     0000053B  A$font_manager$241                 font_manager
     0000053C  A$font_manager$242                 font_manager
     0000053D  A$font_manager$243                 font_manager
     00000540  A$font_manager$247                 font_manager
     00000540  C$font_manager.c$48$3_0$26         font_manager
     00000543  A$font_manager$248                 font_manager
     00000545  A$font_manager$249                 font_manager
     00000546  A$font_manager$250                 font_manager
     00000549  A$font_manager$251                 font_manager
     0000054A  A$font_manager$255                 font_manager
     0000054A  C$font_manager.c$49$3_0$26         font_manager
     0000054D  A$font_manager$256                 font_manager
     00000550  A$font_manager$260                 font_manager
     00000550  C$font_manager.c$51$3_0$26         font_manager
     00000553  A$font_manager$261                 font_manager
     00000555  A$font_manager$262                 font_manager
     00000556  A$font_manager$266                 font_manager
ASxxxx Linker V03.00 + NoICE + sdld,  page 16.
Hexadecimal  [32-Bits]

Area                                    Addr        Size        Decimal Bytes (Attributes)
--------------------------------        ----        ----        ------- ----- ------------
_CODE                               00000200    00001BAB =        7083. bytes (REL,CON)

      Value  Global                              Global Defined In Module
      -----  --------------------------------   ------------------------
     00000556  C$font_manager.c$52$3_0$26         font_manager
     00000559  A$font_manager$267                 font_manager
     0000055C  A$font_manager$268                 font_manager
     0000055E  A$font_manager$269                 font_manager
     00000561  A$font_manager$270                 font_manager
     00000562  A$font_manager$271                 font_manager
     00000564  A$font_manager$272                 font_manager
     00000567  A$font_manager$273                 font_manager
     00000568  A$font_manager$274                 font_manager
     0000056A  A$font_manager$278                 font_manager
     0000056A  C$font_manager.c$55$4_0$27         font_manager
     0000056C  A$font_manager$283                 font_manager
     0000056C  C$font_manager.c$58$3_0$26         font_manager
     0000056F  A$font_manager$284                 font_manager
     00000572  A$font_manager$285                 font_manager
     00000575  A$font_manager$286                 font_manager
     00000578  A$font_manager$287                 font_manager
     00000579  A$font_manager$288                 font_manager
     0000057A  A$font_manager$289                 font_manager
     0000057D  A$font_manager$290                 font_manager
     0000057E  A$font_manager$291                 font_manager
     0000057F  A$font_manager$292                 font_manager
     00000580  A$font_manager$293                 font_manager
     00000581  A$font_manager$294                 font_manager
     00000584  A$font_manager$295                 font_manager
     00000585  A$font_manager$296                 font_manager
     00000586  A$font_manager$297                 font_manager
     00000587  A$font_manager$301                 font_manager
     00000587  C$font_manager.c$59$3_0$26         font_manager
     0000058A  A$font_manager$302                 font_manager
     0000058B  A$font_manager$303                 font_manager
     0000058D  A$font_manager$304                 font_manager
     0000058E  A$font_manager$305                 font_manager
     0000058F  A$font_manager$306                 font_manager
     00000590  A$font_manager$307                 font_manager
     00000591  A$font_manager$308                 font_manager
     00000592  A$font_manager$309                 font_manager
     00000593  A$font_manager$310                 font_manager
     00000594  A$font_manager$311                 font_manager
     00000597  A$font_manager$312                 font_manager
     00000598  A$font_manager$313                 font_manager
     00000599  A$font_manager$317                 font_manager
     00000599  C$font_manager.c$43$2_0$25         font_manager
     0000059C  A$font_manager$318                 font_manager
     0000059F  A$font_manager$319                 font_manager
     000005A1  A$font_manager$320                 font_manager
     000005A4  A$font_manager$324                 font_manager
     000005A6  A$font_manager$325                 font_manager
     000005A8  A$font_manager$330                 font_manager
     000005A8  C$font_manager.c$61$2_0$25         font_manager
     000005A8  XG$engine_font_manager_draw_data   font_manager
ASxxxx Linker V03.00 + NoICE + sdld,  page 17.
Hexadecimal  [32-Bits]

Area                                    Addr        Size        Decimal Bytes (Attributes)
--------------------------------        ----        ----        ------- ----- ------------
_CODE                               00000200    00001BAB =        7083. bytes (REL,CON)

      Value  Global                              Global Defined In Module
      -----  --------------------------------   ------------------------
     000005A9  A$font_manager$340                 font_manager
     000005A9  C$font_manager.c$63$2_0$30         font_manager
     000005A9  G$engine_font_manager_draw_data_   font_manager
     000005A9  _engine_font_manager_draw_data_Z   font_manager
     000005AB  A$font_manager$341                 font_manager
     000005AF  A$font_manager$342                 font_manager
     000005B1  A$font_manager$343                 font_manager
     000005B4  A$font_manager$344                 font_manager
     000005B5  A$font_manager$345                 font_manager
     000005B6  A$font_manager$352                 font_manager
     000005B6  C$font_manager.c$65$2_0$30         font_manager
     000005B6  C$font_manager.c$72$3_0$31         font_manager
     000005B9  A$font_manager$353                 font_manager
     000005BA  A$font_manager$354                 font_manager
     000005BD  A$font_manager$355                 font_manager
     000005C0  A$font_manager$356                 font_manager
     000005C3  A$font_manager$357                 font_manager
     000005C6  A$font_manager$358                 font_manager
     000005C8  A$font_manager$363                 font_manager
     000005C8  C$font_manager.c$74$3_0$31         font_manager
     000005CB  A$font_manager$364                 font_manager
     000005CE  A$font_manager$365                 font_manager
     000005D0  A$font_manager$366                 font_manager
     000005D1  A$font_manager$367                 font_manager
     000005D2  A$font_manager$368                 font_manager
     000005D3  A$font_manager$369                 font_manager
     000005D6  A$font_manager$370                 font_manager
     000005D7  A$font_manager$371                 font_manager
     000005DA  A$font_manager$372                 font_manager
     000005DD  A$font_manager$373                 font_manager
     000005DE  A$font_manager$374                 font_manager
     000005E1  A$font_manager$375                 font_manager
     000005E2  A$font_manager$376                 font_manager
     000005E3  A$font_manager$377                 font_manager
     000005E4  A$font_manager$378                 font_manager
     000005E5  A$font_manager$379                 font_manager
     000005E6  A$font_manager$380                 font_manager
     000005E7  A$font_manager$381                 font_manager
     000005E8  A$font_manager$385                 font_manager
     000005E8  C$font_manager.c$75$2_0$30         font_manager
     000005E9  A$font_manager$386                 font_manager
     000005EC  A$font_manager$387                 font_manager
     000005ED  A$font_manager$388                 font_manager
     000005F0  A$font_manager$389                 font_manager
     000005F3  A$font_manager$390                 font_manager
     000005F4  A$font_manager$391                 font_manager
     000005F7  A$font_manager$392                 font_manager
     000005F8  A$font_manager$393                 font_manager
     000005F9  A$font_manager$394                 font_manager
     000005FA  A$font_manager$395                 font_manager
     000005FD  A$font_manager$396                 font_manager
ASxxxx Linker V03.00 + NoICE + sdld,  page 18.
Hexadecimal  [32-Bits]

Area                                    Addr        Size        Decimal Bytes (Attributes)
--------------------------------        ----        ----        ------- ----- ------------
_CODE                               00000200    00001BAB =        7083. bytes (REL,CON)

      Value  Global                              Global Defined In Module
      -----  --------------------------------   ------------------------
     00000600  A$font_manager$400                 font_manager
     00000600  C$font_manager.c$77$3_0$31         font_manager
     00000601  A$font_manager$401                 font_manager
     00000603  A$font_manager$402                 font_manager
     00000604  A$font_manager$406                 font_manager
     00000604  C$font_manager.c$79$3_0$31         font_manager
     00000607  A$font_manager$407                 font_manager
     0000060A  A$font_manager$408                 font_manager
     0000060D  A$font_manager$409                 font_manager
     00000610  A$font_manager$410                 font_manager
     00000611  A$font_manager$411                 font_manager
     00000612  A$font_manager$412                 font_manager
     00000615  A$font_manager$413                 font_manager
     00000616  A$font_manager$414                 font_manager
     00000617  A$font_manager$415                 font_manager
     00000618  A$font_manager$416                 font_manager
     00000619  A$font_manager$417                 font_manager
     0000061C  A$font_manager$418                 font_manager
     0000061D  A$font_manager$419                 font_manager
     0000061E  A$font_manager$420                 font_manager
     0000061F  A$font_manager$424                 font_manager
     0000061F  C$font_manager.c$80$3_0$31         font_manager
     00000622  A$font_manager$425                 font_manager
     00000623  A$font_manager$426                 font_manager
     00000625  A$font_manager$427                 font_manager
     00000627  A$font_manager$428                 font_manager
     00000628  A$font_manager$429                 font_manager
     00000629  A$font_manager$430                 font_manager
     0000062A  A$font_manager$431                 font_manager
     0000062D  A$font_manager$432                 font_manager
     0000062E  A$font_manager$433                 font_manager
     0000062F  A$font_manager$437                 font_manager
     0000062F  C$font_manager.c$72$2_0$30         font_manager
     00000630  A$font_manager$438                 font_manager
     00000631  A$font_manager$439                 font_manager
     00000633  A$font_manager$440                 font_manager
     00000635  A$font_manager$444                 font_manager
     00000637  A$font_manager$445                 font_manager
     00000639  A$font_manager$450                 font_manager
     00000639  C$font_manager.c$82$2_0$30         font_manager
     00000639  XG$engine_font_manager_draw_data   font_manager
     0000063A  A$gamer_manager$65                 gamer_manager
     0000063A  C$gamer_manager.c$11$0_0$18        gamer_manager
     0000063A  C$gamer_manager.c$13$1_0$18        gamer_manager
     0000063A  C$gamer_manager.c$14$1_0$18        gamer_manager
     0000063A  G$engine_gamer_manager_init$0$0    gamer_manager
     0000063A  _engine_gamer_manager_init         gamer_manager
     0000063D  A$gamer_manager$66                 gamer_manager
     00000641  A$gamer_manager$67                 gamer_manager
     00000643  A$gamer_manager$68                 gamer_manager
     00000646  A$gamer_manager$69                 gamer_manager
ASxxxx Linker V03.00 + NoICE + sdld,  page 19.
Hexadecimal  [32-Bits]

Area                                    Addr        Size        Decimal Bytes (Attributes)
--------------------------------        ----        ----        ------- ----- ------------
_CODE                               00000200    00001BAB =        7083. bytes (REL,CON)

      Value  Global                              Global Defined In Module
      -----  --------------------------------   ------------------------
     00000647  A$gamer_manager$73                 gamer_manager
     00000647  C$gamer_manager.c$15$1_0$18        gamer_manager
     0000064A  A$gamer_manager$74                 gamer_manager
     0000064D  A$gamer_manager$75                 gamer_manager
     0000064F  A$gamer_manager$76                 gamer_manager
     00000650  A$gamer_manager$80                 gamer_manager
     00000650  C$gamer_manager.c$16$1_0$18        gamer_manager
     00000653  A$gamer_manager$81                 gamer_manager
     00000656  A$gamer_manager$82                 gamer_manager
     00000658  A$gamer_manager$83                 gamer_manager
     00000659  A$gamer_manager$87                 gamer_manager
     00000659  C$gamer_manager.c$17$1_0$18        gamer_manager
     0000065C  A$gamer_manager$88                 gamer_manager
     0000065F  A$gamer_manager$89                 gamer_manager
     00000661  A$gamer_manager$90                 gamer_manager
     00000662  A$gamer_manager$91                 gamer_manager
     00000663  A$gamer_manager$92                 gamer_manager
     00000666  A$gamer_manager$93                 gamer_manager
     00000667  A$gamer_manager$101                gamer_manager
     00000667  C$gamer_manager.c$18$1_0$18        gamer_manager
     00000667  XG$engine_gamer_manager_init$0$0   gamer_manager
     00000668  A$gamer_manager$111                gamer_manager
     00000668  C$gamer_manager.c$20$1_0$20        gamer_manager
     00000668  G$engine_gamer_manager_update$0$   gamer_manager
     00000668  _engine_gamer_manager_update       gamer_manager
     0000066A  A$gamer_manager$112                gamer_manager
     0000066E  A$gamer_manager$113                gamer_manager
     00000670  A$gamer_manager$117                gamer_manager
     00000670  C$gamer_manager.c$22$1_0$20        gamer_manager
     00000673  A$gamer_manager$121                gamer_manager
     00000673  C$gamer_manager.c$23$1_0$20        gamer_manager
     00000674  A$gamer_manager$122                gamer_manager
     00000675  A$gamer_manager$123                gamer_manager
     00000678  A$gamer_manager$124                gamer_manager
     00000679  A$gamer_manager$125                gamer_manager
     0000067A  A$gamer_manager$126                gamer_manager
     0000067D  A$gamer_manager$127                gamer_manager
     0000067F  A$gamer_manager$128                gamer_manager
     00000680  A$gamer_manager$129                gamer_manager
     00000682  A$gamer_manager$131                gamer_manager
     00000683  A$gamer_manager$132                gamer_manager
     00000685  A$gamer_manager$133                gamer_manager
     00000686  A$gamer_manager$135                gamer_manager
     00000688  A$gamer_manager$136                gamer_manager
     00000689  A$gamer_manager$137                gamer_manager
     0000068A  A$gamer_manager$138                gamer_manager
     0000068B  A$gamer_manager$139                gamer_manager
     0000068C  A$gamer_manager$143                gamer_manager
     0000068C  C$gamer_manager.c$24$1_0$20        gamer_manager
     0000068D  A$gamer_manager$144                gamer_manager
     0000068E  A$gamer_manager$145                gamer_manager
ASxxxx Linker V03.00 + NoICE + sdld,  page 20.
Hexadecimal  [32-Bits]

Area                                    Addr        Size        Decimal Bytes (Attributes)
--------------------------------        ----        ----        ------- ----- ------------
_CODE                               00000200    00001BAB =        7083. bytes (REL,CON)

      Value  Global                              Global Defined In Module
      -----  --------------------------------   ------------------------
     0000068F  A$gamer_manager$146                gamer_manager
     00000692  A$gamer_manager$147                gamer_manager
     00000693  A$gamer_manager$148                gamer_manager
     00000694  A$gamer_manager$149                gamer_manager
     00000697  A$gamer_manager$150                gamer_manager
     00000699  A$gamer_manager$151                gamer_manager
     0000069A  A$gamer_manager$152                gamer_manager
     0000069C  A$gamer_manager$154                gamer_manager
     0000069D  A$gamer_manager$155                gamer_manager
     0000069F  A$gamer_manager$156                gamer_manager
     000006A0  A$gamer_manager$158                gamer_manager
     000006A2  A$gamer_manager$159                gamer_manager
     000006A3  A$gamer_manager$160                gamer_manager
     000006A4  A$gamer_manager$161                gamer_manager
     000006A5  A$gamer_manager$162                gamer_manager
     000006A6  A$gamer_manager$166                gamer_manager
     000006A8  A$gamer_manager$171                gamer_manager
     000006A8  C$gamer_manager.c$25$1_0$20        gamer_manager
     000006A8  XG$engine_gamer_manager_update$0   gamer_manager
     000006A9  A$gamer_manager$187                gamer_manager
     000006A9  C$gamer_manager.c$27$1_0$21        gamer_manager
     000006A9  C$gamer_manager.c$29$1_0$21        gamer_manager
     000006A9  C$gamer_manager.c$30$1_0$21        gamer_manager
     000006A9  G$engine_gamer_manager_draw$0$0    gamer_manager
     000006A9  _engine_gamer_manager_draw         gamer_manager
     000006AC  A$gamer_manager$188                gamer_manager
     000006AF  A$gamer_manager$189                gamer_manager
     000006B0  A$gamer_manager$190                gamer_manager
     000006B3  A$gamer_manager$191                gamer_manager
     000006B4  A$gamer_manager$192                gamer_manager
     000006B5  A$gamer_manager$193                gamer_manager
     000006B6  A$gamer_manager$194                gamer_manager
     000006B9  A$gamer_manager$195                gamer_manager
     000006BA  A$gamer_manager$196                gamer_manager
     000006BB  A$gamer_manager$204                gamer_manager
     000006BB  C$gamer_manager.c$31$1_0$21        gamer_manager
     000006BB  XG$engine_gamer_manager_draw$0$0   gamer_manager
     000006BC  A$input_manager$64                 input_manager
     000006BC  C$input_manager.c$10$0_0$16        input_manager
     000006BC  C$input_manager.c$12$1_0$16        input_manager
     000006BC  G$engine_input_manager_update$0$   input_manager
     000006BC  _engine_input_manager_update       input_manager
     000006BF  A$input_manager$65                 input_manager
     000006C2  A$input_manager$69                 input_manager
     000006C2  C$input_manager.c$13$1_0$16        input_manager
     000006C5  A$input_manager$70                 input_manager
     000006C8  A$input_manager$78                 input_manager
     000006C8  C$input_manager.c$14$1_0$16        input_manager
     000006C8  XG$engine_input_manager_update$0   input_manager
     000006C9  A$input_manager$91                 input_manager
     000006C9  C$input_manager.c$17$1_0$18        input_manager
ASxxxx Linker V03.00 + NoICE + sdld,  page 21.
Hexadecimal  [32-Bits]

Area                                    Addr        Size        Decimal Bytes (Attributes)
--------------------------------        ----        ----        ------- ----- ------------
_CODE                               00000200    00001BAB =        7083. bytes (REL,CON)

      Value  Global                              Global Defined In Module
      -----  --------------------------------   ------------------------
     000006C9  C$input_manager.c$19$1_0$18        input_manager
     000006C9  G$engine_input_manager_hold$0$0    input_manager
     000006C9  _engine_input_manager_hold         input_manager
     000006CD  A$input_manager$92                 input_manager
     000006CF  A$input_manager$93                 input_manager
     000006D2  A$input_manager$94                 input_manager
     000006D4  A$input_manager$95                 input_manager
     000006D8  A$input_manager$96                 input_manager
     000006DB  A$input_manager$97                 input_manager
     000006DC  A$input_manager$98                 input_manager
     000006DD  A$input_manager$99                 input_manager
     000006E0  A$input_manager$100                input_manager
     000006E1  A$input_manager$101                input_manager
     000006E2  A$input_manager$102                input_manager
     000006E4  A$input_manager$103                input_manager
     000006E8  A$input_manager$104                input_manager
     000006EB  A$input_manager$105                input_manager
     000006EC  A$input_manager$106                input_manager
     000006ED  A$input_manager$107                input_manager
     000006F0  A$input_manager$108                input_manager
     000006F1  A$input_manager$109                input_manager
     000006F2  A$input_manager$110                input_manager
     000006F4  A$input_manager$112                input_manager
     000006F6  A$input_manager$113                input_manager
     000006F7  A$input_manager$115                input_manager
     000006F9  A$input_manager$123                input_manager
     000006F9  C$input_manager.c$20$1_0$18        input_manager
     000006F9  XG$engine_input_manager_hold$0$0   input_manager
     000006FA  A$input_manager$136                input_manager
     000006FA  C$input_manager.c$22$1_0$20        input_manager
     000006FA  C$input_manager.c$24$1_0$20        input_manager
     000006FA  G$engine_input_manager_move$0$0    input_manager
     000006FA  _engine_input_manager_move         input_manager
     000006FE  A$input_manager$137                input_manager
     00000700  A$input_manager$138                input_manager
     00000703  A$input_manager$139                input_manager
     00000707  A$input_manager$140                input_manager
     0000070A  A$input_manager$141                input_manager
     0000070B  A$input_manager$142                input_manager
     0000070C  A$input_manager$150                input_manager
     0000070C  C$input_manager.c$25$1_0$20        input_manager
     0000070C  XG$engine_input_manager_move$0$0   input_manager
     0000070D  A$screen_manager$62                screen_manager
     0000070D  C$screen_manager.c$11$1_0$11       screen_manager
     0000070D  C$screen_manager.c$9$0_0$11        screen_manager
     0000070D  G$engine_screen_manager_init$0$0   screen_manager
     0000070D  _engine_screen_manager_init        screen_manager
     00000710  A$screen_manager$63                screen_manager
     00000711  A$screen_manager$64                screen_manager
     00000714  A$screen_manager$65                screen_manager
     00000715  A$screen_manager$66                screen_manager
ASxxxx Linker V03.00 + NoICE + sdld,  page 22.
Hexadecimal  [32-Bits]

Area                                    Addr        Size        Decimal Bytes (Attributes)
--------------------------------        ----        ----        ------- ----- ------------
_CODE                               00000200    00001BAB =        7083. bytes (REL,CON)

      Value  Global                              Global Defined In Module
      -----  --------------------------------   ------------------------
     00000717  A$screen_manager$67                screen_manager
     00000718  A$screen_manager$68                screen_manager
     00000719  A$screen_manager$69                screen_manager
     0000071C  A$screen_manager$70                screen_manager
     0000071D  A$screen_manager$71                screen_manager
     0000071E  A$screen_manager$72                screen_manager
     0000071F  A$screen_manager$76                screen_manager
     0000071F  C$screen_manager.c$12$1_0$11       screen_manager
     00000722  A$screen_manager$80                screen_manager
     00000722  C$screen_manager.c$13$1_0$11       screen_manager
     00000725  A$screen_manager$81                screen_manager
     00000726  A$screen_manager$82                screen_manager
     00000729  A$screen_manager$83                screen_manager
     0000072A  A$screen_manager$91                screen_manager
     0000072A  C$screen_manager.c$14$1_0$11       screen_manager
     0000072A  XG$engine_screen_manager_init$0$   screen_manager
     0000072B  A$screen_manager$107               screen_manager
     0000072B  C$screen_manager.c$16$1_0$12       screen_manager
     0000072B  C$screen_manager.c$19$2_0$12       screen_manager
     0000072B  C$screen_manager.c$20$2_0$12       screen_manager
     0000072B  G$engine_screen_manager_update$0   screen_manager
     0000072B  _engine_screen_manager_update      screen_manager
     0000072E  A$screen_manager$111               screen_manager
     0000072E  C$screen_manager.c$22$1_0$12       screen_manager
     0000072F  A$screen_manager$112               screen_manager
     00000731  A$screen_manager$113               screen_manager
     00000732  A$screen_manager$114               screen_manager
     00000733  A$screen_manager$115               screen_manager
     00000736  A$screen_manager$116               screen_manager
     00000737  A$screen_manager$117               screen_manager
     00000738  A$screen_manager$118               screen_manager
     00000739  A$screen_manager$122               screen_manager
     00000739  C$screen_manager.c$23$1_0$12       screen_manager
     0000073A  A$screen_manager$123               screen_manager
     0000073C  A$screen_manager$127               screen_manager
     0000073C  C$screen_manager.c$25$2_0$13       screen_manager
     0000073E  A$screen_manager$128               screen_manager
     00000740  A$screen_manager$133               screen_manager
     00000740  C$screen_manager.c$29$2_0$14       screen_manager
     00000741  A$screen_manager$134               screen_manager
     00000743  A$screen_manager$135               screen_manager
     00000744  A$screen_manager$136               screen_manager
     00000745  A$screen_manager$137               screen_manager
     00000748  A$screen_manager$138               screen_manager
     00000749  A$screen_manager$139               screen_manager
     0000074A  A$screen_manager$140               screen_manager
     0000074B  A$screen_manager$144               screen_manager
     0000074B  C$screen_manager.c$30$2_0$14       screen_manager
     0000074C  A$screen_manager$145               screen_manager
     0000074E  A$screen_manager$149               screen_manager
     0000074E  C$screen_manager.c$32$3_0$15       screen_manager
ASxxxx Linker V03.00 + NoICE + sdld,  page 23.
Hexadecimal  [32-Bits]

Area                                    Addr        Size        Decimal Bytes (Attributes)
--------------------------------        ----        ----        ------- ----- ------------
_CODE                               00000200    00001BAB =        7083. bytes (REL,CON)

      Value  Global                              Global Defined In Module
      -----  --------------------------------   ------------------------
     00000750  A$screen_manager$154               screen_manager
     00000750  C$screen_manager.c$36$1_0$12       screen_manager
     00000751  A$screen_manager$155               screen_manager
     00000753  A$screen_manager$156               screen_manager
     00000754  A$screen_manager$157               screen_manager
     00000755  A$screen_manager$158               screen_manager
     00000758  A$screen_manager$159               screen_manager
     00000759  A$screen_manager$160               screen_manager
     0000075A  A$screen_manager$161               screen_manager
     0000075B  A$screen_manager$165               screen_manager
     0000075B  C$screen_manager.c$37$1_0$12       screen_manager
     0000075C  A$screen_manager$166               screen_manager
     0000075E  A$screen_manager$170               screen_manager
     0000075E  C$screen_manager.c$39$2_0$16       screen_manager
     00000760  A$screen_manager$171               screen_manager
     00000762  A$screen_manager$176               screen_manager
     00000762  C$screen_manager.c$43$2_0$17       screen_manager
     00000763  A$screen_manager$177               screen_manager
     00000765  A$screen_manager$178               screen_manager
     00000766  A$screen_manager$179               screen_manager
     00000767  A$screen_manager$180               screen_manager
     0000076A  A$screen_manager$181               screen_manager
     0000076B  A$screen_manager$182               screen_manager
     0000076C  A$screen_manager$183               screen_manager
     0000076D  A$screen_manager$187               screen_manager
[...]
     0000094B  A$tree_manager$75                  tree_manager
     0000094C  A$tree_manager$76                  tree_manager
     0000094D  A$tree_manager$77                  tree_manager
     0000094E  A$tree_manager$78                  tree_manager
     0000094F  A$tree_manager$79                  tree_manager
     00000952  A$tree_manager$80                  tree_manager
     00000953  A$tree_manager$81                  tree_manager
     00000954  A$tree_manager$85                  tree_manager
ASxxxx Linker V03.00 + NoICE + sdld,  page 30.
Hexadecimal  [32-Bits]

Area                                    Addr        Size        Decimal Bytes (Attributes)
--------------------------------        ----        ----        ------- ----- ------------
_CODE                               00000200    00001BAB =        7083. bytes (REL,CON)

      Value  Global                              Global Defined In Module
      -----  --------------------------------   ------------------------
     00000954  C$tree_manager.c$14$2_0$18         tree_manager
     00000955  A$tree_manager$86                  tree_manager
     00000956  A$tree_manager$87                  tree_manager
     00000957  A$tree_manager$88                  tree_manager
     00000959  A$tree_manager$89                  tree_manager
     0000095B  A$tree_manager$93                  tree_manager
     0000095D  A$tree_manager$98                  tree_manager
     0000095D  C$tree_manager.c$22$3_0$21         tree_manager
     0000095E  A$tree_manager$99                  tree_manager
     00000960  A$tree_manager$100                 tree_manager
     00000961  A$tree_manager$101                 tree_manager
     00000964  A$tree_manager$102                 tree_manager
     00000965  A$tree_manager$103                 tree_manager
     00000966  A$tree_manager$107                 tree_manager
     00000966  C$tree_manager.c$23$3_0$21         tree_manager
     00000967  A$tree_manager$108                 tree_manager
     00000969  A$tree_manager$109                 tree_manager
     0000096A  A$tree_manager$110                 tree_manager
     0000096D  A$tree_manager$111                 tree_manager
     0000096E  A$tree_manager$112                 tree_manager
     0000096F  A$tree_manager$116                 tree_manager
     0000096F  C$tree_manager.c$20$2_0$20         tree_manager
     00000970  A$tree_manager$117                 tree_manager
     00000971  A$tree_manager$118                 tree_manager
     00000972  A$tree_manager$119                 tree_manager
     00000974  A$tree_manager$120                 tree_manager
     00000976  A$tree_manager$128                 tree_manager
     00000976  C$tree_manager.c$25$2_0$17         tree_manager
     00000976  XG$engine_tree_manager_draw$0$0    tree_manager
     00000977  A$tree_manager$141                 tree_manager
     00000977  C$tree_manager.c$27$2_0$23         tree_manager
     00000977  C$tree_manager.c$29$1_0$23         tree_manager
     00000977  Ftree_manager$draw$0$0             tree_manager
     0000097B  A$tree_manager$142                 tree_manager
     0000097D  A$tree_manager$143                 tree_manager
     00000980  A$tree_manager$144                 tree_manager
     00000981  A$tree_manager$145                 tree_manager
     00000982  A$tree_manager$146                 tree_manager
     00000985  A$tree_manager$147                 tree_manager
     00000987  A$tree_manager$148                 tree_manager
     00000988  A$tree_manager$149                 tree_manager
     0000098B  A$tree_manager$150                 tree_manager
     0000098C  A$tree_manager$151                 tree_manager
     0000098D  A$tree_manager$159                 tree_manager
     0000098D  C$tree_manager.c$36$1_0$23         tree_manager
     0000098D  XFtree_manager$draw$0$0            tree_manager
     0000098E  G$font_tiles__palette__bin$0$0     gfx
     0000098E  _font_tiles__palette__bin          gfx
     0000099E  G$font_tiles__tilemap__bin$0$0     gfx
     0000099E  _font_tiles__tilemap__bin          gfx
     00000A1E  G$font_tiles__tiles__psgcompr$0$   gfx
ASxxxx Linker V03.00 + NoICE + sdld,  page 31.
Hexadecimal  [32-Bits]

Area                                    Addr        Size        Decimal Bytes (Attributes)
--------------------------------        ----        ----        ------- ----- ------------
_CODE                               00000200    00001BAB =        7083. bytes (REL,CON)

      Value  Global                              Global Defined In Module
      -----  --------------------------------   ------------------------
     00000A1E  _font_tiles__tiles__psgcompr       gfx
     00000CB5  G$game_tiles__palette__bin$0$0     gfx
     00000CB5  _game_tiles__palette__bin          gfx
     00000CC5  G$game_tiles__tilemap__bin$0$0     gfx
     00000CC5  _game_tiles__tilemap__bin          gfx
     00000D95  G$game_tiles__tiles__psgcompr$0$   gfx
     00000D95  _game_tiles__tiles__psgcompr       gfx
     000012F5  G$sprites__palette__bin$0$0        gfx
     000012F5  _sprites__palette__bin             gfx
     00001305  G$sprites__tiles__psgcompr$0$0     gfx
     00001305  _sprites__tiles__psgcompr          gfx
     00001747  __divuint                          
     0000174F  __divuchar                         
     00001756  __divu8                            
     00001759  __divu16                           
     00001788  _UNSAFE_SMS_copySpritestoSAT       SMSlib_UNSAFE
     000017A0  _UNSAFE_SMS_VRAMmemcpy32           SMSlib_UNSAFE
     000017BD  _UNSAFE_SMS_VRAMmemcpy64           SMSlib_UNSAFE
     000017DA  _UNSAFE_SMS_VRAMmemcpy128          SMSlib_UNSAFE
     000017F7  _SMS_init                          SMSlib
     0000184B  _VDPReg_init                       SMSlib
     00001856  _SMS_VDPType                       SMSlib
     0000185E  _SMS_VDPturnOnFeature              SMSlib
     00001875  _SMS_VDPturnOffFeature             SMSlib
     0000188E  _SMS_setBGScrollX                  SMSlib
     00001898  _SMS_setBGScrollY                  SMSlib
     000018A2  _SMS_setBackdropColor              SMSlib
     000018AC  _SMS_useFirstHalfTilesforSprites   SMSlib
     000018C0  _SMS_setSpriteMode                 SMSlib
     00001905  _SMS_setBGPaletteColor             SMSlib
     00001919  _SMS_setSpritePaletteColor         SMSlib
     0000192D  _SMS_loadBGPalette                 SMSlib
     00001941  _SMS_loadSpritePalette             SMSlib
     00001955  _SMS_setColor                      SMSlib
     00001959  _SMS_initSprites                   SMSlib
     0000195F  _SMS_addSprite                     SMSlib
     000019B4  _SMS_finalizeSprites               SMSlib
     000019C6  _SMS_copySpritestoSAT              SMSlib
     000019EF  _SMS_waitForVBlank                 SMSlib
     000019FC  _SMS_getKeysStatus                 SMSlib
     00001A00  _SMS_getKeysPressed                SMSlib
     00001A1D  _SMS_getKeysHeld                   SMSlib
     00001A34  _SMS_getKeysReleased               SMSlib
     00001A51  _SMS_queryPauseRequested           SMSlib
     00001A59  _SMS_resetPauseRequest             SMSlib
     00001A5F  _SMS_setLineInterruptHandler       SMSlib
     00001A70  _SMS_setLineCounter                SMSlib
     00001A7F  _SMS_getVCount                     SMSlib
     00001A83  _SMS_getHCount                     SMSlib
     00001A87  _SMS_isr                           SMSlib
     00001ABD  _SMS_nmi_isr                       SMSlib
ASxxxx Linker V03.00 + NoICE + sdld,  page 32.
Hexadecimal  [32-Bits]

Area                                    Addr        Size        Decimal Bytes (Attributes)
--------------------------------        ----        ----        ------- ----- ------------
_CODE                               00000200    00001BAB =        7083. bytes (REL,CON)

      Value  Global                              Global Defined In Module
      -----  --------------------------------   ------------------------
     00001AD0  _SMS_loadSTMcompressedTileMapAre   SMSlib_STMcomp
     00001CB1  ___sdcc_call_hl                    
     00001CB2  _SMS_loadPSGaidencompressedTiles   SMSlib_PSGaiden
     00001D94  __moduchar                         
     00001DA0  __moduint                          

ASxxxx Linker V03.00 + NoICE + sdld,  page 33.
Hexadecimal  [32-Bits]

Area                                    Addr        Size        Decimal Bytes (Attributes)
--------------------------------        ----        ----        ------- ----- ------------
_HEADER0                            00000000    00000006 =           6. bytes (ABS,CON)

      Value  Global                              Global Defined In Module
      -----  --------------------------------   ------------------------
     00000006  _SMS_crt0_RST08                    crt0

ASxxxx Linker V03.00 + NoICE + sdld,  page 34.
Hexadecimal  [32-Bits]

Area                                    Addr        Size        Decimal Bytes (Attributes)
--------------------------------        ----        ----        ------- ----- ------------
_HEADER1                            00000000    00000009 =           9. bytes (ABS,CON)

      Value  Global                              Global Defined In Module
      -----  --------------------------------   ------------------------
     00000011  _SMS_crt0_RST18                    crt0

ASxxxx Linker V03.00 + NoICE + sdld,  page 35.
Hexadecimal  [32-Bits]

Area                                    Addr        Size        Decimal Bytes (Attributes)
--------------------------------        ----        ----        ------- ----- ------------
_HEADER2                            00000000    0000000A =          10. bytes (ABS,CON)

      Value  Global                              Global Defined In Module
      -----  --------------------------------   ------------------------
ASxxxx Linker V03.00 + NoICE + sdld,  page 36.
Hexadecimal  [32-Bits]

Area                                    Addr        Size        Decimal Bytes (Attributes)
--------------------------------        ----        ----        ------- ----- ------------
_HEADER3                            00000000    00000003 =           3. bytes (ABS,CON)

      Value  Global                              Global Defined In Module
      -----  --------------------------------   ------------------------
ASxxxx Linker V03.00 + NoICE + sdld,  page 37.
Hexadecimal  [32-Bits]

Area                                    Addr        Size        Decimal Bytes (Attributes)
--------------------------------        ----        ----        ------- ----- ------------
_HEADER4                            00000000    00000003 =           3. bytes (ABS,CON)

      Value  Global                              Global Defined In Module
      -----  --------------------------------   ------------------------
ASxxxx Linker V03.00 + NoICE + sdld,  page 38.
Hexadecimal  [32-Bits]

Area                                    Addr        Size        Decimal Bytes (Attributes)
--------------------------------        ----        ----        ------- ----- ------------
_HEADER5                            00000000    0000012A =         298. bytes (ABS,CON)

      Value  Global                              Global Defined In Module
      -----  --------------------------------   ------------------------
     00000099  _OUTI128                           crt0
     00000119  _OUTI64                            crt0
     00000159  _OUTI32                            crt0
     00000199  _outi_block                        crt0

ASxxxx Linker V03.00 + NoICE + sdld,  page 39.
Hexadecimal  [32-Bits]

Area                                    Addr        Size        Decimal Bytes (Attributes)
--------------------------------        ----        ----        ------- ----- ------------
_INITIALIZER                        00001DAB    00000008 =           8. bytes (REL,CON)

      Value  Global                              Global Defined In Module
      -----  --------------------------------   ------------------------
     00001DAB  Finput_manager$__xinit_curr_joyp   input_manager
     00001DAD  Finput_manager$__xinit_prev_joyp   input_manager

ASxxxx Linker V03.00 + NoICE + sdld,  page 40.
Hexadecimal  [32-Bits]

Area                                    Addr        Size        Decimal Bytes (Attributes)
--------------------------------        ----        ----        ------- ----- ------------
_GSINIT                             00001DB3    0000000F =          15. bytes (REL,CON)

      Value  Global                              Global Defined In Module
      -----  --------------------------------   ------------------------
     00001DB3  gsinit                             crt0

ASxxxx Linker V03.00 + NoICE + sdld,  page 41.
Hexadecimal  [32-Bits]

Area                                    Addr        Size        Decimal Bytes (Attributes)
--------------------------------        ----        ----        ------- ----- ------------
_GSFINAL                            00001DC2    00000001 =           1. bytes (REL,CON)

      Value  Global                              Global Defined In Module
      -----  --------------------------------   ------------------------
ASxxxx Linker V03.00 + NoICE + sdld,  page 42.
Hexadecimal  [32-Bits]

Area                                    Addr        Size        Decimal Bytes (Attributes)
--------------------------------        ----        ----        ------- ----- ------------
_DATA                               0000C000    000000F0 =         240. bytes (REL,CON)

      Value  Global                              Global Defined In Module
      -----  --------------------------------   ------------------------
     0000C000  G$global_gamer_object$0_0$0        gamer_manager
     0000C000  _global_gamer_object               gamer_manager
     0000C005  _VDPBlank                          SMSlib
     0000C006  _SMS_VDPFlags                      SMSlib
     0000C007  _PauseRequested                    SMSlib
     0000C008  _VDPType                           SMSlib
     0000C009  _KeysStatus                        SMSlib
     0000C00B  _PreviousKeysStatus                SMSlib
     0000C00D  _SpriteTableY                      SMSlib
     0000C04D  _SpriteTableXN                     SMSlib
     0000C0CD  _SpriteNextFree                    SMSlib
     0000C0CE  _SMS_theLineInterruptHandler       SMSlib
     0000C0D0  _decompBuffer                      SMSlib_PSGaiden

ASxxxx Linker V03.00 + NoICE + sdld,  page 43.
Hexadecimal  [32-Bits]

Area                                    Addr        Size        Decimal Bytes (Attributes)
--------------------------------        ----        ----        ------- ----- ------------
_INITIALIZED                        0000C0F0    00000008 =           8. bytes (REL,CON)

      Value  Global                              Global Defined In Module
      -----  --------------------------------   ------------------------
     0000C0F0  Finput_manager$curr_joypad1$0_0$   input_manager
     0000C0F2  Finput_manager$prev_joypad1$0_0$   input_manager
     0000C0F4  _VDPReg                            SMSlib
     0000C0F6  _spritesHeight                     SMSlib
     0000C0F7  _spritesWidth                      SMSlib

ASxxxx Linker V03.00 + NoICE + sdld,  page 44.
Hexadecimal  [32-Bits]

Area                                    Addr        Size        Decimal Bytes (Attributes)
--------------------------------        ----        ----        ------- ----- ------------
_CABS0                              00000000    00000010 =          16. bytes (ABS,CON)

      Value  Global                              Global Defined In Module
      -----  --------------------------------   ------------------------
     00007FF0  G$__SMS__SEGA_signature$0_0$0      _sms_manager
     00007FF0  ___SMS__SEGA_signature             _sms_manager

ASxxxx Linker V03.00 + NoICE + sdld,  page 45.
Hexadecimal  [32-Bits]

Area                                    Addr        Size        Decimal Bytes (Attributes)
--------------------------------        ----        ----        ------- ----- ------------
_CABS1                              00000000    0000000E =          14. bytes (ABS,CON)

      Value  Global                              Global Defined In Module
      -----  --------------------------------   ------------------------
     00007FD2  G$__SMS__SDSC_author$0_0$0         _sms_manager
     00007FD2  ___SMS__SDSC_author                _sms_manager

ASxxxx Linker V03.00 + NoICE + sdld,  page 46.
Hexadecimal  [32-Bits]

Area                                    Addr        Size        Decimal Bytes (Attributes)
--------------------------------        ----        ----        ------- ----- ------------
_CABS2                              00000000    00000010 =          16. bytes (ABS,CON)

      Value  Global                              Global Defined In Module
      -----  --------------------------------   ------------------------
     00007FC2  G$__SMS__SDSC_name$0_0$0           _sms_manager
     00007FC2  ___SMS__SDSC_name                  _sms_manager

ASxxxx Linker V03.00 + NoICE + sdld,  page 47.
Hexadecimal  [32-Bits]

Area                                    Addr        Size        Decimal Bytes (Attributes)
--------------------------------        ----        ----        ------- ----- ------------
_CABS3                              00000000    00000038 =          56. bytes (ABS,CON)

      Value  Global                              Global Defined In Module
      -----  --------------------------------   ------------------------
     00007F8A  G$__SMS__SDSC_descr$0_0$0          _sms_manager
     00007F8A  ___SMS__SDSC_descr                 _sms_manager

ASxxxx Linker V03.00 + NoICE + sdld,  page 48.
Hexadecimal  [32-Bits]

Area                                    Addr        Size        Decimal Bytes (Attributes)
--------------------------------        ----        ----        ------- ----- ------------
_CABS4                              00000000    00000010 =          16. bytes (ABS,CON)

      Value  Global                              Global Defined In Module
      -----  --------------------------------   ------------------------
     00007FE0  G$__SMS__SDSC_signature$0_0$0      _sms_manager
     00007FE0  ___SMS__SDSC_signature             _sms_manager

ASxxxx Linker V03.00 + NoICE + sdld,  page 49.

Files Linked                              [ module(s) ]

../crt0/crt0_sms.rel                      [ crt0 ]
main.rel                                  [ main ]
devkit/_sms_manager.rel                   [ _sms_manager ]
engine/asm_manager.rel                    [ asm_manager ]
engine/content_manager.rel                [ content_manager ]
engine/font_manager.rel                   [ font_manager ]
engine/gamer_manager.rel                  [ gamer_manager ]
engine/input_manager.rel                  [ input_manager ]
engine/screen_manager.rel                 [ screen_manager ]
engine/sprite_manager.rel                 [ sprite_manager ]
engine/tile_manager.rel                   [ tile_manager ]
engine/tree_manager.rel                   [ tree_manager ]
gfx.rel                                   [ gfx ]


Libraries Linked                          [ object file ]

C:\Program Files\SDCC\bin\..\lib\z80/z80.lib
                                          [ divunsigned.rel ]
../lib/SMSlib.lib                         [ SMSlib_UNSAFE.rel ]
../lib/SMSlib.lib                         [ SMSlib.rel ]
../lib/SMSlib.lib                         [ SMSlib_STMcomp.rel ]
C:\Program Files\SDCC\bin\..\lib\z80/z80.lib
                                          [ __sdcc_call_hl.rel ]
../lib/SMSlib.lib                         [ SMSlib_PSGaiden.rel ]
C:\Program Files\SDCC\bin\..\lib\z80/z80.lib
                                          [ modunsigned.rel ]

ASxxxx Linker V03.00 + NoICE + sdld,  page 50.

User Base Address Definitions

_CODE = 0x0200
_DATA = 0xc000

