ASxxxx Linker V03.00 + NoICE + sdld,  page 1.
Hexadecimal  [32-Bits]

Area                                    Addr        Size        Decimal Bytes (Attributes)
--------------------------------        ----        ----        ------- ----- ------------
.  .ABS.                            00000000    00000000 =           0. bytes (ABS,CON)

      Value  Global                              Global Defined In Module
      -----  --------------------------------   ------------------------
     00000000  .__.ABS.                           
     00000000  l__BSEG                         
     00000000  l__BSS                          
     00000000  l__CABS                         
     00000000  l__DABS                         
     00000000  l__HEADER                       
     00000000  l__HEAP                         
     00000000  l__HOME                         
     00000000  s__CABS                         
     00000000  s__CABS0                        
     00000000  s__CABS1                        
     00000000  s__CABS2                        
     00000000  s__CABS3                        
     00000000  s__CABS4                        
     00000000  s__DABS                         
     00000000  s__HEADER                       
     00000000  s__HEADER0                      
     00000000  s__HEADER1                      
     00000000  s__HEADER2                      
     00000000  s__HEADER3                      
     00000000  s__HEADER4                      
     00000000  s__HEADER5                      
     00000001  l__GSFINAL                      
     00000003  l__HEADER3                      
     00000003  l__HEADER4                      
     00000006  l__HEADER0                      
     00000008  l__INITIALIZED                  
     00000008  l__INITIALIZER                  
     00000009  l__HEADER1                      
     0000000A  l__HEADER2                      
     0000000E  l__CABS1                        
     0000000F  l__GSINIT                       
     00000010  l__CABS0                        
     00000010  l__CABS2                        
     00000010  l__CABS4                        
     00000038  l__CABS3                        
     000000BE  G$VDPDataPort$0$0                  asm_manager
     000000BF  G$VDPControlPort$0$0               asm_manager
     000000F0  l__DATA                         
     0000012A  l__HEADER5                      
     00000200  s__CODE                         
     0000177B  l__CODE                         
     0000197B  s__HOME                         
     0000197B  s__INITIALIZER                  
     00001983  s__GSINIT                       
     00001992  s__GSFINAL                      
     00008000  G$SMS_SRAM$0$0                     _sms_manager
     00008000  _SMS_SRAM                          SMSlib_PSGaiden
     0000C000  s__DATA                         
     0000C0F0  s__INITIALIZED                  
ASxxxx Linker V03.00 + NoICE + sdld,  page 2.
Hexadecimal  [32-Bits]

Area                                    Addr        Size        Decimal Bytes (Attributes)
--------------------------------        ----        ----        ------- ----- ------------
.  .ABS.                            00000000    00000000 =           0. bytes (ABS,CON)

      Value  Global                              Global Defined In Module
      -----  --------------------------------   ------------------------
     0000C0F8  s__BSEG                         
     0000C0F8  s__BSS                          
     0000C0F8  s__HEAP                         
     0000FFFC  G$SRAM_bank_to_be_mapped_on_slot   _sms_manager
     0000FFFC  _SRAM_bank_to_be_mapped_on_slot2   SMSlib_PSGaiden
     0000FFFF  G$ROM_bank_to_be_mapped_on_slot2   _sms_manager
     0000FFFF  _ROM_bank_to_be_mapped_on_slot2    SMSlib_PSGaiden
ASxxxx Linker V03.00 + NoICE + sdld,  page 3.
Hexadecimal  [32-Bits]

Area                                    Addr        Size        Decimal Bytes (Attributes)
--------------------------------        ----        ----        ------- ----- ------------
_CODE                               00000200    0000177B =        6011. bytes (REL,CON)

      Value  Global                              Global Defined In Module
      -----  --------------------------------   ------------------------
     00000200  __clock                            crt0
     00000204  _exit                              crt0
     0000020A  A$main$74                          main
     0000020A  C$main.c$3$0$0                     main
     0000020A  C$main.c$5$1$41                    main
     0000020A  G$main$0$0                         main
     0000020A  _main                              main
     0000020D  A$main$78                          main
     0000020D  C$main.c$6$1$41                    main
     00000210  A$main$82                          main
     00000210  C$main.c$7$1$41                    main
     00000213  A$main$86                          main
     00000213  C$main.c$9$1$41                    main
     00000216  A$main$87                          main
     00000217  A$main$88                          main
     00000218  A$main$89                          main
     00000219  A$main$90                          main
     0000021C  A$main$91                          main
     0000021D  A$main$95                          main
     0000021D  C$main.c$10$1$41                   main
     00000220  A$main$99                          main
     00000220  C$main.c$11$1$41                   main
     00000223  A$main$100                         main
     00000224  A$main$101                         main
     00000227  A$main$102                         main
     00000228  A$main$106                         main
     00000228  C$main.c$13$1$41                   main
     0000022B  A$main$110                         main
     0000022B  C$main.c$14$1$41                   main
     0000022E  A$main$114                         main
     0000022E  C$main.c$15$1$41                   main
     00000231  A$main$118                         main
     00000231  C$main.c$16$1$41                   main
     00000234  A$main$122                         main
     00000234  C$main.c$18$1$41                   main
     00000237  A$main$127                         main
     00000237  C$main.c$21$3$43                   main
     0000023A  A$main$131                         main
     0000023A  C$main.c$22$3$43                   main
     0000023D  A$main$135                         main
     0000023D  C$main.c$23$3$43                   main
     00000240  A$main$139                         main
     00000240  C$main.c$25$3$43                   main
     00000243  A$main$143                         main
     00000243  C$main.c$26$3$43                   main
     00000246  A$main$147                         main
     00000246  C$main.c$27$3$43                   main
     00000249  A$main$152                         main
     00000249  C$main.c$29$2$42                   main
     00000249  XG$main$0$0                        main
ASxxxx Linker V03.00 + NoICE + sdld,  page 4.
Hexadecimal  [32-Bits]

Area                                    Addr        Size        Decimal Bytes (Attributes)
--------------------------------        ----        ----        ------- ----- ------------
_CODE                               00000200    0000177B =        6011. bytes (REL,CON)

      Value  Global                              Global Defined In Module
      -----  --------------------------------   ------------------------
     0000024B  A$_sms_manager$126                 _sms_manager
     0000024B  C$_sms_manager.c$11$0$0            _sms_manager
     0000024B  C$_sms_manager.c$13$1$71           _sms_manager
     0000024B  C$_sms_manager.c$14$1$71           _sms_manager
     0000024B  G$devkit_SMS_init$0$0              _sms_manager
     0000024B  XG$devkit_SMS_init$0$0             _sms_manager
     0000024B  _devkit_SMS_init                   _sms_manager
     0000024E  A$_sms_manager$139                 _sms_manager
     0000024E  C$_sms_manager.c$15$1$71           _sms_manager
     0000024E  C$_sms_manager.c$17$1$72           _sms_manager
     0000024E  G$devkit_SMS_displayOn$0$0         _sms_manager
     0000024E  _devkit_SMS_displayOn              _sms_manager
     00000251  A$_sms_manager$144                 _sms_manager
     00000251  C$_sms_manager.c$18$1$72           _sms_manager
     00000251  XG$devkit_SMS_displayOn$0$0        _sms_manager
     00000254  A$_sms_manager$157                 _sms_manager
     00000254  C$_sms_manager.c$19$1$72           _sms_manager
     00000254  C$_sms_manager.c$21$1$73           _sms_manager
     00000254  G$devkit_SMS_displayOff$0$0        _sms_manager
     00000254  _devkit_SMS_displayOff             _sms_manager
     00000257  A$_sms_manager$162                 _sms_manager
     00000257  C$_sms_manager.c$22$1$73           _sms_manager
     00000257  XG$devkit_SMS_displayOff$0$0       _sms_manager
     0000025A  A$_sms_manager$175                 _sms_manager
     0000025A  C$_sms_manager.c$23$1$73           _sms_manager
     0000025A  C$_sms_manager.c$25$1$75           _sms_manager
     0000025A  G$devkit_SMS_mapROMBank$0$0        _sms_manager
     0000025A  _devkit_SMS_mapROMBank             _sms_manager
     0000025D  A$_sms_manager$176                 _sms_manager
     0000025E  A$_sms_manager$177                 _sms_manager
     0000025F  A$_sms_manager$178                 _sms_manager
     00000262  A$_sms_manager$183                 _sms_manager
     00000262  C$_sms_manager.c$26$1$75           _sms_manager
     00000262  XG$devkit_SMS_mapROMBank$0$0       _sms_manager
     00000263  A$_sms_manager$196                 _sms_manager
     00000263  C$_sms_manager.c$28$1$75           _sms_manager
     00000263  C$_sms_manager.c$30$1$76           _sms_manager
     00000263  G$devkit_SMS_enableSRAM$0$0        _sms_manager
     00000263  _devkit_SMS_enableSRAM             _sms_manager
     00000266  A$_sms_manager$197                 _sms_manager
     00000268  A$_sms_manager$202                 _sms_manager
     00000268  C$_sms_manager.c$31$1$76           _sms_manager
     00000268  XG$devkit_SMS_enableSRAM$0$0       _sms_manager
     00000269  A$_sms_manager$215                 _sms_manager
     00000269  C$_sms_manager.c$32$1$76           _sms_manager
     00000269  C$_sms_manager.c$34$1$78           _sms_manager
     00000269  G$devkit_SMS_enableSRAMBank$0$0    _sms_manager
     00000269  _devkit_SMS_enableSRAMBank         _sms_manager
     0000026C  A$_sms_manager$216                 _sms_manager
     0000026D  A$_sms_manager$217                 _sms_manager
     0000026E  A$_sms_manager$218                 _sms_manager
ASxxxx Linker V03.00 + NoICE + sdld,  page 5.
Hexadecimal  [32-Bits]

Area                                    Addr        Size        Decimal Bytes (Attributes)
--------------------------------        ----        ----        ------- ----- ------------
_CODE                               00000200    0000177B =        6011. bytes (REL,CON)

      Value  Global                              Global Defined In Module
      -----  --------------------------------   ------------------------
     0000026F  A$_sms_manager$219                 _sms_manager
     00000270  A$_sms_manager$220                 _sms_manager
     00000272  A$_sms_manager$221                 _sms_manager
     00000274  A$_sms_manager$222                 _sms_manager
     00000277  A$_sms_manager$227                 _sms_manager
     00000277  C$_sms_manager.c$35$1$78           _sms_manager
     00000277  XG$devkit_SMS_enableSRAMBank$0$0   _sms_manager
     00000278  A$_sms_manager$240                 _sms_manager
     00000278  C$_sms_manager.c$36$1$78           _sms_manager
     00000278  C$_sms_manager.c$38$1$79           _sms_manager
     00000278  G$devkit_SMS_disableSRAM$0$0       _sms_manager
     00000278  _devkit_SMS_disableSRAM            _sms_manager
     0000027B  A$_sms_manager$241                 _sms_manager
     0000027D  A$_sms_manager$246                 _sms_manager
     0000027D  C$_sms_manager.c$39$1$79           _sms_manager
     0000027D  XG$devkit_SMS_disableSRAM$0$0      _sms_manager
     0000027E  A$_sms_manager$259                 _sms_manager
     0000027E  C$_sms_manager.c$40$1$79           _sms_manager
     0000027E  C$_sms_manager.c$42$1$80           _sms_manager
     0000027E  G$devkit_SMS_SRAM$0$0              _sms_manager
     0000027E  _devkit_SMS_SRAM                   _sms_manager
     00000281  A$_sms_manager$264                 _sms_manager
     00000281  C$_sms_manager.c$43$1$80           _sms_manager
     00000281  XG$devkit_SMS_SRAM$0$0             _sms_manager
     00000282  A$_sms_manager$277                 _sms_manager
     00000282  C$_sms_manager.c$46$1$80           _sms_manager
     00000282  C$_sms_manager.c$48$1$82           _sms_manager
     00000282  G$devkit_SMS_setSpriteMode$0$0     _sms_manager
     00000282  _devkit_SMS_setSpriteMode          _sms_manager
     00000286  A$_sms_manager$278                 _sms_manager
     00000288  A$_sms_manager$279                 _sms_manager
     0000028B  A$_sms_manager$284                 _sms_manager
     0000028B  C$_sms_manager.c$49$1$82           _sms_manager
     0000028B  XG$devkit_SMS_setSpriteMode$0$0    _sms_manager
     0000028E  A$_sms_manager$297                 _sms_manager
     0000028E  C$_sms_manager.c$50$1$82           _sms_manager
     0000028E  C$_sms_manager.c$52$1$83           _sms_manager
     0000028E  G$devkit_SMS_useFirstHalfTilesfo   _sms_manager
     0000028E  _devkit_SMS_useFirstHalfTilesfor   _sms_manager
     00000290  A$_sms_manager$302                 _sms_manager
     00000290  C$_sms_manager.c$53$1$83           _sms_manager
     00000290  XG$devkit_SMS_useFirstHalfTilesf   _sms_manager
     00000293  A$_sms_manager$315                 _sms_manager
     00000293  C$_sms_manager.c$54$1$83           _sms_manager
     00000293  C$_sms_manager.c$56$1$84           _sms_manager
     00000293  G$devkit_SMS_useFirstHalfTilesfo   _sms_manager
     00000293  _devkit_SMS_useFirstHalfTilesfor   _sms_manager
     00000295  A$_sms_manager$320                 _sms_manager
     00000295  C$_sms_manager.c$57$1$84           _sms_manager
     00000295  XG$devkit_SMS_useFirstHalfTilesf   _sms_manager
     00000298  A$_sms_manager$333                 _sms_manager
ASxxxx Linker V03.00 + NoICE + sdld,  page 6.
Hexadecimal  [32-Bits]

Area                                    Addr        Size        Decimal Bytes (Attributes)
--------------------------------        ----        ----        ------- ----- ------------
_CODE                               00000200    0000177B =        6011. bytes (REL,CON)

      Value  Global                              Global Defined In Module
      -----  --------------------------------   ------------------------
     00000298  C$_sms_manager.c$58$1$84           _sms_manager
     00000298  C$_sms_manager.c$60$1$86           _sms_manager
     00000298  G$devkit_SMS_VDPturnOnFeature$0$   _sms_manager
     00000298  _devkit_SMS_VDPturnOnFeature       _sms_manager
     00000299  A$_sms_manager$334                 _sms_manager
     0000029A  A$_sms_manager$335                 _sms_manager
     0000029B  A$_sms_manager$336                 _sms_manager
     0000029C  A$_sms_manager$341                 _sms_manager
     0000029C  C$_sms_manager.c$61$1$86           _sms_manager
     0000029C  XG$devkit_SMS_VDPturnOnFeature$0   _sms_manager
     0000029F  A$_sms_manager$354                 _sms_manager
     0000029F  C$_sms_manager.c$63$1$86           _sms_manager
     0000029F  C$_sms_manager.c$65$1$88           _sms_manager
     0000029F  G$devkit_SMS_loadPSGaidencompres   _sms_manager
     0000029F  _devkit_SMS_loadPSGaidencompress   _sms_manager
     000002A2  A$_sms_manager$355                 _sms_manager
     000002A3  A$_sms_manager$356                 _sms_manager
     000002A4  A$_sms_manager$357                 _sms_manager
     000002A5  A$_sms_manager$358                 _sms_manager
     000002A6  A$_sms_manager$359                 _sms_manager
     000002A7  A$_sms_manager$360                 _sms_manager
     000002AA  A$_sms_manager$361                 _sms_manager
     000002AB  A$_sms_manager$362                 _sms_manager
     000002AC  A$_sms_manager$363                 _sms_manager
     000002AD  A$_sms_manager$364                 _sms_manager
     000002AE  A$_sms_manager$365                 _sms_manager
     000002AF  A$_sms_manager$366                 _sms_manager
     000002B2  A$_sms_manager$367                 _sms_manager
     000002B3  A$_sms_manager$368                 _sms_manager
     000002B4  A$_sms_manager$373                 _sms_manager
     000002B4  C$_sms_manager.c$66$1$88           _sms_manager
     000002B4  XG$devkit_SMS_loadPSGaidencompre   _sms_manager
     000002B5  A$_sms_manager$386                 _sms_manager
     000002B5  C$_sms_manager.c$67$1$88           _sms_manager
     000002B5  C$_sms_manager.c$69$1$90           _sms_manager
     000002B5  G$devkit_SMS_loadSTMcompressedTi   _sms_manager
     000002B5  _devkit_SMS_loadSTMcompressedTil   _sms_manager
     000002B7  A$_sms_manager$387                 _sms_manager
     000002B8  A$_sms_manager$388                 _sms_manager
     000002B9  A$_sms_manager$389                 _sms_manager
     000002BC  A$_sms_manager$390                 _sms_manager
     000002BD  A$_sms_manager$391                 _sms_manager
     000002BE  A$_sms_manager$392                 _sms_manager
     000002BF  A$_sms_manager$393                 _sms_manager
     000002C0  A$_sms_manager$394                 _sms_manager
     000002C1  A$_sms_manager$395                 _sms_manager
     000002C4  A$_sms_manager$396                 _sms_manager
     000002C5  A$_sms_manager$397                 _sms_manager
     000002C6  A$_sms_manager$398                 _sms_manager
     000002C7  A$_sms_manager$399                 _sms_manager
     000002C8  A$_sms_manager$400                 _sms_manager
ASxxxx Linker V03.00 + NoICE + sdld,  page 7.
Hexadecimal  [32-Bits]

Area                                    Addr        Size        Decimal Bytes (Attributes)
--------------------------------        ----        ----        ------- ----- ------------
_CODE                               00000200    0000177B =        6011. bytes (REL,CON)

      Value  Global                              Global Defined In Module
      -----  --------------------------------   ------------------------
     000002CB  A$_sms_manager$401                 _sms_manager
     000002CC  A$_sms_manager$402                 _sms_manager
     000002CD  A$_sms_manager$403                 _sms_manager
     000002CE  A$_sms_manager$404                 _sms_manager
     000002CF  A$_sms_manager$405                 _sms_manager
     000002D2  A$_sms_manager$406                 _sms_manager
     000002D3  A$_sms_manager$407                 _sms_manager
     000002D4  A$_sms_manager$408                 _sms_manager
     000002D5  A$_sms_manager$413                 _sms_manager
     000002D5  C$_sms_manager.c$70$1$90           _sms_manager
     000002D5  XG$devkit_SMS_loadSTMcompressedT   _sms_manager
     000002D6  A$_sms_manager$426                 _sms_manager
     000002D6  C$_sms_manager.c$72$1$90           _sms_manager
     000002D6  C$_sms_manager.c$74$1$92           _sms_manager
     000002D6  G$devkit_SMS_loadBGPalette$0$0     _sms_manager
     000002D6  _devkit_SMS_loadBGPalette          _sms_manager
     000002D7  A$_sms_manager$427                 _sms_manager
     000002D8  A$_sms_manager$428                 _sms_manager
     000002D9  A$_sms_manager$429                 _sms_manager
     000002DA  A$_sms_manager$434                 _sms_manager
     000002DA  C$_sms_manager.c$75$1$92           _sms_manager
     000002DA  XG$devkit_SMS_loadBGPalette$0$0    _sms_manager
     000002DD  A$_sms_manager$447                 _sms_manager
     000002DD  C$_sms_manager.c$76$1$92           _sms_manager
     000002DD  C$_sms_manager.c$78$1$94           _sms_manager
     000002DD  G$devkit_SMS_loadSpritePalette$0   _sms_manager
     000002DD  _devkit_SMS_loadSpritePalette      _sms_manager
     000002DE  A$_sms_manager$448                 _sms_manager
     000002DF  A$_sms_manager$449                 _sms_manager
     000002E0  A$_sms_manager$450                 _sms_manager
     000002E1  A$_sms_manager$455                 _sms_manager
     000002E1  C$_sms_manager.c$79$1$94           _sms_manager
     000002E1  XG$devkit_SMS_loadSpritePalette$   _sms_manager
     000002E4  A$_sms_manager$468                 _sms_manager
     000002E4  C$_sms_manager.c$80$1$94           _sms_manager
     000002E4  C$_sms_manager.c$82$1$96           _sms_manager
     000002E4  G$devkit_SMS_setSpritePaletteCol   _sms_manager
     000002E4  _devkit_SMS_setSpritePaletteColo   _sms_manager
     000002E7  A$_sms_manager$469                 _sms_manager
     000002E8  A$_sms_manager$470                 _sms_manager
     000002E9  A$_sms_manager$471                 _sms_manager
     000002EA  A$_sms_manager$472                 _sms_manager
     000002EB  A$_sms_manager$473                 _sms_manager
     000002EE  A$_sms_manager$474                 _sms_manager
     000002EF  A$_sms_manager$475                 _sms_manager
     000002F0  A$_sms_manager$476                 _sms_manager
     000002F1  A$_sms_manager$477                 _sms_manager
     000002F4  A$_sms_manager$478                 _sms_manager
     000002F5  A$_sms_manager$479                 _sms_manager
     000002F6  A$_sms_manager$480                 _sms_manager
     000002F7  A$_sms_manager$481                 _sms_manager
ASxxxx Linker V03.00 + NoICE + sdld,  page 8.
Hexadecimal  [32-Bits]

Area                                    Addr        Size        Decimal Bytes (Attributes)
--------------------------------        ----        ----        ------- ----- ------------
_CODE                               00000200    0000177B =        6011. bytes (REL,CON)

      Value  Global                              Global Defined In Module
      -----  --------------------------------   ------------------------
     000002F8  A$_sms_manager$482                 _sms_manager
     000002F9  A$_sms_manager$483                 _sms_manager
     000002FA  A$_sms_manager$484                 _sms_manager
     000002FC  A$_sms_manager$485                 _sms_manager
     000002FD  A$_sms_manager$486                 _sms_manager
     000002FE  A$_sms_manager$490                 _sms_manager
     000002FE  C$_sms_manager.c$83$1$96           _sms_manager
     000002FF  A$_sms_manager$491                 _sms_manager
     00000300  A$_sms_manager$492                 _sms_manager
     00000303  A$_sms_manager$493                 _sms_manager
     00000304  A$_sms_manager$494                 _sms_manager
     00000305  A$_sms_manager$495                 _sms_manager
     00000306  A$_sms_manager$496                 _sms_manager
     00000307  A$_sms_manager$497                 _sms_manager
     0000030A  A$_sms_manager$498                 _sms_manager
     0000030B  A$_sms_manager$503                 _sms_manager
     0000030B  C$_sms_manager.c$84$1$96           _sms_manager
     0000030B  XG$devkit_SMS_setSpritePaletteCo   _sms_manager
     0000030C  A$_sms_manager$513                 _sms_manager
     0000030C  C$_sms_manager.c$86$1$96           _sms_manager
     0000030C  G$devkit_SMS_setNextTileatXY$0$0   _sms_manager
     0000030C  _devkit_SMS_setNextTileatXY        _sms_manager
     0000030E  A$_sms_manager$514                 _sms_manager
     00000312  A$_sms_manager$515                 _sms_manager
     00000314  A$_sms_manager$519                 _sms_manager
     00000314  C$_sms_manager.c$88$1$98           _sms_manager
     00000317  A$_sms_manager$520                 _sms_manager
     00000319  A$_sms_manager$521                 _sms_manager
     0000031A  A$_sms_manager$522                 _sms_manager
     0000031B  A$_sms_manager$523                 _sms_manager
     0000031C  A$_sms_manager$524                 _sms_manager
     0000031D  A$_sms_manager$525                 _sms_manager
     0000031E  A$_sms_manager$526                 _sms_manager
     0000031F  A$_sms_manager$527                 _sms_manager
     00000320  A$_sms_manager$528                 _sms_manager
     00000321  A$_sms_manager$529                 _sms_manager
     00000323  A$_sms_manager$530                 _sms_manager
     00000324  A$_sms_manager$531                 _sms_manager
     00000327  A$_sms_manager$532                 _sms_manager
     00000329  A$_sms_manager$533                 _sms_manager
     0000032A  A$_sms_manager$534                 _sms_manager
     0000032B  A$_sms_manager$535                 _sms_manager
     0000032C  A$_sms_manager$536                 _sms_manager
     0000032D  A$_sms_manager$537                 _sms_manager
     0000032E  A$_sms_manager$538                 _sms_manager
     0000032F  A$_sms_manager$539                 _sms_manager
     00000330  A$_sms_manager$544                 _sms_manager
     00000330  C$_sms_manager.c$89$1$98           _sms_manager
     00000330  XG$devkit_SMS_setNextTileatXY$0$   _sms_manager
     00000332  A$_sms_manager$545                 _sms_manager
     00000335  A$_sms_manager$558                 _sms_manager
ASxxxx Linker V03.00 + NoICE + sdld,  page 9.
Hexadecimal  [32-Bits]

Area                                    Addr        Size        Decimal Bytes (Attributes)
--------------------------------        ----        ----        ------- ----- ------------
_CODE                               00000200    0000177B =        6011. bytes (REL,CON)

      Value  Global                              Global Defined In Module
      -----  --------------------------------   ------------------------
     00000335  C$_sms_manager.c$90$1$98           _sms_manager
     00000335  C$_sms_manager.c$92$1$100          _sms_manager
     00000335  G$devkit_SMS_setTile$0$0           _sms_manager
     00000335  _devkit_SMS_setTile                _sms_manager
     00000336  A$_sms_manager$559                 _sms_manager
     00000337  A$_sms_manager$560                 _sms_manager
     00000338  A$_sms_manager$561                 _sms_manager
     00000339  A$_sms_manager$566                 _sms_manager
     00000339  C$_sms_manager.c$93$1$100          _sms_manager
     00000339  XG$devkit_SMS_setTile$0$0          _sms_manager
     0000033C  A$_sms_manager$579                 _sms_manager
     0000033C  C$_sms_manager.c$94$1$100          _sms_manager
     0000033C  C$_sms_manager.c$96$1$102          _sms_manager
     0000033C  G$devkit_SMS_setTilePriority$0$0   _sms_manager
     0000033C  _devkit_SMS_setTilePriority        _sms_manager
     00000340  A$_sms_manager$580                 _sms_manager
     00000342  A$_sms_manager$581                 _sms_manager
     00000345  A$_sms_manager$582                 _sms_manager
     00000347  A$_sms_manager$583                 _sms_manager
     00000349  A$_sms_manager$584                 _sms_manager
     0000034A  A$_sms_manager$589                 _sms_manager
     0000034A  C$_sms_manager.c$97$1$102          _sms_manager
     0000034A  XG$devkit_SMS_setTilePriority$0$   _sms_manager
     0000034D  A$_sms_manager$602                 _sms_manager
     0000034D  C$_sms_manager.c$101$1$104         _sms_manager
     0000034D  C$_sms_manager.c$99$1$102          _sms_manager
     0000034D  G$devkit_SMS_addSprite$0$0         _sms_manager
     0000034D  _devkit_SMS_addSprite              _sms_manager
     00000350  A$_sms_manager$603                 _sms_manager
     00000351  A$_sms_manager$604                 _sms_manager
     00000352  A$_sms_manager$605                 _sms_manager
     00000353  A$_sms_manager$606                 _sms_manager
     00000354  A$_sms_manager$607                 _sms_manager
     00000357  A$_sms_manager$608                 _sms_manager
     00000358  A$_sms_manager$609                 _sms_manager
     00000359  A$_sms_manager$610                 _sms_manager
     0000035A  A$_sms_manager$611                 _sms_manager
     0000035B  A$_sms_manager$612                 _sms_manager
     0000035E  A$_sms_manager$613                 _sms_manager
     0000035F  A$_sms_manager$614                 _sms_manager
     00000360  A$_sms_manager$615                 _sms_manager
     00000361  A$_sms_manager$616                 _sms_manager
     00000362  A$_sms_manager$617                 _sms_manager
     00000365  A$_sms_manager$618                 _sms_manager
     00000366  A$_sms_manager$619                 _sms_manager
     00000367  A$_sms_manager$624                 _sms_manager
     00000367  C$_sms_manager.c$102$1$104         _sms_manager
     00000367  XG$devkit_SMS_addSprite$0$0        _sms_manager
     00000368  A$_sms_manager$641                 _sms_manager
     00000368  C$_sms_manager.c$143$1$104         _sms_manager
     00000368  C$_sms_manager.c$145$1$105         _sms_manager
ASxxxx Linker V03.00 + NoICE + sdld,  page 10.
Hexadecimal  [32-Bits]

Area                                    Addr        Size        Decimal Bytes (Attributes)
--------------------------------        ----        ----        ------- ----- ------------
_CODE                               00000200    0000177B =        6011. bytes (REL,CON)

      Value  Global                              Global Defined In Module
      -----  --------------------------------   ------------------------
     00000368  C$_sms_manager.c$146$1$105         _sms_manager
     00000368  G$devkit_SMS_initSprites$0$0       _sms_manager
     00000368  XG$devkit_SMS_initSprites$0$0      _sms_manager
     00000368  _devkit_SMS_initSprites            _sms_manager
     0000036B  A$_sms_manager$658                 _sms_manager
     0000036B  C$_sms_manager.c$147$1$105         _sms_manager
     0000036B  C$_sms_manager.c$149$1$106         _sms_manager
     0000036B  C$_sms_manager.c$150$1$106         _sms_manager
     0000036B  G$devkit_SMS_finalizeSprites$0$0   _sms_manager
     0000036B  XG$devkit_SMS_finalizeSprites$0$   _sms_manager
     0000036B  _devkit_SMS_finalizeSprites        _sms_manager
     0000036E  A$_sms_manager$675                 _sms_manager
     0000036E  C$_sms_manager.c$151$1$106         _sms_manager
     0000036E  C$_sms_manager.c$153$1$107         _sms_manager
     0000036E  C$_sms_manager.c$154$1$107         _sms_manager
     0000036E  G$devkit_SMS_waitForVBlank$0$0     _sms_manager
     0000036E  XG$devkit_SMS_waitForVBlank$0$0    _sms_manager
     0000036E  _devkit_SMS_waitForVBlank          _sms_manager
     00000371  A$_sms_manager$692                 _sms_manager
     00000371  C$_sms_manager.c$155$1$107         _sms_manager
     00000371  C$_sms_manager.c$157$1$108         _sms_manager
     00000371  C$_sms_manager.c$158$1$108         _sms_manager
     00000371  G$devkit_SMS_copySpritestoSAT$0$   _sms_manager
     00000371  XG$devkit_SMS_copySpritestoSAT$0   _sms_manager
     00000371  _devkit_SMS_copySpritestoSAT       _sms_manager
     00000374  A$_sms_manager$709                 _sms_manager
     00000374  C$_sms_manager.c$159$1$108         _sms_manager
     00000374  C$_sms_manager.c$161$1$109         _sms_manager
     00000374  C$_sms_manager.c$162$1$109         _sms_manager
     00000374  G$devkit_UNSAFE_SMS_copySpritest   _sms_manager
     00000374  XG$devkit_UNSAFE_SMS_copySprites   _sms_manager
     00000374  _devkit_UNSAFE_SMS_copySpritesto   _sms_manager
     00000377  A$_sms_manager$726                 _sms_manager
     00000377  C$_sms_manager.c$164$1$109         _sms_manager
     00000377  C$_sms_manager.c$166$1$110         _sms_manager
     00000377  C$_sms_manager.c$167$1$110         _sms_manager
     00000377  G$devkit_SMS_queryPauseRequested   _sms_manager
     00000377  XG$devkit_SMS_queryPauseRequeste   _sms_manager
     00000377  _devkit_SMS_queryPauseRequested    _sms_manager
     0000037A  A$_sms_manager$743                 _sms_manager
     0000037A  C$_sms_manager.c$168$1$110         _sms_manager
     0000037A  C$_sms_manager.c$170$1$111         _sms_manager
     0000037A  C$_sms_manager.c$171$1$111         _sms_manager
     0000037A  G$devkit_SMS_resetPauseRequest$0   _sms_manager
     0000037A  XG$devkit_SMS_resetPauseRequest$   _sms_manager
     0000037A  _devkit_SMS_resetPauseRequest      _sms_manager
     0000037D  A$_sms_manager$756                 _sms_manager
     0000037D  C$_sms_manager.c$174$1$111         _sms_manager
     0000037D  C$_sms_manager.c$176$1$112         _sms_manager
     0000037D  G$devkit_isCollisionDetected$0$0   _sms_manager
     0000037D  _devkit_isCollisionDetected        _sms_manager
ASxxxx Linker V03.00 + NoICE + sdld,  page 11.
Hexadecimal  [32-Bits]

Area                                    Addr        Size        Decimal Bytes (Attributes)
--------------------------------        ----        ----        ------- ----- ------------
_CODE                               00000200    0000177B =        6011. bytes (REL,CON)

      Value  Global                              Global Defined In Module
      -----  --------------------------------   ------------------------
     00000380  A$_sms_manager$757                 _sms_manager
     00000382  A$_sms_manager$758                 _sms_manager
     00000383  A$_sms_manager$763                 _sms_manager
     00000383  C$_sms_manager.c$177$1$112         _sms_manager
     00000383  XG$devkit_isCollisionDetected$0$   _sms_manager
     00000384  A$_sms_manager$780                 _sms_manager
     00000384  C$_sms_manager.c$180$1$112         _sms_manager
     00000384  C$_sms_manager.c$182$1$113         _sms_manager
     00000384  C$_sms_manager.c$183$1$113         _sms_manager
     00000384  G$devkit_SMS_getKeysStatus$0$0     _sms_manager
     00000384  XG$devkit_SMS_getKeysStatus$0$0    _sms_manager
     00000384  _devkit_SMS_getKeysStatus          _sms_manager
     00000387  A$_sms_manager$793                 _sms_manager
     00000387  C$_sms_manager.c$186$1$113         _sms_manager
     00000387  C$_sms_manager.c$188$1$114         _sms_manager
     00000387  G$devkit_SPRITEMODE_NORMAL$0$0     _sms_manager
     00000387  _devkit_SPRITEMODE_NORMAL          _sms_manager
     00000389  A$_sms_manager$798                 _sms_manager
     00000389  C$_sms_manager.c$189$1$114         _sms_manager
     00000389  XG$devkit_SPRITEMODE_NORMAL$0$0    _sms_manager
     0000038A  A$_sms_manager$811                 _sms_manager
     0000038A  C$_sms_manager.c$190$1$114         _sms_manager
     0000038A  C$_sms_manager.c$192$1$115         _sms_manager
     0000038A  G$devkit_VDPFEATURE_HIDEFIRSTCOL   _sms_manager
     0000038A  _devkit_VDPFEATURE_HIDEFIRSTCOL    _sms_manager
     0000038D  A$_sms_manager$816                 _sms_manager
     0000038D  C$_sms_manager.c$193$1$115         _sms_manager
     0000038D  XG$devkit_VDPFEATURE_HIDEFIRSTCO   _sms_manager
     0000038E  A$_sms_manager$829                 _sms_manager
     0000038E  C$_sms_manager.c$194$1$115         _sms_manager
     0000038E  C$_sms_manager.c$196$1$116         _sms_manager
     0000038E  G$devkit_TILE_PRIORITY$0$0         _sms_manager
     0000038E  _devkit_TILE_PRIORITY              _sms_manager
     00000391  A$_sms_manager$834                 _sms_manager
     00000391  C$_sms_manager.c$197$1$116         _sms_manager
     00000391  XG$devkit_TILE_PRIORITY$0$0        _sms_manager
     00000392  A$_sms_manager$847                 _sms_manager
     00000392  C$_sms_manager.c$198$1$116         _sms_manager
     00000392  C$_sms_manager.c$200$1$117         _sms_manager
     00000392  G$devkit_TILE_USE_SPRITE_PALETTE   _sms_manager
     00000392  _devkit_TILE_USE_SPRITE_PALETTE    _sms_manager
     00000395  A$_sms_manager$852                 _sms_manager
     00000395  C$_sms_manager.c$201$1$117         _sms_manager
     00000395  XG$devkit_TILE_USE_SPRITE_PALETT   _sms_manager
     00000396  F_sms_manager$__str_0$0$0          _sms_manager
     000003A4  F_sms_manager$__str_1$0$0          _sms_manager
     000003B4  F_sms_manager$__str_2$0$0          _sms_manager
     000003EC  A$asm_manager$59                   asm_manager
     000003EC  C$asm_manager.c$11$0$0             asm_manager
     000003EC  C$asm_manager.c$30$1$1             asm_manager
     000003EC  G$engine_asm_manager_clear_VRAM$   asm_manager
ASxxxx Linker V03.00 + NoICE + sdld,  page 12.
Hexadecimal  [32-Bits]

Area                                    Addr        Size        Decimal Bytes (Attributes)
--------------------------------        ----        ----        ------- ----- ------------
_CODE                               00000200    0000177B =        6011. bytes (REL,CON)

      Value  Global                              Global Defined In Module
      -----  --------------------------------   ------------------------
     000003EC  _engine_asm_manager_clear_VRAM     asm_manager
     000003EE  A$asm_manager$60                   asm_manager
     000003F0  A$asm_manager$61                   asm_manager
     000003F2  A$asm_manager$62                   asm_manager
     000003F4  A$asm_manager$63                   asm_manager
     000003F7  A$asm_manager$65                   asm_manager
     000003F9  A$asm_manager$66                   asm_manager
     000003FB  A$asm_manager$67                   asm_manager
     000003FC  A$asm_manager$68                   asm_manager
     000003FD  A$asm_manager$69                   asm_manager
     000003FE  A$asm_manager$70                   asm_manager
     00000401  A$asm_manager$75                   asm_manager
     00000401  C$asm_manager.c$33$1$1             asm_manager
     00000401  XG$engine_asm_manager_clear_VRAM   asm_manager
     00000402  A$content_manager$60               content_manager
     00000402  C$content_manager.c$10$0$0         content_manager
     00000402  C$content_manager.c$13$1$14        content_manager
     00000402  G$engine_content_manager_load_ti   content_manager
     00000402  _engine_content_manager_load_til   content_manager
     00000405  A$content_manager$61               content_manager
     00000406  A$content_manager$62               content_manager
     00000409  A$content_manager$63               content_manager
     0000040A  A$content_manager$64               content_manager
     0000040D  A$content_manager$65               content_manager
     0000040E  A$content_manager$66               content_manager
     0000040F  A$content_manager$70               content_manager
     0000040F  C$content_manager.c$14$1$14        content_manager
     00000412  A$content_manager$71               content_manager
     00000413  A$content_manager$72               content_manager
     00000416  A$content_manager$73               content_manager
     00000417  A$content_manager$78               content_manager
     00000417  C$content_manager.c$15$1$14        content_manager
     00000417  XG$engine_content_manager_load_t   content_manager
     00000418  A$content_manager$91               content_manager
     00000418  C$content_manager.c$16$1$14        content_manager
     00000418  C$content_manager.c$19$1$15        content_manager
     00000418  G$engine_content_manager_load_ti   content_manager
     00000418  _engine_content_manager_load_til   content_manager
     0000041B  A$content_manager$92               content_manager
     0000041C  A$content_manager$93               content_manager
     0000041F  A$content_manager$94               content_manager
     00000420  A$content_manager$95               content_manager
     00000423  A$content_manager$96               content_manager
     00000424  A$content_manager$97               content_manager
     00000425  A$content_manager$101              content_manager
     00000425  C$content_manager.c$20$1$15        content_manager
     00000428  A$content_manager$102              content_manager
     00000429  A$content_manager$103              content_manager
     0000042C  A$content_manager$104              content_manager
     0000042D  A$content_manager$109              content_manager
     0000042D  C$content_manager.c$21$1$15        content_manager
ASxxxx Linker V03.00 + NoICE + sdld,  page 13.
Hexadecimal  [32-Bits]

Area                                    Addr        Size        Decimal Bytes (Attributes)
--------------------------------        ----        ----        ------- ----- ------------
_CODE                               00000200    0000177B =        6011. bytes (REL,CON)

      Value  Global                              Global Defined In Module
      -----  --------------------------------   ------------------------
     0000042D  XG$engine_content_manager_load_t   content_manager
     0000042E  A$content_manager$122              content_manager
     0000042E  C$content_manager.c$22$1$15        content_manager
     0000042E  C$content_manager.c$25$1$16        content_manager
     0000042E  G$engine_content_manager_load_sp   content_manager
     0000042E  _engine_content_manager_load_spr   content_manager
     00000431  A$content_manager$123              content_manager
     00000432  A$content_manager$124              content_manager
     00000435  A$content_manager$125              content_manager
     00000436  A$content_manager$126              content_manager
     00000439  A$content_manager$127              content_manager
     0000043A  A$content_manager$128              content_manager
     0000043B  A$content_manager$132              content_manager
     0000043B  C$content_manager.c$26$1$16        content_manager
     0000043E  A$content_manager$133              content_manager
     0000043F  A$content_manager$134              content_manager
     00000442  A$content_manager$135              content_manager
     00000443  A$content_manager$140              content_manager
     00000443  C$content_manager.c$27$1$16        content_manager
     00000443  XG$engine_content_manager_load_s   content_manager
     00000444  A$font_manager$57                  font_manager
     00000444  C$font_manager.c$10$0$0            font_manager
     00000444  G$engine_font_manager_draw_char$   font_manager
     00000444  _engine_font_manager_draw_char     font_manager
     00000446  A$font_manager$58                  font_manager
     0000044A  A$font_manager$59                  font_manager
     0000044C  A$font_manager$66                  font_manager
     0000044C  C$font_manager.c$12$1$0            font_manager
     0000044C  C$font_manager.c$13$1$19           font_manager
     0000044F  A$font_manager$67                  font_manager
     00000451  A$font_manager$68                  font_manager
     00000452  A$font_manager$72                  font_manager
     00000452  C$font_manager.c$14$1$19           font_manager
     00000453  A$font_manager$73                  font_manager
     00000456  A$font_manager$74                  font_manager
     00000459  A$font_manager$75                  font_manager
     0000045A  A$font_manager$76                  font_manager
     0000045D  A$font_manager$77                  font_manager
     0000045E  A$font_manager$78                  font_manager
     0000045F  A$font_manager$82                  font_manager
     0000045F  C$font_manager.c$15$1$19           font_manager
     00000462  A$font_manager$83                  font_manager
     00000463  A$font_manager$84                  font_manager
     00000465  A$font_manager$85                  font_manager
     00000467  A$font_manager$86                  font_manager
     00000468  A$font_manager$87                  font_manager
     00000469  A$font_manager$88                  font_manager
     0000046C  A$font_manager$89                  font_manager
     0000046D  A$font_manager$90                  font_manager
     0000046F  A$font_manager$95                  font_manager
     0000046F  C$font_manager.c$16$1$19           font_manager
ASxxxx Linker V03.00 + NoICE + sdld,  page 14.
Hexadecimal  [32-Bits]

Area                                    Addr        Size        Decimal Bytes (Attributes)
--------------------------------        ----        ----        ------- ----- ------------
_CODE                               00000200    0000177B =        6011. bytes (REL,CON)

      Value  Global                              Global Defined In Module
      -----  --------------------------------   ------------------------
     0000046F  XG$engine_font_manager_draw_char   font_manager
     00000470  A$font_manager$105                 font_manager
     00000470  C$font_manager.c$18$1$19           font_manager
     00000470  G$engine_font_manager_draw_text$   font_manager
     00000470  _engine_font_manager_draw_text     font_manager
     00000472  A$font_manager$106                 font_manager
     00000476  A$font_manager$107                 font_manager
     00000478  A$font_manager$108                 font_manager
     00000479  A$font_manager$115                 font_manager
     00000479  C$font_manager.c$20$1$19           font_manager
     00000479  C$font_manager.c$23$1$21           font_manager
     0000047C  A$font_manager$116                 font_manager
     00000480  A$font_manager$118                 font_manager
     00000483  A$font_manager$119                 font_manager
     00000486  A$font_manager$120                 font_manager
     00000487  A$font_manager$121                 font_manager
     0000048A  A$font_manager$122                 font_manager
     0000048C  A$font_manager$123                 font_manager
     0000048D  A$font_manager$124                 font_manager
     0000048E  A$font_manager$125                 font_manager
     0000048F  A$font_manager$126                 font_manager
     00000491  A$font_manager$130                 font_manager
     00000491  C$font_manager.c$25$2$22           font_manager
     00000493  A$font_manager$131                 font_manager
     00000494  A$font_manager$135                 font_manager
     00000494  C$font_manager.c$26$2$22           font_manager
     00000495  A$font_manager$136                 font_manager
     00000496  A$font_manager$137                 font_manager
     00000499  A$font_manager$138                 font_manager
     0000049A  A$font_manager$139                 font_manager
     0000049D  A$font_manager$140                 font_manager
     0000049E  A$font_manager$141                 font_manager
     0000049F  A$font_manager$142                 font_manager
     000004A0  A$font_manager$143                 font_manager
     000004A1  A$font_manager$144                 font_manager
     000004A4  A$font_manager$145                 font_manager
     000004A5  A$font_manager$146                 font_manager
     000004A6  A$font_manager$150                 font_manager
     000004A6  C$font_manager.c$27$2$22           font_manager
     000004A9  A$font_manager$151                 font_manager
     000004AA  A$font_manager$152                 font_manager
     000004AC  A$font_manager$153                 font_manager
     000004AD  A$font_manager$154                 font_manager
     000004AE  A$font_manager$155                 font_manager
     000004AF  A$font_manager$156                 font_manager
     000004B0  A$font_manager$157                 font_manager
     000004B1  A$font_manager$158                 font_manager
     000004B2  A$font_manager$159                 font_manager
     000004B3  A$font_manager$160                 font_manager
     000004B4  A$font_manager$161                 font_manager
     000004B7  A$font_manager$162                 font_manager
ASxxxx Linker V03.00 + NoICE + sdld,  page 15.
Hexadecimal  [32-Bits]

Area                                    Addr        Size        Decimal Bytes (Attributes)
--------------------------------        ----        ----        ------- ----- ------------
_CODE                               00000200    0000177B =        6011. bytes (REL,CON)

      Value  Global                              Global Defined In Module
      -----  --------------------------------   ------------------------
     000004B8  A$font_manager$163                 font_manager
     000004B9  A$font_manager$167                 font_manager
     000004B9  C$font_manager.c$28$2$22           font_manager
     000004BC  A$font_manager$168                 font_manager
     000004BE  A$font_manager$170                 font_manager
     000004BF  A$font_manager$171                 font_manager
     000004C1  A$font_manager$176                 font_manager
     000004C1  C$font_manager.c$30$1$21           font_manager
     000004C1  XG$engine_font_manager_draw_text   font_manager
     000004C2  A$font_manager$186                 font_manager
     000004C2  C$font_manager.c$32$1$21           font_manager
     000004C2  G$engine_font_manager_draw_data$   font_manager
     000004C2  _engine_font_manager_draw_data     font_manager
     000004C4  A$font_manager$187                 font_manager
     000004C8  A$font_manager$188                 font_manager
     000004CA  A$font_manager$189                 font_manager
     000004CD  A$font_manager$190                 font_manager
     000004CE  A$font_manager$191                 font_manager
     000004CF  A$font_manager$198                 font_manager
     000004CF  C$font_manager.c$34$1$21           font_manager
     000004CF  C$font_manager.c$43$3$26           font_manager
     000004D2  A$font_manager$199                 font_manager
     000004D3  A$font_manager$200                 font_manager
     000004D6  A$font_manager$201                 font_manager
     000004D9  A$font_manager$202                 font_manager
     000004DC  A$font_manager$203                 font_manager
     000004DF  A$font_manager$204                 font_manager
     000004E3  A$font_manager$209                 font_manager
     000004E3  C$font_manager.c$45$2$25           font_manager
     000004E6  A$font_manager$210                 font_manager
     000004E7  A$font_manager$211                 font_manager
     000004EA  A$font_manager$212                 font_manager
     000004ED  A$font_manager$213                 font_manager
     000004EE  A$font_manager$214                 font_manager
     000004F1  A$font_manager$215                 font_manager
     000004F2  A$font_manager$216                 font_manager
     000004F3  A$font_manager$217                 font_manager
     000004F4  A$font_manager$218                 font_manager
     000004F5  A$font_manager$219                 font_manager
     000004F8  A$font_manager$220                 font_manager
     000004FB  A$font_manager$224                 font_manager
     000004FB  C$font_manager.c$46$2$25           font_manager
     000004FC  A$font_manager$225                 font_manager
     000004FF  A$font_manager$226                 font_manager
     00000500  A$font_manager$227                 font_manager
     00000503  A$font_manager$228                 font_manager
     00000506  A$font_manager$229                 font_manager
     00000507  A$font_manager$230                 font_manager
     0000050A  A$font_manager$231                 font_manager
     0000050B  A$font_manager$232                 font_manager
     0000050C  A$font_manager$233                 font_manager
ASxxxx Linker V03.00 + NoICE + sdld,  page 16.
Hexadecimal  [32-Bits]

Area                                    Addr        Size        Decimal Bytes (Attributes)
--------------------------------        ----        ----        ------- ----- ------------
_CODE                               00000200    0000177B =        6011. bytes (REL,CON)

      Value  Global                              Global Defined In Module
      -----  --------------------------------   ------------------------
     0000050D  A$font_manager$234                 font_manager
     0000050E  A$font_manager$238                 font_manager
     0000050E  C$font_manager.c$48$3$26           font_manager
     00000511  A$font_manager$239                 font_manager
     00000514  A$font_manager$240                 font_manager
     00000515  A$font_manager$241                 font_manager
     00000517  A$font_manager$242                 font_manager
     0000051A  A$font_manager$243                 font_manager
     0000051B  A$font_manager$244                 font_manager
     0000051C  A$font_manager$248                 font_manager
     0000051C  C$font_manager.c$49$3$26           font_manager
     0000051F  A$font_manager$249                 font_manager
     00000522  A$font_manager$253                 font_manager
     00000522  C$font_manager.c$51$3$26           font_manager
     00000523  A$font_manager$254                 font_manager
     00000525  A$font_manager$255                 font_manager
     00000526  A$font_manager$259                 font_manager
     00000526  C$font_manager.c$52$3$26           font_manager
     00000529  A$font_manager$260                 font_manager
     0000052C  A$font_manager$261                 font_manager
     0000052E  A$font_manager$262                 font_manager
     0000052F  A$font_manager$263                 font_manager
     00000530  A$font_manager$264                 font_manager
     00000532  A$font_manager$265                 font_manager
     00000535  A$font_manager$266                 font_manager
     00000536  A$font_manager$267                 font_manager
     00000538  A$font_manager$271                 font_manager
     00000538  C$font_manager.c$55$4$27           font_manager
     0000053A  A$font_manager$276                 font_manager
     0000053A  C$font_manager.c$58$3$26           font_manager
     0000053D  A$font_manager$277                 font_manager
     00000540  A$font_manager$278                 font_manager
     00000543  A$font_manager$279                 font_manager
     00000546  A$font_manager$280                 font_manager
     00000547  A$font_manager$281                 font_manager
     0000054A  A$font_manager$282                 font_manager
     0000054B  A$font_manager$283                 font_manager
     0000054C  A$font_manager$284                 font_manager
     0000054D  A$font_manager$285                 font_manager
     0000054E  A$font_manager$286                 font_manager
     00000551  A$font_manager$287                 font_manager
     00000552  A$font_manager$288                 font_manager
     00000553  A$font_manager$292                 font_manager
     00000553  C$font_manager.c$59$3$26           font_manager
     00000556  A$font_manager$293                 font_manager
     00000557  A$font_manager$294                 font_manager
     00000559  A$font_manager$295                 font_manager
     0000055A  A$font_manager$296                 font_manager
     0000055B  A$font_manager$297                 font_manager
     0000055C  A$font_manager$298                 font_manager
     0000055D  A$font_manager$299                 font_manager
ASxxxx Linker V03.00 + NoICE + sdld,  page 17.
Hexadecimal  [32-Bits]

Area                                    Addr        Size        Decimal Bytes (Attributes)
--------------------------------        ----        ----        ------- ----- ------------
_CODE                               00000200    0000177B =        6011. bytes (REL,CON)

      Value  Global                              Global Defined In Module
      -----  --------------------------------   ------------------------
     0000055E  A$font_manager$300                 font_manager
     0000055F  A$font_manager$301                 font_manager
     00000562  A$font_manager$302                 font_manager
     00000563  A$font_manager$306                 font_manager
     00000563  C$font_manager.c$43$2$25           font_manager
     00000566  A$font_manager$307                 font_manager
     00000569  A$font_manager$308                 font_manager
     0000056B  A$font_manager$309                 font_manager
     0000056E  A$font_manager$310                 font_manager
     00000570  A$font_manager$311                 font_manager
     00000572  A$font_manager$316                 font_manager
     00000572  C$font_manager.c$61$2$25           font_manager
     00000572  XG$engine_font_manager_draw_data   font_manager
     00000573  A$font_manager$326                 font_manager
     00000573  C$font_manager.c$63$2$25           font_manager
     00000573  G$engine_font_manager_draw_data_   font_manager
     00000573  _engine_font_manager_draw_data_Z   font_manager
     00000575  A$font_manager$327                 font_manager
     00000579  A$font_manager$328                 font_manager
     0000057B  A$font_manager$329                 font_manager
     0000057E  A$font_manager$330                 font_manager
     0000057F  A$font_manager$331                 font_manager
     00000580  A$font_manager$338                 font_manager
     00000580  C$font_manager.c$65$1$25           font_manager
     00000580  C$font_manager.c$72$3$31           font_manager
     00000583  A$font_manager$339                 font_manager
     00000584  A$font_manager$340                 font_manager
     00000587  A$font_manager$341                 font_manager
     0000058A  A$font_manager$342                 font_manager
     0000058D  A$font_manager$343                 font_manager
     0000058F  A$font_manager$348                 font_manager
     0000058F  C$font_manager.c$74$3$31           font_manager
     00000590  A$font_manager$349                 font_manager
     00000593  A$font_manager$350                 font_manager
     00000594  A$font_manager$351                 font_manager
     00000596  A$font_manager$352                 font_manager
     00000599  A$font_manager$353                 font_manager
     0000059A  A$font_manager$354                 font_manager
     0000059B  A$font_manager$355                 font_manager
     0000059C  A$font_manager$356                 font_manager
     0000059F  A$font_manager$357                 font_manager
     000005A0  A$font_manager$358                 font_manager
     000005A3  A$font_manager$359                 font_manager
     000005A6  A$font_manager$360                 font_manager
     000005A7  A$font_manager$361                 font_manager
     000005AA  A$font_manager$362                 font_manager
     000005AB  A$font_manager$363                 font_manager
     000005AC  A$font_manager$364                 font_manager
     000005AD  A$font_manager$365                 font_manager
     000005AE  A$font_manager$366                 font_manager
     000005AF  A$font_manager$367                 font_manager
ASxxxx Linker V03.00 + NoICE + sdld,  page 18.
Hexadecimal  [32-Bits]

Area                                    Addr        Size        Decimal Bytes (Attributes)
--------------------------------        ----        ----        ------- ----- ------------
_CODE                               00000200    0000177B =        6011. bytes (REL,CON)

      Value  Global                              Global Defined In Module
      -----  --------------------------------   ------------------------
     000005B0  A$font_manager$371                 font_manager
     000005B0  C$font_manager.c$75$2$30           font_manager
     000005B1  A$font_manager$372                 font_manager
     000005B2  A$font_manager$373                 font_manager
     000005B5  A$font_manager$374                 font_manager
     000005B6  A$font_manager$375                 font_manager
     000005B9  A$font_manager$376                 font_manager
     000005BC  A$font_manager$377                 font_manager
     000005BD  A$font_manager$378                 font_manager
     000005C0  A$font_manager$379                 font_manager
     000005C1  A$font_manager$380                 font_manager
     000005C2  A$font_manager$381                 font_manager
     000005C3  A$font_manager$382                 font_manager
     000005C4  A$font_manager$383                 font_manager
     000005C7  A$font_manager$384                 font_manager
     000005CA  A$font_manager$388                 font_manager
     000005CA  C$font_manager.c$77$3$31           font_manager
     000005CB  A$font_manager$389                 font_manager
     000005CD  A$font_manager$390                 font_manager
     000005CE  A$font_manager$394                 font_manager
     000005CE  C$font_manager.c$79$3$31           font_manager
     000005CF  A$font_manager$395                 font_manager
     000005D0  A$font_manager$396                 font_manager
     000005D3  A$font_manager$397                 font_manager
     000005D4  A$font_manager$398                 font_manager
     000005D5  A$font_manager$399                 font_manager
     000005D8  A$font_manager$400                 font_manager
     000005D9  A$font_manager$401                 font_manager
     000005DA  A$font_manager$402                 font_manager
     000005DB  A$font_manager$403                 font_manager
     000005DC  A$font_manager$404                 font_manager
     000005DF  A$font_manager$405                 font_manager
     000005E0  A$font_manager$406                 font_manager
     000005E1  A$font_manager$407                 font_manager
     000005E2  A$font_manager$411                 font_manager
     000005E2  C$font_manager.c$80$3$31           font_manager
     000005E5  A$font_manager$412                 font_manager
     000005E6  A$font_manager$413                 font_manager
     000005E8  A$font_manager$414                 font_manager
     000005EA  A$font_manager$415                 font_manager
     000005EB  A$font_manager$416                 font_manager
     000005EC  A$font_manager$417                 font_manager
     000005ED  A$font_manager$418                 font_manager
     000005F0  A$font_manager$419                 font_manager
     000005F1  A$font_manager$420                 font_manager
     000005F2  A$font_manager$424                 font_manager
     000005F2  C$font_manager.c$72$2$30           font_manager
     000005F3  A$font_manager$425                 font_manager
     000005F4  A$font_manager$426                 font_manager
     000005F6  A$font_manager$427                 font_manager
     000005F8  A$font_manager$428                 font_manager
ASxxxx Linker V03.00 + NoICE + sdld,  page 19.
Hexadecimal  [32-Bits]

Area                                    Addr        Size        Decimal Bytes (Attributes)
--------------------------------        ----        ----        ------- ----- ------------
_CODE                               00000200    0000177B =        6011. bytes (REL,CON)

      Value  Global                              Global Defined In Module
      -----  --------------------------------   ------------------------
     000005FA  A$font_manager$429                 font_manager
     000005FC  A$font_manager$434                 font_manager
     000005FC  C$font_manager.c$82$2$30           font_manager
     000005FC  XG$engine_font_manager_draw_data   font_manager
     000005FD  A$gamer_manager$62                 gamer_manager
     000005FD  C$gamer_manager.c$11$1$18          gamer_manager
     000005FD  C$gamer_manager.c$9$0$0            gamer_manager
     000005FD  G$engine_gamer_manager_init$0$0    gamer_manager
     000005FD  _engine_gamer_manager_init         gamer_manager
     00000600  A$gamer_manager$66                 gamer_manager
     00000600  C$gamer_manager.c$12$1$18          gamer_manager
     00000603  A$gamer_manager$67                 gamer_manager
     00000604  A$gamer_manager$68                 gamer_manager
     00000605  A$gamer_manager$69                 gamer_manager
     00000606  A$gamer_manager$73                 gamer_manager
     00000606  C$gamer_manager.c$13$1$18          gamer_manager
     00000609  A$gamer_manager$74                 gamer_manager
     0000060D  A$gamer_manager$75                 gamer_manager
     0000060F  A$gamer_manager$76                 gamer_manager
     00000612  A$gamer_manager$77                 gamer_manager
     00000613  A$gamer_manager$81                 gamer_manager
     00000613  C$gamer_manager.c$14$1$18          gamer_manager
     00000616  A$gamer_manager$82                 gamer_manager
     0000061A  A$gamer_manager$83                 gamer_manager
     0000061C  A$gamer_manager$84                 gamer_manager
     0000061F  A$gamer_manager$85                 gamer_manager
     00000620  A$gamer_manager$89                 gamer_manager
     00000620  C$gamer_manager.c$15$1$18          gamer_manager
     00000621  A$gamer_manager$90                 gamer_manager
     00000622  A$gamer_manager$91                 gamer_manager
     00000623  A$gamer_manager$92                 gamer_manager
     00000624  A$gamer_manager$93                 gamer_manager
     00000625  A$gamer_manager$94                 gamer_manager
     00000629  A$gamer_manager$95                 gamer_manager
     0000062B  A$gamer_manager$96                 gamer_manager
     0000062E  A$gamer_manager$97                 gamer_manager
     0000062F  A$gamer_manager$98                 gamer_manager
     00000630  A$gamer_manager$99                 gamer_manager
     00000633  A$gamer_manager$100                gamer_manager
     00000634  A$gamer_manager$105                gamer_manager
     00000634  C$gamer_manager.c$16$1$18          gamer_manager
     00000634  XG$engine_gamer_manager_init$0$0   gamer_manager
     00000635  A$gamer_manager$115                gamer_manager
     00000635  C$gamer_manager.c$18$1$18          gamer_manager
     00000635  G$engine_gamer_manager_update$0$   gamer_manager
     00000635  _engine_gamer_manager_update       gamer_manager
     00000637  A$gamer_manager$116                gamer_manager
     0000063B  A$gamer_manager$117                gamer_manager
     0000063D  A$gamer_manager$121                gamer_manager
     0000063D  C$gamer_manager.c$20$1$20          gamer_manager
     00000640  A$gamer_manager$125                gamer_manager
ASxxxx Linker V03.00 + NoICE + sdld,  page 20.
Hexadecimal  [32-Bits]

Area                                    Addr        Size        Decimal Bytes (Attributes)
--------------------------------        ----        ----        ------- ----- ------------
_CODE                               00000200    0000177B =        6011. bytes (REL,CON)

      Value  Global                              Global Defined In Module
      -----  --------------------------------   ------------------------
     00000640  C$gamer_manager.c$21$1$20          gamer_manager
     00000641  A$gamer_manager$126                gamer_manager
     00000642  A$gamer_manager$127                gamer_manager
     00000645  A$gamer_manager$128                gamer_manager
     00000646  A$gamer_manager$129                gamer_manager
     00000647  A$gamer_manager$130                gamer_manager
     0000064A  A$gamer_manager$131                gamer_manager
     0000064C  A$gamer_manager$132                gamer_manager
     0000064D  A$gamer_manager$133                gamer_manager
     0000064F  A$gamer_manager$135                gamer_manager
     00000650  A$gamer_manager$136                gamer_manager
     00000652  A$gamer_manager$137                gamer_manager
     00000653  A$gamer_manager$139                gamer_manager
     00000655  A$gamer_manager$140                gamer_manager
     00000656  A$gamer_manager$141                gamer_manager
     00000657  A$gamer_manager$142                gamer_manager
     00000658  A$gamer_manager$143                gamer_manager
     00000659  A$gamer_manager$147                gamer_manager
     00000659  C$gamer_manager.c$22$1$20          gamer_manager
     0000065A  A$gamer_manager$148                gamer_manager
     0000065B  A$gamer_manager$149                gamer_manager
     0000065C  A$gamer_manager$150                gamer_manager
     0000065F  A$gamer_manager$151                gamer_manager
     00000660  A$gamer_manager$152                gamer_manager
     00000661  A$gamer_manager$153                gamer_manager
     00000664  A$gamer_manager$154                gamer_manager
     00000666  A$gamer_manager$155                gamer_manager
     00000667  A$gamer_manager$156                gamer_manager
     00000669  A$gamer_manager$158                gamer_manager
     0000066A  A$gamer_manager$159                gamer_manager
     0000066C  A$gamer_manager$160                gamer_manager
     0000066D  A$gamer_manager$162                gamer_manager
     0000066F  A$gamer_manager$163                gamer_manager
     00000670  A$gamer_manager$164                gamer_manager
     00000671  A$gamer_manager$165                gamer_manager
     00000672  A$gamer_manager$166                gamer_manager
     00000673  A$gamer_manager$167                gamer_manager
     00000675  A$gamer_manager$172                gamer_manager
     00000675  C$gamer_manager.c$23$1$20          gamer_manager
     00000675  XG$engine_gamer_manager_update$0   gamer_manager
     00000676  A$gamer_manager$188                gamer_manager
     00000676  C$gamer_manager.c$25$1$20          gamer_manager
     00000676  C$gamer_manager.c$27$1$21          gamer_manager
     00000676  C$gamer_manager.c$28$1$21          gamer_manager
     00000676  G$engine_gamer_manager_draw$0$0    gamer_manager
     00000676  _engine_gamer_manager_draw         gamer_manager
     00000679  A$gamer_manager$189                gamer_manager
     0000067A  A$gamer_manager$190                gamer_manager
     0000067B  A$gamer_manager$191                gamer_manager
     0000067C  A$gamer_manager$192                gamer_manager
     0000067D  A$gamer_manager$193                gamer_manager
ASxxxx Linker V03.00 + NoICE + sdld,  page 21.
Hexadecimal  [32-Bits]

Area                                    Addr        Size        Decimal Bytes (Attributes)
--------------------------------        ----        ----        ------- ----- ------------
_CODE                               00000200    0000177B =        6011. bytes (REL,CON)

      Value  Global                              Global Defined In Module
      -----  --------------------------------   ------------------------
     0000067E  A$gamer_manager$194                gamer_manager
     0000067F  A$gamer_manager$195                gamer_manager
     00000682  A$gamer_manager$196                gamer_manager
     00000683  A$gamer_manager$197                gamer_manager
     00000684  A$gamer_manager$198                gamer_manager
     00000687  A$gamer_manager$199                gamer_manager
     00000688  A$gamer_manager$200                gamer_manager
     00000689  A$gamer_manager$201                gamer_manager
     0000068A  A$gamer_manager$202                gamer_manager
     0000068B  A$gamer_manager$203                gamer_manager
     0000068C  A$gamer_manager$204                gamer_manager
     0000068D  A$gamer_manager$205                gamer_manager
     0000068E  A$gamer_manager$206                gamer_manager
     00000691  A$gamer_manager$207                gamer_manager
     00000692  A$gamer_manager$208                gamer_manager
     00000693  A$gamer_manager$213                gamer_manager
     00000693  C$gamer_manager.c$29$1$21          gamer_manager
     00000693  XG$engine_gamer_manager_draw$0$0   gamer_manager
     00000694  A$input_manager$64                 input_manager
     00000694  C$input_manager.c$10$0$0           input_manager
     00000694  C$input_manager.c$12$1$16          input_manager
     00000694  G$engine_input_manager_update$0$   input_manager
     00000694  _engine_input_manager_update       input_manager
     00000697  A$input_manager$65                 input_manager
     0000069A  A$input_manager$69                 input_manager
     0000069A  C$input_manager.c$13$1$16          input_manager
     0000069D  A$input_manager$70                 input_manager
     000006A0  A$input_manager$75                 input_manager
     000006A0  C$input_manager.c$14$1$16          input_manager
     000006A0  XG$engine_input_manager_update$0   input_manager
     000006A1  A$input_manager$88                 input_manager
     000006A1  C$input_manager.c$17$1$16          input_manager
     000006A1  C$input_manager.c$19$1$18          input_manager
     000006A1  G$engine_input_manager_hold$0$0    input_manager
     000006A1  _engine_input_manager_hold         input_manager
     000006A4  A$input_manager$89                 input_manager
     000006A5  A$input_manager$90                 input_manager
     000006A6  A$input_manager$91                 input_manager
     000006A8  A$input_manager$92                 input_manager
     000006AC  A$input_manager$93                 input_manager
     000006AF  A$input_manager$94                 input_manager
     000006B0  A$input_manager$95                 input_manager
     000006B1  A$input_manager$96                 input_manager
     000006B4  A$input_manager$97                 input_manager
     000006B5  A$input_manager$98                 input_manager
     000006B6  A$input_manager$99                 input_manager
     000006B8  A$input_manager$100                input_manager
     000006B9  A$input_manager$101                input_manager
     000006BD  A$input_manager$102                input_manager
     000006C0  A$input_manager$103                input_manager
     000006C1  A$input_manager$104                input_manager
ASxxxx Linker V03.00 + NoICE + sdld,  page 22.
Hexadecimal  [32-Bits]

Area                                    Addr        Size        Decimal Bytes (Attributes)
--------------------------------        ----        ----        ------- ----- ------------
_CODE                               00000200    0000177B =        6011. bytes (REL,CON)

      Value  Global                              Global Defined In Module
      -----  --------------------------------   ------------------------
     000006C2  A$input_manager$105                input_manager
     000006C5  A$input_manager$106                input_manager
     000006C6  A$input_manager$107                input_manager
     000006C8  A$input_manager$109                input_manager
     000006CA  A$input_manager$110                input_manager
     000006CB  A$input_manager$112                input_manager
     000006CD  A$input_manager$117                input_manager
     000006CD  C$input_manager.c$20$1$18          input_manager
     000006CD  XG$engine_input_manager_hold$0$0   input_manager
     000006CE  A$input_manager$130                input_manager
     000006CE  C$input_manager.c$22$1$18          input_manager
     000006CE  C$input_manager.c$24$1$20          input_manager
     000006CE  G$engine_input_manager_move$0$0    input_manager
     000006CE  _engine_input_manager_move         input_manager
     000006D1  A$input_manager$131                input_manager
     000006D2  A$input_manager$132                input_manager
     000006D3  A$input_manager$133                input_manager
     000006D6  A$input_manager$134                input_manager
     000006D7  A$input_manager$135                input_manager
     000006D8  A$input_manager$140                input_manager
     000006D8  C$input_manager.c$25$1$20          input_manager
     000006D8  XG$engine_input_manager_move$0$0   input_manager
     000006D9  A$screen_manager$63                screen_manager
     000006D9  C$screen_manager.c$11$1$11         screen_manager
     000006D9  C$screen_manager.c$9$0$0           screen_manager
     000006D9  G$engine_screen_manager_init$0$0   screen_manager
     000006D9  _engine_screen_manager_init        screen_manager
     000006DC  A$screen_manager$64                screen_manager
     000006DD  A$screen_manager$65                screen_manager
     000006E0  A$screen_manager$66                screen_manager
     000006E1  A$screen_manager$67                screen_manager
     000006E3  A$screen_manager$68                screen_manager
     000006E4  A$screen_manager$69                screen_manager
     000006E5  A$screen_manager$70                screen_manager
     000006E8  A$screen_manager$71                screen_manager
     000006E9  A$screen_manager$72                screen_manager
     000006EA  A$screen_manager$73                screen_manager
     000006EB  A$screen_manager$77                screen_manager
     000006EB  C$screen_manager.c$12$1$11         screen_manager
     000006EE  A$screen_manager$81                screen_manager
     000006EE  C$screen_manager.c$13$1$11         screen_manager
     000006F1  A$screen_manager$82                screen_manager
     000006F2  A$screen_manager$83                screen_manager
     000006F5  A$screen_manager$87                screen_manager
     000006F5  C$screen_manager.c$14$1$11         screen_manager
     000006F8  A$screen_manager$88                screen_manager
     000006F9  A$screen_manager$89                screen_manager
     000006FC  A$screen_manager$90                screen_manager
     000006FD  A$screen_manager$91                screen_manager
     00000700  A$screen_manager$92                screen_manager
     00000701  A$screen_manager$93                screen_manager
ASxxxx Linker V03.00 + NoICE + sdld,  page 23.
Hexadecimal  [32-Bits]

Area                                    Addr        Size        Decimal Bytes (Attributes)
--------------------------------        ----        ----        ------- ----- ------------
_CODE                               00000200    0000177B =        6011. bytes (REL,CON)

      Value  Global                              Global Defined In Module
      -----  --------------------------------   ------------------------
     00000702  A$screen_manager$98                screen_manager
     00000702  C$screen_manager.c$15$1$11         screen_manager
     00000702  XG$engine_screen_manager_init$0$   screen_manager
     00000703  Fscreen_manager$__str_0$0$0        screen_manager
     00000708  A$screen_manager$118               screen_manager
     00000708  C$screen_manager.c$17$1$11         screen_manager
     00000708  C$screen_manager.c$20$1$11         screen_manager
     00000708  C$screen_manager.c$21$1$11         screen_manager
     00000708  G$engine_screen_manager_update$0   screen_manager
     00000708  _engine_screen_manager_update      screen_manager
     0000070B  A$screen_manager$122               screen_manager
     0000070B  C$screen_manager.c$23$1$12         screen_manager
     0000070C  A$screen_manager$123               screen_manager
     0000070E  A$screen_manager$124               screen_manager
     0000070F  A$screen_manager$125               screen_manager
     00000710  A$screen_manager$126               screen_manager
     00000713  A$screen_manager$127               screen_manager
     00000714  A$screen_manager$128               screen_manager
     00000715  A$screen_manager$132               screen_manager
     00000715  C$screen_manager.c$24$1$12         screen_manager
     00000716  A$screen_manager$133               screen_manager
     00000717  A$screen_manager$134               screen_manager
     00000719  A$screen_manager$138               screen_manager
     00000719  C$screen_manager.c$26$2$13         screen_manager
     0000071B  A$screen_manager$139               screen_manager
     0000071D  A$screen_manager$144               screen_manager
[...]
--------------------------------        ----        ----        ------- ----- ------------
_CODE                               00000200    0000177B =        6011. bytes (REL,CON)

      Value  Global                              Global Defined In Module
      -----  --------------------------------   ------------------------
     00000922  A$tree_manager$80                  tree_manager
     00000923  A$tree_manager$81                  tree_manager
     00000924  A$tree_manager$85                  tree_manager
     00000924  C$tree_manager.c$14$2$18           tree_manager
     00000925  A$tree_manager$86                  tree_manager
     00000926  A$tree_manager$87                  tree_manager
     00000927  A$tree_manager$88                  tree_manager
     00000929  A$tree_manager$89                  tree_manager
     0000092B  A$tree_manager$93                  tree_manager
     0000092D  A$tree_manager$98                  tree_manager
     0000092D  C$tree_manager.c$22$3$21           tree_manager
     0000092E  A$tree_manager$99                  tree_manager
     0000092F  A$tree_manager$100                 tree_manager
     00000930  A$tree_manager$101                 tree_manager
     00000932  A$tree_manager$102                 tree_manager
     00000933  A$tree_manager$103                 tree_manager
     00000934  A$tree_manager$104                 tree_manager
     00000937  A$tree_manager$105                 tree_manager
     00000938  A$tree_manager$106                 tree_manager
     00000939  A$tree_manager$110                 tree_manager
     00000939  C$tree_manager.c$23$3$21           tree_manager
     0000093A  A$tree_manager$111                 tree_manager
     0000093B  A$tree_manager$112                 tree_manager
     0000093C  A$tree_manager$113                 tree_manager
     0000093E  A$tree_manager$114                 tree_manager
     0000093F  A$tree_manager$115                 tree_manager
     00000940  A$tree_manager$116                 tree_manager
     00000943  A$tree_manager$117                 tree_manager
     00000944  A$tree_manager$118                 tree_manager
     00000945  A$tree_manager$122                 tree_manager
     00000945  C$tree_manager.c$20$2$20           tree_manager
     00000946  A$tree_manager$123                 tree_manager
     00000947  A$tree_manager$124                 tree_manager
     00000948  A$tree_manager$125                 tree_manager
     0000094A  A$tree_manager$126                 tree_manager
     0000094C  A$tree_manager$131                 tree_manager
     0000094C  C$tree_manager.c$25$2$20           tree_manager
     0000094C  XG$engine_tree_manager_draw$0$0    tree_manager
     0000094D  A$tree_manager$144                 tree_manager
     0000094D  C$tree_manager.c$27$2$20           tree_manager
     0000094D  C$tree_manager.c$29$1$23           tree_manager
     0000094D  Ftree_manager$draw$0$0             tree_manager
     00000950  A$tree_manager$145                 tree_manager
     00000951  A$tree_manager$146                 tree_manager
     00000952  A$tree_manager$147                 tree_manager
     00000953  A$tree_manager$148                 tree_manager
     00000954  A$tree_manager$149                 tree_manager
     00000957  A$tree_manager$150                 tree_manager
     00000958  A$tree_manager$151                 tree_manager
     00000959  A$tree_manager$152                 tree_manager
     0000095B  A$tree_manager$153                 tree_manager
ASxxxx Linker V03.00 + NoICE + sdld,  page 32.
Hexadecimal  [32-Bits]

Area                                    Addr        Size        Decimal Bytes (Attributes)
--------------------------------        ----        ----        ------- ----- ------------
_CODE                               00000200    0000177B =        6011. bytes (REL,CON)

      Value  Global                              Global Defined In Module
      -----  --------------------------------   ------------------------
     0000095C  A$tree_manager$154                 tree_manager
     0000095F  A$tree_manager$155                 tree_manager
     00000960  A$tree_manager$156                 tree_manager
     00000961  A$tree_manager$161                 tree_manager
     00000961  C$tree_manager.c$36$1$23           tree_manager
     00000961  XFtree_manager$draw$0$0            tree_manager
     00000962  G$font_tiles__palette__bin$0$0     gfx
     00000962  _font_tiles__palette__bin          gfx
     00000972  G$font_tiles__tilemap__bin$0$0     gfx
     00000972  _font_tiles__tilemap__bin          gfx
     000009F2  G$font_tiles__tiles__psgcompr$0$   gfx
     000009F2  _font_tiles__tiles__psgcompr       gfx
     00000C89  G$game_tiles__palette__bin$0$0     gfx
     00000C89  _game_tiles__palette__bin          gfx
     00000C99  G$game_tiles__tilemap__bin$0$0     gfx
     00000C99  _game_tiles__tilemap__bin          gfx
     00000D69  G$game_tiles__tiles__psgcompr$0$   gfx
     00000D69  _game_tiles__tiles__psgcompr       gfx
     000012C9  G$sprites__palette__bin$0$0        gfx
     000012C9  _sprites__palette__bin             gfx
     000012D9  G$sprites__tiles__psgcompr$0$0     gfx
     000012D9  _sprites__tiles__psgcompr          gfx
     00001317  __divuint                          
     0000131F  __divuchar                         
     00001326  __divu8                            
     00001329  __divu16                           
     00001358  _UNSAFE_SMS_copySpritestoSAT       SMSlib_UNSAFE
     00001370  _UNSAFE_SMS_VRAMmemcpy32           SMSlib_UNSAFE
     0000138D  _UNSAFE_SMS_VRAMmemcpy64           SMSlib_UNSAFE
     000013AA  _UNSAFE_SMS_VRAMmemcpy128          SMSlib_UNSAFE
     000013C7  _SMS_init                          SMSlib
     0000141B  _VDPReg_init                       SMSlib
     00001426  _SMS_VDPType                       SMSlib
     0000142E  _SMS_VDPturnOnFeature              SMSlib
     00001445  _SMS_VDPturnOffFeature             SMSlib
     0000145E  _SMS_setBGScrollX                  SMSlib
     00001468  _SMS_setBGScrollY                  SMSlib
     00001472  _SMS_setBackdropColor              SMSlib
     0000147C  _SMS_useFirstHalfTilesforSprites   SMSlib
     00001490  _SMS_setSpriteMode                 SMSlib
     000014D5  _SMS_setBGPaletteColor             SMSlib
     000014E9  _SMS_setSpritePaletteColor         SMSlib
     000014FD  _SMS_loadBGPalette                 SMSlib
     00001511  _SMS_loadSpritePalette             SMSlib
     00001525  _SMS_setColor                      SMSlib
     00001529  _SMS_initSprites                   SMSlib
     0000152F  _SMS_addSprite                     SMSlib
     00001584  _SMS_finalizeSprites               SMSlib
     00001596  _SMS_copySpritestoSAT              SMSlib
     000015BF  _SMS_waitForVBlank                 SMSlib
     000015CC  _SMS_getKeysStatus                 SMSlib
ASxxxx Linker V03.00 + NoICE + sdld,  page 33.
Hexadecimal  [32-Bits]

Area                                    Addr        Size        Decimal Bytes (Attributes)
--------------------------------        ----        ----        ------- ----- ------------
_CODE                               00000200    0000177B =        6011. bytes (REL,CON)

      Value  Global                              Global Defined In Module
      -----  --------------------------------   ------------------------
     000015D0  _SMS_getKeysPressed                SMSlib
     000015ED  _SMS_getKeysHeld                   SMSlib
     00001604  _SMS_getKeysReleased               SMSlib
     00001621  _SMS_queryPauseRequested           SMSlib
     00001629  _SMS_resetPauseRequest             SMSlib
     0000162F  _SMS_setLineInterruptHandler       SMSlib
     00001640  _SMS_setLineCounter                SMSlib
     0000164F  _SMS_getVCount                     SMSlib
     00001653  _SMS_getHCount                     SMSlib
     00001657  _SMS_isr                           SMSlib
     0000168D  _SMS_nmi_isr                       SMSlib
     000016A0  _SMS_loadSTMcompressedTileMapAre   SMSlib_STMcomp
     00001881  ___sdcc_call_hl                    
     00001882  _SMS_loadPSGaidencompressedTiles   SMSlib_PSGaiden
     00001964  __moduchar                         
     00001970  __moduint                          
ASxxxx Linker V03.00 + NoICE + sdld,  page 34.
Hexadecimal  [32-Bits]

Area                                    Addr        Size        Decimal Bytes (Attributes)
--------------------------------        ----        ----        ------- ----- ------------
_HEADER0                            00000000    00000006 =           6. bytes (ABS,CON)

      Value  Global                              Global Defined In Module
      -----  --------------------------------   ------------------------
     00000006  _SMS_crt0_RST08                    crt0

ASxxxx Linker V03.00 + NoICE + sdld,  page 35.
Hexadecimal  [32-Bits]

Area                                    Addr        Size        Decimal Bytes (Attributes)
--------------------------------        ----        ----        ------- ----- ------------
_HEADER1                            00000000    00000009 =           9. bytes (ABS,CON)

      Value  Global                              Global Defined In Module
      -----  --------------------------------   ------------------------
     00000011  _SMS_crt0_RST18                    crt0

ASxxxx Linker V03.00 + NoICE + sdld,  page 36.
Hexadecimal  [32-Bits]

Area                                    Addr        Size        Decimal Bytes (Attributes)
--------------------------------        ----        ----        ------- ----- ------------
_HEADER2                            00000000    0000000A =          10. bytes (ABS,CON)

      Value  Global                              Global Defined In Module
      -----  --------------------------------   ------------------------
ASxxxx Linker V03.00 + NoICE + sdld,  page 37.
Hexadecimal  [32-Bits]

Area                                    Addr        Size        Decimal Bytes (Attributes)
--------------------------------        ----        ----        ------- ----- ------------
_HEADER3                            00000000    00000003 =           3. bytes (ABS,CON)

      Value  Global                              Global Defined In Module
      -----  --------------------------------   ------------------------
ASxxxx Linker V03.00 + NoICE + sdld,  page 38.
Hexadecimal  [32-Bits]

Area                                    Addr        Size        Decimal Bytes (Attributes)
--------------------------------        ----        ----        ------- ----- ------------
_HEADER4                            00000000    00000003 =           3. bytes (ABS,CON)

      Value  Global                              Global Defined In Module
      -----  --------------------------------   ------------------------
ASxxxx Linker V03.00 + NoICE + sdld,  page 39.
Hexadecimal  [32-Bits]

Area                                    Addr        Size        Decimal Bytes (Attributes)
--------------------------------        ----        ----        ------- ----- ------------
_HEADER5                            00000000    0000012A =         298. bytes (ABS,CON)

      Value  Global                              Global Defined In Module
      -----  --------------------------------   ------------------------
     00000099  _OUTI128                           crt0
     00000119  _OUTI64                            crt0
     00000159  _OUTI32                            crt0
     00000199  _outi_block                        crt0

ASxxxx Linker V03.00 + NoICE + sdld,  page 40.
Hexadecimal  [32-Bits]

Area                                    Addr        Size        Decimal Bytes (Attributes)
--------------------------------        ----        ----        ------- ----- ------------
_INITIALIZER                        0000197B    00000008 =           8. bytes (REL,CON)

      Value  Global                              Global Defined In Module
      -----  --------------------------------   ------------------------
     0000197B  Finput_manager$__xinit_curr_joyp   input_manager
     0000197D  Finput_manager$__xinit_prev_joyp   input_manager

ASxxxx Linker V03.00 + NoICE + sdld,  page 41.
Hexadecimal  [32-Bits]

Area                                    Addr        Size        Decimal Bytes (Attributes)
--------------------------------        ----        ----        ------- ----- ------------
_GSINIT                             00001983    0000000F =          15. bytes (REL,CON)

      Value  Global                              Global Defined In Module
      -----  --------------------------------   ------------------------
     00001983  gsinit                             crt0

ASxxxx Linker V03.00 + NoICE + sdld,  page 42.
Hexadecimal  [32-Bits]

Area                                    Addr        Size        Decimal Bytes (Attributes)
--------------------------------        ----        ----        ------- ----- ------------
_GSFINAL                            00001992    00000001 =           1. bytes (REL,CON)

      Value  Global                              Global Defined In Module
      -----  --------------------------------   ------------------------
ASxxxx Linker V03.00 + NoICE + sdld,  page 43.
Hexadecimal  [32-Bits]

Area                                    Addr        Size        Decimal Bytes (Attributes)
--------------------------------        ----        ----        ------- ----- ------------
_DATA                               0000C000    000000F0 =         240. bytes (REL,CON)

      Value  Global                              Global Defined In Module
      -----  --------------------------------   ------------------------
     0000C000  G$global_gamer_object$0$0          gamer_manager
     0000C000  _global_gamer_object               gamer_manager
     0000C005  _VDPBlank                          SMSlib
     0000C006  _SMS_VDPFlags                      SMSlib
     0000C007  _PauseRequested                    SMSlib
     0000C008  _VDPType                           SMSlib
     0000C009  _KeysStatus                        SMSlib
     0000C00B  _PreviousKeysStatus                SMSlib
     0000C00D  _SpriteTableY                      SMSlib
     0000C04D  _SpriteTableXN                     SMSlib
     0000C0CD  _SpriteNextFree                    SMSlib
     0000C0CE  _SMS_theLineInterruptHandler       SMSlib
     0000C0D0  _decompBuffer                      SMSlib_PSGaiden

ASxxxx Linker V03.00 + NoICE + sdld,  page 44.
Hexadecimal  [32-Bits]

Area                                    Addr        Size        Decimal Bytes (Attributes)
--------------------------------        ----        ----        ------- ----- ------------
_INITIALIZED                        0000C0F0    00000008 =           8. bytes (REL,CON)

      Value  Global                              Global Defined In Module
      -----  --------------------------------   ------------------------
     0000C0F0  Finput_manager$curr_joypad1$0$0    input_manager
     0000C0F2  Finput_manager$prev_joypad1$0$0    input_manager
     0000C0F4  _VDPReg                            SMSlib
     0000C0F6  _spritesHeight                     SMSlib
     0000C0F7  _spritesWidth                      SMSlib

ASxxxx Linker V03.00 + NoICE + sdld,  page 45.
Hexadecimal  [32-Bits]

Area                                    Addr        Size        Decimal Bytes (Attributes)
--------------------------------        ----        ----        ------- ----- ------------
_CABS0                              00000000    00000010 =          16. bytes (ABS,CON)

      Value  Global                              Global Defined In Module
      -----  --------------------------------   ------------------------
     00007FF0  G$__SMS__SEGA_signature$0$0        _sms_manager
     00007FF0  ___SMS__SEGA_signature             _sms_manager

ASxxxx Linker V03.00 + NoICE + sdld,  page 46.
Hexadecimal  [32-Bits]

Area                                    Addr        Size        Decimal Bytes (Attributes)
--------------------------------        ----        ----        ------- ----- ------------
_CABS1                              00000000    0000000E =          14. bytes (ABS,CON)

      Value  Global                              Global Defined In Module
      -----  --------------------------------   ------------------------
     00007FD2  G$__SMS__SDSC_author$0$0           _sms_manager
     00007FD2  ___SMS__SDSC_author                _sms_manager

ASxxxx Linker V03.00 + NoICE + sdld,  page 47.
Hexadecimal  [32-Bits]

Area                                    Addr        Size        Decimal Bytes (Attributes)
--------------------------------        ----        ----        ------- ----- ------------
_CABS2                              00000000    00000010 =          16. bytes (ABS,CON)

      Value  Global                              Global Defined In Module
      -----  --------------------------------   ------------------------
     00007FC2  G$__SMS__SDSC_name$0$0             _sms_manager
     00007FC2  ___SMS__SDSC_name                  _sms_manager

ASxxxx Linker V03.00 + NoICE + sdld,  page 48.
Hexadecimal  [32-Bits]

Area                                    Addr        Size        Decimal Bytes (Attributes)
--------------------------------        ----        ----        ------- ----- ------------
_CABS3                              00000000    00000038 =          56. bytes (ABS,CON)

      Value  Global                              Global Defined In Module
      -----  --------------------------------   ------------------------
     00007F8A  G$__SMS__SDSC_descr$0$0            _sms_manager
     00007F8A  ___SMS__SDSC_descr                 _sms_manager

ASxxxx Linker V03.00 + NoICE + sdld,  page 49.
Hexadecimal  [32-Bits]

Area                                    Addr        Size        Decimal Bytes (Attributes)
--------------------------------        ----        ----        ------- ----- ------------
_CABS4                              00000000    00000010 =          16. bytes (ABS,CON)

      Value  Global                              Global Defined In Module
      -----  --------------------------------   ------------------------
     00007FE0  G$__SMS__SDSC_signature$0$0        _sms_manager
     00007FE0  ___SMS__SDSC_signature             _sms_manager

ASxxxx Linker V03.00 + NoICE + sdld,  page 50.

Files Linked                              [ module(s) ]

../crt0/crt0_sms.rel                      [ crt0 ]
main.rel                                  [ main ]
devkit/_sms_manager.rel                   [ _sms_manager ]
engine/asm_manager.rel                    [ asm_manager ]
engine/content_manager.rel                [ content_manager ]
engine/font_manager.rel                   [ font_manager ]
engine/gamer_manager.rel                  [ gamer_manager ]
engine/input_manager.rel                  [ input_manager ]
engine/screen_manager.rel                 [ screen_manager ]
engine/sprite_manager.rel                 [ sprite_manager ]
engine/tile_manager.rel                   [ tile_manager ]
engine/tree_manager.rel                   [ tree_manager ]
gfx.rel                                   [ gfx ]


Libraries Linked                          [ object file ]

C:\Program Files\SDCC\bin\..\lib\z80/z80.lib
                                          [ divunsigned.rel ]
../lib/SMSlib.lib                         [ SMSlib_UNSAFE.rel ]
../lib/SMSlib.lib                         [ SMSlib.rel ]
../lib/SMSlib.lib                         [ SMSlib_STMcomp.rel ]
C:\Program Files\SDCC\bin\..\lib\z80/z80.lib
                                          [ __sdcc_call_hl.rel ]
../lib/SMSlib.lib                         [ SMSlib_PSGaiden.rel ]
C:\Program Files\SDCC\bin\..\lib\z80/z80.lib
                                          [ modunsigned.rel ]

ASxxxx Linker V03.00 + NoICE + sdld,  page 51.

User Base Address Definitions

_CODE = 0x0200
_DATA = 0xc000

