ASxxxx Linker V03.00 + NoICE + sdld,  page 1.
Hexadecimal  [32-Bits]

Area                                    Addr        Size        Decimal Bytes (Attributes)
--------------------------------        ----        ----        ------- ----- ------------
.  .ABS.                            00000000    00000000 =           0. bytes (ABS,CON)

      Value  Global                              Global Defined In Module
      -----  --------------------------------   ------------------------
     00000000  .__.ABS.                           
     00000000  l__BSEG                         
     00000000  l__BSS                          
     00000000  l__CABS                         
     00000000  l__DABS                         
     00000000  l__HEADER                       
     00000000  l__HEAP                         
     00000000  l__HOME                         
     00000000  s__CABS                         
     00000000  s__CABS0                        
     00000000  s__CABS1                        
     00000000  s__CABS2                        
     00000000  s__CABS3                        
     00000000  s__CABS4                        
     00000000  s__DABS                         
     00000000  s__HEADER                       
     00000000  s__HEADER0                      
     00000000  s__HEADER1                      
     00000000  s__HEADER2                      
     00000000  s__HEADER3                      
     00000000  s__HEADER4                      
     00000000  s__HEADER5                      
     00000001  l__GSFINAL                      
     00000003  l__HEADER3                      
     00000003  l__HEADER4                      
     00000006  l__HEADER0                      
     00000009  l__HEADER1                      
     0000000A  l__HEADER2                      
     0000000E  l__CABS1                        
     0000000F  l__GSINIT                       
     0000000F  l__INITIALIZED                  
     0000000F  l__INITIALIZER                  
     00000010  l__CABS0                        
     00000010  l__CABS4                        
     00000012  l__CABS2                        
     00000038  l__CABS3                        
     0000011D  l__DATA                         
     0000012A  l__HEADER5                      
     00000200  s__CODE                         
     000025EE  l__BANK3                        
     00002B2C  l__CODE                         
     00002D2C  s__HOME                         
     00002D2C  s__INITIALIZER                  
     00002D3B  s__GSINIT                       
     00002D4A  s__GSFINAL                      
     00004000  l__BANK2                        
     00008000  G$SMS_SRAM$0_0$0                   _sms_manager
     00008000  _SMS_SRAM                          SMSlib_autotext
     00008000  s__BANK2                        
     00008000  s__BANK3                        
ASxxxx Linker V03.00 + NoICE + sdld,  page 2.
Hexadecimal  [32-Bits]

Area                                    Addr        Size        Decimal Bytes (Attributes)
--------------------------------        ----        ----        ------- ----- ------------
.  .ABS.                            00000000    00000000 =           0. bytes (ABS,CON)

      Value  Global                              Global Defined In Module
      -----  --------------------------------   ------------------------
     0000C000  s__DATA                         
     0000C11D  s__INITIALIZED                  
     0000C12C  s__BSEG                         
     0000C12C  s__BSS                          
     0000C12C  s__HEAP                         
     0000FFFC  G$SRAM_bank_to_be_mapped_on_slot   _sms_manager
     0000FFFC  _SRAM_bank_to_be_mapped_on_slot2   SMSlib_autotext
     0000FFFF  G$ROM_bank_to_be_mapped_on_slot2   _sms_manager
     0000FFFF  _ROM_bank_to_be_mapped_on_slot2    SMSlib_autotext

ASxxxx Linker V03.00 + NoICE + sdld,  page 3.
Hexadecimal  [32-Bits]

Area                                    Addr        Size        Decimal Bytes (Attributes)
--------------------------------        ----        ----        ------- ----- ------------
_CODE                               00000200    00002B2C =       11052. bytes (REL,CON)

      Value  Global                              Global Defined In Module
      -----  --------------------------------   ------------------------
     00000200  __clock                            crt0
     00000204  _exit                              crt0
     0000020A  _main                              main
     000002A7  _PSGStop                           PSGlib
     000002CE  _PSGResume                         PSGlib
     0000031A  _PSGPlay                           PSGlib
     00000347  _PSGCancelLoop                     PSGlib
     0000034D  _PSGPlayNoRepeat                   PSGlib
     0000035C  _PSGGetStatus                      PSGlib
     00000364  _PSGSilenceChannels                PSGlib
     00000375  _PSGRestoreVolumes                 PSGlib
     00000474  _PSGSetMusicVolumeAttenuation      PSGlib
     00000563  _PSGSFXStop                        PSGlib
     0000062D  _PSGSFXPlay                        PSGlib
     0000067A  _PSGSFXCancelLoop                  PSGlib
     00000680  _PSGSFXGetStatus                   PSGlib
     00000688  _PSGSFXPlayLoop                    PSGlib
     000006A9  _PSGFrame                          PSGlib
     000007C2  _PSGSFXFrame                       PSGlib
     00000848  A$_sms_manager$279                 _sms_manager
     00000848  C$_sms_manager.c$12$0_0$146        _sms_manager
     00000848  C$_sms_manager.c$14$1_0$146        _sms_manager
     00000848  C$_sms_manager.c$15$1_0$146        _sms_manager
     00000848  G$devkit_SMS_init$0$0              _sms_manager
     00000848  XG$devkit_SMS_init$0$0             _sms_manager
     00000848  _devkit_SMS_init                   _sms_manager
     0000084B  A$_sms_manager$292                 _sms_manager
     0000084B  C$_sms_manager.c$18$1_0$148        _sms_manager
     0000084B  C$_sms_manager.c$20$1_0$148        _sms_manager
     0000084B  G$devkit_SMS_VDPturnOnFeature$0$   _sms_manager
     0000084B  _devkit_SMS_VDPturnOnFeature       _sms_manager
     0000084F  A$_sms_manager$293                 _sms_manager
     00000851  A$_sms_manager$294                 _sms_manager
     00000854  A$_sms_manager$295                 _sms_manager
     00000857  A$_sms_manager$303                 _sms_manager
     00000857  C$_sms_manager.c$21$1_0$148        _sms_manager
     00000857  XG$devkit_SMS_VDPturnOnFeature$0   _sms_manager
     0000085A  A$_sms_manager$316                 _sms_manager
     0000085A  C$_sms_manager.c$22$1_0$150        _sms_manager
     0000085A  C$_sms_manager.c$24$1_0$150        _sms_manager
     0000085A  G$devkit_SMS_VDPturnOffFeature$0   _sms_manager
     0000085A  _devkit_SMS_VDPturnOffFeature      _sms_manager
     0000085E  A$_sms_manager$317                 _sms_manager
     00000860  A$_sms_manager$318                 _sms_manager
     00000863  A$_sms_manager$319                 _sms_manager
     00000866  A$_sms_manager$327                 _sms_manager
     00000866  C$_sms_manager.c$25$1_0$150        _sms_manager
     00000866  XG$devkit_SMS_VDPturnOffFeature$   _sms_manager
     00000869  A$_sms_manager$340                 _sms_manager
     00000869  C$_sms_manager.c$28$1_0$151        _sms_manager
ASxxxx Linker V03.00 + NoICE + sdld,  page 4.
Hexadecimal  [32-Bits]

Area                                    Addr        Size        Decimal Bytes (Attributes)
--------------------------------        ----        ----        ------- ----- ------------
_CODE                               00000200    00002B2C =       11052. bytes (REL,CON)

      Value  Global                              Global Defined In Module
      -----  --------------------------------   ------------------------
     00000869  C$_sms_manager.c$30$1_0$151        _sms_manager
     00000869  G$devkit_VDPFEATURE_EXTRAHEIGHT$   _sms_manager
     00000869  _devkit_VDPFEATURE_EXTRAHEIGHT     _sms_manager
     0000086C  A$_sms_manager$348                 _sms_manager
     0000086C  C$_sms_manager.c$31$1_0$151        _sms_manager
     0000086C  XG$devkit_VDPFEATURE_EXTRAHEIGHT   _sms_manager
     0000086D  A$_sms_manager$361                 _sms_manager
     0000086D  C$_sms_manager.c$32$1_0$152        _sms_manager
     0000086D  C$_sms_manager.c$34$1_0$152        _sms_manager
     0000086D  G$devkit_VDPFEATURE_SHIFTSPRITES   _sms_manager
     0000086D  _devkit_VDPFEATURE_SHIFTSPRITES    _sms_manager
     00000870  A$_sms_manager$369                 _sms_manager
     00000870  C$_sms_manager.c$35$1_0$152        _sms_manager
     00000870  XG$devkit_VDPFEATURE_SHIFTSPRITE   _sms_manager
     00000871  A$_sms_manager$382                 _sms_manager
     00000871  C$_sms_manager.c$36$1_0$153        _sms_manager
     00000871  C$_sms_manager.c$38$1_0$153        _sms_manager
     00000871  G$devkit_VDPFEATURE_HIDEFIRSTCOL   _sms_manager
     00000871  _devkit_VDPFEATURE_HIDEFIRSTCOL    _sms_manager
     00000874  A$_sms_manager$390                 _sms_manager
     00000874  C$_sms_manager.c$39$1_0$153        _sms_manager
     00000874  XG$devkit_VDPFEATURE_HIDEFIRSTCO   _sms_manager
     00000875  A$_sms_manager$403                 _sms_manager
     00000875  C$_sms_manager.c$40$1_0$154        _sms_manager
     00000875  C$_sms_manager.c$42$1_0$154        _sms_manager
     00000875  G$devkit_VDPFEATURE_LEFTCOLBLANK   _sms_manager
     00000875  _devkit_VDPFEATURE_LEFTCOLBLANK    _sms_manager
     00000878  A$_sms_manager$411                 _sms_manager
     00000878  C$_sms_manager.c$43$1_0$154        _sms_manager
     00000878  XG$devkit_VDPFEATURE_LEFTCOLBLAN   _sms_manager
     00000879  A$_sms_manager$424                 _sms_manager
     00000879  C$_sms_manager.c$44$1_0$155        _sms_manager
     00000879  C$_sms_manager.c$46$1_0$155        _sms_manager
     00000879  G$devkit_VDPFEATURE_LOCKHSCROLL$   _sms_manager
     00000879  _devkit_VDPFEATURE_LOCKHSCROLL     _sms_manager
     0000087C  A$_sms_manager$432                 _sms_manager
     0000087C  C$_sms_manager.c$47$1_0$155        _sms_manager
     0000087C  XG$devkit_VDPFEATURE_LOCKHSCROLL   _sms_manager
     0000087D  A$_sms_manager$445                 _sms_manager
     0000087D  C$_sms_manager.c$48$1_0$156        _sms_manager
     0000087D  C$_sms_manager.c$50$1_0$156        _sms_manager
     0000087D  G$devkit_VDPFEATURE_LOCKVSCROLL$   _sms_manager
     0000087D  _devkit_VDPFEATURE_LOCKVSCROLL     _sms_manager
     00000880  A$_sms_manager$453                 _sms_manager
     00000880  C$_sms_manager.c$51$1_0$156        _sms_manager
     00000880  XG$devkit_VDPFEATURE_LOCKVSCROLL   _sms_manager
     00000881  A$_sms_manager$466                 _sms_manager
     00000881  C$_sms_manager.c$54$1_0$157        _sms_manager
     00000881  C$_sms_manager.c$56$1_0$157        _sms_manager
     00000881  G$devkit_VDPFEATURE_ZOOMSPRITES$   _sms_manager
     00000881  _devkit_VDPFEATURE_ZOOMSPRITES     _sms_manager
ASxxxx Linker V03.00 + NoICE + sdld,  page 5.
Hexadecimal  [32-Bits]

Area                                    Addr        Size        Decimal Bytes (Attributes)
--------------------------------        ----        ----        ------- ----- ------------
_CODE                               00000200    00002B2C =       11052. bytes (REL,CON)

      Value  Global                              Global Defined In Module
      -----  --------------------------------   ------------------------
     00000884  A$_sms_manager$474                 _sms_manager
     00000884  C$_sms_manager.c$57$1_0$157        _sms_manager
     00000884  XG$devkit_VDPFEATURE_ZOOMSPRITES   _sms_manager
     00000885  A$_sms_manager$487                 _sms_manager
     00000885  C$_sms_manager.c$58$1_0$158        _sms_manager
     00000885  C$_sms_manager.c$60$1_0$158        _sms_manager
     00000885  G$devkit_VDPFEATURE_USETALLSPRIT   _sms_manager
     00000885  _devkit_VDPFEATURE_USETALLSPRITE   _sms_manager
     00000888  A$_sms_manager$495                 _sms_manager
     00000888  C$_sms_manager.c$61$1_0$158        _sms_manager
     00000888  XG$devkit_VDPFEATURE_USETALLSPRI   _sms_manager
     00000889  A$_sms_manager$508                 _sms_manager
     00000889  C$_sms_manager.c$62$1_0$159        _sms_manager
     00000889  C$_sms_manager.c$64$1_0$159        _sms_manager
     00000889  G$devkit_VDPFEATURE_240LINES$0$0   _sms_manager
     00000889  _devkit_VDPFEATURE_240LINES        _sms_manager
     0000088C  A$_sms_manager$516                 _sms_manager
     0000088C  C$_sms_manager.c$65$1_0$159        _sms_manager
     0000088C  XG$devkit_VDPFEATURE_240LINES$0$   _sms_manager
     0000088D  A$_sms_manager$529                 _sms_manager
     0000088D  C$_sms_manager.c$66$1_0$160        _sms_manager
     0000088D  C$_sms_manager.c$68$1_0$160        _sms_manager
     0000088D  G$devkit_VDPFEATURE_224LINES$0$0   _sms_manager
     0000088D  _devkit_VDPFEATURE_224LINES        _sms_manager
     00000890  A$_sms_manager$537                 _sms_manager
     00000890  C$_sms_manager.c$69$1_0$160        _sms_manager
     00000890  XG$devkit_VDPFEATURE_224LINES$0$   _sms_manager
     00000891  A$_sms_manager$550                 _sms_manager
     00000891  C$_sms_manager.c$70$1_0$161        _sms_manager
     00000891  C$_sms_manager.c$72$1_0$161        _sms_manager
     00000891  G$devkit_VDPFEATURE_FRAMEIRQ$0$0   _sms_manager
     00000891  _devkit_VDPFEATURE_FRAMEIRQ        _sms_manager
     00000894  A$_sms_manager$558                 _sms_manager
     00000894  C$_sms_manager.c$73$1_0$161        _sms_manager
     00000894  XG$devkit_VDPFEATURE_FRAMEIRQ$0$   _sms_manager
     00000895  A$_sms_manager$571                 _sms_manager
     00000895  C$_sms_manager.c$74$1_0$162        _sms_manager
     00000895  C$_sms_manager.c$76$1_0$162        _sms_manager
     00000895  G$devkit_VDPFEATURE_SHOWDISPLAY$   _sms_manager
     00000895  _devkit_VDPFEATURE_SHOWDISPLAY     _sms_manager
     00000898  A$_sms_manager$579                 _sms_manager
     00000898  C$_sms_manager.c$77$1_0$162        _sms_manager
     00000898  XG$devkit_VDPFEATURE_SHOWDISPLAY   _sms_manager
     00000899  A$_sms_manager$592                 _sms_manager
     00000899  C$_sms_manager.c$80$1_0$163        _sms_manager
     00000899  C$_sms_manager.c$82$1_0$163        _sms_manager
     00000899  G$devkit_SMS_displayOn$0$0         _sms_manager
     00000899  _devkit_SMS_displayOn              _sms_manager
     0000089C  A$_sms_manager$600                 _sms_manager
     0000089C  C$_sms_manager.c$83$1_0$163        _sms_manager
     0000089C  XG$devkit_SMS_displayOn$0$0        _sms_manager
ASxxxx Linker V03.00 + NoICE + sdld,  page 6.
Hexadecimal  [32-Bits]

Area                                    Addr        Size        Decimal Bytes (Attributes)
--------------------------------        ----        ----        ------- ----- ------------
_CODE                               00000200    00002B2C =       11052. bytes (REL,CON)

      Value  Global                              Global Defined In Module
      -----  --------------------------------   ------------------------
     0000089F  A$_sms_manager$613                 _sms_manager
     0000089F  C$_sms_manager.c$84$1_0$164        _sms_manager
     0000089F  C$_sms_manager.c$86$1_0$164        _sms_manager
     0000089F  G$devkit_SMS_displayOff$0$0        _sms_manager
     0000089F  _devkit_SMS_displayOff             _sms_manager
     000008A2  A$_sms_manager$621                 _sms_manager
     000008A2  C$_sms_manager.c$87$1_0$164        _sms_manager
     000008A2  XG$devkit_SMS_displayOff$0$0       _sms_manager
     000008A5  A$_sms_manager$634                 _sms_manager
     000008A5  C$_sms_manager.c$89$1_0$166        _sms_manager
     000008A5  C$_sms_manager.c$91$1_0$166        _sms_manager
     000008A5  G$devkit_SMS_setBGScrollX$0$0      _sms_manager
     000008A5  _devkit_SMS_setBGScrollX           _sms_manager
     000008A9  A$_sms_manager$635                 _sms_manager
     000008AB  A$_sms_manager$636                 _sms_manager
     000008AE  A$_sms_manager$644                 _sms_manager
     000008AE  C$_sms_manager.c$92$1_0$166        _sms_manager
     000008AE  XG$devkit_SMS_setBGScrollX$0$0     _sms_manager
     000008B1  A$_sms_manager$657                 _sms_manager
     000008B1  C$_sms_manager.c$93$1_0$168        _sms_manager
     000008B1  C$_sms_manager.c$95$1_0$168        _sms_manager
     000008B1  G$devkit_SMS_setBGScrollY$0$0      _sms_manager
     000008B1  _devkit_SMS_setBGScrollY           _sms_manager
     000008B5  A$_sms_manager$658                 _sms_manager
     000008B7  A$_sms_manager$659                 _sms_manager
     000008BA  A$_sms_manager$667                 _sms_manager
     000008BA  C$_sms_manager.c$96$1_0$168        _sms_manager
     000008BA  XG$devkit_SMS_setBGScrollY$0$0     _sms_manager
     000008BD  A$_sms_manager$680                 _sms_manager
     000008BD  C$_sms_manager.c$97$1_0$170        _sms_manager
     000008BD  C$_sms_manager.c$99$1_0$170        _sms_manager
     000008BD  G$devkit_SMS_setBackdropColor$0$   _sms_manager
     000008BD  _devkit_SMS_setBackdropColor       _sms_manager
     000008C1  A$_sms_manager$681                 _sms_manager
     000008C3  A$_sms_manager$682                 _sms_manager
     000008C6  A$_sms_manager$690                 _sms_manager
     000008C6  C$_sms_manager.c$100$1_0$170       _sms_manager
     000008C6  XG$devkit_SMS_setBackdropColor$0   _sms_manager
     000008C9  A$_sms_manager$703                 _sms_manager
     000008C9  C$_sms_manager.c$101$1_0$172       _sms_manager
     000008C9  C$_sms_manager.c$103$1_0$172       _sms_manager
     000008C9  G$devkit_SMS_useFirstHalfTilesfo   _sms_manager
     000008C9  _devkit_SMS_useFirstHalfTilesfor   _sms_manager
     000008CA  A$_sms_manager$704                 _sms_manager
     000008CE  A$_sms_manager$705                 _sms_manager
     000008D0  A$_sms_manager$706                 _sms_manager
     000008D3  A$_sms_manager$707                 _sms_manager
     000008D4  A$_sms_manager$708                 _sms_manager
     000008D5  A$_sms_manager$716                 _sms_manager
     000008D5  C$_sms_manager.c$104$1_0$172       _sms_manager
     000008D5  XG$devkit_SMS_useFirstHalfTilesf   _sms_manager
ASxxxx Linker V03.00 + NoICE + sdld,  page 7.
Hexadecimal  [32-Bits]

Area                                    Addr        Size        Decimal Bytes (Attributes)
--------------------------------        ----        ----        ------- ----- ------------
_CODE                               00000200    00002B2C =       11052. bytes (REL,CON)

      Value  Global                              Global Defined In Module
      -----  --------------------------------   ------------------------
     000008D8  A$_sms_manager$729                 _sms_manager
     000008D8  C$_sms_manager.c$105$1_0$174       _sms_manager
     000008D8  C$_sms_manager.c$107$1_0$174       _sms_manager
     000008D8  G$devkit_SMS_setSpriteMode$0$0     _sms_manager
     000008D8  _devkit_SMS_setSpriteMode          _sms_manager
     000008DC  A$_sms_manager$730                 _sms_manager
     000008DE  A$_sms_manager$731                 _sms_manager
     000008E1  A$_sms_manager$739                 _sms_manager
     000008E1  C$_sms_manager.c$108$1_0$174       _sms_manager
     000008E1  XG$devkit_SMS_setSpriteMode$0$0    _sms_manager
     000008E4  A$_sms_manager$752                 _sms_manager
     000008E4  C$_sms_manager.c$111$1_0$175       _sms_manager
     000008E4  C$_sms_manager.c$113$1_0$175       _sms_manager
     000008E4  G$devkit_SPRITEMODE_NORMAL$0$0     _sms_manager
     000008E4  _devkit_SPRITEMODE_NORMAL          _sms_manager
     000008E6  A$_sms_manager$760                 _sms_manager
     000008E6  C$_sms_manager.c$114$1_0$175       _sms_manager
     000008E6  XG$devkit_SPRITEMODE_NORMAL$0$0    _sms_manager
     000008E7  A$_sms_manager$773                 _sms_manager
     000008E7  C$_sms_manager.c$115$1_0$176       _sms_manager
     000008E7  C$_sms_manager.c$117$1_0$176       _sms_manager
     000008E7  G$devkit_SPRITEMODE_TALL$0$0       _sms_manager
     000008E7  _devkit_SPRITEMODE_TALL            _sms_manager
     000008E9  A$_sms_manager$781                 _sms_manager
     000008E9  C$_sms_manager.c$118$1_0$176       _sms_manager
     000008E9  XG$devkit_SPRITEMODE_TALL$0$0      _sms_manager
     000008EA  A$_sms_manager$794                 _sms_manager
     000008EA  C$_sms_manager.c$119$1_0$177       _sms_manager
     000008EA  C$_sms_manager.c$121$1_0$177       _sms_manager
     000008EA  G$devkit_SPRITEMODE_ZOOMED$0$0     _sms_manager
     000008EA  _devkit_SPRITEMODE_ZOOMED          _sms_manager
     000008EC  A$_sms_manager$802                 _sms_manager
     000008EC  C$_sms_manager.c$122$1_0$177       _sms_manager
     000008EC  XG$devkit_SPRITEMODE_ZOOMED$0$0    _sms_manager
     000008ED  A$_sms_manager$815                 _sms_manager
     000008ED  C$_sms_manager.c$123$1_0$178       _sms_manager
     000008ED  C$_sms_manager.c$125$1_0$178       _sms_manager
     000008ED  G$devkit_SPRITEMODE_TALL_ZOOMED$   _sms_manager
     000008ED  _devkit_SPRITEMODE_TALL_ZOOMED     _sms_manager
     000008EF  A$_sms_manager$823                 _sms_manager
     000008EF  C$_sms_manager.c$126$1_0$178       _sms_manager
     000008EF  XG$devkit_SPRITEMODE_TALL_ZOOMED   _sms_manager
     000008F0  A$_sms_manager$836                 _sms_manager
     000008F0  C$_sms_manager.c$130$1_0$180       _sms_manager
     000008F0  C$_sms_manager.c$132$1_0$180       _sms_manager
     000008F0  G$devkit_SMS_mapROMBank$0$0        _sms_manager
     000008F0  _devkit_SMS_mapROMBank             _sms_manager
     000008F4  A$_sms_manager$837                 _sms_manager
     000008F6  A$_sms_manager$838                 _sms_manager
     000008F9  A$_sms_manager$839                 _sms_manager
     000008FC  A$_sms_manager$847                 _sms_manager
ASxxxx Linker V03.00 + NoICE + sdld,  page 8.
Hexadecimal  [32-Bits]

Area                                    Addr        Size        Decimal Bytes (Attributes)
--------------------------------        ----        ----        ------- ----- ------------
_CODE                               00000200    00002B2C =       11052. bytes (REL,CON)

      Value  Global                              Global Defined In Module
      -----  --------------------------------   ------------------------
     000008FC  C$_sms_manager.c$133$1_0$180       _sms_manager
     000008FC  XG$devkit_SMS_mapROMBank$0$0       _sms_manager
     000008FD  A$_sms_manager$860                 _sms_manager
     000008FD  C$_sms_manager.c$136$1_0$181       _sms_manager
     000008FD  C$_sms_manager.c$138$1_0$181       _sms_manager
     000008FD  G$devkit_SMS_enableSRAM$0$0        _sms_manager
     000008FD  _devkit_SMS_enableSRAM             _sms_manager
     000008FF  A$_sms_manager$861                 _sms_manager
     00000902  A$_sms_manager$869                 _sms_manager
     00000902  C$_sms_manager.c$139$1_0$181       _sms_manager
     00000902  XG$devkit_SMS_enableSRAM$0$0       _sms_manager
     00000903  A$_sms_manager$882                 _sms_manager
     00000903  C$_sms_manager.c$140$1_0$183       _sms_manager
     00000903  C$_sms_manager.c$142$1_0$183       _sms_manager
     00000903  G$devkit_SMS_enableSRAMBank$0$0    _sms_manager
     00000903  _devkit_SMS_enableSRAMBank         _sms_manager
     00000907  A$_sms_manager$883                 _sms_manager
     00000909  A$_sms_manager$884                 _sms_manager
     0000090C  A$_sms_manager$885                 _sms_manager
     0000090D  A$_sms_manager$886                 _sms_manager
     0000090E  A$_sms_manager$887                 _sms_manager
     00000910  A$_sms_manager$888                 _sms_manager
     00000912  A$_sms_manager$889                 _sms_manager
     00000915  A$_sms_manager$897                 _sms_manager
     00000915  C$_sms_manager.c$143$1_0$183       _sms_manager
     00000915  XG$devkit_SMS_enableSRAMBank$0$0   _sms_manager
     00000916  A$_sms_manager$910                 _sms_manager
     00000916  C$_sms_manager.c$144$1_0$184       _sms_manager
     00000916  C$_sms_manager.c$146$1_0$184       _sms_manager
     00000916  G$devkit_SMS_disableSRAM$0$0       _sms_manager
     00000916  _devkit_SMS_disableSRAM            _sms_manager
     00000918  A$_sms_manager$911                 _sms_manager
     0000091B  A$_sms_manager$919                 _sms_manager
     0000091B  C$_sms_manager.c$147$1_0$184       _sms_manager
     0000091B  XG$devkit_SMS_disableSRAM$0$0      _sms_manager
     0000091C  A$_sms_manager$932                 _sms_manager
     0000091C  C$_sms_manager.c$150$1_0$185       _sms_manager
     0000091C  C$_sms_manager.c$152$1_0$185       _sms_manager
     0000091C  G$devkit_SMS_SRAM$0$0              _sms_manager
     0000091C  _devkit_SMS_SRAM                   _sms_manager
     0000091F  A$_sms_manager$940                 _sms_manager
     0000091F  C$_sms_manager.c$153$1_0$185       _sms_manager
     0000091F  XG$devkit_SMS_SRAM$0$0             _sms_manager
     00000920  A$_sms_manager$960                 _sms_manager
     00000920  C$_sms_manager.c$156$1_0$186       _sms_manager
     00000920  C$_sms_manager.c$158$1_0$186       _sms_manager
     00000920  C$_sms_manager.c$159$1_0$186       _sms_manager
     00000920  G$devkit_SMS_waitForVBlank$0$0     _sms_manager
     00000920  XG$devkit_SMS_waitForVBlank$0$0    _sms_manager
     00000920  _devkit_SMS_waitForVBlank          _sms_manager
     00000923  A$_sms_manager$973                 _sms_manager
ASxxxx Linker V03.00 + NoICE + sdld,  page 9.
Hexadecimal  [32-Bits]

Area                                    Addr        Size        Decimal Bytes (Attributes)
--------------------------------        ----        ----        ------- ----- ------------
_CODE                               00000200    00002B2C =       11052. bytes (REL,CON)

      Value  Global                              Global Defined In Module
      -----  --------------------------------   ------------------------
     00000923  C$_sms_manager.c$161$1_0$188       _sms_manager
     00000923  C$_sms_manager.c$163$1_0$188       _sms_manager
     00000923  G$devkit_SMS_crt0_RST08$0$0        _sms_manager
     00000923  _devkit_SMS_crt0_RST08             _sms_manager
     00000927  A$_sms_manager$974                 _sms_manager
     00000929  A$_sms_manager$975                 _sms_manager
     0000092C  A$_sms_manager$976                 _sms_manager
     0000092F  A$_sms_manager$984                 _sms_manager
     0000092F  C$_sms_manager.c$164$1_0$188       _sms_manager
     0000092F  XG$devkit_SMS_crt0_RST08$0$0       _sms_manager
     00000932  A$_sms_manager$997                 _sms_manager
     00000932  C$_sms_manager.c$165$1_0$190       _sms_manager
     00000932  C$_sms_manager.c$167$1_0$190       _sms_manager
     00000932  G$devkit_SMS_crt0_RST18$0$0        _sms_manager
     00000932  _devkit_SMS_crt0_RST18             _sms_manager
     00000936  A$_sms_manager$998                 _sms_manager
     00000938  A$_sms_manager$999                 _sms_manager
     0000093B  A$_sms_manager$1000                _sms_manager
     0000093E  A$_sms_manager$1008                _sms_manager
     0000093E  C$_sms_manager.c$168$1_0$190       _sms_manager
     0000093E  XG$devkit_SMS_crt0_RST18$0$0       _sms_manager
     00000941  A$_sms_manager$1021                _sms_manager
     00000941  C$_sms_manager.c$171$1_0$192       _sms_manager
     00000941  C$_sms_manager.c$173$1_0$192       _sms_manager
     00000941  G$devkit_SMS_setTile$0$0           _sms_manager
     00000941  _devkit_SMS_setTile                _sms_manager
     00000945  A$_sms_manager$1022                _sms_manager
     00000947  A$_sms_manager$1023                _sms_manager
     0000094A  A$_sms_manager$1024                _sms_manager
     0000094D  A$_sms_manager$1032                _sms_manager
     0000094D  C$_sms_manager.c$174$1_0$192       _sms_manager
     0000094D  XG$devkit_SMS_setTile$0$0          _sms_manager
     00000950  A$_sms_manager$1045                _sms_manager
     00000950  C$_sms_manager.c$175$1_0$194       _sms_manager
     00000950  C$_sms_manager.c$177$1_0$194       _sms_manager
     00000950  G$devkit_SMS_setAddr$0$0           _sms_manager
     00000950  _devkit_SMS_setAddr                _sms_manager
     00000954  A$_sms_manager$1046                _sms_manager
     00000956  A$_sms_manager$1047                _sms_manager
     00000959  A$_sms_manager$1048                _sms_manager
     0000095C  A$_sms_manager$1056                _sms_manager
     0000095C  C$_sms_manager.c$178$1_0$194       _sms_manager
     0000095C  XG$devkit_SMS_setAddr$0$0          _sms_manager
     0000095F  A$_sms_manager$1076                _sms_manager
     0000095F  C$_sms_manager.c$182$1_0$196       _sms_manager
     0000095F  C$_sms_manager.c$184$1_0$196       _sms_manager
     0000095F  C$_sms_manager.c$185$1_0$196       _sms_manager
     0000095F  G$devkit_XYtoADDR$0$0              _sms_manager
     0000095F  XG$devkit_XYtoADDR$0$0             _sms_manager
     0000095F  _devkit_XYtoADDR                   _sms_manager
     00000960  A$_sms_manager$1086                _sms_manager
ASxxxx Linker V03.00 + NoICE + sdld,  page 10.
Hexadecimal  [32-Bits]

Area                                    Addr        Size        Decimal Bytes (Attributes)
--------------------------------        ----        ----        ------- ----- ------------
_CODE                               00000200    00002B2C =       11052. bytes (REL,CON)

      Value  Global                              Global Defined In Module
      -----  --------------------------------   ------------------------
     00000960  C$_sms_manager.c$186$1_0$198       _sms_manager
     00000960  G$devkit_SMS_setNextTileatXY$0$0   _sms_manager
     00000960  _devkit_SMS_setNextTileatXY        _sms_manager
     00000962  A$_sms_manager$1087                _sms_manager
     00000966  A$_sms_manager$1088                _sms_manager
     00000968  A$_sms_manager$1092                _sms_manager
     00000968  C$_sms_manager.c$188$1_0$198       _sms_manager
     0000096B  A$_sms_manager$1093                _sms_manager
     0000096D  A$_sms_manager$1094                _sms_manager
     0000096E  A$_sms_manager$1095                _sms_manager
     0000096F  A$_sms_manager$1096                _sms_manager
     00000970  A$_sms_manager$1097                _sms_manager
     00000971  A$_sms_manager$1098                _sms_manager
     00000972  A$_sms_manager$1099                _sms_manager
     00000975  A$_sms_manager$1100                _sms_manager
     00000977  A$_sms_manager$1101                _sms_manager
     00000978  A$_sms_manager$1102                _sms_manager
     00000979  A$_sms_manager$1103                _sms_manager
     0000097A  A$_sms_manager$1104                _sms_manager
     0000097C  A$_sms_manager$1105                _sms_manager
     0000097D  A$_sms_manager$1113                _sms_manager
     0000097D  C$_sms_manager.c$189$1_0$198       _sms_manager
     0000097D  XG$devkit_SMS_setNextTileatXY$0$   _sms_manager
     0000097F  A$_sms_manager$1114                _sms_manager
     00000982  A$_sms_manager$1127                _sms_manager
     00000982  C$_sms_manager.c$190$1_0$200       _sms_manager
     00000982  C$_sms_manager.c$192$1_0$200       _sms_manager
     00000982  G$devkit_SMS_setNextTileatLoc$0$   _sms_manager
     00000982  _devkit_SMS_setNextTileatLoc       _sms_manager
     00000983  A$_sms_manager$1128                _sms_manager
     00000984  A$_sms_manager$1129                _sms_manager
     00000985  A$_sms_manager$1130                _sms_manager
     00000986  A$_sms_manager$1131                _sms_manager
     00000987  A$_sms_manager$1132                _sms_manager
     00000988  A$_sms_manager$1133                _sms_manager
     0000098A  A$_sms_manager$1134                _sms_manager
     0000098B  A$_sms_manager$1142                _sms_manager
     0000098B  C$_sms_manager.c$193$1_0$200       _sms_manager
     0000098B  XG$devkit_SMS_setNextTileatLoc$0   _sms_manager
     0000098E  A$_sms_manager$1155                _sms_manager
     0000098E  C$_sms_manager.c$194$1_0$202       _sms_manager
     0000098E  C$_sms_manager.c$196$1_0$202       _sms_manager
     0000098E  G$devkit_SMS_setNextTileatAddr$0   _sms_manager
     0000098E  _devkit_SMS_setNextTileatAddr      _sms_manager
     00000992  A$_sms_manager$1156                _sms_manager
     00000994  A$_sms_manager$1157                _sms_manager
     00000997  A$_sms_manager$1158                _sms_manager
     00000999  A$_sms_manager$1166                _sms_manager
     00000999  C$_sms_manager.c$197$1_0$202       _sms_manager
     00000999  XG$devkit_SMS_setNextTileatAddr$   _sms_manager
     0000099C  A$_sms_manager$1176                _sms_manager
ASxxxx Linker V03.00 + NoICE + sdld,  page 11.
Hexadecimal  [32-Bits]

Area                                    Addr        Size        Decimal Bytes (Attributes)
--------------------------------        ----        ----        ------- ----- ------------
_CODE                               00000200    00002B2C =       11052. bytes (REL,CON)

      Value  Global                              Global Defined In Module
      -----  --------------------------------   ------------------------
     0000099C  C$_sms_manager.c$198$1_0$204       _sms_manager
     0000099C  G$devkit_SMS_setTileatXY$0$0       _sms_manager
     0000099C  _devkit_SMS_setTileatXY            _sms_manager
     0000099E  A$_sms_manager$1177                _sms_manager
     000009A2  A$_sms_manager$1178                _sms_manager
     000009A4  A$_sms_manager$1182                _sms_manager
     000009A4  C$_sms_manager.c$200$2_0$205       _sms_manager
     000009A7  A$_sms_manager$1183                _sms_manager
     000009A9  A$_sms_manager$1184                _sms_manager
     000009AA  A$_sms_manager$1185                _sms_manager
     000009AB  A$_sms_manager$1186                _sms_manager
     000009AC  A$_sms_manager$1187                _sms_manager
     000009AD  A$_sms_manager$1188                _sms_manager
     000009AE  A$_sms_manager$1189                _sms_manager
     000009B1  A$_sms_manager$1190                _sms_manager
     000009B3  A$_sms_manager$1191                _sms_manager
     000009B4  A$_sms_manager$1192                _sms_manager
     000009B5  A$_sms_manager$1193                _sms_manager
     000009B6  A$_sms_manager$1194                _sms_manager
     000009B8  A$_sms_manager$1195                _sms_manager
     000009B9  A$_sms_manager$1196                _sms_manager
     000009BA  A$_sms_manager$1197                _sms_manager
     000009BD  A$_sms_manager$1198                _sms_manager
     000009C0  A$_sms_manager$1206                _sms_manager
     000009C0  C$_sms_manager.c$201$1_0$204       _sms_manager
     000009C0  XG$devkit_SMS_setTileatXY$0$0      _sms_manager
     000009C2  A$_sms_manager$1207                _sms_manager
     000009C5  A$_sms_manager$1227                _sms_manager
     000009C5  C$_sms_manager.c$205$1_0$207       _sms_manager
     000009C5  C$_sms_manager.c$207$1_0$207       _sms_manager
     000009C5  C$_sms_manager.c$208$1_0$207       _sms_manager
     000009C5  G$devkit_TILEtoADDR$0$0            _sms_manager
     000009C5  XG$devkit_TILEtoADDR$0$0           _sms_manager
     000009C5  _devkit_TILEtoADDR                 _sms_manager
     000009C6  A$_sms_manager$1240                _sms_manager
     000009C6  C$_sms_manager.c$211$1_0$208       _sms_manager
     000009C6  C$_sms_manager.c$213$1_0$208       _sms_manager
     000009C6  G$devkit_TILE_FLIPPED_X$0$0        _sms_manager
     000009C6  _devkit_TILE_FLIPPED_X             _sms_manager
     000009C9  A$_sms_manager$1248                _sms_manager
     000009C9  C$_sms_manager.c$214$1_0$208       _sms_manager
     000009C9  XG$devkit_TILE_FLIPPED_X$0$0       _sms_manager
     000009CA  A$_sms_manager$1261                _sms_manager
     000009CA  C$_sms_manager.c$215$1_0$209       _sms_manager
     000009CA  C$_sms_manager.c$217$1_0$209       _sms_manager
     000009CA  G$devkit_TILE_FLIPPED_Y$0$0        _sms_manager
     000009CA  _devkit_TILE_FLIPPED_Y             _sms_manager
     000009CD  A$_sms_manager$1269                _sms_manager
     000009CD  C$_sms_manager.c$218$1_0$209       _sms_manager
     000009CD  XG$devkit_TILE_FLIPPED_Y$0$0       _sms_manager
     000009CE  A$_sms_manager$1282                _sms_manager
ASxxxx Linker V03.00 + NoICE + sdld,  page 12.
Hexadecimal  [32-Bits]

Area                                    Addr        Size        Decimal Bytes (Attributes)
--------------------------------        ----        ----        ------- ----- ------------
_CODE                               00000200    00002B2C =       11052. bytes (REL,CON)

      Value  Global                              Global Defined In Module
      -----  --------------------------------   ------------------------
     000009CE  C$_sms_manager.c$219$1_0$210       _sms_manager
     000009CE  C$_sms_manager.c$221$1_0$210       _sms_manager
     000009CE  G$devkit_TILE_USE_SPRITE_PALETTE   _sms_manager
     000009CE  _devkit_TILE_USE_SPRITE_PALETTE    _sms_manager
     000009D1  A$_sms_manager$1290                _sms_manager
     000009D1  C$_sms_manager.c$222$1_0$210       _sms_manager
     000009D1  XG$devkit_TILE_USE_SPRITE_PALETT   _sms_manager
     000009D2  A$_sms_manager$1303                _sms_manager
     000009D2  C$_sms_manager.c$223$1_0$211       _sms_manager
     000009D2  C$_sms_manager.c$225$1_0$211       _sms_manager
     000009D2  G$devkit_TILE_PRIORITY$0$0         _sms_manager
     000009D2  _devkit_TILE_PRIORITY              _sms_manager
     000009D5  A$_sms_manager$1311                _sms_manager
     000009D5  C$_sms_manager.c$226$1_0$211       _sms_manager
     000009D5  XG$devkit_TILE_PRIORITY$0$0        _sms_manager
     000009D6  A$_sms_manager$1324                _sms_manager
     000009D6  C$_sms_manager.c$229$1_0$213       _sms_manager
     000009D6  C$_sms_manager.c$231$1_0$213       _sms_manager
     000009D6  G$devkit_SMS_loadTiles$0$0         _sms_manager
     000009D6  _devkit_SMS_loadTiles              _sms_manager
     000009DA  A$_sms_manager$1325                _sms_manager
     000009DC  A$_sms_manager$1326                _sms_manager
     000009DF  A$_sms_manager$1327                _sms_manager
     000009E2  A$_sms_manager$1328                _sms_manager
     000009E3  A$_sms_manager$1329                _sms_manager
     000009E4  A$_sms_manager$1330                _sms_manager
     000009E5  A$_sms_manager$1331                _sms_manager
     000009E6  A$_sms_manager$1332                _sms_manager
     000009E7  A$_sms_manager$1333                _sms_manager
     000009E9  A$_sms_manager$1334                _sms_manager
     000009EC  A$_sms_manager$1335                _sms_manager
     000009EF  A$_sms_manager$1336                _sms_manager
     000009F0  A$_sms_manager$1337                _sms_manager
     000009F4  A$_sms_manager$1338                _sms_manager
     000009F6  A$_sms_manager$1339                _sms_manager
     000009F9  A$_sms_manager$1340                _sms_manager
     000009FC  A$_sms_manager$1341                _sms_manager
     000009FD  A$_sms_manager$1342                _sms_manager
     000009FE  A$_sms_manager$1343                _sms_manager
     00000A01  A$_sms_manager$1351                _sms_manager
     00000A01  C$_sms_manager.c$232$1_0$213       _sms_manager
     00000A01  XG$devkit_SMS_loadTiles$0$0        _sms_manager
     00000A02  A$_sms_manager$1364                _sms_manager
     00000A02  C$_sms_manager.c$233$1_0$215       _sms_manager
     00000A02  C$_sms_manager.c$235$1_0$215       _sms_manager
     00000A02  G$devkit_SMS_load1bppTiles$0$0     _sms_manager
     00000A02  _devkit_SMS_load1bppTiles          _sms_manager
     00000A06  A$_sms_manager$1365                _sms_manager
     00000A08  A$_sms_manager$1366                _sms_manager
     00000A0B  A$_sms_manager$1367                _sms_manager
     00000A0C  A$_sms_manager$1368                _sms_manager
ASxxxx Linker V03.00 + NoICE + sdld,  page 13.
Hexadecimal  [32-Bits]

Area                                    Addr        Size        Decimal Bytes (Attributes)
--------------------------------        ----        ----        ------- ----- ------------
_CODE                               00000200    00002B2C =       11052. bytes (REL,CON)

      Value  Global                              Global Defined In Module
      -----  --------------------------------   ------------------------
     00000A0D  A$_sms_manager$1369                _sms_manager
     00000A10  A$_sms_manager$1370                _sms_manager
     00000A12  A$_sms_manager$1371                _sms_manager
     00000A13  A$_sms_manager$1372                _sms_manager
     00000A14  A$_sms_manager$1373                _sms_manager
     00000A17  A$_sms_manager$1374                _sms_manager
     00000A1A  A$_sms_manager$1375                _sms_manager
     00000A1C  A$_sms_manager$1376                _sms_manager
     00000A1E  A$_sms_manager$1377                _sms_manager
     00000A1F  A$_sms_manager$1378                _sms_manager
     00000A22  A$_sms_manager$1379                _sms_manager
     00000A25  A$_sms_manager$1380                _sms_manager
     00000A27  A$_sms_manager$1381                _sms_manager
     00000A29  A$_sms_manager$1382                _sms_manager
     00000A2A  A$_sms_manager$1383                _sms_manager
     00000A2D  A$_sms_manager$1384                _sms_manager
     00000A30  A$_sms_manager$1385                _sms_manager
     00000A31  A$_sms_manager$1386                _sms_manager
     00000A34  A$_sms_manager$1387                _sms_manager
     00000A37  A$_sms_manager$1388                _sms_manager
     00000A38  A$_sms_manager$1389                _sms_manager
     00000A39  A$_sms_manager$1397                _sms_manager
     00000A39  C$_sms_manager.c$236$1_0$215       _sms_manager
     00000A39  XG$devkit_SMS_load1bppTiles$0$0    _sms_manager
     00000A3A  A$_sms_manager$1410                _sms_manager
     00000A3A  C$_sms_manager.c$239$1_0$217       _sms_manager
     00000A3A  C$_sms_manager.c$241$1_0$217       _sms_manager
     00000A3A  G$devkit_SMS_loadPSGaidencompres   _sms_manager
     00000A3A  _devkit_SMS_loadPSGaidencompress   _sms_manager
     00000A3E  A$_sms_manager$1411                _sms_manager
     00000A40  A$_sms_manager$1412                _sms_manager
     00000A43  A$_sms_manager$1413                _sms_manager
     00000A46  A$_sms_manager$1414                _sms_manager
     00000A47  A$_sms_manager$1415                _sms_manager
     00000A4A  A$_sms_manager$1416                _sms_manager
     00000A4D  A$_sms_manager$1417                _sms_manager
     00000A4E  A$_sms_manager$1418                _sms_manager
     00000A51  A$_sms_manager$1419                _sms_manager
     00000A52  A$_sms_manager$1420                _sms_manager
     00000A53  A$_sms_manager$1428                _sms_manager
     00000A53  C$_sms_manager.c$242$1_0$217       _sms_manager
     00000A53  XG$devkit_SMS_loadPSGaidencompre   _sms_manager
     00000A54  A$_sms_manager$1441                _sms_manager
     00000A54  C$_sms_manager.c$243$1_0$219       _sms_manager
     00000A54  C$_sms_manager.c$245$1_0$219       _sms_manager
     00000A54  G$devkit_SMS_loadPSGaidencompres   _sms_manager
     00000A54  _devkit_SMS_loadPSGaidencompress   _sms_manager
     00000A58  A$_sms_manager$1442                _sms_manager
     00000A5A  A$_sms_manager$1443                _sms_manager
     00000A5D  A$_sms_manager$1444                _sms_manager
     00000A60  A$_sms_manager$1445                _sms_manager
ASxxxx Linker V03.00 + NoICE + sdld,  page 14.
Hexadecimal  [32-Bits]

Area                                    Addr        Size        Decimal Bytes (Attributes)
--------------------------------        ----        ----        ------- ----- ------------
_CODE                               00000200    00002B2C =       11052. bytes (REL,CON)

      Value  Global                              Global Defined In Module
      -----  --------------------------------   ------------------------
     00000A61  A$_sms_manager$1446                _sms_manager
     00000A62  A$_sms_manager$1447                _sms_manager
     00000A63  A$_sms_manager$1448                _sms_manager
     00000A64  A$_sms_manager$1449                _sms_manager
     00000A65  A$_sms_manager$1450                _sms_manager
     00000A67  A$_sms_manager$1451                _sms_manager
     00000A68  A$_sms_manager$1452                _sms_manager
     00000A6B  A$_sms_manager$1453                _sms_manager
     00000A6E  A$_sms_manager$1454                _sms_manager
     00000A6F  A$_sms_manager$1455                _sms_manager
     00000A72  A$_sms_manager$1456                _sms_manager
     00000A73  A$_sms_manager$1457                _sms_manager
     00000A74  A$_sms_manager$1465                _sms_manager
     00000A74  C$_sms_manager.c$246$1_0$219       _sms_manager
     00000A74  XG$devkit_SMS_loadPSGaidencompre   _sms_manager
     00000A75  A$_sms_manager$1478                _sms_manager
     00000A75  C$_sms_manager.c$249$1_0$221       _sms_manager
     00000A75  C$_sms_manager.c$251$1_0$221       _sms_manager
     00000A75  G$devkit_UNSAFE_SMS_loadZX7compr   _sms_manager
     00000A75  _devkit_UNSAFE_SMS_loadZX7compre   _sms_manager
     00000A79  A$_sms_manager$1479                _sms_manager
     00000A7B  A$_sms_manager$1480                _sms_manager
     00000A7E  A$_sms_manager$1481                _sms_manager
     00000A81  A$_sms_manager$1482                _sms_manager
     00000A82  A$_sms_manager$1483                _sms_manager
     00000A85  A$_sms_manager$1484                _sms_manager
     00000A88  A$_sms_manager$1485                _sms_manager
     00000A89  A$_sms_manager$1486                _sms_manager
     00000A8C  A$_sms_manager$1487                _sms_manager
     00000A8D  A$_sms_manager$1488                _sms_manager
     00000A8E  A$_sms_manager$1496                _sms_manager
     00000A8E  C$_sms_manager.c$252$1_0$221       _sms_manager
     00000A8E  XG$devkit_UNSAFE_SMS_loadZX7comp   _sms_manager
     00000A8F  A$_sms_manager$1509                _sms_manager
     00000A8F  C$_sms_manager.c$253$1_0$223       _sms_manager
     00000A8F  C$_sms_manager.c$255$1_0$223       _sms_manager
     00000A8F  G$devkit_UNSAFE_SMS_loadZX7compr   _sms_manager
     00000A8F  _devkit_UNSAFE_SMS_loadZX7compre   _sms_manager
     00000A93  A$_sms_manager$1510                _sms_manager
     00000A95  A$_sms_manager$1511                _sms_manager
     00000A98  A$_sms_manager$1512                _sms_manager
     00000A9B  A$_sms_manager$1513                _sms_manager
     00000A9C  A$_sms_manager$1514                _sms_manager
     00000A9D  A$_sms_manager$1515                _sms_manager
     00000A9E  A$_sms_manager$1516                _sms_manager
     00000A9F  A$_sms_manager$1517                _sms_manager
     00000AA0  A$_sms_manager$1518                _sms_manager
     00000AA2  A$_sms_manager$1519                _sms_manager
     00000AA3  A$_sms_manager$1520                _sms_manager
     00000AA6  A$_sms_manager$1521                _sms_manager
     00000AA9  A$_sms_manager$1522                _sms_manager
ASxxxx Linker V03.00 + NoICE + sdld,  page 15.
Hexadecimal  [32-Bits]

Area                                    Addr        Size        Decimal Bytes (Attributes)
--------------------------------        ----        ----        ------- ----- ------------
_CODE                               00000200    00002B2C =       11052. bytes (REL,CON)

      Value  Global                              Global Defined In Module
      -----  --------------------------------   ------------------------
     00000AAA  A$_sms_manager$1523                _sms_manager
     00000AAD  A$_sms_manager$1524                _sms_manager
     00000AAE  A$_sms_manager$1525                _sms_manager
     00000AAF  A$_sms_manager$1533                _sms_manager
     00000AAF  C$_sms_manager.c$256$1_0$223       _sms_manager
     00000AAF  XG$devkit_UNSAFE_SMS_loadZX7comp   _sms_manager
     00000AB0  A$_sms_manager$1546                _sms_manager
     00000AB0  C$_sms_manager.c$257$1_0$225       _sms_manager
     00000AB0  C$_sms_manager.c$259$1_0$225       _sms_manager
     00000AB0  G$devkit_UNSAFE_SMS_loadaPLibcom   _sms_manager
     00000AB0  _devkit_UNSAFE_SMS_loadaPLibcomp   _sms_manager
     00000AB4  A$_sms_manager$1547                _sms_manager
     00000AB6  A$_sms_manager$1548                _sms_manager
     00000AB9  A$_sms_manager$1549                _sms_manager
     00000ABC  A$_sms_manager$1550                _sms_manager
     00000ABD  A$_sms_manager$1551                _sms_manager
     00000AC0  A$_sms_manager$1552                _sms_manager
     00000AC3  A$_sms_manager$1553                _sms_manager
     00000AC4  A$_sms_manager$1554                _sms_manager
     00000AC7  A$_sms_manager$1555                _sms_manager
     00000AC8  A$_sms_manager$1556                _sms_manager
     00000AC9  A$_sms_manager$1564                _sms_manager
     00000AC9  C$_sms_manager.c$260$1_0$225       _sms_manager
     00000AC9  XG$devkit_UNSAFE_SMS_loadaPLibco   _sms_manager
     00000ACA  A$_sms_manager$1577                _sms_manager
     00000ACA  C$_sms_manager.c$261$1_0$227       _sms_manager
     00000ACA  C$_sms_manager.c$263$1_0$227       _sms_manager
     00000ACA  G$devkit_UNSAFE_SMS_loadaPLibcom   _sms_manager
     00000ACA  _devkit_UNSAFE_SMS_loadaPLibcomp   _sms_manager
     00000ACE  A$_sms_manager$1578                _sms_manager
     00000AD0  A$_sms_manager$1579                _sms_manager
     00000AD3  A$_sms_manager$1580                _sms_manager
     00000AD6  A$_sms_manager$1581                _sms_manager
     00000AD7  A$_sms_manager$1582                _sms_manager
     00000AD8  A$_sms_manager$1583                _sms_manager
     00000AD9  A$_sms_manager$1584                _sms_manager
     00000ADA  A$_sms_manager$1585                _sms_manager
     00000ADB  A$_sms_manager$1586                _sms_manager
     00000ADD  A$_sms_manager$1587                _sms_manager
     00000ADE  A$_sms_manager$1588                _sms_manager
     00000AE1  A$_sms_manager$1589                _sms_manager
     00000AE4  A$_sms_manager$1590                _sms_manager
     00000AE5  A$_sms_manager$1591                _sms_manager
     00000AE8  A$_sms_manager$1592                _sms_manager
     00000AE9  A$_sms_manager$1593                _sms_manager
     00000AEA  A$_sms_manager$1601                _sms_manager
     00000AEA  C$_sms_manager.c$264$1_0$227       _sms_manager
     00000AEA  XG$devkit_UNSAFE_SMS_loadaPLibco   _sms_manager
     00000AEB  A$_sms_manager$1611                _sms_manager
     00000AEB  C$_sms_manager.c$267$1_0$229       _sms_manager
     00000AEB  G$devkit_SMS_loadTileMap$0$0       _sms_manager
ASxxxx Linker V03.00 + NoICE + sdld,  page 16.
Hexadecimal  [32-Bits]

Area                                    Addr        Size        Decimal Bytes (Attributes)
--------------------------------        ----        ----        ------- ----- ------------
_CODE                               00000200    00002B2C =       11052. bytes (REL,CON)

      Value  Global                              Global Defined In Module
      -----  --------------------------------   ------------------------
     00000AEB  _devkit_SMS_loadTileMap            _sms_manager
     00000AED  A$_sms_manager$1612                _sms_manager
     00000AF1  A$_sms_manager$1613                _sms_manager
     00000AF3  A$_sms_manager$1617                _sms_manager
     00000AF3  C$_sms_manager.c$269$1_0$229       _sms_manager
     00000AF6  A$_sms_manager$1618                _sms_manager
     00000AF9  A$_sms_manager$1619                _sms_manager
     00000AFC  A$_sms_manager$1620                _sms_manager
     00000AFE  A$_sms_manager$1621                _sms_manager
     00000AFF  A$_sms_manager$1622                _sms_manager
     00000B00  A$_sms_manager$1623                _sms_manager
     00000B01  A$_sms_manager$1624                _sms_manager
     00000B02  A$_sms_manager$1625                _sms_manager
     00000B03  A$_sms_manager$1626                _sms_manager
     00000B06  A$_sms_manager$1627                _sms_manager
     00000B08  A$_sms_manager$1628                _sms_manager
     00000B09  A$_sms_manager$1629                _sms_manager
     00000B0A  A$_sms_manager$1630                _sms_manager
     00000B0B  A$_sms_manager$1631                _sms_manager
     00000B0D  A$_sms_manager$1632                _sms_manager
     00000B0E  A$_sms_manager$1633                _sms_manager
     00000B11  A$_sms_manager$1634                _sms_manager
     00000B14  A$_sms_manager$1635                _sms_manager
     00000B15  A$_sms_manager$1636                _sms_manager
     00000B16  A$_sms_manager$1637                _sms_manager
     00000B17  A$_sms_manager$1638                _sms_manager
     00000B1A  A$_sms_manager$1642                _sms_manager
     00000B1C  A$_sms_manager$1647                _sms_manager
     00000B1C  C$_sms_manager.c$270$1_0$229       _sms_manager
     00000B1C  XG$devkit_SMS_loadTileMap$0$0      _sms_manager
     00000B1D  A$_sms_manager$1660                _sms_manager
     00000B1D  C$_sms_manager.c$271$1_0$231       _sms_manager
     00000B1D  C$_sms_manager.c$273$1_0$231       _sms_manager
     00000B1D  G$devkit_SMS_loadTileMapArea$0$0   _sms_manager
     00000B1D  _devkit_SMS_loadTileMapArea        _sms_manager
     00000B21  A$_sms_manager$1661                _sms_manager
     00000B23  A$_sms_manager$1662                _sms_manager
     00000B26  A$_sms_manager$1663                _sms_manager
     00000B27  A$_sms_manager$1664                _sms_manager
     00000B28  A$_sms_manager$1665                _sms_manager
     00000B2B  A$_sms_manager$1666                _sms_manager
     00000B2D  A$_sms_manager$1667                _sms_manager
     00000B2E  A$_sms_manager$1668                _sms_manager
     00000B2F  A$_sms_manager$1669                _sms_manager
     00000B32  A$_sms_manager$1670                _sms_manager
     00000B35  A$_sms_manager$1671                _sms_manager
     00000B37  A$_sms_manager$1672                _sms_manager
     00000B39  A$_sms_manager$1673                _sms_manager
     00000B3A  A$_sms_manager$1674                _sms_manager
     00000B3D  A$_sms_manager$1675                _sms_manager
     00000B3F  A$_sms_manager$1676                _sms_manager
ASxxxx Linker V03.00 + NoICE + sdld,  page 17.
Hexadecimal  [32-Bits]

Area                                    Addr        Size        Decimal Bytes (Attributes)
--------------------------------        ----        ----        ------- ----- ------------
_CODE                               00000200    00002B2C =       11052. bytes (REL,CON)

      Value  Global                              Global Defined In Module
      -----  --------------------------------   ------------------------
     00000B40  A$_sms_manager$1677                _sms_manager
     00000B41  A$_sms_manager$1678                _sms_manager
     00000B44  A$_sms_manager$1679                _sms_manager
     00000B45  A$_sms_manager$1680                _sms_manager
     00000B46  A$_sms_manager$1681                _sms_manager
     00000B49  A$_sms_manager$1682                _sms_manager
     00000B4C  A$_sms_manager$1683                _sms_manager
     00000B4D  A$_sms_manager$1684                _sms_manager
     00000B4E  A$_sms_manager$1692                _sms_manager
     00000B4E  C$_sms_manager.c$274$1_0$231       _sms_manager
     00000B4E  XG$devkit_SMS_loadTileMapArea$0$   _sms_manager
     00000B4F  A$_sms_manager$1705                _sms_manager
     00000B4F  C$_sms_manager.c$276$1_0$233       _sms_manager
     00000B4F  C$_sms_manager.c$278$1_0$233       _sms_manager
     00000B4F  G$devkit_SMS_loadSTMcompressedTi   _sms_manager
     00000B4F  _devkit_SMS_loadSTMcompressedTil   _sms_manager
     00000B53  A$_sms_manager$1706                _sms_manager
     00000B55  A$_sms_manager$1707                _sms_manager
     00000B58  A$_sms_manager$1708                _sms_manager
     00000B5B  A$_sms_manager$1709                _sms_manager
     00000B5C  A$_sms_manager$1710                _sms_manager
     00000B5F  A$_sms_manager$1711                _sms_manager
     00000B62  A$_sms_manager$1712                _sms_manager
     00000B63  A$_sms_manager$1713                _sms_manager
     00000B66  A$_sms_manager$1714                _sms_manager
     00000B67  A$_sms_manager$1715                _sms_manager
     00000B68  A$_sms_manager$1723                _sms_manager
     00000B68  C$_sms_manager.c$279$1_0$233       _sms_manager
     00000B68  XG$devkit_SMS_loadSTMcompressedT   _sms_manager
     00000B69  A$_sms_manager$1733                _sms_manager
     00000B69  C$_sms_manager.c$280$1_0$235       _sms_manager
     00000B69  G$devkit_SMS_loadSTMcompressedTi   _sms_manager
     00000B69  _devkit_SMS_loadSTMcompressedTil   _sms_manager
     00000B6B  A$_sms_manager$1734                _sms_manager
     00000B6F  A$_sms_manager$1735                _sms_manager
     00000B71  A$_sms_manager$1739                _sms_manager
     00000B71  C$_sms_manager.c$282$1_0$235       _sms_manager
     00000B74  A$_sms_manager$1740                _sms_manager
     00000B77  A$_sms_manager$1741                _sms_manager
     00000B7A  A$_sms_manager$1742                _sms_manager
     00000B7C  A$_sms_manager$1743                _sms_manager
     00000B7D  A$_sms_manager$1744                _sms_manager
     00000B7E  A$_sms_manager$1745                _sms_manager
     00000B7F  A$_sms_manager$1746                _sms_manager
     00000B80  A$_sms_manager$1747                _sms_manager
     00000B81  A$_sms_manager$1748                _sms_manager
     00000B84  A$_sms_manager$1749                _sms_manager
     00000B86  A$_sms_manager$1750                _sms_manager
     00000B87  A$_sms_manager$1751                _sms_manager
     00000B88  A$_sms_manager$1752                _sms_manager
     00000B89  A$_sms_manager$1753                _sms_manager
ASxxxx Linker V03.00 + NoICE + sdld,  page 18.
Hexadecimal  [32-Bits]

Area                                    Addr        Size        Decimal Bytes (Attributes)
--------------------------------        ----        ----        ------- ----- ------------
_CODE                               00000200    00002B2C =       11052. bytes (REL,CON)

      Value  Global                              Global Defined In Module
      -----  --------------------------------   ------------------------
     00000B8B  A$_sms_manager$1754                _sms_manager
     00000B8C  A$_sms_manager$1755                _sms_manager
     00000B8D  A$_sms_manager$1756                _sms_manager
     00000B8E  A$_sms_manager$1757                _sms_manager
     00000B91  A$_sms_manager$1758                _sms_manager
     00000B92  A$_sms_manager$1759                _sms_manager
     00000B93  A$_sms_manager$1763                _sms_manager
     00000B95  A$_sms_manager$1768                _sms_manager
     00000B95  C$_sms_manager.c$283$1_0$235       _sms_manager
     00000B95  XG$devkit_SMS_loadSTMcompressedT   _sms_manager
     00000B96  A$_sms_manager$1778                _sms_manager
     00000B96  C$_sms_manager.c$284$1_0$237       _sms_manager
     00000B96  G$devkit_SMS_loadSTMcompressedTi   _sms_manager
     00000B96  _devkit_SMS_loadSTMcompressedTil   _sms_manager
     00000B98  A$_sms_manager$1779                _sms_manager
     00000B9C  A$_sms_manager$1780                _sms_manager
     00000B9E  A$_sms_manager$1784                _sms_manager
     00000B9E  C$_sms_manager.c$286$1_0$237       _sms_manager
     00000BA1  A$_sms_manager$1785                _sms_manager
     00000BA4  A$_sms_manager$1786                _sms_manager
     00000BA7  A$_sms_manager$1787                _sms_manager
     00000BA9  A$_sms_manager$1788                _sms_manager
     00000BAA  A$_sms_manager$1789                _sms_manager
     00000BAB  A$_sms_manager$1790                _sms_manager
     00000BAC  A$_sms_manager$1791                _sms_manager
     00000BAD  A$_sms_manager$1792                _sms_manager
     00000BAE  A$_sms_manager$1793                _sms_manager
     00000BB1  A$_sms_manager$1794                _sms_manager
     00000BB3  A$_sms_manager$1795                _sms_manager
     00000BB4  A$_sms_manager$1796                _sms_manager
     00000BB5  A$_sms_manager$1797                _sms_manager
     00000BB6  A$_sms_manager$1798                _sms_manager
     00000BB8  A$_sms_manager$1799                _sms_manager
     00000BB9  A$_sms_manager$1800                _sms_manager
     00000BBA  A$_sms_manager$1801                _sms_manager
     00000BBB  A$_sms_manager$1802                _sms_manager
     00000BBE  A$_sms_manager$1803                _sms_manager
     00000BBF  A$_sms_manager$1804                _sms_manager
     00000BC0  A$_sms_manager$1808                _sms_manager
     00000BC2  A$_sms_manager$1813                _sms_manager
     00000BC2  C$_sms_manager.c$287$1_0$237       _sms_manager
     00000BC2  XG$devkit_SMS_loadSTMcompressedT   _sms_manager
     00000BC3  A$_sms_manager$1833                _sms_manager
     00000BC3  C$_sms_manager.c$290$1_0$238       _sms_manager
     00000BC3  C$_sms_manager.c$292$1_0$238       _sms_manager
     00000BC3  C$_sms_manager.c$293$1_0$238       _sms_manager
     00000BC3  G$devkit_SMS_initSprites$0$0       _sms_manager
     00000BC3  XG$devkit_SMS_initSprites$0$0      _sms_manager
     00000BC3  _devkit_SMS_initSprites            _sms_manager
     00000BC6  A$_sms_manager$1846                _sms_manager
     00000BC6  C$_sms_manager.c$294$1_0$240       _sms_manager
ASxxxx Linker V03.00 + NoICE + sdld,  page 19.
Hexadecimal  [32-Bits]

Area                                    Addr        Size        Decimal Bytes (Attributes)
--------------------------------        ----        ----        ------- ----- ------------
_CODE                               00000200    00002B2C =       11052. bytes (REL,CON)

      Value  Global                              Global Defined In Module
      -----  --------------------------------   ------------------------
     00000BC6  C$_sms_manager.c$296$1_0$240       _sms_manager
     00000BC6  G$devkit_SMS_addSprite$0$0         _sms_manager
     00000BC6  _devkit_SMS_addSprite              _sms_manager
     00000BCA  A$_sms_manager$1847                _sms_manager
     00000BCC  A$_sms_manager$1848                _sms_manager
     00000BCF  A$_sms_manager$1849                _sms_manager
     00000BD0  A$_sms_manager$1850                _sms_manager
     00000BD1  A$_sms_manager$1851                _sms_manager
     00000BD4  A$_sms_manager$1852                _sms_manager
     00000BD6  A$_sms_manager$1853                _sms_manager
     00000BD7  A$_sms_manager$1854                _sms_manager
     00000BD8  A$_sms_manager$1855                _sms_manager
     00000BDB  A$_sms_manager$1856                _sms_manager
     00000BDC  A$_sms_manager$1857                _sms_manager
     00000BDD  A$_sms_manager$1858                _sms_manager
     00000BE0  A$_sms_manager$1859                _sms_manager
     00000BE1  A$_sms_manager$1860                _sms_manager
     00000BE2  A$_sms_manager$1868                _sms_manager
     00000BE2  C$_sms_manager.c$297$1_0$240       _sms_manager
     00000BE2  XG$devkit_SMS_addSprite$0$0        _sms_manager
     00000BE3  A$_sms_manager$1881                _sms_manager
     00000BE3  C$_sms_manager.c$298$1_0$242       _sms_manager
     00000BE3  C$_sms_manager.c$300$1_0$242       _sms_manager
     00000BE3  G$devkit_SMS_addTwoAdjoiningSpri   _sms_manager
     00000BE3  _devkit_SMS_addTwoAdjoiningSprit   _sms_manager
     00000BE7  A$_sms_manager$1882                _sms_manager
     00000BE9  A$_sms_manager$1883                _sms_manager
     00000BEC  A$_sms_manager$1884                _sms_manager
     00000BED  A$_sms_manager$1885                _sms_manager
     00000BEE  A$_sms_manager$1886                _sms_manager
     00000BF1  A$_sms_manager$1887                _sms_manager
     00000BF3  A$_sms_manager$1888                _sms_manager
     00000BF4  A$_sms_manager$1889                _sms_manager
     00000BF5  A$_sms_manager$1890                _sms_manager
     00000BF8  A$_sms_manager$1891                _sms_manager
     00000BF9  A$_sms_manager$1892                _sms_manager
     00000BFA  A$_sms_manager$1893                _sms_manager
     00000BFD  A$_sms_manager$1894                _sms_manager
     00000BFE  A$_sms_manager$1895                _sms_manager
     00000BFF  A$_sms_manager$1903                _sms_manager
     00000BFF  C$_sms_manager.c$301$1_0$242       _sms_manager
     00000BFF  XG$devkit_SMS_addTwoAdjoiningSpr   _sms_manager
     00000C00  A$_sms_manager$1916                _sms_manager
     00000C00  C$_sms_manager.c$302$1_0$244       _sms_manager
     00000C00  C$_sms_manager.c$304$1_0$244       _sms_manager
     00000C00  G$devkit_SMS_addThreeAdjoiningSp   _sms_manager
     00000C00  _devkit_SMS_addThreeAdjoiningSpr   _sms_manager
     00000C04  A$_sms_manager$1917                _sms_manager
     00000C06  A$_sms_manager$1918                _sms_manager
     00000C09  A$_sms_manager$1919                _sms_manager
     00000C0A  A$_sms_manager$1920                _sms_manager
ASxxxx Linker V03.00 + NoICE + sdld,  page 20.
Hexadecimal  [32-Bits]

Area                                    Addr        Size        Decimal Bytes (Attributes)
--------------------------------        ----        ----        ------- ----- ------------
_CODE                               00000200    00002B2C =       11052. bytes (REL,CON)

      Value  Global                              Global Defined In Module
      -----  --------------------------------   ------------------------
     00000C0B  A$_sms_manager$1921                _sms_manager
     00000C0E  A$_sms_manager$1922                _sms_manager
     00000C10  A$_sms_manager$1923                _sms_manager
     00000C11  A$_sms_manager$1924                _sms_manager
     00000C12  A$_sms_manager$1925                _sms_manager
     00000C15  A$_sms_manager$1926                _sms_manager
     00000C16  A$_sms_manager$1927                _sms_manager
     00000C17  A$_sms_manager$1928                _sms_manager
     00000C1A  A$_sms_manager$1929                _sms_manager
     00000C1B  A$_sms_manager$1930                _sms_manager
     00000C1C  A$_sms_manager$1938                _sms_manager
     00000C1C  C$_sms_manager.c$305$1_0$244       _sms_manager
     00000C1C  XG$devkit_SMS_addThreeAdjoiningS   _sms_manager
     00000C1D  A$_sms_manager$1958                _sms_manager
     00000C1D  C$_sms_manager.c$306$1_0$246       _sms_manager
     00000C1D  C$_sms_manager.c$308$1_0$246       _sms_manager
     00000C1D  C$_sms_manager.c$309$1_0$246       _sms_manager
     00000C1D  G$devkit_SMS_reserveSprite$0$0     _sms_manager
     00000C1D  XG$devkit_SMS_reserveSprite$0$0    _sms_manager
     00000C1D  _devkit_SMS_reserveSprite          _sms_manager
     00000C20  A$_sms_manager$1971                _sms_manager
     00000C20  C$_sms_manager.c$310$1_0$248       _sms_manager
     00000C20  C$_sms_manager.c$312$1_0$248       _sms_manager
     00000C20  G$devkit_SMS_updateSpritePositio   _sms_manager
     00000C20  _devkit_SMS_updateSpritePosition   _sms_manager
     00000C24  A$_sms_manager$1972                _sms_manager
     00000C26  A$_sms_manager$1973                _sms_manager
     00000C29  A$_sms_manager$1974                _sms_manager
     00000C2A  A$_sms_manager$1975                _sms_manager
     00000C2B  A$_sms_manager$1976                _sms_manager
     00000C2E  A$_sms_manager$1977                _sms_manager
     00000C30  A$_sms_manager$1978                _sms_manager
     00000C31  A$_sms_manager$1979                _sms_manager
     00000C32  A$_sms_manager$1980                _sms_manager
     00000C35  A$_sms_manager$1981                _sms_manager
     00000C36  A$_sms_manager$1982                _sms_manager
     00000C37  A$_sms_manager$1983                _sms_manager
     00000C3A  A$_sms_manager$1984                _sms_manager
     00000C3B  A$_sms_manager$1985                _sms_manager
     00000C3C  A$_sms_manager$1993                _sms_manager
     00000C3C  C$_sms_manager.c$313$1_0$248       _sms_manager
     00000C3C  XG$devkit_SMS_updateSpritePositi   _sms_manager
     00000C3D  A$_sms_manager$2006                _sms_manager
     00000C3D  C$_sms_manager.c$314$1_0$250       _sms_manager
     00000C3D  C$_sms_manager.c$316$1_0$250       _sms_manager
     00000C3D  G$devkit_SMS_updateSpriteImage$0   _sms_manager
     00000C3D  _devkit_SMS_updateSpriteImage      _sms_manager
     00000C41  A$_sms_manager$2007                _sms_manager
     00000C43  A$_sms_manager$2008                _sms_manager
     00000C46  A$_sms_manager$2009                _sms_manager
     00000C49  A$_sms_manager$2010                _sms_manager
ASxxxx Linker V03.00 + NoICE + sdld,  page 21.
Hexadecimal  [32-Bits]

Area                                    Addr        Size        Decimal Bytes (Attributes)
--------------------------------        ----        ----        ------- ----- ------------
_CODE                               00000200    00002B2C =       11052. bytes (REL,CON)

      Value  Global                              Global Defined In Module
      -----  --------------------------------   ------------------------
     00000C4A  A$_sms_manager$2011                _sms_manager
     00000C4D  A$_sms_manager$2012                _sms_manager
     00000C4E  A$_sms_manager$2020                _sms_manager
     00000C4E  C$_sms_manager.c$317$1_0$250       _sms_manager
     00000C4E  XG$devkit_SMS_updateSpriteImage$   _sms_manager
     00000C4F  A$_sms_manager$2033                _sms_manager
     00000C4F  C$_sms_manager.c$318$1_0$252       _sms_manager
     00000C4F  C$_sms_manager.c$320$1_0$252       _sms_manager
     00000C4F  G$devkit_SMS_hideSprite$0$0        _sms_manager
     00000C4F  _devkit_SMS_hideSprite             _sms_manager
     00000C52  A$_sms_manager$2034                _sms_manager
     00000C53  A$_sms_manager$2035                _sms_manager
     00000C54  A$_sms_manager$2036                _sms_manager
     00000C55  A$_sms_manager$2037                _sms_manager
     00000C56  A$_sms_manager$2038                _sms_manager
     00000C59  A$_sms_manager$2039                _sms_manager
     00000C5A  A$_sms_manager$2047                _sms_manager
     00000C5A  C$_sms_manager.c$321$1_0$252       _sms_manager
     00000C5A  XG$devkit_SMS_hideSprite$0$0       _sms_manager
     00000C5B  A$_sms_manager$2060                _sms_manager
     00000C5B  C$_sms_manager.c$322$1_0$254       _sms_manager
     00000C5B  C$_sms_manager.c$324$1_0$254       _sms_manager
     00000C5B  G$devkit_SMS_setClippingWindow$0   _sms_manager
     00000C5B  _devkit_SMS_setClippingWindow      _sms_manager
     00000C5F  A$_sms_manager$2061                _sms_manager
     00000C61  A$_sms_manager$2062                _sms_manager
     00000C64  A$_sms_manager$2063                _sms_manager
     00000C65  A$_sms_manager$2064                _sms_manager
     00000C66  A$_sms_manager$2065                _sms_manager
     00000C69  A$_sms_manager$2066                _sms_manager
     00000C6B  A$_sms_manager$2067                _sms_manager
     00000C6C  A$_sms_manager$2068                _sms_manager
     00000C6D  A$_sms_manager$2069                _sms_manager
     00000C70  A$_sms_manager$2070                _sms_manager
     00000C72  A$_sms_manager$2071                _sms_manager
     00000C73  A$_sms_manager$2072                _sms_manager
     00000C74  A$_sms_manager$2073                _sms_manager
     00000C77  A$_sms_manager$2074                _sms_manager
     00000C78  A$_sms_manager$2075                _sms_manager
     00000C79  A$_sms_manager$2076                _sms_manager
     00000C7C  A$_sms_manager$2077                _sms_manager
     00000C7D  A$_sms_manager$2078                _sms_manager
     00000C7E  A$_sms_manager$2086                _sms_manager
     00000C7E  C$_sms_manager.c$325$1_0$254       _sms_manager
     00000C7E  XG$devkit_SMS_setClippingWindow$   _sms_manager
     00000C7F  A$_sms_manager$2099                _sms_manager
     00000C7F  C$_sms_manager.c$326$1_0$256       _sms_manager
     00000C7F  C$_sms_manager.c$328$1_0$256       _sms_manager
     00000C7F  G$devkit_SMS_addSpriteClipping$0   _sms_manager
     00000C7F  _devkit_SMS_addSpriteClipping      _sms_manager
     00000C83  A$_sms_manager$2100                _sms_manager
ASxxxx Linker V03.00 + NoICE + sdld,  page 22.
Hexadecimal  [32-Bits]

Area                                    Addr        Size        Decimal Bytes (Attributes)
--------------------------------        ----        ----        ------- ----- ------------
_CODE                               00000200    00002B2C =       11052. bytes (REL,CON)

      Value  Global                              Global Defined In Module
      -----  --------------------------------   ------------------------
     00000C85  A$_sms_manager$2101                _sms_manager
     00000C88  A$_sms_manager$2102                _sms_manager
     00000C89  A$_sms_manager$2103                _sms_manager
     00000C8A  A$_sms_manager$2104                _sms_manager
     00000C8D  A$_sms_manager$2105                _sms_manager
     00000C90  A$_sms_manager$2106                _sms_manager
     00000C92  A$_sms_manager$2107                _sms_manager
     00000C94  A$_sms_manager$2108                _sms_manager
     00000C95  A$_sms_manager$2109                _sms_manager
     00000C98  A$_sms_manager$2110                _sms_manager
     00000C9B  A$_sms_manager$2111                _sms_manager
     00000C9C  A$_sms_manager$2112                _sms_manager
     00000C9F  A$_sms_manager$2113                _sms_manager
     00000CA0  A$_sms_manager$2114                _sms_manager
     00000CA1  A$_sms_manager$2115                _sms_manager
     00000CA2  A$_sms_manager$2123                _sms_manager
     00000CA2  C$_sms_manager.c$329$1_0$256       _sms_manager
     00000CA2  XG$devkit_SMS_addSpriteClipping$   _sms_manager
     00000CA3  A$_sms_manager$2143                _sms_manager
     00000CA3  C$_sms_manager.c$330$1_0$257       _sms_manager
     00000CA3  C$_sms_manager.c$332$1_0$257       _sms_manager
     00000CA3  C$_sms_manager.c$333$1_0$257       _sms_manager
     00000CA3  G$devkit_SMS_finalizeSprites$0$0   _sms_manager
     00000CA3  XG$devkit_SMS_finalizeSprites$0$   _sms_manager
     00000CA3  _devkit_SMS_finalizeSprites        _sms_manager
     00000CA6  A$_sms_manager$2163                _sms_manager
     00000CA6  C$_sms_manager.c$334$1_0$258       _sms_manager
     00000CA6  C$_sms_manager.c$336$1_0$258       _sms_manager
     00000CA6  C$_sms_manager.c$337$1_0$258       _sms_manager
     00000CA6  G$devkit_SMS_copySpritestoSAT$0$   _sms_manager
     00000CA6  XG$devkit_SMS_copySpritestoSAT$0   _sms_manager
     00000CA6  _devkit_SMS_copySpritestoSAT       _sms_manager
     00000CA9  A$_sms_manager$2176                _sms_manager
     00000CA9  C$_sms_manager.c$347$1_0$260       _sms_manager
     00000CA9  C$_sms_manager.c$349$1_0$260       _sms_manager
     00000CA9  G$devkit_SMS_setBGPaletteColor$0   _sms_manager
     00000CA9  _devkit_SMS_setBGPaletteColor      _sms_manager
     00000CAD  A$_sms_manager$2177                _sms_manager
     00000CAF  A$_sms_manager$2178                _sms_manager
     00000CB2  A$_sms_manager$2179                _sms_manager
     00000CB5  A$_sms_manager$2180                _sms_manager
     00000CB6  A$_sms_manager$2181                _sms_manager
     00000CB9  A$_sms_manager$2182                _sms_manager
     00000CBA  A$_sms_manager$2190                _sms_manager
     00000CBA  C$_sms_manager.c$350$1_0$260       _sms_manager
     00000CBA  XG$devkit_SMS_setBGPaletteColor$   _sms_manager
     00000CBB  A$_sms_manager$2203                _sms_manager
     00000CBB  C$_sms_manager.c$351$1_0$262       _sms_manager
     00000CBB  C$_sms_manager.c$353$1_0$262       _sms_manager
     00000CBB  G$devkit_SMS_setSpritePaletteCol   _sms_manager
     00000CBB  _devkit_SMS_setSpritePaletteColo   _sms_manager
ASxxxx Linker V03.00 + NoICE + sdld,  page 23.
Hexadecimal  [32-Bits]

Area                                    Addr        Size        Decimal Bytes (Attributes)
--------------------------------        ----        ----        ------- ----- ------------
_CODE                               00000200    00002B2C =       11052. bytes (REL,CON)

      Value  Global                              Global Defined In Module
      -----  --------------------------------   ------------------------
     00000CBF  A$_sms_manager$2204                _sms_manager
     00000CC1  A$_sms_manager$2205                _sms_manager
     00000CC4  A$_sms_manager$2206                _sms_manager
     00000CC7  A$_sms_manager$2207                _sms_manager
     00000CC8  A$_sms_manager$2208                _sms_manager
     00000CCB  A$_sms_manager$2209                _sms_manager
     00000CCC  A$_sms_manager$2217                _sms_manager
     00000CCC  C$_sms_manager.c$354$1_0$262       _sms_manager
     00000CCC  XG$devkit_SMS_setSpritePaletteCo   _sms_manager
     00000CCD  A$_sms_manager$2230                _sms_manager
     00000CCD  C$_sms_manager.c$355$1_0$264       _sms_manager
     00000CCD  C$_sms_manager.c$357$1_0$264       _sms_manager
     00000CCD  G$devkit_SMS_loadBGPalette$0$0     _sms_manager
     00000CCD  _devkit_SMS_loadBGPalette          _sms_manager
     00000CD1  A$_sms_manager$2231                _sms_manager
     00000CD3  A$_sms_manager$2232                _sms_manager
     00000CD6  A$_sms_manager$2233                _sms_manager
     00000CD9  A$_sms_manager$2241                _sms_manager
     00000CD9  C$_sms_manager.c$358$1_0$264       _sms_manager
     00000CD9  XG$devkit_SMS_loadBGPalette$0$0    _sms_manager
     00000CDC  A$_sms_manager$2254                _sms_manager
     00000CDC  C$_sms_manager.c$359$1_0$266       _sms_manager
     00000CDC  C$_sms_manager.c$361$1_0$266       _sms_manager
     00000CDC  G$devkit_SMS_loadSpritePalette$0   _sms_manager
     00000CDC  _devkit_SMS_loadSpritePalette      _sms_manager
     00000CE0  A$_sms_manager$2255                _sms_manager
     00000CE2  A$_sms_manager$2256                _sms_manager
[...]
     0000212F  _SMS_setBackdropColor              SMSlib
     00002139  _SMS_useFirstHalfTilesforSprites   SMSlib
     0000214F  _SMS_setSpriteMode                 SMSlib
     0000219D  _SMS_setBGPaletteColor             SMSlib
     000021B1  _SMS_setSpritePaletteColor         SMSlib
     000021C5  _SMS_loadBGPalette                 SMSlib
     000021DA  _SMS_loadSpritePalette             SMSlib
     000021EF  _SMS_setColor                      SMSlib
     000021F3  _SMS_waitForVBlank                 SMSlib
     00002200  _SMS_getKeysStatus                 SMSlib
     00002204  _SMS_getKeysPressed                SMSlib
     00002221  _SMS_getKeysHeld                   SMSlib
     00002235  _SMS_getKeysReleased               SMSlib
     00002252  _SMS_queryPauseRequested           SMSlib
ASxxxx Linker V03.00 + NoICE + sdld,  page 49.
Hexadecimal  [32-Bits]

Area                                    Addr        Size        Decimal Bytes (Attributes)
--------------------------------        ----        ----        ------- ----- ------------
_CODE                               00000200    00002B2C =       11052. bytes (REL,CON)

      Value  Global                              Global Defined In Module
      -----  --------------------------------   ------------------------
     00002257  _SMS_resetPauseRequest             SMSlib
     0000225D  _SMS_setLineInterruptHandler       SMSlib
     00002261  _SMS_setLineCounter                SMSlib
     0000226B  _SMS_getVCount                     SMSlib
     0000226F  _SMS_getHCount                     SMSlib
     00002273  _SMS_isr                           SMSlib
     000022A9  _SMS_nmi_isr                       SMSlib
     000022B2  _SMS_loadPSGaidencompressedTiles   SMSlib_PSGaiden
     0000238C  _SMS_load1bppTiles                 SMSlib_load1bppTiles
     000023FE  _SMS_setClippingWindow             SMSlib_spriteClip
     00002421  _SMS_addSpriteClipping             SMSlib_spriteClip
     000024DE  _SMS_VRAMmemset                    SMSlib_VRAMmemset
     00002501  _SMS_VRAMmemsetW                   SMSlib_VRAMmemset
     0000252F  _SMS_loadBGPaletteHalfBrightness   SMSlib_paletteAdv
     00002546  _SMS_zeroBGPalette                 SMSlib_paletteAdv
     0000255A  _SMS_loadSpritePaletteHalfBright   SMSlib_paletteAdv
     00002571  _SMS_zeroSpritePalette             SMSlib_paletteAdv
     00002585  _SMS_decompressZX7                 SMSlib_zx7
     000025E3  _SMS_configureTextRenderer         SMSlib_textrenderer
     000025E7  _putchar                           SMSlib_textrenderer
     000025F9  _SMS_addThreeAdjoiningSprites      SMSlib_threesprites
     00002652  _SMS_initSprites                   SMSlib_sprite
     00002658  _SMS_addSprite                     SMSlib_sprite
     0000268B  _SMS_copySpritestoSAT              SMSlib_sprite
     000026C1  _SMS_addTwoAdjoiningSprites        SMSlib_twosprites
     00002700  _SMS_detectPaddle                  SMSlib_paddle
     00002726  _SMS_readPaddle                    SMSlib_paddle
     00002784  _SMS_VRAMmemcpy_brief              SMSlib_VRAMmemcpy_brief
     00002795  _UNSAFE_SMS_loadZX7compressedTil   SMSlib_UNSAFE_zx7
     00002815  ___sdcc_call_hl                    
     00002816  _SMS_finalizeSprites               SMSlib_deprecated
     00002817  _SMS_VRAMmemcpy                    SMSlib_VRAMmemcpy
     00002830  _SMS_loadSTMcompressedTileMapatA   SMSlib_STMcomp
     00002958  _SMS_loadTileMapArea               SMSlib_loadTileMapArea
     000029D8  _SMS_autoSetUpTextRenderer         SMSlib_autotext
     00002A15  _devkitSMS_font__tiles__1bpp       SMSlib_autotext
     00002D15  __moduchar                         
     00002D21  __moduint                          

ASxxxx Linker V03.00 + NoICE + sdld,  page 50.
Hexadecimal  [32-Bits]

Area                                    Addr        Size        Decimal Bytes (Attributes)
--------------------------------        ----        ----        ------- ----- ------------
_HEADER0                            00000000    00000006 =           6. bytes (ABS,CON)

      Value  Global                              Global Defined In Module
      -----  --------------------------------   ------------------------
     00000006  _SMS_crt0_RST08                    crt0

ASxxxx Linker V03.00 + NoICE + sdld,  page 51.
Hexadecimal  [32-Bits]

Area                                    Addr        Size        Decimal Bytes (Attributes)
--------------------------------        ----        ----        ------- ----- ------------
_HEADER1                            00000000    00000009 =           9. bytes (ABS,CON)

      Value  Global                              Global Defined In Module
      -----  --------------------------------   ------------------------
     00000011  _SMS_crt0_RST18                    crt0

ASxxxx Linker V03.00 + NoICE + sdld,  page 52.
Hexadecimal  [32-Bits]

Area                                    Addr        Size        Decimal Bytes (Attributes)
--------------------------------        ----        ----        ------- ----- ------------
_HEADER2                            00000000    0000000A =          10. bytes (ABS,CON)

      Value  Global                              Global Defined In Module
      -----  --------------------------------   ------------------------
ASxxxx Linker V03.00 + NoICE + sdld,  page 53.
Hexadecimal  [32-Bits]

Area                                    Addr        Size        Decimal Bytes (Attributes)
--------------------------------        ----        ----        ------- ----- ------------
_HEADER3                            00000000    00000003 =           3. bytes (ABS,CON)

      Value  Global                              Global Defined In Module
      -----  --------------------------------   ------------------------
ASxxxx Linker V03.00 + NoICE + sdld,  page 54.
Hexadecimal  [32-Bits]

Area                                    Addr        Size        Decimal Bytes (Attributes)
--------------------------------        ----        ----        ------- ----- ------------
_HEADER4                            00000000    00000003 =           3. bytes (ABS,CON)

      Value  Global                              Global Defined In Module
      -----  --------------------------------   ------------------------
ASxxxx Linker V03.00 + NoICE + sdld,  page 55.
Hexadecimal  [32-Bits]

Area                                    Addr        Size        Decimal Bytes (Attributes)
--------------------------------        ----        ----        ------- ----- ------------
_HEADER5                            00000000    0000012A =         298. bytes (ABS,CON)

      Value  Global                              Global Defined In Module
      -----  --------------------------------   ------------------------
     00000099  _OUTI128                           crt0
     00000119  _OUTI64                            crt0
     00000159  _OUTI32                            crt0
     00000199  _outi_block                        crt0

ASxxxx Linker V03.00 + NoICE + sdld,  page 56.
Hexadecimal  [32-Bits]

Area                                    Addr        Size        Decimal Bytes (Attributes)
--------------------------------        ----        ----        ------- ----- ------------
_INITIALIZER                        00002D2C    0000000F =          15. bytes (REL,CON)

      Value  Global                              Global Defined In Module
      -----  --------------------------------   ------------------------
ASxxxx Linker V03.00 + NoICE + sdld,  page 57.
Hexadecimal  [32-Bits]

Area                                    Addr        Size        Decimal Bytes (Attributes)
--------------------------------        ----        ----        ------- ----- ------------
_GSINIT                             00002D3B    0000000F =          15. bytes (REL,CON)

      Value  Global                              Global Defined In Module
      -----  --------------------------------   ------------------------
     00002D3B  gsinit                             crt0

ASxxxx Linker V03.00 + NoICE + sdld,  page 58.
Hexadecimal  [32-Bits]

Area                                    Addr        Size        Decimal Bytes (Attributes)
--------------------------------        ----        ----        ------- ----- ------------
_GSFINAL                            00002D4A    00000001 =           1. bytes (REL,CON)

      Value  Global                              Global Defined In Module
      -----  --------------------------------   ------------------------
ASxxxx Linker V03.00 + NoICE + sdld,  page 59.
Hexadecimal  [32-Bits]

Area                                    Addr        Size        Decimal Bytes (Attributes)
--------------------------------        ----        ----        ------- ----- ------------
_DATA                               0000C000    0000011D =         285. bytes (REL,CON)

      Value  Global                              Global Defined In Module
      -----  --------------------------------   ------------------------
     0000C000  _PSGMusicStatus                    PSGlib
     0000C001  _PSGMusicStart                     PSGlib
     0000C003  _PSGMusicPointer                   PSGlib
     0000C005  _PSGMusicLoopPoint                 PSGlib
     0000C007  _PSGMusicSkipFrames                PSGlib
     0000C008  _PSGLoopFlag                       PSGlib
     0000C009  _PSGMusicLastLatch                 PSGlib
     0000C00A  _PSGMusicVolumeAttenuation         PSGlib
     0000C00B  _PSGMusicSubstringLen              PSGlib
     0000C00C  _PSGMusicSubstringRetAddr          PSGlib
     0000C00E  _PSGChan0Volume                    PSGlib
     0000C00F  _PSGChan1Volume                    PSGlib
     0000C010  _PSGChan2Volume                    PSGlib
     0000C011  _PSGChan3Volume                    PSGlib
     0000C012  _PSGChan2LowTone                   PSGlib
     0000C013  _PSGChan2HighTone                  PSGlib
     0000C014  _PSGChan3LowTone                   PSGlib
     0000C015  _PSGChannel2SFX                    PSGlib
     0000C016  _PSGChannel3SFX                    PSGlib
     0000C017  _PSGSFXChan2Volume                 PSGlib
     0000C018  _PSGSFXChan3Volume                 PSGlib
     0000C019  _PSGSFXStatus                      PSGlib
     0000C01A  _PSGSFXStart                       PSGlib
     0000C01C  _PSGSFXPointer                     PSGlib
     0000C01E  _PSGSFXLoopPoint                   PSGlib
     0000C020  _PSGSFXSkipFrames                  PSGlib
     0000C021  _PSGSFXLoopFlag                    PSGlib
     0000C022  _PSGSFXSubstringLen                PSGlib
     0000C023  _PSGSFXSubstringRetAddr            PSGlib
     0000C025  _VDPBlank                          SMSlib
     0000C026  _SMS_VDPFlags                      SMSlib
     0000C027  _PauseRequested                    SMSlib
     0000C028  _SMS_Port3EBIOSvalue               SMSlib
     0000C029  _KeysStatus                        SMSlib
     0000C02B  _PreviousKeysStatus                SMSlib
     0000C02D  _SMS_theLineInterruptHandler       SMSlib
     0000C02F  _decompBuffer                      SMSlib_PSGaiden
     0000C04F  _clipWin_x0                        SMSlib_spriteClip
     0000C050  _clipWin_y0                        SMSlib_spriteClip
     0000C051  _SMS_TextRenderer_offset           SMSlib_textrenderer
     0000C053  _SpriteTableY                      SMSlib_sprite
     0000C093  _SpriteTableXN                     SMSlib_sprite
     0000C113  _SpriteNextFree                    SMSlib_sprite
     0000C114  _STM_src                           SMSlib_STMcomp
     0000C116  _STM_dest                          SMSlib_STMcomp
     0000C118  _STM_HH                            SMSlib_STMcomp
     0000C119  _STM_oldHH                         SMSlib_STMcomp
     0000C11A  _STM_needRestore                   SMSlib_STMcomp
     0000C11B  _STM_ttw                           SMSlib_STMcomp
     0000C11C  _STM_width                         SMSlib_STMcomp

ASxxxx Linker V03.00 + NoICE + sdld,  page 60.
Hexadecimal  [32-Bits]

Area                                    Addr        Size        Decimal Bytes (Attributes)
--------------------------------        ----        ----        ------- ----- ------------
_INITIALIZED                        0000C11D    0000000F =          15. bytes (REL,CON)

      Value  Global                              Global Defined In Module
      -----  --------------------------------   ------------------------
     0000C121  _game_audio_data                   audio_object
     0000C125  _VDPReg                            SMSlib
     0000C127  _spritesHeight                     SMSlib
     0000C128  _spritesWidth                      SMSlib
     0000C129  _spritesTileOffset                 SMSlib
     0000C12A  _clipWin_x1                        SMSlib_spriteClip
     0000C12B  _clipWin_y1                        SMSlib_spriteClip

ASxxxx Linker V03.00 + NoICE + sdld,  page 61.
Hexadecimal  [32-Bits]

Area                                    Addr        Size        Decimal Bytes (Attributes)
--------------------------------        ----        ----        ------- ----- ------------
_BANK2                              00008000    00004000 =       16384. bytes (REL,CON)

      Value  Global                              Global Defined In Module
      -----  --------------------------------   ------------------------
     00008000  _mus_game01_psg                    bank2

ASxxxx Linker V03.00 + NoICE + sdld,  page 62.
Hexadecimal  [32-Bits]

Area                                    Addr        Size        Decimal Bytes (Attributes)
--------------------------------        ----        ----        ------- ----- ------------
_BANK3                              00008000    000025EE =        9710. bytes (REL,CON)

      Value  Global                              Global Defined In Module
      -----  --------------------------------   ------------------------
     00008000  _mus_game02_psg                    bank3

ASxxxx Linker V03.00 + NoICE + sdld,  page 63.
Hexadecimal  [32-Bits]

Area                                    Addr        Size        Decimal Bytes (Attributes)
--------------------------------        ----        ----        ------- ----- ------------
_CABS0                              00000000    00000010 =          16. bytes (ABS,CON)

      Value  Global                              Global Defined In Module
      -----  --------------------------------   ------------------------
     00007FF0  G$__SMS__SEGA_signature$0_0$0      _sms_manager
     00007FF0  ___SMS__SEGA_signature             _sms_manager

ASxxxx Linker V03.00 + NoICE + sdld,  page 64.
Hexadecimal  [32-Bits]

Area                                    Addr        Size        Decimal Bytes (Attributes)
--------------------------------        ----        ----        ------- ----- ------------
_CABS1                              00000000    0000000E =          14. bytes (ABS,CON)

      Value  Global                              Global Defined In Module
      -----  --------------------------------   ------------------------
     00007FD2  G$__SMS__SDSC_author$0_0$0         _sms_manager
     00007FD2  ___SMS__SDSC_author                _sms_manager

ASxxxx Linker V03.00 + NoICE + sdld,  page 65.
Hexadecimal  [32-Bits]

Area                                    Addr        Size        Decimal Bytes (Attributes)
--------------------------------        ----        ----        ------- ----- ------------
_CABS2                              00000000    00000012 =          18. bytes (ABS,CON)

      Value  Global                              Global Defined In Module
      -----  --------------------------------   ------------------------
     00007FC0  G$__SMS__SDSC_name$0_0$0           _sms_manager
     00007FC0  ___SMS__SDSC_name                  _sms_manager

ASxxxx Linker V03.00 + NoICE + sdld,  page 66.
Hexadecimal  [32-Bits]

Area                                    Addr        Size        Decimal Bytes (Attributes)
--------------------------------        ----        ----        ------- ----- ------------
_CABS3                              00000000    00000038 =          56. bytes (ABS,CON)

      Value  Global                              Global Defined In Module
      -----  --------------------------------   ------------------------
     00007F88  G$__SMS__SDSC_descr$0_0$0          _sms_manager
     00007F88  ___SMS__SDSC_descr                 _sms_manager

ASxxxx Linker V03.00 + NoICE + sdld,  page 67.
Hexadecimal  [32-Bits]

Area                                    Addr        Size        Decimal Bytes (Attributes)
--------------------------------        ----        ----        ------- ----- ------------
_CABS4                              00000000    00000010 =          16. bytes (ABS,CON)

      Value  Global                              Global Defined In Module
      -----  --------------------------------   ------------------------
     00007FE0  G$__SMS__SDSC_signature$0_0$0      _sms_manager
     00007FE0  ___SMS__SDSC_signature             _sms_manager

ASxxxx Linker V03.00 + NoICE + sdld,  page 68.

Files Linked                              [ module(s) ]

../crt0/crt0_sms.rel                      [ crt0 ]
main.rel                                  [ main ]
../lib/PSGlib.rel                         [ PSGlib ]
banks/bank2.rel                           [ bank2 ]
banks/bank3.rel                           [ bank3 ]
devkit/_sms_manager.rel                   [ _sms_manager ]
devkit/_snd_manager.rel                   [ _snd_manager ]
engine/asm_manager.rel                    [ asm_manager ]
engine/audio_manager.rel                  [ audio_manager ]
engine/content_manager.rel                [ content_manager ]
engine/font_manager.rel                   [ font_manager ]
engine/input_manager.rel                  [ input_manager ]
object/audio_object.rel                   [ audio_object ]
gfx.rel                                   [ gfx ]


Libraries Linked                          [ object file ]

../lib/SMSlib.lib                         [ SMSlib_spriteAdv.rel ]
../lib/SMSlib.lib                         [ SMSlib_aPLib.rel ]
C:\Program Files\SDCC\bin\..\lib\z80/z80.lib
                                          [ divunsigned.rel ]
../lib/SMSlib.lib                         [ SMSlib_UNSAFE.rel ]
../lib/SMSlib.lib                         [ SMSlib.rel ]
../lib/SMSlib.lib                         [ SMSlib_PSGaiden.rel ]
../lib/SMSlib.lib                         [ SMSlib_load1bppTiles.rel ]
../lib/SMSlib.lib                         [ SMSlib_spriteClip.rel ]
../lib/SMSlib.lib                         [ SMSlib_VRAMmemset.rel ]
../lib/SMSlib.lib                         [ SMSlib_paletteAdv.rel ]
../lib/SMSlib.lib                         [ SMSlib_zx7.rel ]
../lib/SMSlib.lib                         [ SMSlib_textrenderer.rel ]
../lib/SMSlib.lib                         [ SMSlib_threesprites.rel ]
../lib/SMSlib.lib                         [ SMSlib_sprite.rel ]
../lib/SMSlib.lib                         [ SMSlib_twosprites.rel ]
../lib/SMSlib.lib                         [ SMSlib_paddle.rel ]
../lib/SMSlib.lib                         [ SMSlib_VRAMmemcpy_brief.rel ]
../lib/SMSlib.lib                         [ SMSlib_UNSAFE_zx7.rel ]
C:\Program Files\SDCC\bin\..\lib\z80/z80.lib
                                          [ __sdcc_call_hl.rel ]
../lib/SMSlib.lib                         [ SMSlib_deprecated.rel ]
../lib/SMSlib.lib                         [ SMSlib_VRAMmemcpy.rel ]
../lib/SMSlib.lib                         [ SMSlib_STMcomp.rel ]
../lib/SMSlib.lib                         [ SMSlib_loadTileMapArea.rel ]
../lib/SMSlib.lib                         [ SMSlib_autotext.rel ]
C:\Program Files\SDCC\bin\..\lib\z80/z80.lib
                                          [ modunsigned.rel ]

ASxxxx Linker V03.00 + NoICE + sdld,  page 69.

User Base Address Definitions

_CODE = 0x0200
_DATA = 0xc000
_BANK2=0x8000
_BANK3=0x8000

