ASxxxx Linker V03.00 + NoICE + sdld,  page 1.
Hexadecimal  [32-Bits]

Area                                    Addr        Size        Decimal Bytes (Attributes)
--------------------------------        ----        ----        ------- ----- ------------
.  .ABS.                            00000000    00000000 =           0. bytes (ABS,CON)

      Value  Global                              Global Defined In Module
      -----  --------------------------------   ------------------------
     00000000  .__.ABS.                           
     00000000  l__BSEG                         
     00000000  l__BSS                          
     00000000  l__CABS                         
     00000000  l__DABS                         
     00000000  l__HEADER                       
     00000000  l__HEAP                         
     00000000  l__HOME                         
     00000000  s__CABS                         
     00000000  s__CABS0                        
     00000000  s__CABS1                        
     00000000  s__CABS2                        
     00000000  s__CABS3                        
     00000000  s__CABS4                        
     00000000  s__DABS                         
     00000000  s__HEADER                       
     00000000  s__HEADER0                      
     00000000  s__HEADER1                      
     00000000  s__HEADER2                      
     00000000  s__HEADER3                      
     00000000  s__HEADER4                      
     00000000  s__HEADER5                      
     00000001  l__GSFINAL                      
     00000003  l__HEADER3                      
     00000003  l__HEADER4                      
     00000006  l__BANK10                       
     00000006  l__BANK11                       
     00000006  l__BANK12                       
     00000006  l__BANK13                       
     00000006  l__BANK14                       
     00000006  l__BANK15                       
     00000006  l__HEADER0                      
     00000009  l__HEADER1                      
     0000000A  l__HEADER2                      
     0000000F  l__GSINIT                       
     00000010  l__CABS0                        
     00000010  l__CABS4                        
     00000011  l__CABS1                        
     00000014  l__CABS2                        
     0000003D  l__CABS3                        
     000000BE  G$VDPDataPort$0_0$0                asm_manager
     000000BF  G$VDPControlPort$0_0$0             asm_manager
     0000012A  l__HEADER5                      
     000001F9  l__INITIALIZED                  
     000001F9  l__INITIALIZER                  
     00000200  s__CODE                         
     00000442  l__DATA                         
     00000F76  l__BANK2                        
     00001F11  l__BANK8                        
     00002029  l__BANK7                        
ASxxxx Linker V03.00 + NoICE + sdld,  page 2.
Hexadecimal  [32-Bits]

Area                                    Addr        Size        Decimal Bytes (Attributes)
--------------------------------        ----        ----        ------- ----- ------------
.  .ABS.                            00000000    00000000 =           0. bytes (ABS,CON)

      Value  Global                              Global Defined In Module
      -----  --------------------------------   ------------------------
     000021C0  l__BANK4                        
     000021C0  l__BANK5                        
     000026B4  l__BANK6                        
     000026D4  l__BANK9                        
     00003B84  l__BANK3                        
     0000636D  l__CODE                         
     0000656D  s__HOME                         
     0000656D  s__INITIALIZER                  
     00006766  s__GSINIT                       
     00006775  s__GSFINAL                      
     00008000  G$SMS_SRAM$0_0$0                   _sms_manager
     00008000  _SMS_SRAM                          SMSlib_PSGaiden
     00008000  s__BANK10                       
     00008000  s__BANK11                       
     00008000  s__BANK12                       
     00008000  s__BANK13                       
     00008000  s__BANK14                       
     00008000  s__BANK15                       
     00008000  s__BANK2                        
     00008000  s__BANK3                        
     00008000  s__BANK4                        
     00008000  s__BANK5                        
     00008000  s__BANK6                        
     00008000  s__BANK7                        
     00008000  s__BANK8                        
     00008000  s__BANK9                        
     0000C000  s__DATA                         
     0000C442  s__INITIALIZED                  
     0000C63B  s__BSEG                         
     0000C63B  s__BSS                          
     0000C63B  s__HEAP                         
     0000FFFC  G$SRAM_bank_to_be_mapped_on_slot   _sms_manager
     0000FFFC  _SRAM_bank_to_be_mapped_on_slot2   SMSlib_PSGaiden
     0000FFFF  G$ROM_bank_to_be_mapped_on_slot2   _sms_manager
     0000FFFF  _ROM_bank_to_be_mapped_on_slot2    SMSlib_PSGaiden

ASxxxx Linker V03.00 + NoICE + sdld,  page 3.
Hexadecimal  [32-Bits]

Area                                    Addr        Size        Decimal Bytes (Attributes)
--------------------------------        ----        ----        ------- ----- ------------
_CODE                               00000200    0000636D =       25453. bytes (REL,CON)

      Value  Global                              Global Defined In Module
      -----  --------------------------------   ------------------------
     00000200  __clock                            crt0
     00000204  _exit                              crt0
     0000020A  A$main$83                          main
     0000020A  C$main.c$3$0_0$58                  main
     0000020A  C$main.c$9$1_0$58                  main
     0000020A  G$main$0$0                         main
     0000020A  _main                              main
     0000020D  A$main$87                          main
     0000020D  C$main.c$10$1_0$58                 main
     00000210  A$main$91                          main
     00000210  C$main.c$11$1_0$58                 main
     00000213  A$main$95                          main
     00000213  C$main.c$13$1_0$58                 main
     00000216  A$main$96                          main
     00000217  A$main$97                          main
     00000218  A$main$98                          main
     00000219  A$main$99                          main
     0000021C  A$main$100                         main
     0000021D  A$main$104                         main
     0000021D  C$main.c$14$1_0$58                 main
     00000220  A$main$108                         main
     00000220  C$main.c$15$1_0$58                 main
     00000223  A$main$109                         main
     00000224  A$main$110                         main
     00000227  A$main$111                         main
     00000228  A$main$115                         main
     00000228  C$main.c$17$1_0$58                 main
     0000022B  A$main$119                         main
     0000022B  C$main.c$18$1_0$58                 main
     0000022E  A$main$123                         main
     0000022E  C$main.c$25$1_0$58                 main
     00000231  A$main$127                         main
     00000231  C$main.c$26$1_0$58                 main
     00000233  A$main$128                         main
     00000234  A$main$129                         main
     00000235  A$main$130                         main
     00000238  A$main$131                         main
     00000239  A$main$135                         main
     00000239  C$main.c$27$1_0$58                 main
     0000023C  A$main$140                         main
     0000023C  C$main.c$30$3_0$60                 main
     0000023F  A$main$141                         main
     00000240  A$main$142                         main
     00000241  A$main$143                         main
     00000243  A$main$147                         main
     00000243  C$main.c$32$4_0$61                 main
     00000246  A$main$151                         main
     00000246  C$main.c$33$4_0$61                 main
     0000024A  A$main$152                         main
     0000024D  A$main$153                         main
ASxxxx Linker V03.00 + NoICE + sdld,  page 4.
Hexadecimal  [32-Bits]

Area                                    Addr        Size        Decimal Bytes (Attributes)
--------------------------------        ----        ----        ------- ----- ------------
_CODE                               00000200    0000636D =       25453. bytes (REL,CON)

      Value  Global                              Global Defined In Module
      -----  --------------------------------   ------------------------
     0000024F  A$main$154                         main
     00000252  A$main$158                         main
     00000252  C$main.c$34$4_0$61                 main
     00000256  A$main$159                         main
     00000258  A$main$163                         main
     00000258  C$main.c$36$5_0$62                 main
     0000025B  A$main$164                         main
     0000025D  A$main$169                         main
     0000025D  C$main.c$40$5_0$63                 main
     00000260  A$main$174                         main
     00000260  C$main.c$44$3_0$60                 main
     00000263  A$main$175                         main
     00000265  A$main$176                         main
     00000267  A$main$180                         main
     00000267  C$main.c$49$3_0$60                 main
     0000026A  A$main$184                         main
     0000026A  C$main.c$50$3_0$60                 main
     0000026D  A$main$188                         main
     0000026D  C$main.c$52$3_0$60                 main
     00000270  A$main$192                         main
     00000270  C$main.c$54$3_0$60                 main
     00000273  A$main$196                         main
     00000273  C$main.c$55$3_0$60                 main
     00000276  A$main$200                         main
     00000276  C$main.c$56$3_0$60                 main
     00000279  A$main$204                         main
     00000279  C$main.c$58$3_0$60                 main
     0000027C  A$main$208                         main
     0000027C  C$main.c$59$3_0$60                 main
     0000027F  A$main$216                         main
     0000027F  C$main.c$61$2_0$58                 main
     0000027F  XG$main$0$0                        main
     00000281  _PSGStop                           PSGlib
     000002A8  _PSGResume                         PSGlib
     000002F4  _PSGPlay                           PSGlib
     00000321  _PSGCancelLoop                     PSGlib
     00000327  _PSGPlayNoRepeat                   PSGlib
     00000336  _PSGGetStatus                      PSGlib
     0000033E  _PSGSilenceChannels                PSGlib
     0000034F  _PSGRestoreVolumes                 PSGlib
     00000420  _PSGSetMusicVolumeAttenuation      PSGlib
     000004E5  _PSGSFXStop                        PSGlib
     0000059E  _PSGSFXPlay                        PSGlib
     000005EB  _PSGSFXCancelLoop                  PSGlib
     000005F1  _PSGSFXGetStatus                   PSGlib
     000005F9  _PSGSFXPlayLoop                    PSGlib
     00000613  _PSGFrame                          PSGlib
     0000072C  _PSGSFXFrame                       PSGlib
     000007B2  A$asm_manager$59                   asm_manager
     000007B2  C$asm_manager.c$11$0_0$1           asm_manager
     000007B2  C$asm_manager.c$30$1_0$1           asm_manager
ASxxxx Linker V03.00 + NoICE + sdld,  page 5.
Hexadecimal  [32-Bits]

Area                                    Addr        Size        Decimal Bytes (Attributes)
--------------------------------        ----        ----        ------- ----- ------------
_CODE                               00000200    0000636D =       25453. bytes (REL,CON)

      Value  Global                              Global Defined In Module
      -----  --------------------------------   ------------------------
     000007B2  G$engine_asm_manager_clear_VRAM$   asm_manager
     000007B2  _engine_asm_manager_clear_VRAM     asm_manager
     000007B4  A$asm_manager$60                   asm_manager
     000007B6  A$asm_manager$61                   asm_manager
     000007B8  A$asm_manager$62                   asm_manager
     000007BA  A$asm_manager$63                   asm_manager
     000007BD  A$asm_manager$65                   asm_manager
     000007BF  A$asm_manager$66                   asm_manager
     000007C1  A$asm_manager$67                   asm_manager
     000007C2  A$asm_manager$68                   asm_manager
     000007C3  A$asm_manager$69                   asm_manager
     000007C4  A$asm_manager$70                   asm_manager
     000007C7  A$asm_manager$78                   asm_manager
     000007C7  C$asm_manager.c$33$1_0$1           asm_manager
     000007C7  XG$engine_asm_manager_clear_VRAM   asm_manager
     000007C8  A$_sms_manager$129                 _sms_manager
     000007C8  C$_sms_manager.c$11$0_0$71         _sms_manager
     000007C8  C$_sms_manager.c$13$1_0$71         _sms_manager
     000007C8  C$_sms_manager.c$14$1_0$71         _sms_manager
     000007C8  G$devkit_SMS_init$0$0              _sms_manager
     000007C8  XG$devkit_SMS_init$0$0             _sms_manager
     000007C8  _devkit_SMS_init                   _sms_manager
     000007CB  A$_sms_manager$142                 _sms_manager
     000007CB  C$_sms_manager.c$15$1_0$72         _sms_manager
     000007CB  C$_sms_manager.c$17$1_0$72         _sms_manager
     000007CB  G$devkit_SMS_displayOn$0$0         _sms_manager
     000007CB  _devkit_SMS_displayOn              _sms_manager
     000007CE  A$_sms_manager$150                 _sms_manager
     000007CE  C$_sms_manager.c$18$1_0$72         _sms_manager
     000007CE  XG$devkit_SMS_displayOn$0$0        _sms_manager
     000007D1  A$_sms_manager$163                 _sms_manager
     000007D1  C$_sms_manager.c$19$1_0$73         _sms_manager
     000007D1  C$_sms_manager.c$21$1_0$73         _sms_manager
     000007D1  G$devkit_SMS_displayOff$0$0        _sms_manager
     000007D1  _devkit_SMS_displayOff             _sms_manager
     000007D4  A$_sms_manager$171                 _sms_manager
     000007D4  C$_sms_manager.c$22$1_0$73         _sms_manager
     000007D4  XG$devkit_SMS_displayOff$0$0       _sms_manager
     000007D7  A$_sms_manager$184                 _sms_manager
     000007D7  C$_sms_manager.c$23$1_0$75         _sms_manager
     000007D7  C$_sms_manager.c$25$1_0$75         _sms_manager
     000007D7  G$devkit_SMS_mapROMBank$0$0        _sms_manager
     000007D7  _devkit_SMS_mapROMBank             _sms_manager
     000007DB  A$_sms_manager$185                 _sms_manager
     000007DD  A$_sms_manager$186                 _sms_manager
     000007E0  A$_sms_manager$187                 _sms_manager
     000007E3  A$_sms_manager$195                 _sms_manager
     000007E3  C$_sms_manager.c$26$1_0$75         _sms_manager
     000007E3  XG$devkit_SMS_mapROMBank$0$0       _sms_manager
     000007E4  A$_sms_manager$208                 _sms_manager
     000007E4  C$_sms_manager.c$28$1_0$77         _sms_manager
ASxxxx Linker V03.00 + NoICE + sdld,  page 6.
Hexadecimal  [32-Bits]

Area                                    Addr        Size        Decimal Bytes (Attributes)
--------------------------------        ----        ----        ------- ----- ------------
_CODE                               00000200    0000636D =       25453. bytes (REL,CON)

      Value  Global                              Global Defined In Module
      -----  --------------------------------   ------------------------
     000007E4  C$_sms_manager.c$30$1_0$77         _sms_manager
     000007E4  G$devkit_SMS_setSpriteMode$0$0     _sms_manager
     000007E4  _devkit_SMS_setSpriteMode          _sms_manager
     000007E8  A$_sms_manager$209                 _sms_manager
     000007EA  A$_sms_manager$210                 _sms_manager
     000007ED  A$_sms_manager$218                 _sms_manager
     000007ED  C$_sms_manager.c$31$1_0$77         _sms_manager
     000007ED  XG$devkit_SMS_setSpriteMode$0$0    _sms_manager
     000007F0  A$_sms_manager$231                 _sms_manager
     000007F0  C$_sms_manager.c$32$1_0$78         _sms_manager
     000007F0  C$_sms_manager.c$34$1_0$78         _sms_manager
     000007F0  G$devkit_SMS_useFirstHalfTilesfo   _sms_manager
     000007F0  _devkit_SMS_useFirstHalfTilesfor   _sms_manager
     000007F2  A$_sms_manager$239                 _sms_manager
     000007F2  C$_sms_manager.c$35$1_0$78         _sms_manager
     000007F2  XG$devkit_SMS_useFirstHalfTilesf   _sms_manager
     000007F5  A$_sms_manager$252                 _sms_manager
     000007F5  C$_sms_manager.c$36$1_0$79         _sms_manager
     000007F5  C$_sms_manager.c$38$1_0$79         _sms_manager
     000007F5  G$devkit_SMS_useFirstHalfTilesfo   _sms_manager
     000007F5  _devkit_SMS_useFirstHalfTilesfor   _sms_manager
     000007F7  A$_sms_manager$260                 _sms_manager
     000007F7  C$_sms_manager.c$39$1_0$79         _sms_manager
     000007F7  XG$devkit_SMS_useFirstHalfTilesf   _sms_manager
     000007FA  A$_sms_manager$273                 _sms_manager
     000007FA  C$_sms_manager.c$40$1_0$81         _sms_manager
     000007FA  C$_sms_manager.c$42$1_0$81         _sms_manager
     000007FA  G$devkit_SMS_VDPturnOnFeature$0$   _sms_manager
     000007FA  _devkit_SMS_VDPturnOnFeature       _sms_manager
     000007FE  A$_sms_manager$274                 _sms_manager
     00000800  A$_sms_manager$275                 _sms_manager
     00000803  A$_sms_manager$276                 _sms_manager
     00000806  A$_sms_manager$284                 _sms_manager
     00000806  C$_sms_manager.c$43$1_0$81         _sms_manager
     00000806  XG$devkit_SMS_VDPturnOnFeature$0   _sms_manager
     00000809  A$_sms_manager$297                 _sms_manager
     00000809  C$_sms_manager.c$45$1_0$83         _sms_manager
     00000809  C$_sms_manager.c$47$1_0$83         _sms_manager
     00000809  G$devkit_SMS_loadPSGaidencompres   _sms_manager
     00000809  _devkit_SMS_loadPSGaidencompress   _sms_manager
     0000080D  A$_sms_manager$298                 _sms_manager
     0000080F  A$_sms_manager$299                 _sms_manager
     00000812  A$_sms_manager$300                 _sms_manager
     00000815  A$_sms_manager$301                 _sms_manager
     00000816  A$_sms_manager$302                 _sms_manager
     00000819  A$_sms_manager$303                 _sms_manager
     0000081C  A$_sms_manager$304                 _sms_manager
     0000081D  A$_sms_manager$305                 _sms_manager
     00000820  A$_sms_manager$306                 _sms_manager
     00000821  A$_sms_manager$307                 _sms_manager
     00000822  A$_sms_manager$315                 _sms_manager
ASxxxx Linker V03.00 + NoICE + sdld,  page 7.
Hexadecimal  [32-Bits]

Area                                    Addr        Size        Decimal Bytes (Attributes)
--------------------------------        ----        ----        ------- ----- ------------
_CODE                               00000200    0000636D =       25453. bytes (REL,CON)

      Value  Global                              Global Defined In Module
      -----  --------------------------------   ------------------------
     00000822  C$_sms_manager.c$48$1_0$83         _sms_manager
     00000822  XG$devkit_SMS_loadPSGaidencompre   _sms_manager
     00000823  A$_sms_manager$328                 _sms_manager
     00000823  C$_sms_manager.c$49$1_0$85         _sms_manager
     00000823  C$_sms_manager.c$51$1_0$85         _sms_manager
     00000823  G$devkit_SMS_loadSTMcompressedTi   _sms_manager
     00000823  _devkit_SMS_loadSTMcompressedTil   _sms_manager
     00000825  A$_sms_manager$329                 _sms_manager
     00000826  A$_sms_manager$330                 _sms_manager
     00000827  A$_sms_manager$331                 _sms_manager
     0000082B  A$_sms_manager$332                 _sms_manager
     0000082D  A$_sms_manager$333                 _sms_manager
     00000830  A$_sms_manager$334                 _sms_manager
     00000833  A$_sms_manager$335                 _sms_manager
     00000834  A$_sms_manager$336                 _sms_manager
     00000837  A$_sms_manager$337                 _sms_manager
     00000839  A$_sms_manager$338                 _sms_manager
     0000083A  A$_sms_manager$339                 _sms_manager
     0000083B  A$_sms_manager$340                 _sms_manager
     0000083E  A$_sms_manager$341                 _sms_manager
     0000083F  A$_sms_manager$342                 _sms_manager
     00000840  A$_sms_manager$343                 _sms_manager
     00000843  A$_sms_manager$344                 _sms_manager
     00000844  A$_sms_manager$345                 _sms_manager
     00000845  A$_sms_manager$346                 _sms_manager
     00000846  A$_sms_manager$354                 _sms_manager
     00000846  C$_sms_manager.c$52$1_0$85         _sms_manager
     00000846  XG$devkit_SMS_loadSTMcompressedT   _sms_manager
     00000847  A$_sms_manager$367                 _sms_manager
     00000847  C$_sms_manager.c$54$1_0$87         _sms_manager
     00000847  C$_sms_manager.c$56$1_0$87         _sms_manager
     00000847  G$devkit_SMS_loadBGPalette$0$0     _sms_manager
     00000847  _devkit_SMS_loadBGPalette          _sms_manager
     0000084B  A$_sms_manager$368                 _sms_manager
     0000084D  A$_sms_manager$369                 _sms_manager
     00000850  A$_sms_manager$370                 _sms_manager
     00000853  A$_sms_manager$378                 _sms_manager
     00000853  C$_sms_manager.c$57$1_0$87         _sms_manager
     00000853  XG$devkit_SMS_loadBGPalette$0$0    _sms_manager
     00000856  A$_sms_manager$391                 _sms_manager
     00000856  C$_sms_manager.c$58$1_0$89         _sms_manager
     00000856  C$_sms_manager.c$60$1_0$89         _sms_manager
     00000856  G$devkit_SMS_loadSpritePalette$0   _sms_manager
     00000856  _devkit_SMS_loadSpritePalette      _sms_manager
     0000085A  A$_sms_manager$392                 _sms_manager
     0000085C  A$_sms_manager$393                 _sms_manager
     0000085F  A$_sms_manager$394                 _sms_manager
     00000862  A$_sms_manager$402                 _sms_manager
     00000862  C$_sms_manager.c$61$1_0$89         _sms_manager
     00000862  XG$devkit_SMS_loadSpritePalette$   _sms_manager
     00000865  A$_sms_manager$415                 _sms_manager
ASxxxx Linker V03.00 + NoICE + sdld,  page 8.
Hexadecimal  [32-Bits]

Area                                    Addr        Size        Decimal Bytes (Attributes)
--------------------------------        ----        ----        ------- ----- ------------
_CODE                               00000200    0000636D =       25453. bytes (REL,CON)

      Value  Global                              Global Defined In Module
      -----  --------------------------------   ------------------------
     00000865  C$_sms_manager.c$62$1_0$91         _sms_manager
     00000865  C$_sms_manager.c$64$1_0$91         _sms_manager
     00000865  G$devkit_SMS_setSpritePaletteCol   _sms_manager
     00000865  _devkit_SMS_setSpritePaletteColo   _sms_manager
     00000869  A$_sms_manager$416                 _sms_manager
     0000086B  A$_sms_manager$417                 _sms_manager
     0000086E  A$_sms_manager$418                 _sms_manager
     0000086F  A$_sms_manager$419                 _sms_manager
     00000870  A$_sms_manager$420                 _sms_manager
     00000872  A$_sms_manager$421                 _sms_manager
     00000875  A$_sms_manager$422                 _sms_manager
     00000876  A$_sms_manager$423                 _sms_manager
     00000879  A$_sms_manager$424                 _sms_manager
     0000087B  A$_sms_manager$425                 _sms_manager
     0000087D  A$_sms_manager$426                 _sms_manager
     0000087E  A$_sms_manager$427                 _sms_manager
     0000087F  A$_sms_manager$428                 _sms_manager
     00000880  A$_sms_manager$429                 _sms_manager
     00000881  A$_sms_manager$430                 _sms_manager
     00000882  A$_sms_manager$434                 _sms_manager
     00000882  C$_sms_manager.c$65$1_0$91         _sms_manager
     00000883  A$_sms_manager$435                 _sms_manager
     00000884  A$_sms_manager$436                 _sms_manager
     00000887  A$_sms_manager$437                 _sms_manager
     00000888  A$_sms_manager$438                 _sms_manager
     00000889  A$_sms_manager$439                 _sms_manager
     0000088C  A$_sms_manager$440                 _sms_manager
     0000088D  A$_sms_manager$448                 _sms_manager
     0000088D  C$_sms_manager.c$66$1_0$91         _sms_manager
     0000088D  XG$devkit_SMS_setSpritePaletteCo   _sms_manager
     0000088E  A$_sms_manager$458                 _sms_manager
     0000088E  C$_sms_manager.c$68$1_0$93         _sms_manager
     0000088E  G$devkit_SMS_setNextTileatXY$0$0   _sms_manager
     0000088E  _devkit_SMS_setNextTileatXY        _sms_manager
     00000890  A$_sms_manager$459                 _sms_manager
     00000894  A$_sms_manager$460                 _sms_manager
     00000896  A$_sms_manager$464                 _sms_manager
     00000896  C$_sms_manager.c$70$1_0$93         _sms_manager
     00000899  A$_sms_manager$465                 _sms_manager
     0000089B  A$_sms_manager$466                 _sms_manager
     0000089C  A$_sms_manager$467                 _sms_manager
     0000089D  A$_sms_manager$468                 _sms_manager
     0000089E  A$_sms_manager$469                 _sms_manager
     0000089F  A$_sms_manager$470                 _sms_manager
     000008A0  A$_sms_manager$471                 _sms_manager
     000008A1  A$_sms_manager$472                 _sms_manager
     000008A2  A$_sms_manager$473                 _sms_manager
     000008A3  A$_sms_manager$474                 _sms_manager
     000008A4  A$_sms_manager$475                 _sms_manager
     000008A6  A$_sms_manager$476                 _sms_manager
     000008A7  A$_sms_manager$477                 _sms_manager
ASxxxx Linker V03.00 + NoICE + sdld,  page 9.
Hexadecimal  [32-Bits]

Area                                    Addr        Size        Decimal Bytes (Attributes)
--------------------------------        ----        ----        ------- ----- ------------
_CODE                               00000200    0000636D =       25453. bytes (REL,CON)

      Value  Global                              Global Defined In Module
      -----  --------------------------------   ------------------------
     000008A8  A$_sms_manager$478                 _sms_manager
     000008AB  A$_sms_manager$479                 _sms_manager
     000008AD  A$_sms_manager$480                 _sms_manager
     000008AE  A$_sms_manager$481                 _sms_manager
     000008AF  A$_sms_manager$482                 _sms_manager
     000008B0  A$_sms_manager$483                 _sms_manager
     000008B1  A$_sms_manager$484                 _sms_manager
     000008B2  A$_sms_manager$485                 _sms_manager
     000008B3  A$_sms_manager$493                 _sms_manager
     000008B3  C$_sms_manager.c$71$1_0$93         _sms_manager
     000008B3  XG$devkit_SMS_setNextTileatXY$0$   _sms_manager
     000008B5  A$_sms_manager$494                 _sms_manager
     000008B8  A$_sms_manager$507                 _sms_manager
     000008B8  C$_sms_manager.c$72$1_0$95         _sms_manager
     000008B8  C$_sms_manager.c$74$1_0$95         _sms_manager
     000008B8  G$devkit_SMS_setTile$0$0           _sms_manager
     000008B8  _devkit_SMS_setTile                _sms_manager
     000008BC  A$_sms_manager$508                 _sms_manager
     000008BE  A$_sms_manager$509                 _sms_manager
     000008C1  A$_sms_manager$510                 _sms_manager
     000008C3  A$_sms_manager$518                 _sms_manager
     000008C3  C$_sms_manager.c$75$1_0$95         _sms_manager
     000008C3  XG$devkit_SMS_setTile$0$0          _sms_manager
     000008C6  A$_sms_manager$531                 _sms_manager
     000008C6  C$_sms_manager.c$77$1_0$97         _sms_manager
     000008C6  C$_sms_manager.c$79$1_0$97         _sms_manager
     000008C6  G$devkit_SMS_addSprite$0$0         _sms_manager
     000008C6  _devkit_SMS_addSprite              _sms_manager
     000008CA  A$_sms_manager$532                 _sms_manager
     000008CC  A$_sms_manager$533                 _sms_manager
     000008CF  A$_sms_manager$534                 _sms_manager
     000008D0  A$_sms_manager$535                 _sms_manager
     000008D1  A$_sms_manager$536                 _sms_manager
     000008D4  A$_sms_manager$537                 _sms_manager
     000008D6  A$_sms_manager$538                 _sms_manager
     000008D7  A$_sms_manager$539                 _sms_manager
     000008D8  A$_sms_manager$540                 _sms_manager
     000008DB  A$_sms_manager$541                 _sms_manager
     000008DC  A$_sms_manager$542                 _sms_manager
     000008DD  A$_sms_manager$543                 _sms_manager
     000008E0  A$_sms_manager$544                 _sms_manager
     000008E1  A$_sms_manager$545                 _sms_manager
     000008E2  A$_sms_manager$553                 _sms_manager
     000008E2  C$_sms_manager.c$80$1_0$97         _sms_manager
     000008E2  XG$devkit_SMS_addSprite$0$0        _sms_manager
     000008E3  A$_sms_manager$563                 _sms_manager
     000008E3  C$_sms_manager.c$81$1_0$99         _sms_manager
     000008E3  G$devkit_SMS_addSprite_bulk8$0$0   _sms_manager
     000008E3  _devkit_SMS_addSprite_bulk8        _sms_manager
     000008E5  A$_sms_manager$564                 _sms_manager
     000008E9  A$_sms_manager$565                 _sms_manager
ASxxxx Linker V03.00 + NoICE + sdld,  page 10.
Hexadecimal  [32-Bits]

Area                                    Addr        Size        Decimal Bytes (Attributes)
--------------------------------        ----        ----        ------- ----- ------------
_CODE                               00000200    0000636D =       25453. bytes (REL,CON)

      Value  Global                              Global Defined In Module
      -----  --------------------------------   ------------------------
     000008EB  A$_sms_manager$569                 _sms_manager
     000008EB  C$_sms_manager.c$83$1_0$99         _sms_manager
     000008EE  A$_sms_manager$570                 _sms_manager
     000008F1  A$_sms_manager$571                 _sms_manager
     000008F2  A$_sms_manager$572                 _sms_manager
     000008F5  A$_sms_manager$573                 _sms_manager
     000008F6  A$_sms_manager$574                 _sms_manager
     000008F7  A$_sms_manager$575                 _sms_manager
     000008FA  A$_sms_manager$576                 _sms_manager
     000008FB  A$_sms_manager$577                 _sms_manager
     000008FC  A$_sms_manager$581                 _sms_manager
     000008FC  C$_sms_manager.c$84$1_0$99         _sms_manager
     000008FF  A$_sms_manager$582                 _sms_manager
     00000900  A$_sms_manager$583                 _sms_manager
     00000901  A$_sms_manager$584                 _sms_manager
     00000904  A$_sms_manager$585                 _sms_manager
     00000906  A$_sms_manager$586                 _sms_manager
     00000907  A$_sms_manager$587                 _sms_manager
     00000908  A$_sms_manager$588                 _sms_manager
     00000909  A$_sms_manager$589                 _sms_manager
     0000090A  A$_sms_manager$590                 _sms_manager
     0000090D  A$_sms_manager$591                 _sms_manager
     0000090E  A$_sms_manager$592                 _sms_manager
     0000090F  A$_sms_manager$593                 _sms_manager
     00000910  A$_sms_manager$594                 _sms_manager
     00000911  A$_sms_manager$595                 _sms_manager
     00000914  A$_sms_manager$596                 _sms_manager
     00000915  A$_sms_manager$597                 _sms_manager
     00000916  A$_sms_manager$598                 _sms_manager
     00000917  A$_sms_manager$602                 _sms_manager
     00000917  C$_sms_manager.c$86$1_0$99         _sms_manager
     00000918  A$_sms_manager$603                 _sms_manager
     00000919  A$_sms_manager$604                 _sms_manager
     0000091A  A$_sms_manager$605                 _sms_manager
     0000091D  A$_sms_manager$606                 _sms_manager
     0000091E  A$_sms_manager$607                 _sms_manager
     00000920  A$_sms_manager$608                 _sms_manager
     00000921  A$_sms_manager$609                 _sms_manager
     00000922  A$_sms_manager$610                 _sms_manager
     00000923  A$_sms_manager$611                 _sms_manager
     00000924  A$_sms_manager$612                 _sms_manager
     00000925  A$_sms_manager$613                 _sms_manager
     00000926  A$_sms_manager$614                 _sms_manager
     00000927  A$_sms_manager$615                 _sms_manager
     00000928  A$_sms_manager$616                 _sms_manager
     0000092B  A$_sms_manager$617                 _sms_manager
     0000092C  A$_sms_manager$618                 _sms_manager
     0000092D  A$_sms_manager$619                 _sms_manager
     00000930  A$_sms_manager$620                 _sms_manager
     00000931  A$_sms_manager$621                 _sms_manager
     00000932  A$_sms_manager$622                 _sms_manager
ASxxxx Linker V03.00 + NoICE + sdld,  page 11.
Hexadecimal  [32-Bits]

Area                                    Addr        Size        Decimal Bytes (Attributes)
--------------------------------        ----        ----        ------- ----- ------------
_CODE                               00000200    0000636D =       25453. bytes (REL,CON)

      Value  Global                              Global Defined In Module
      -----  --------------------------------   ------------------------
     00000933  A$_sms_manager$623                 _sms_manager
     00000934  A$_sms_manager$627                 _sms_manager
     00000934  C$_sms_manager.c$87$1_0$99         _sms_manager
     00000935  A$_sms_manager$628                 _sms_manager
     00000936  A$_sms_manager$629                 _sms_manager
     00000937  A$_sms_manager$630                 _sms_manager
     00000938  A$_sms_manager$631                 _sms_manager
     00000939  A$_sms_manager$632                 _sms_manager
     0000093A  A$_sms_manager$633                 _sms_manager
     0000093B  A$_sms_manager$634                 _sms_manager
     0000093C  A$_sms_manager$635                 _sms_manager
     0000093D  A$_sms_manager$636                 _sms_manager
     0000093E  A$_sms_manager$637                 _sms_manager
     00000941  A$_sms_manager$638                 _sms_manager
     00000942  A$_sms_manager$639                 _sms_manager
     00000943  A$_sms_manager$640                 _sms_manager
     00000944  A$_sms_manager$641                 _sms_manager
     00000945  A$_sms_manager$645                 _sms_manager
     00000945  C$_sms_manager.c$89$1_0$99         _sms_manager
     00000946  A$_sms_manager$646                 _sms_manager
     00000947  A$_sms_manager$647                 _sms_manager
     00000948  A$_sms_manager$648                 _sms_manager
     00000949  A$_sms_manager$649                 _sms_manager
     0000094A  A$_sms_manager$650                 _sms_manager
     0000094B  A$_sms_manager$651                 _sms_manager
     0000094D  A$_sms_manager$652                 _sms_manager
     0000094E  A$_sms_manager$653                 _sms_manager
     0000094F  A$_sms_manager$654                 _sms_manager
     00000950  A$_sms_manager$655                 _sms_manager
     00000951  A$_sms_manager$656                 _sms_manager
     00000952  A$_sms_manager$657                 _sms_manager
     00000955  A$_sms_manager$658                 _sms_manager
     00000956  A$_sms_manager$659                 _sms_manager
     00000957  A$_sms_manager$660                 _sms_manager
     0000095A  A$_sms_manager$661                 _sms_manager
     0000095B  A$_sms_manager$662                 _sms_manager
     0000095C  A$_sms_manager$663                 _sms_manager
     0000095D  A$_sms_manager$664                 _sms_manager
     0000095E  A$_sms_manager$668                 _sms_manager
     0000095E  C$_sms_manager.c$90$1_0$99         _sms_manager
     0000095F  A$_sms_manager$669                 _sms_manager
     00000961  A$_sms_manager$670                 _sms_manager
     00000962  A$_sms_manager$671                 _sms_manager
     00000963  A$_sms_manager$672                 _sms_manager
     00000964  A$_sms_manager$673                 _sms_manager
     00000965  A$_sms_manager$674                 _sms_manager
     00000966  A$_sms_manager$675                 _sms_manager
     00000967  A$_sms_manager$676                 _sms_manager
     0000096A  A$_sms_manager$677                 _sms_manager
     0000096B  A$_sms_manager$678                 _sms_manager
     0000096C  A$_sms_manager$679                 _sms_manager
ASxxxx Linker V03.00 + NoICE + sdld,  page 12.
Hexadecimal  [32-Bits]

Area                                    Addr        Size        Decimal Bytes (Attributes)
--------------------------------        ----        ----        ------- ----- ------------
_CODE                               00000200    0000636D =       25453. bytes (REL,CON)

      Value  Global                              Global Defined In Module
      -----  --------------------------------   ------------------------
     0000096D  A$_sms_manager$680                 _sms_manager
     0000096E  A$_sms_manager$684                 _sms_manager
     0000096E  C$_sms_manager.c$92$1_0$99         _sms_manager
     0000096F  A$_sms_manager$685                 _sms_manager
     00000971  A$_sms_manager$686                 _sms_manager
     00000972  A$_sms_manager$687                 _sms_manager
     00000973  A$_sms_manager$688                 _sms_manager
     00000975  A$_sms_manager$689                 _sms_manager
     00000976  A$_sms_manager$690                 _sms_manager
     00000977  A$_sms_manager$691                 _sms_manager
     00000978  A$_sms_manager$692                 _sms_manager
     00000979  A$_sms_manager$693                 _sms_manager
     0000097A  A$_sms_manager$694                 _sms_manager
     0000097D  A$_sms_manager$695                 _sms_manager
     0000097E  A$_sms_manager$696                 _sms_manager
     0000097F  A$_sms_manager$697                 _sms_manager
     00000982  A$_sms_manager$698                 _sms_manager
     00000983  A$_sms_manager$699                 _sms_manager
     00000984  A$_sms_manager$700                 _sms_manager
     00000985  A$_sms_manager$701                 _sms_manager
     00000986  A$_sms_manager$705                 _sms_manager
     00000986  C$_sms_manager.c$93$1_0$99         _sms_manager
     00000987  A$_sms_manager$706                 _sms_manager
     00000989  A$_sms_manager$707                 _sms_manager
     0000098A  A$_sms_manager$708                 _sms_manager
     0000098B  A$_sms_manager$709                 _sms_manager
     0000098C  A$_sms_manager$710                 _sms_manager
     0000098D  A$_sms_manager$711                 _sms_manager
     00000990  A$_sms_manager$712                 _sms_manager
     00000991  A$_sms_manager$713                 _sms_manager
     00000992  A$_sms_manager$717                 _sms_manager
     00000994  A$_sms_manager$722                 _sms_manager
     00000994  C$_sms_manager.c$94$1_0$99         _sms_manager
     00000994  XG$devkit_SMS_addSprite_bulk8$0$   _sms_manager
     00000995  A$_sms_manager$732                 _sms_manager
     00000995  C$_sms_manager.c$95$1_0$101        _sms_manager
     00000995  G$devkit_SMS_addSprite_bulk12$0$   _sms_manager
     00000995  _devkit_SMS_addSprite_bulk12       _sms_manager
     00000997  A$_sms_manager$733                 _sms_manager
     0000099B  A$_sms_manager$734                 _sms_manager
     0000099D  A$_sms_manager$735                 _sms_manager
     0000099E  A$_sms_manager$739                 _sms_manager
     0000099E  C$_sms_manager.c$97$1_0$101        _sms_manager
     000009A1  A$_sms_manager$740                 _sms_manager
     000009A4  A$_sms_manager$741                 _sms_manager
     000009A5  A$_sms_manager$742                 _sms_manager
     000009A8  A$_sms_manager$743                 _sms_manager
     000009A9  A$_sms_manager$744                 _sms_manager
     000009AA  A$_sms_manager$745                 _sms_manager
     000009AD  A$_sms_manager$746                 _sms_manager
     000009AE  A$_sms_manager$747                 _sms_manager
ASxxxx Linker V03.00 + NoICE + sdld,  page 13.
Hexadecimal  [32-Bits]

Area                                    Addr        Size        Decimal Bytes (Attributes)
--------------------------------        ----        ----        ------- ----- ------------
_CODE                               00000200    0000636D =       25453. bytes (REL,CON)

      Value  Global                              Global Defined In Module
      -----  --------------------------------   ------------------------
     000009AF  A$_sms_manager$751                 _sms_manager
     000009AF  C$_sms_manager.c$98$1_0$101        _sms_manager
     000009B2  A$_sms_manager$752                 _sms_manager
     000009B3  A$_sms_manager$753                 _sms_manager
     000009B4  A$_sms_manager$754                 _sms_manager
     000009B7  A$_sms_manager$755                 _sms_manager
     000009B8  A$_sms_manager$756                 _sms_manager
     000009BA  A$_sms_manager$757                 _sms_manager
     000009BD  A$_sms_manager$758                 _sms_manager
     000009BE  A$_sms_manager$759                 _sms_manager
     000009BF  A$_sms_manager$760                 _sms_manager
     000009C0  A$_sms_manager$761                 _sms_manager
     000009C3  A$_sms_manager$762                 _sms_manager
     000009C6  A$_sms_manager$763                 _sms_manager
     000009C7  A$_sms_manager$764                 _sms_manager
     000009CA  A$_sms_manager$765                 _sms_manager
     000009CB  A$_sms_manager$766                 _sms_manager
     000009CC  A$_sms_manager$767                 _sms_manager
     000009CD  A$_sms_manager$771                 _sms_manager
     000009CD  C$_sms_manager.c$99$1_0$101        _sms_manager
     000009CE  A$_sms_manager$772                 _sms_manager
     000009CF  A$_sms_manager$773                 _sms_manager
     000009D0  A$_sms_manager$774                 _sms_manager
     000009D1  A$_sms_manager$775                 _sms_manager
     000009D3  A$_sms_manager$776                 _sms_manager
     000009D4  A$_sms_manager$777                 _sms_manager
     000009D5  A$_sms_manager$778                 _sms_manager
     000009D6  A$_sms_manager$779                 _sms_manager
     000009D9  A$_sms_manager$780                 _sms_manager
     000009DA  A$_sms_manager$781                 _sms_manager
     000009DB  A$_sms_manager$782                 _sms_manager
     000009DC  A$_sms_manager$783                 _sms_manager
     000009DF  A$_sms_manager$784                 _sms_manager
     000009E0  A$_sms_manager$785                 _sms_manager
     000009E1  A$_sms_manager$786                 _sms_manager
     000009E2  A$_sms_manager$790                 _sms_manager
     000009E2  C$_sms_manager.c$101$1_0$101       _sms_manager
     000009E3  A$_sms_manager$791                 _sms_manager
     000009E4  A$_sms_manager$792                 _sms_manager
     000009E5  A$_sms_manager$793                 _sms_manager
     000009E6  A$_sms_manager$794                 _sms_manager
     000009E9  A$_sms_manager$795                 _sms_manager
     000009EA  A$_sms_manager$796                 _sms_manager
     000009EC  A$_sms_manager$797                 _sms_manager
     000009ED  A$_sms_manager$798                 _sms_manager
     000009EE  A$_sms_manager$799                 _sms_manager
     000009EF  A$_sms_manager$800                 _sms_manager
     000009F0  A$_sms_manager$801                 _sms_manager
     000009F1  A$_sms_manager$802                 _sms_manager
     000009F2  A$_sms_manager$803                 _sms_manager
     000009F3  A$_sms_manager$804                 _sms_manager
ASxxxx Linker V03.00 + NoICE + sdld,  page 14.
Hexadecimal  [32-Bits]

Area                                    Addr        Size        Decimal Bytes (Attributes)
--------------------------------        ----        ----        ------- ----- ------------
_CODE                               00000200    0000636D =       25453. bytes (REL,CON)

      Value  Global                              Global Defined In Module
      -----  --------------------------------   ------------------------
     000009F4  A$_sms_manager$805                 _sms_manager
     000009F7  A$_sms_manager$806                 _sms_manager
     000009F8  A$_sms_manager$807                 _sms_manager
     000009F9  A$_sms_manager$808                 _sms_manager
     000009FC  A$_sms_manager$809                 _sms_manager
     000009FD  A$_sms_manager$810                 _sms_manager
     000009FE  A$_sms_manager$811                 _sms_manager
     000009FF  A$_sms_manager$812                 _sms_manager
     00000A00  A$_sms_manager$816                 _sms_manager
     00000A00  C$_sms_manager.c$102$1_0$101       _sms_manager
     00000A01  A$_sms_manager$817                 _sms_manager
     00000A02  A$_sms_manager$818                 _sms_manager
     00000A03  A$_sms_manager$819                 _sms_manager
     00000A04  A$_sms_manager$820                 _sms_manager
     00000A05  A$_sms_manager$821                 _sms_manager
     00000A06  A$_sms_manager$822                 _sms_manager
     00000A07  A$_sms_manager$823                 _sms_manager
     00000A08  A$_sms_manager$824                 _sms_manager
     00000A09  A$_sms_manager$825                 _sms_manager
     00000A0A  A$_sms_manager$826                 _sms_manager
     00000A0B  A$_sms_manager$827                 _sms_manager
     00000A0E  A$_sms_manager$828                 _sms_manager
     00000A0F  A$_sms_manager$829                 _sms_manager
     00000A10  A$_sms_manager$830                 _sms_manager
     00000A13  A$_sms_manager$831                 _sms_manager
     00000A14  A$_sms_manager$832                 _sms_manager
     00000A15  A$_sms_manager$833                 _sms_manager
     00000A16  A$_sms_manager$834                 _sms_manager
     00000A17  A$_sms_manager$838                 _sms_manager
     00000A17  C$_sms_manager.c$103$1_0$101       _sms_manager
     00000A18  A$_sms_manager$839                 _sms_manager
     00000A1A  A$_sms_manager$840                 _sms_manager
     00000A1B  A$_sms_manager$841                 _sms_manager
     00000A1C  A$_sms_manager$842                 _sms_manager
     00000A1D  A$_sms_manager$843                 _sms_manager
     00000A1E  A$_sms_manager$844                 _sms_manager
     00000A1F  A$_sms_manager$845                 _sms_manager
     00000A20  A$_sms_manager$846                 _sms_manager
     00000A23  A$_sms_manager$847                 _sms_manager
     00000A24  A$_sms_manager$848                 _sms_manager
     00000A25  A$_sms_manager$849                 _sms_manager
     00000A26  A$_sms_manager$850                 _sms_manager
     00000A27  A$_sms_manager$854                 _sms_manager
     00000A27  C$_sms_manager.c$105$1_0$101       _sms_manager
     00000A28  A$_sms_manager$855                 _sms_manager
     00000A2A  A$_sms_manager$856                 _sms_manager
     00000A2B  A$_sms_manager$857                 _sms_manager
     00000A2C  A$_sms_manager$858                 _sms_manager
     00000A2E  A$_sms_manager$859                 _sms_manager
     00000A2F  A$_sms_manager$860                 _sms_manager
     00000A30  A$_sms_manager$861                 _sms_manager
ASxxxx Linker V03.00 + NoICE + sdld,  page 15.
Hexadecimal  [32-Bits]

Area                                    Addr        Size        Decimal Bytes (Attributes)
--------------------------------        ----        ----        ------- ----- ------------
_CODE                               00000200    0000636D =       25453. bytes (REL,CON)

      Value  Global                              Global Defined In Module
      -----  --------------------------------   ------------------------
     00000A31  A$_sms_manager$862                 _sms_manager
     00000A32  A$_sms_manager$863                 _sms_manager
     00000A33  A$_sms_manager$864                 _sms_manager
     00000A36  A$_sms_manager$865                 _sms_manager
     00000A37  A$_sms_manager$866                 _sms_manager
     00000A38  A$_sms_manager$867                 _sms_manager
     00000A3B  A$_sms_manager$868                 _sms_manager
     00000A3C  A$_sms_manager$869                 _sms_manager
     00000A3D  A$_sms_manager$870                 _sms_manager
     00000A3E  A$_sms_manager$871                 _sms_manager
     00000A3F  A$_sms_manager$875                 _sms_manager
     00000A3F  C$_sms_manager.c$106$1_0$101       _sms_manager
     00000A40  A$_sms_manager$876                 _sms_manager
     00000A42  A$_sms_manager$877                 _sms_manager
     00000A43  A$_sms_manager$878                 _sms_manager
     00000A44  A$_sms_manager$879                 _sms_manager
     00000A45  A$_sms_manager$880                 _sms_manager
     00000A46  A$_sms_manager$881                 _sms_manager
     00000A47  A$_sms_manager$882                 _sms_manager
     00000A48  A$_sms_manager$883                 _sms_manager
     00000A4B  A$_sms_manager$884                 _sms_manager
     00000A4C  A$_sms_manager$885                 _sms_manager
     00000A4D  A$_sms_manager$886                 _sms_manager
     00000A50  A$_sms_manager$887                 _sms_manager
     00000A51  A$_sms_manager$888                 _sms_manager
     00000A52  A$_sms_manager$889                 _sms_manager
     00000A53  A$_sms_manager$890                 _sms_manager
     00000A54  A$_sms_manager$894                 _sms_manager
     00000A54  C$_sms_manager.c$107$1_0$101       _sms_manager
     00000A55  A$_sms_manager$895                 _sms_manager
     00000A57  A$_sms_manager$896                 _sms_manager
     00000A58  A$_sms_manager$897                 _sms_manager
     00000A59  A$_sms_manager$898                 _sms_manager
     00000A5A  A$_sms_manager$899                 _sms_manager
     00000A5B  A$_sms_manager$900                 _sms_manager
     00000A5C  A$_sms_manager$901                 _sms_manager
     00000A5D  A$_sms_manager$902                 _sms_manager
     00000A60  A$_sms_manager$903                 _sms_manager
     00000A61  A$_sms_manager$904                 _sms_manager
     00000A62  A$_sms_manager$905                 _sms_manager
     00000A63  A$_sms_manager$906                 _sms_manager
     00000A64  A$_sms_manager$910                 _sms_manager
     00000A64  C$_sms_manager.c$109$1_0$101       _sms_manager
     00000A65  A$_sms_manager$911                 _sms_manager
     00000A67  A$_sms_manager$912                 _sms_manager
     00000A68  A$_sms_manager$913                 _sms_manager
     00000A69  A$_sms_manager$914                 _sms_manager
     00000A6B  A$_sms_manager$915                 _sms_manager
     00000A6C  A$_sms_manager$916                 _sms_manager
     00000A6D  A$_sms_manager$917                 _sms_manager
     00000A6E  A$_sms_manager$918                 _sms_manager
ASxxxx Linker V03.00 + NoICE + sdld,  page 16.
Hexadecimal  [32-Bits]

Area                                    Addr        Size        Decimal Bytes (Attributes)
--------------------------------        ----        ----        ------- ----- ------------
_CODE                               00000200    0000636D =       25453. bytes (REL,CON)

      Value  Global                              Global Defined In Module
      -----  --------------------------------   ------------------------
     00000A6F  A$_sms_manager$919                 _sms_manager
     00000A70  A$_sms_manager$920                 _sms_manager
     00000A73  A$_sms_manager$921                 _sms_manager
     00000A74  A$_sms_manager$922                 _sms_manager
     00000A75  A$_sms_manager$923                 _sms_manager
     00000A78  A$_sms_manager$924                 _sms_manager
     00000A79  A$_sms_manager$925                 _sms_manager
     00000A7A  A$_sms_manager$926                 _sms_manager
     00000A7B  A$_sms_manager$927                 _sms_manager
     00000A7C  A$_sms_manager$931                 _sms_manager
     00000A7C  C$_sms_manager.c$110$1_0$101       _sms_manager
     00000A7D  A$_sms_manager$932                 _sms_manager
     00000A7F  A$_sms_manager$933                 _sms_manager
     00000A80  A$_sms_manager$934                 _sms_manager
     00000A81  A$_sms_manager$935                 _sms_manager
     00000A82  A$_sms_manager$936                 _sms_manager
     00000A83  A$_sms_manager$937                 _sms_manager
     00000A84  A$_sms_manager$938                 _sms_manager
     00000A85  A$_sms_manager$939                 _sms_manager
     00000A88  A$_sms_manager$940                 _sms_manager
     00000A89  A$_sms_manager$941                 _sms_manager
     00000A8A  A$_sms_manager$942                 _sms_manager
     00000A8D  A$_sms_manager$943                 _sms_manager
     00000A8E  A$_sms_manager$944                 _sms_manager
     00000A8F  A$_sms_manager$945                 _sms_manager
     00000A90  A$_sms_manager$946                 _sms_manager
     00000A91  A$_sms_manager$950                 _sms_manager
     00000A91  C$_sms_manager.c$111$1_0$101       _sms_manager
     00000A92  A$_sms_manager$951                 _sms_manager
     00000A94  A$_sms_manager$952                 _sms_manager
     00000A95  A$_sms_manager$953                 _sms_manager
     00000A96  A$_sms_manager$954                 _sms_manager
     00000A97  A$_sms_manager$955                 _sms_manager
     00000A98  A$_sms_manager$956                 _sms_manager
     00000A9B  A$_sms_manager$957                 _sms_manager
     00000A9C  A$_sms_manager$958                 _sms_manager
     00000A9D  A$_sms_manager$962                 _sms_manager
     00000A9E  A$_sms_manager$963                 _sms_manager
     00000AA0  A$_sms_manager$968                 _sms_manager
     00000AA0  C$_sms_manager.c$112$1_0$101       _sms_manager
     00000AA0  XG$devkit_SMS_addSprite_bulk12$0   _sms_manager
     00000AA1  A$_sms_manager$988                 _sms_manager
     00000AA1  C$_sms_manager.c$114$1_0$102       _sms_manager
     00000AA1  C$_sms_manager.c$116$1_0$102       _sms_manager
     00000AA1  C$_sms_manager.c$117$1_0$102       _sms_manager
     00000AA1  G$devkit_SMS_initSprites$0$0       _sms_manager
     00000AA1  XG$devkit_SMS_initSprites$0$0      _sms_manager
     00000AA1  _devkit_SMS_initSprites            _sms_manager
     00000AA4  A$_sms_manager$1008                _sms_manager
     00000AA4  C$_sms_manager.c$118$1_0$103       _sms_manager
     00000AA4  C$_sms_manager.c$120$1_0$103       _sms_manager
ASxxxx Linker V03.00 + NoICE + sdld,  page 17.
Hexadecimal  [32-Bits]

Area                                    Addr        Size        Decimal Bytes (Attributes)
--------------------------------        ----        ----        ------- ----- ------------
_CODE                               00000200    0000636D =       25453. bytes (REL,CON)

      Value  Global                              Global Defined In Module
      -----  --------------------------------   ------------------------
     00000AA4  C$_sms_manager.c$121$1_0$103       _sms_manager
     00000AA4  G$devkit_SMS_finalizeSprites$0$0   _sms_manager
     00000AA4  XG$devkit_SMS_finalizeSprites$0$   _sms_manager
     00000AA4  _devkit_SMS_finalizeSprites        _sms_manager
     00000AA7  A$_sms_manager$1028                _sms_manager
     00000AA7  C$_sms_manager.c$122$1_0$104       _sms_manager
     00000AA7  C$_sms_manager.c$124$1_0$104       _sms_manager
     00000AA7  C$_sms_manager.c$125$1_0$104       _sms_manager
     00000AA7  G$devkit_SMS_waitForVBlank$0$0     _sms_manager
     00000AA7  XG$devkit_SMS_waitForVBlank$0$0    _sms_manager
     00000AA7  _devkit_SMS_waitForVBlank          _sms_manager
     00000AAA  A$_sms_manager$1048                _sms_manager
     00000AAA  C$_sms_manager.c$126$1_0$105       _sms_manager
     00000AAA  C$_sms_manager.c$128$1_0$105       _sms_manager
     00000AAA  C$_sms_manager.c$129$1_0$105       _sms_manager
     00000AAA  G$devkit_SMS_copySpritestoSAT$0$   _sms_manager
     00000AAA  XG$devkit_SMS_copySpritestoSAT$0   _sms_manager
     00000AAA  _devkit_SMS_copySpritestoSAT       _sms_manager
     00000AAD  A$_sms_manager$1068                _sms_manager
     00000AAD  C$_sms_manager.c$130$1_0$106       _sms_manager
     00000AAD  C$_sms_manager.c$132$1_0$106       _sms_manager
     00000AAD  C$_sms_manager.c$133$1_0$106       _sms_manager
     00000AAD  G$devkit_UNSAFE_SMS_copySpritest   _sms_manager
     00000AAD  XG$devkit_UNSAFE_SMS_copySprites   _sms_manager
     00000AAD  _devkit_UNSAFE_SMS_copySpritesto   _sms_manager
     00000AB0  A$_sms_manager$1088                _sms_manager
     00000AB0  C$_sms_manager.c$135$1_0$107       _sms_manager
     00000AB0  C$_sms_manager.c$137$1_0$107       _sms_manager
     00000AB0  C$_sms_manager.c$138$1_0$107       _sms_manager
     00000AB0  G$devkit_SMS_queryPauseRequested   _sms_manager
     00000AB0  XG$devkit_SMS_queryPauseRequeste   _sms_manager
     00000AB0  _devkit_SMS_queryPauseRequested    _sms_manager
     00000AB3  A$_sms_manager$1108                _sms_manager
     00000AB3  C$_sms_manager.c$139$1_0$108       _sms_manager
     00000AB3  C$_sms_manager.c$141$1_0$108       _sms_manager
     00000AB3  C$_sms_manager.c$142$1_0$108       _sms_manager
     00000AB3  G$devkit_SMS_resetPauseRequest$0   _sms_manager
     00000AB3  XG$devkit_SMS_resetPauseRequest$   _sms_manager
     00000AB3  _devkit_SMS_resetPauseRequest      _sms_manager
     00000AB6  A$_sms_manager$1128                _sms_manager
     00000AB6  C$_sms_manager.c$145$1_0$109       _sms_manager
     00000AB6  C$_sms_manager.c$147$1_0$109       _sms_manager
     00000AB6  C$_sms_manager.c$148$1_0$109       _sms_manager
     00000AB6  G$devkit_SMS_getKeysStatus$0$0     _sms_manager
     00000AB6  XG$devkit_SMS_getKeysStatus$0$0    _sms_manager
     00000AB6  _devkit_SMS_getKeysStatus          _sms_manager
     00000AB9  A$_sms_manager$1141                _sms_manager
     00000AB9  C$_sms_manager.c$149$1_0$110       _sms_manager
     00000AB9  C$_sms_manager.c$151$1_0$110       _sms_manager
     00000AB9  G$devkit_PORT_A_KEY_UP$0$0         _sms_manager
     00000AB9  _devkit_PORT_A_KEY_UP              _sms_manager
ASxxxx Linker V03.00 + NoICE + sdld,  page 18.
Hexadecimal  [32-Bits]

Area                                    Addr        Size        Decimal Bytes (Attributes)
--------------------------------        ----        ----        ------- ----- ------------
_CODE                               00000200    0000636D =       25453. bytes (REL,CON)

      Value  Global                              Global Defined In Module
      -----  --------------------------------   ------------------------
     00000ABC  A$_sms_manager$1149                _sms_manager
     00000ABC  C$_sms_manager.c$152$1_0$110       _sms_manager
     00000ABC  XG$devkit_PORT_A_KEY_UP$0$0        _sms_manager
     00000ABD  A$_sms_manager$1162                _sms_manager
     00000ABD  C$_sms_manager.c$153$1_0$111       _sms_manager
     00000ABD  C$_sms_manager.c$155$1_0$111       _sms_manager
     00000ABD  G$devkit_PORT_A_KEY_DOWN$0$0       _sms_manager
     00000ABD  _devkit_PORT_A_KEY_DOWN            _sms_manager
     00000AC0  A$_sms_manager$1170                _sms_manager
     00000AC0  C$_sms_manager.c$156$1_0$111       _sms_manager
     00000AC0  XG$devkit_PORT_A_KEY_DOWN$0$0      _sms_manager
     00000AC1  A$_sms_manager$1183                _sms_manager
     00000AC1  C$_sms_manager.c$157$1_0$112       _sms_manager
     00000AC1  C$_sms_manager.c$159$1_0$112       _sms_manager
     00000AC1  G$devkit_PORT_A_KEY_LEFT$0$0       _sms_manager
     00000AC1  _devkit_PORT_A_KEY_LEFT            _sms_manager
     00000AC4  A$_sms_manager$1191                _sms_manager
     00000AC4  C$_sms_manager.c$160$1_0$112       _sms_manager
     00000AC4  XG$devkit_PORT_A_KEY_LEFT$0$0      _sms_manager
     00000AC5  A$_sms_manager$1204                _sms_manager
     00000AC5  C$_sms_manager.c$161$1_0$113       _sms_manager
     00000AC5  C$_sms_manager.c$163$1_0$113       _sms_manager
     00000AC5  G$devkit_PORT_A_KEY_RIGHT$0$0      _sms_manager
     00000AC5  _devkit_PORT_A_KEY_RIGHT           _sms_manager
     00000AC8  A$_sms_manager$1212                _sms_manager
     00000AC8  C$_sms_manager.c$164$1_0$113       _sms_manager
     00000AC8  XG$devkit_PORT_A_KEY_RIGHT$0$0     _sms_manager
     00000AC9  A$_sms_manager$1225                _sms_manager
     00000AC9  C$_sms_manager.c$165$1_0$114       _sms_manager
     00000AC9  C$_sms_manager.c$167$1_0$114       _sms_manager
     00000AC9  G$devkit_PORT_A_KEY_1$0$0          _sms_manager
     00000AC9  _devkit_PORT_A_KEY_1               _sms_manager
     00000ACC  A$_sms_manager$1233                _sms_manager
     00000ACC  C$_sms_manager.c$168$1_0$114       _sms_manager
     00000ACC  XG$devkit_PORT_A_KEY_1$0$0         _sms_manager
     00000ACD  A$_sms_manager$1246                _sms_manager
     00000ACD  C$_sms_manager.c$169$1_0$115       _sms_manager
     00000ACD  C$_sms_manager.c$171$1_0$115       _sms_manager
     00000ACD  G$devkit_PORT_A_KEY_2$0$0          _sms_manager
     00000ACD  _devkit_PORT_A_KEY_2               _sms_manager
     00000AD0  A$_sms_manager$1254                _sms_manager
     00000AD0  C$_sms_manager.c$172$1_0$115       _sms_manager
     00000AD0  XG$devkit_PORT_A_KEY_2$0$0         _sms_manager
     00000AD1  A$_sms_manager$1267                _sms_manager
     00000AD1  C$_sms_manager.c$175$1_0$116       _sms_manager
     00000AD1  C$_sms_manager.c$177$1_0$116       _sms_manager
     00000AD1  G$devkit_SPRITEMODE_NORMAL$0$0     _sms_manager
     00000AD1  _devkit_SPRITEMODE_NORMAL          _sms_manager
     00000AD3  A$_sms_manager$1275                _sms_manager
     00000AD3  C$_sms_manager.c$178$1_0$116       _sms_manager
     00000AD3  XG$devkit_SPRITEMODE_NORMAL$0$0    _sms_manager
ASxxxx Linker V03.00 + NoICE + sdld,  page 19.
Hexadecimal  [32-Bits]

Area                                    Addr        Size        Decimal Bytes (Attributes)
--------------------------------        ----        ----        ------- ----- ------------
_CODE                               00000200    0000636D =       25453. bytes (REL,CON)

      Value  Global                              Global Defined In Module
      -----  --------------------------------   ------------------------
     00000AD4  A$_sms_manager$1288                _sms_manager
     00000AD4  C$_sms_manager.c$179$1_0$117       _sms_manager
     00000AD4  C$_sms_manager.c$181$1_0$117       _sms_manager
     00000AD4  G$devkit_VDPFEATURE_HIDEFIRSTCOL   _sms_manager
     00000AD4  _devkit_VDPFEATURE_HIDEFIRSTCOL    _sms_manager
     00000AD7  A$_sms_manager$1296                _sms_manager
     00000AD7  C$_sms_manager.c$182$1_0$117       _sms_manager
     00000AD7  XG$devkit_VDPFEATURE_HIDEFIRSTCO   _sms_manager
     00000AD8  F_sms_manager$__str_0$0_0$0        _sms_manager
     00000AE9  F_sms_manager$__str_1$0_0$0        _sms_manager
     00000AFD  F_sms_manager$__str_2$0_0$0        _sms_manager
     00000B3A  A$_snd_manager$89                  _snd_manager
     00000B3A  C$_snd_manager.c$11$1_0$34         _snd_manager
     00000B3A  C$_snd_manager.c$9$0_0$34          _snd_manager
     00000B3A  G$devkit_PSGPlay$0$0               _snd_manager
     00000B3A  _devkit_PSGPlay                    _snd_manager
     00000B3B  A$_snd_manager$90                  _snd_manager
     00000B3C  A$_snd_manager$91                  _snd_manager
     00000B3D  A$_snd_manager$92                  _snd_manager
     00000B3E  A$_snd_manager$93                  _snd_manager
     00000B3F  A$_snd_manager$94                  _snd_manager
     00000B42  A$_snd_manager$95                  _snd_manager
     00000B43  A$_snd_manager$103                 _snd_manager
     00000B43  C$_snd_manager.c$12$1_0$34         _snd_manager
     00000B43  XG$devkit_PSGPlay$0$0              _snd_manager
     00000B44  A$_snd_manager$123                 _snd_manager
     00000B44  C$_snd_manager.c$13$1_0$36         _snd_manager
     00000B44  C$_snd_manager.c$15$1_0$36         _snd_manager
     00000B44  C$_snd_manager.c$16$1_0$36         _snd_manager
     00000B44  G$devkit_PSGCancelLoop$0$0         _snd_manager
     00000B44  XG$devkit_PSGCancelLoop$0$0        _snd_manager
     00000B44  _devkit_PSGCancelLoop              _snd_manager
     00000B47  A$_snd_manager$136                 _snd_manager
     00000B47  C$_snd_manager.c$17$1_0$38         _snd_manager
     00000B47  C$_snd_manager.c$19$1_0$38         _snd_manager
     00000B47  G$devkit_PSGPlayNoRepeat$0$0       _snd_manager
     00000B47  _devkit_PSGPlayNoRepeat            _snd_manager
     00000B48  A$_snd_manager$137                 _snd_manager
     00000B49  A$_snd_manager$138                 _snd_manager
     00000B4A  A$_snd_manager$139                 _snd_manager
     00000B4B  A$_snd_manager$140                 _snd_manager
     00000B4C  A$_snd_manager$141                 _snd_manager
     00000B4F  A$_snd_manager$142                 _snd_manager
     00000B50  A$_snd_manager$150                 _snd_manager
     00000B50  C$_snd_manager.c$20$1_0$38         _snd_manager
     00000B50  XG$devkit_PSGPlayNoRepeat$0$0      _snd_manager
     00000B51  A$_snd_manager$170                 _snd_manager
     00000B51  C$_snd_manager.c$21$1_0$40         _snd_manager
     00000B51  C$_snd_manager.c$23$1_0$40         _snd_manager
     00000B51  C$_snd_manager.c$24$1_0$40         _snd_manager
     00000B51  G$devkit_PSGStop$0$0               _snd_manager
ASxxxx Linker V03.00 + NoICE + sdld,  page 20.
Hexadecimal  [32-Bits]

Area                                    Addr        Size        Decimal Bytes (Attributes)
--------------------------------        ----        ----        ------- ----- ------------
_CODE                               00000200    0000636D =       25453. bytes (REL,CON)

      Value  Global                              Global Defined In Module
      -----  --------------------------------   ------------------------
     00000B51  XG$devkit_PSGStop$0$0              _snd_manager
     00000B51  _devkit_PSGStop                    _snd_manager
     00000B54  A$_snd_manager$190                 _snd_manager
     00000B54  C$_snd_manager.c$25$1_0$42         _snd_manager
     00000B54  C$_snd_manager.c$27$1_0$42         _snd_manager
     00000B54  C$_snd_manager.c$28$1_0$42         _snd_manager
     00000B54  G$devkit_PSGResume$0$0             _snd_manager
     00000B54  XG$devkit_PSGResume$0$0            _snd_manager
     00000B54  _devkit_PSGResume                  _snd_manager
     00000B57  A$_snd_manager$210                 _snd_manager
     00000B57  C$_snd_manager.c$29$1_0$44         _snd_manager
     00000B57  C$_snd_manager.c$31$1_0$44         _snd_manager
     00000B57  C$_snd_manager.c$32$1_0$44         _snd_manager
     00000B57  G$devkit_PSGGetStatus$0$0          _snd_manager
     00000B57  XG$devkit_PSGGetStatus$0$0         _snd_manager
     00000B57  _devkit_PSGGetStatus               _snd_manager
     00000B5A  A$_snd_manager$223                 _snd_manager
     00000B5A  C$_snd_manager.c$33$1_0$46         _snd_manager
     00000B5A  C$_snd_manager.c$35$1_0$46         _snd_manager
     00000B5A  G$devkit_PSGSetMusicVolumeAttenu   _snd_manager
     00000B5A  _devkit_PSGSetMusicVolumeAttenua   _snd_manager
     00000B5D  A$_snd_manager$224                 _snd_manager
     00000B5E  A$_snd_manager$225                 _snd_manager
     00000B5F  A$_snd_manager$226                 _snd_manager
     00000B60  A$_snd_manager$227                 _snd_manager
     00000B61  A$_snd_manager$228                 _snd_manager
     00000B64  A$_snd_manager$229                 _snd_manager
     00000B65  A$_snd_manager$237                 _snd_manager
     00000B65  C$_snd_manager.c$36$1_0$46         _snd_manager
     00000B65  XG$devkit_PSGSetMusicVolumeAtten   _snd_manager
     00000B66  A$_snd_manager$250                 _snd_manager
     00000B66  C$_snd_manager.c$38$1_0$48         _snd_manager
     00000B66  C$_snd_manager.c$40$1_0$48         _snd_manager
     00000B66  G$devkit_PSGSFXPlay$0$0            _snd_manager
     00000B66  _devkit_PSGSFXPlay                 _snd_manager
     00000B6A  A$_snd_manager$251                 _snd_manager
     00000B6C  A$_snd_manager$252                 _snd_manager
     00000B6F  A$_snd_manager$253                 _snd_manager
     00000B70  A$_snd_manager$254                 _snd_manager
     00000B71  A$_snd_manager$255                 _snd_manager
     00000B74  A$_snd_manager$256                 _snd_manager
     00000B77  A$_snd_manager$257                 _snd_manager
     00000B78  A$_snd_manager$258                 _snd_manager
     00000B7B  A$_snd_manager$259                 _snd_manager
     00000B7C  A$_snd_manager$260                 _snd_manager
     00000B7D  A$_snd_manager$268                 _snd_manager
     00000B7D  C$_snd_manager.c$41$1_0$48         _snd_manager
     00000B7D  XG$devkit_PSGSFXPlay$0$0           _snd_manager
     00000B7E  A$_snd_manager$281                 _snd_manager
     00000B7E  C$_snd_manager.c$42$1_0$50         _snd_manager
     00000B7E  C$_snd_manager.c$44$1_0$50         _snd_manager
ASxxxx Linker V03.00 + NoICE + sdld,  page 21.
Hexadecimal  [32-Bits]

Area                                    Addr        Size        Decimal Bytes (Attributes)
--------------------------------        ----        ----        ------- ----- ------------
_CODE                               00000200    0000636D =       25453. bytes (REL,CON)

      Value  Global                              Global Defined In Module
      -----  --------------------------------   ------------------------
     00000B7E  G$devkit_PSGSFXPlayLoop$0$0        _snd_manager
     00000B7E  _devkit_PSGSFXPlayLoop             _snd_manager
     00000B82  A$_snd_manager$282                 _snd_manager
     00000B84  A$_snd_manager$283                 _snd_manager
     00000B87  A$_snd_manager$284                 _snd_manager
     00000B88  A$_snd_manager$285                 _snd_manager
     00000B89  A$_snd_manager$286                 _snd_manager
     00000B8C  A$_snd_manager$287                 _snd_manager
     00000B8F  A$_snd_manager$288                 _snd_manager
     00000B90  A$_snd_manager$289                 _snd_manager
     00000B93  A$_snd_manager$290                 _snd_manager
     00000B94  A$_snd_manager$291                 _snd_manager
     00000B95  A$_snd_manager$299                 _snd_manager
     00000B95  C$_snd_manager.c$45$1_0$50         _snd_manager
     00000B95  XG$devkit_PSGSFXPlayLoop$0$0       _snd_manager
     00000B96  A$_snd_manager$319                 _snd_manager
     00000B96  C$_snd_manager.c$46$1_0$52         _snd_manager
     00000B96  C$_snd_manager.c$48$1_0$52         _snd_manager
     00000B96  C$_snd_manager.c$49$1_0$52         _snd_manager
     00000B96  G$devkit_PSGSFXCancelLoop$0$0      _snd_manager
     00000B96  XG$devkit_PSGSFXCancelLoop$0$0     _snd_manager
     00000B96  _devkit_PSGSFXCancelLoop           _snd_manager
     00000B99  A$_snd_manager$339                 _snd_manager
     00000B99  C$_snd_manager.c$50$1_0$54         _snd_manager
     00000B99  C$_snd_manager.c$52$1_0$54         _snd_manager
     00000B99  C$_snd_manager.c$53$1_0$54         _snd_manager
     00000B99  G$devkit_PSGSFXStop$0$0            _snd_manager
     00000B99  XG$devkit_PSGSFXStop$0$0           _snd_manager
     00000B99  _devkit_PSGSFXStop                 _snd_manager
     00000B9C  A$_snd_manager$359                 _snd_manager
     00000B9C  C$_snd_manager.c$54$1_0$56         _snd_manager
     00000B9C  C$_snd_manager.c$56$1_0$56         _snd_manager
     00000B9C  C$_snd_manager.c$57$1_0$56         _snd_manager
     00000B9C  G$devkit_PSGSFXGetStatus$0$0       _snd_manager
     00000B9C  XG$devkit_PSGSFXGetStatus$0$0      _snd_manager
     00000B9C  _devkit_PSGSFXGetStatus            _snd_manager
     00000B9F  A$_snd_manager$379                 _snd_manager
     00000B9F  C$_snd_manager.c$59$1_0$58         _snd_manager
     00000B9F  C$_snd_manager.c$61$1_0$58         _snd_manager
     00000B9F  C$_snd_manager.c$62$1_0$58         _snd_manager
     00000B9F  G$devkit_PSGSilenceChannels$0$0    _snd_manager
     00000B9F  XG$devkit_PSGSilenceChannels$0$0   _snd_manager
     00000B9F  _devkit_PSGSilenceChannels         _snd_manager
     00000BA2  A$_snd_manager$399                 _snd_manager
     00000BA2  C$_snd_manager.c$63$1_0$60         _snd_manager
     00000BA2  C$_snd_manager.c$65$1_0$60         _snd_manager
     00000BA2  C$_snd_manager.c$66$1_0$60         _snd_manager
     00000BA2  G$devkit_PSGRestoreVolumes$0$0     _snd_manager
     00000BA2  XG$devkit_PSGRestoreVolumes$0$0    _snd_manager
     00000BA2  _devkit_PSGRestoreVolumes          _snd_manager
     00000BA5  A$_snd_manager$419                 _snd_manager
ASxxxx Linker V03.00 + NoICE + sdld,  page 22.
Hexadecimal  [32-Bits]

Area                                    Addr        Size        Decimal Bytes (Attributes)
--------------------------------        ----        ----        ------- ----- ------------
_CODE                               00000200    0000636D =       25453. bytes (REL,CON)

      Value  Global                              Global Defined In Module
      -----  --------------------------------   ------------------------
     00000BA5  C$_snd_manager.c$68$1_0$62         _snd_manager
     00000BA5  C$_snd_manager.c$70$1_0$62         _snd_manager
     00000BA5  C$_snd_manager.c$71$1_0$62         _snd_manager
     00000BA5  G$devkit_PSGFrame$0$0              _snd_manager
     00000BA5  XG$devkit_PSGFrame$0$0             _snd_manager
     00000BA5  _devkit_PSGFrame                   _snd_manager
     00000BA8  A$_snd_manager$439                 _snd_manager
     00000BA8  C$_snd_manager.c$72$1_0$64         _snd_manager
     00000BA8  C$_snd_manager.c$74$1_0$64         _snd_manager
     00000BA8  C$_snd_manager.c$75$1_0$64         _snd_manager
     00000BA8  G$devkit_PSGSFXFrame$0$0           _snd_manager
     00000BA8  XG$devkit_PSGSFXFrame$0$0          _snd_manager
     00000BA8  _devkit_PSGSFXFrame                _snd_manager
     00000BAB  A$_snd_manager$452                 _snd_manager
     00000BAB  C$_snd_manager.c$78$1_0$65         _snd_manager
     00000BAB  C$_snd_manager.c$80$1_0$65         _snd_manager
     00000BAB  G$devkit_SFX_CHANNEL2$0$0          _snd_manager
     00000BAB  _devkit_SFX_CHANNEL2               _snd_manager
     00000BAD  A$_snd_manager$460                 _snd_manager
     00000BAD  C$_snd_manager.c$81$1_0$65         _snd_manager
     00000BAD  XG$devkit_SFX_CHANNEL2$0$0         _snd_manager
     00000BAE  A$_snd_manager$473                 _snd_manager
     00000BAE  C$_snd_manager.c$82$1_0$66         _snd_manager
     00000BAE  C$_snd_manager.c$84$1_0$66         _snd_manager
     00000BAE  G$devkit_SFX_CHANNEL3$0$0          _snd_manager
     00000BAE  _devkit_SFX_CHANNEL3               _snd_manager
     00000BB0  A$_snd_manager$481                 _snd_manager
     00000BB0  C$_snd_manager.c$85$1_0$66         _snd_manager
     00000BB0  XG$devkit_SFX_CHANNEL3$0$0         _snd_manager
     00000BB1  A$_snd_manager$494                 _snd_manager
     00000BB1  C$_snd_manager.c$86$1_0$67         _snd_manager
     00000BB1  C$_snd_manager.c$88$1_0$67         _snd_manager
     00000BB1  G$devkit_SFX_CHANNELS2AND3$0$0     _snd_manager
     00000BB1  _devkit_SFX_CHANNELS2AND3          _snd_manager
     00000BB3  A$_snd_manager$502                 _snd_manager
     00000BB3  C$_snd_manager.c$89$1_0$67         _snd_manager
     00000BB3  XG$devkit_SFX_CHANNELS2AND3$0$0    _snd_manager
     00000BB4  Fglobal_manager$__str_0$0_0$0      global_manager
     00000BB7  Fglobal_manager$__str_1$0_0$0      global_manager
     00000BBA  Fglobal_manager$__str_2$0_0$0      global_manager
     00000BBD  Fglobal_manager$__str_3$0_0$0      global_manager
     00000BC0  Fglobal_manager$__str_4$0_0$0      global_manager
     00000BC3  Fglobal_manager$__str_5$0_0$0      global_manager
     00000BC6  Fglobal_manager$__str_6$0_0$0      global_manager
     00000BC9  Fglobal_manager$__str_7$0_0$0      global_manager
     00000BCC  Fglobal_manager$__str_8$0_0$0      global_manager
     00000BCF  Fglobal_manager$__str_9$0_0$0      global_manager
     00000BD2  Fglobal_manager$__str_10$0_0$0     global_manager
     00000BD4  Fglobal_manager$__str_11$0_0$0     global_manager
     00000BD6  Fglobal_manager$__str_12$0_0$0     global_manager
     00000BD8  Fglobal_manager$__str_13$0_0$0     global_manager
ASxxxx Linker V03.00 + NoICE + sdld,  page 23.
Hexadecimal  [32-Bits]

Area                                    Addr        Size        Decimal Bytes (Attributes)
--------------------------------        ----        ----        ------- ----- ------------
_CODE                               00000200    0000636D =       25453. bytes (REL,CON)

      Value  Global                              Global Defined In Module
      -----  --------------------------------   ------------------------
     00000BDA  Fglobal_manager$__str_14$0_0$0     global_manager
     00000BDC  Fglobal_manager$__str_15$0_0$0     global_manager
     00000BDE  Fglobal_manager$__str_16$0_0$0     global_manager
     00000BE0  Fglobal_manager$__str_17$0_0$0     global_manager
     00000BE2  Fglobal_manager$__str_18$0_0$0     global_manager
     00000BE4  Fglobal_manager$__str_19$0_0$0     global_manager
     00000BE6  A$debug_manager$56                 debug_manager
     00000BE6  C$debug_manager.c$5$0_0$9          debug_manager
     00000BE6  G$engine_debug_manager_draw_grid   debug_manager
     00000BE6  _engine_debug_manager_draw_grid    debug_manager
     00000BE8  A$debug_manager$61                 debug_manager
     00000BEA  A$debug_manager$66                 debug_manager
     00000BEA  C$debug_manager.c$12$5_0$12        debug_manager
     00000BEB  A$debug_manager$67                 debug_manager
     00000BEC  A$debug_manager$68                 debug_manager
     00000BED  A$debug_manager$69                 debug_manager
[...]
     0000B8FC  _tutorial7_txt                     bank3
     0000B9D4  _tutorial8_txt                     bank3
     0000BAAC  _tutorial9_txt                     bank3
ASxxxx Linker V03.00 + NoICE + sdld,  page 265.
Hexadecimal  [32-Bits]

Area                                    Addr        Size        Decimal Bytes (Attributes)
--------------------------------        ----        ----        ------- ----- ------------
_BANK4                              00008000    000021C0 =        8640. bytes (REL,CON)

      Value  Global                              Global Defined In Module
      -----  --------------------------------   ------------------------
     00008000  _level0101_txt                     bank4
     000080D8  _level0102_txt                     bank4
     000081B0  _level0103_txt                     bank4
     00008288  _level0104_txt                     bank4
     00008360  _level0105_txt                     bank4
     00008438  _level0106_txt                     bank4
     00008510  _level0107_txt                     bank4
     000085E8  _level0108_txt                     bank4
     000086C0  _level0109_txt                     bank4
     00008798  _level0110_txt                     bank4
     00008870  _level0201_txt                     bank4
     00008948  _level0202_txt                     bank4
     00008A20  _level0203_txt                     bank4
     00008AF8  _level0204_txt                     bank4
     00008BD0  _level0205_txt                     bank4
     00008CA8  _level0206_txt                     bank4
     00008D80  _level0207_txt                     bank4
     00008E58  _level0208_txt                     bank4
     00008F30  _level0209_txt                     bank4
     00009008  _level0210_txt                     bank4
     000090E0  _level0301_txt                     bank4
     000091B8  _level0302_txt                     bank4
     00009290  _level0303_txt                     bank4
     00009368  _level0304_txt                     bank4
     00009440  _level0305_txt                     bank4
     00009518  _level0306_txt                     bank4
     000095F0  _level0307_txt                     bank4
     000096C8  _level0308_txt                     bank4
     000097A0  _level0309_txt                     bank4
     00009878  _level0310_txt                     bank4
     00009950  _level0401_txt                     bank4
     00009A28  _level0402_txt                     bank4
     00009B00  _level0403_txt                     bank4
     00009BD8  _level0404_txt                     bank4
     00009CB0  _level0405_txt                     bank4
     00009D88  _level0406_txt                     bank4
     00009E60  _level0407_txt                     bank4
     00009F38  _level0408_txt                     bank4
     0000A010  _level0409_txt                     bank4
     0000A0E8  _level0410_txt                     bank4

ASxxxx Linker V03.00 + NoICE + sdld,  page 266.
Hexadecimal  [32-Bits]

Area                                    Addr        Size        Decimal Bytes (Attributes)
--------------------------------        ----        ----        ------- ----- ------------
_BANK5                              00008000    000021C0 =        8640. bytes (REL,CON)

      Value  Global                              Global Defined In Module
      -----  --------------------------------   ------------------------
     00008000  _level0501_txt                     bank5
     000080D8  _level0502_txt                     bank5
     000081B0  _level0503_txt                     bank5
     00008288  _level0504_txt                     bank5
     00008360  _level0505_txt                     bank5
     00008438  _level0506_txt                     bank5
     00008510  _level0507_txt                     bank5
     000085E8  _level0508_txt                     bank5
     000086C0  _level0509_txt                     bank5
     00008798  _level0510_txt                     bank5
     00008870  _level0601_txt                     bank5
     00008948  _level0602_txt                     bank5
     00008A20  _level0603_txt                     bank5
     00008AF8  _level0604_txt                     bank5
     00008BD0  _level0605_txt                     bank5
     00008CA8  _level0606_txt                     bank5
     00008D80  _level0607_txt                     bank5
     00008E58  _level0608_txt                     bank5
     00008F30  _level0609_txt                     bank5
     00009008  _level0610_txt                     bank5
     000090E0  _level0701_txt                     bank5
     000091B8  _level0702_txt                     bank5
     00009290  _level0703_txt                     bank5
     00009368  _level0704_txt                     bank5
     00009440  _level0705_txt                     bank5
     00009518  _level0706_txt                     bank5
     000095F0  _level0707_txt                     bank5
     000096C8  _level0708_txt                     bank5
     000097A0  _level0709_txt                     bank5
     00009878  _level0710_txt                     bank5
     00009950  _level0801_txt                     bank5
     00009A28  _level0802_txt                     bank5
     00009B00  _level0803_txt                     bank5
     00009BD8  _level0804_txt                     bank5
     00009CB0  _level0805_txt                     bank5
     00009D88  _level0806_txt                     bank5
     00009E60  _level0807_txt                     bank5
     00009F38  _level0808_txt                     bank5
     0000A010  _level0809_txt                     bank5
     0000A0E8  _level0810_txt                     bank5

ASxxxx Linker V03.00 + NoICE + sdld,  page 267.
Hexadecimal  [32-Bits]

Area                                    Addr        Size        Decimal Bytes (Attributes)
--------------------------------        ----        ----        ------- ----- ------------
_BANK6                              00008000    000026B4 =        9908. bytes (REL,CON)

      Value  Global                              Global Defined In Module
      -----  --------------------------------   ------------------------
     00008000  _mus_beat_psg                      bank6
     00008625  _mus_over_psg                      bank6
     00008996  _mus_title_psg                     bank6
ASxxxx Linker V03.00 + NoICE + sdld,  page 268.
Hexadecimal  [32-Bits]

Area                                    Addr        Size        Decimal Bytes (Attributes)
--------------------------------        ----        ----        ------- ----- ------------
_BANK7                              00008000    00002029 =        8233. bytes (REL,CON)

      Value  Global                              Global Defined In Module
      -----  --------------------------------   ------------------------
     00008000  _mus_game01_psg                    bank7

ASxxxx Linker V03.00 + NoICE + sdld,  page 269.
Hexadecimal  [32-Bits]

Area                                    Addr        Size        Decimal Bytes (Attributes)
--------------------------------        ----        ----        ------- ----- ------------
_BANK8                              00008000    00001F11 =        7953. bytes (REL,CON)

      Value  Global                              Global Defined In Module
      -----  --------------------------------   ------------------------
     00008000  _mus_game02_psg                    bank8

ASxxxx Linker V03.00 + NoICE + sdld,  page 270.
Hexadecimal  [32-Bits]

Area                                    Addr        Size        Decimal Bytes (Attributes)
--------------------------------        ----        ----        ------- ----- ------------
_BANK9                              00008000    000026D4 =        9940. bytes (REL,CON)

      Value  Global                              Global Defined In Module
      -----  --------------------------------   ------------------------
     00008000  _mus_game03_psg                    bank9

ASxxxx Linker V03.00 + NoICE + sdld,  page 271.
Hexadecimal  [32-Bits]

Area                                    Addr        Size        Decimal Bytes (Attributes)
--------------------------------        ----        ----        ------- ----- ------------
_BANK10                             00008000    00000006 =           6. bytes (REL,CON)

      Value  Global                              Global Defined In Module
      -----  --------------------------------   ------------------------
     00008000  _bank10_txt                        bank10

ASxxxx Linker V03.00 + NoICE + sdld,  page 272.
Hexadecimal  [32-Bits]

Area                                    Addr        Size        Decimal Bytes (Attributes)
--------------------------------        ----        ----        ------- ----- ------------
_BANK11                             00008000    00000006 =           6. bytes (REL,CON)

      Value  Global                              Global Defined In Module
      -----  --------------------------------   ------------------------
     00008000  _bank11_txt                        bank11

ASxxxx Linker V03.00 + NoICE + sdld,  page 273.
Hexadecimal  [32-Bits]

Area                                    Addr        Size        Decimal Bytes (Attributes)
--------------------------------        ----        ----        ------- ----- ------------
_BANK12                             00008000    00000006 =           6. bytes (REL,CON)

      Value  Global                              Global Defined In Module
      -----  --------------------------------   ------------------------
     00008000  _bank12_txt                        bank12

ASxxxx Linker V03.00 + NoICE + sdld,  page 274.
Hexadecimal  [32-Bits]

Area                                    Addr        Size        Decimal Bytes (Attributes)
--------------------------------        ----        ----        ------- ----- ------------
_BANK13                             00008000    00000006 =           6. bytes (REL,CON)

      Value  Global                              Global Defined In Module
      -----  --------------------------------   ------------------------
     00008000  _bank13_txt                        bank13

ASxxxx Linker V03.00 + NoICE + sdld,  page 275.
Hexadecimal  [32-Bits]

Area                                    Addr        Size        Decimal Bytes (Attributes)
--------------------------------        ----        ----        ------- ----- ------------
_BANK14                             00008000    00000006 =           6. bytes (REL,CON)

      Value  Global                              Global Defined In Module
      -----  --------------------------------   ------------------------
     00008000  _bank14_txt                        bank14

ASxxxx Linker V03.00 + NoICE + sdld,  page 276.
Hexadecimal  [32-Bits]

Area                                    Addr        Size        Decimal Bytes (Attributes)
--------------------------------        ----        ----        ------- ----- ------------
_BANK15                             00008000    00000006 =           6. bytes (REL,CON)

      Value  Global                              Global Defined In Module
      -----  --------------------------------   ------------------------
     00008000  _bank15_txt                        bank15

ASxxxx Linker V03.00 + NoICE + sdld,  page 277.
Hexadecimal  [32-Bits]

Area                                    Addr        Size        Decimal Bytes (Attributes)
--------------------------------        ----        ----        ------- ----- ------------
_CABS0                              00000000    00000010 =          16. bytes (ABS,CON)

      Value  Global                              Global Defined In Module
      -----  --------------------------------   ------------------------
     00007FF0  G$__SMS__SEGA_signature$0_0$0      _sms_manager
     00007FF0  ___SMS__SEGA_signature             _sms_manager

ASxxxx Linker V03.00 + NoICE + sdld,  page 278.
Hexadecimal  [32-Bits]

Area                                    Addr        Size        Decimal Bytes (Attributes)
--------------------------------        ----        ----        ------- ----- ------------
_CABS1                              00000000    00000011 =          17. bytes (ABS,CON)

      Value  Global                              Global Defined In Module
      -----  --------------------------------   ------------------------
     00007FCF  G$__SMS__SDSC_author$0_0$0         _sms_manager
     00007FCF  ___SMS__SDSC_author                _sms_manager

ASxxxx Linker V03.00 + NoICE + sdld,  page 279.
Hexadecimal  [32-Bits]

Area                                    Addr        Size        Decimal Bytes (Attributes)
--------------------------------        ----        ----        ------- ----- ------------
_CABS2                              00000000    00000014 =          20. bytes (ABS,CON)

      Value  Global                              Global Defined In Module
      -----  --------------------------------   ------------------------
     00007FBB  G$__SMS__SDSC_name$0_0$0           _sms_manager
     00007FBB  ___SMS__SDSC_name                  _sms_manager

ASxxxx Linker V03.00 + NoICE + sdld,  page 280.
Hexadecimal  [32-Bits]

Area                                    Addr        Size        Decimal Bytes (Attributes)
--------------------------------        ----        ----        ------- ----- ------------
_CABS3                              00000000    0000003D =          61. bytes (ABS,CON)

      Value  Global                              Global Defined In Module
      -----  --------------------------------   ------------------------
     00007F7E  G$__SMS__SDSC_descr$0_0$0          _sms_manager
     00007F7E  ___SMS__SDSC_descr                 _sms_manager

ASxxxx Linker V03.00 + NoICE + sdld,  page 281.
Hexadecimal  [32-Bits]

Area                                    Addr        Size        Decimal Bytes (Attributes)
--------------------------------        ----        ----        ------- ----- ------------
_CABS4                              00000000    00000010 =          16. bytes (ABS,CON)

      Value  Global                              Global Defined In Module
      -----  --------------------------------   ------------------------
     00007FE0  G$__SMS__SDSC_signature$0_0$0      _sms_manager
     00007FE0  ___SMS__SDSC_signature             _sms_manager

ASxxxx Linker V03.00 + NoICE + sdld,  page 282.

Files Linked                              [ module(s) ]

../crt0/crt0_sms.rel                      [ crt0 ]
main.rel                                  [ main ]
../lib/PSGlib.rel                         [ PSGlib ]
banks/bank2.rel                           [ bank2 ]
banks/bank3.rel                           [ bank3 ]
banks/bank4.rel                           [ bank4 ]
banks/bank5.rel                           [ bank5 ]
banks/bank6.rel                           [ bank6 ]
banks/bank7.rel                           [ bank7 ]
banks/bank8.rel                           [ bank8 ]
banks/bank9.rel                           [ bank9 ]
banks/bank10.rel                          [ bank10 ]
banks/bank11.rel                          [ bank11 ]
banks/bank12.rel                          [ bank12 ]
banks/bank13.rel                          [ bank13 ]
banks/bank14.rel                          [ bank14 ]
banks/bank15.rel                          [ bank15 ]
engine/asm_manager.rel                    [ asm_manager ]
source/_sms_manager.rel                   [ _sms_manager ]
source/_snd_manager.rel                   [ _snd_manager ]
source/global_manager.rel                 [ global_manager ]
source/debug_manager.rel                  [ debug_manager ]
source/hack_manager.rel                   [ hack_manager ]
source/level_object.rel                   [ level_object ]
source/anim_object.rel                    [ anim_object ]
source/audio_object.rel                   [ audio_object ]
source/intro_object.rel                   [ intro_object ]
source/tutorial_object.rel                [ tutorial_object ]
source/content_manager.rel                [ content_manager ]
source/font_manager.rel                   [ font_manager ]
source/text_manager.rel                   [ text_manager ]
source/delay_manager.rel                  [ delay_manager ]
source/reset_manager.rel                  [ reset_manager ]
source/sprite_manager.rel                 [ sprite_manager ]
source/tile_manager.rel                   [ tile_manager ]
source/memo_manager.rel                   [ memo_manager ]
source/level_manager.rel                  [ level_manager ]
source/anim_manager.rel                   [ anim_manager ]
source/input_manager.rel                  [ input_manager ]
source/player_manager.rel                 [ player_manager ]
source/enemy_manager.rel                  [ enemy_manager ]
source/score_manager.rel                  [ score_manager ]
source/state_manager.rel                  [ state_manager ]
source/stats_manager.rel                  [ stats_manager ]
source/audio_manager.rel                  [ audio_manager ]
source/game_manager.rel                   [ game_manager ]
source/none_screen.rel                    [ none_screen ]
source/splash_screen.rel                  [ splash_screen ]
source/intro_screen.rel                   [ intro_screen ]
source/begin_screen.rel                   [ begin_screen ]
source/title_screen.rel                   [ title_screen ]
source/entry_screen.rel                   [ entry_screen ]
source/diff_screen.rel                    [ diff_screen ]
source/pace_screen.rel                    [ pace_screen ]
source/level_screen.rel                   [ level_screen ]
source/init_screen.rel                    [ init_screen ]
source/ready_screen.rel                   [ ready_screen ]
source/load_screen.rel                    [ load_screen ]
source/play_screen.rel                    [ play_screen ]
source/reset_screen.rel                   [ reset_screen ]
source/pass_screen.rel                    [ pass_screen ]
source/gems_screen.rel                    [ gems_screen ]
source/dead_screen.rel                    [ dead_screen ]
source/cont_screen.rel                    [ cont_screen ]
source/over_screen.rel                    [ over_screen ]
source/beat_screen.rel                    [ beat_screen ]
source/test_screen.rel                    [ test_screen ]
source/func_screen.rel                    [ func_screen ]
source/view_screen.rel                    [ view_screen ]
source/screen_manager.rel                 [ screen_manager ]
gfx.rel                                   [ gfx ]
psg.rel                                   [ psg ]


Libraries Linked                          [ object file ]

/home/stevepro/sdcc/bin/../share/sdcc/lib/z80/z80.lib
                                          [ divunsigned.rel ]
../lib/SMSlib.lib                         [ SMSlib_UNSAFE.rel ]
../lib/SMSlib.lib                         [ SMSlib.rel ]
/home/stevepro/sdcc/bin/../share/sdcc/lib/z80/z80.lib
                                          [ rand.rel ]
/home/stevepro/sdcc/bin/../share/sdcc/lib/z80/z80.lib
                                          [ mul.rel ]
../lib/SMSlib.lib                         [ SMSlib_STMcomp.rel ]
/home/stevepro/sdcc/bin/../share/sdcc/lib/z80/z80.lib
                                          [ __sdcc_call_hl.rel ]
../lib/SMSlib.lib                         [ SMSlib_PSGaiden.rel ]
/home/stevepro/sdcc/bin/../share/sdcc/lib/z80/z80.lib
                                          [ modsigned.rel ]
/home/stevepro/sdcc/bin/../share/sdcc/lib/z80/z80.lib
                                          [ modunsigned.rel ]
/home/stevepro/sdcc/bin/../share/sdcc/lib/z80/z80.lib
                                          [ divsigned.rel ]

ASxxxx Linker V03.00 + NoICE + sdld,  page 283.

User Base Address Definitions

_CODE = 0x0200
_DATA = 0xc000
_BANK2=0x8000
_BANK3=0x8000
_BANK4=0x8000
_BANK5=0x8000
_BANK6=0x8000
_BANK7=0x8000
_BANK8=0x8000
_BANK9=0x8000
_BANK10=0x8000
_BANK11=0x8000
_BANK12=0x8000
_BANK13=0x8000
_BANK14=0x8000
_BANK15=0x8000

