ASxxxx Linker V03.00 + NoICE + sdld,  page 1.
Hexadecimal  [32-Bits]

Area                                    Addr        Size        Decimal Bytes (Attributes)
--------------------------------        ----        ----        ------- ----- ------------
.  .ABS.                            00000000    00000000 =           0. bytes (ABS,CON)

      Value  Global                              Global Defined In Module
      -----  --------------------------------   ------------------------
     00000000  .__.ABS.                           
     00000000  l__BSEG                         
     00000000  l__BSS                          
     00000000  l__CABS                         
     00000000  l__DABS                         
     00000000  l__HEADER                       
     00000000  l__HEAP                         
     00000000  l__HOME                         
     00000000  s__CABS                         
     00000000  s__CABS0                        
     00000000  s__CABS1                        
     00000000  s__CABS2                        
     00000000  s__CABS3                        
     00000000  s__CABS4                        
     00000000  s__DABS                         
     00000000  s__HEADER                       
     00000000  s__HEADER0                      
     00000000  s__HEADER1                      
     00000000  s__HEADER2                      
     00000000  s__HEADER3                      
     00000000  s__HEADER4                      
     00000000  s__HEADER5                      
     00000001  l__GSFINAL                      
     00000003  l__HEADER3                      
     00000003  l__HEADER4                      
     00000006  l__HEADER0                      
     00000009  l__HEADER1                      
     0000000A  l__HEADER2                      
     0000000D  l__CABS2                        
     0000000E  l__CABS1                        
     0000000F  l__GSINIT                       
     00000010  l__CABS0                        
     00000010  l__CABS4                        
     0000001F  l__INITIALIZED                  
     0000001F  l__INITIALIZER                  
     00000038  l__CABS3                        
     000000D8  l__BANK2                        
     00000100  l__BANK3                        
     00000119  l__DATA                         
     0000012A  l__HEADER5                      
     00000200  s__CODE                         
     00003FA7  l__CODE                         
     000041A7  s__HOME                         
     000041A7  s__INITIALIZER                  
     000041C6  s__GSINIT                       
     000041D5  s__GSFINAL                      
     00008000  _SMS_SRAM                          SMSlib_loadTileMap
     00008000  s__BANK2                        
     00008000  s__BANK3                        
     0000C000  s__DATA                         
ASxxxx Linker V03.00 + NoICE + sdld,  page 2.
Hexadecimal  [32-Bits]

Area                                    Addr        Size        Decimal Bytes (Attributes)
--------------------------------        ----        ----        ------- ----- ------------
.  .ABS.                            00000000    00000000 =           0. bytes (ABS,CON)

      Value  Global                              Global Defined In Module
      -----  --------------------------------   ------------------------
     0000C119  s__INITIALIZED                  
     0000C138  s__BSEG                         
     0000C138  s__BSS                          
     0000C138  s__HEAP                         
     0000FFFC  _SRAM_bank_to_be_mapped_on_slot2   SMSlib_loadTileMap
     0000FFFF  _ROM_bank_to_be_mapped_on_slot2    SMSlib_loadTileMap

ASxxxx Linker V03.00 + NoICE + sdld,  page 3.
Hexadecimal  [32-Bits]

Area                                    Addr        Size        Decimal Bytes (Attributes)
--------------------------------        ----        ----        ------- ----- ------------
_CODE                               00000200    00003FA7 =       16295. bytes (REL,CON)

      Value  Global                              Global Defined In Module
      -----  --------------------------------   ------------------------
     00000200  __clock                            crt0
     00000204  _exit                              crt0
     0000020A  _main                              main
     00000267  _PSGStop                           PSGlib
     0000028E  _PSGResume                         PSGlib
     000002DA  _PSGPlay                           PSGlib
     00000307  _PSGCancelLoop                     PSGlib
     0000030D  _PSGPlayNoRepeat                   PSGlib
     0000031C  _PSGGetStatus                      PSGlib
     00000324  _PSGSilenceChannels                PSGlib
     00000335  _PSGRestoreVolumes                 PSGlib
     00000434  _PSGSetMusicVolumeAttenuation      PSGlib
     00000523  _PSGSFXStop                        PSGlib
     000005ED  _PSGSFXPlay                        PSGlib
     0000063A  _PSGSFXCancelLoop                  PSGlib
     00000640  _PSGSFXGetStatus                   PSGlib
     00000648  _PSGSFXPlayLoop                    PSGlib
     00000669  _PSGFrame                          PSGlib
     00000782  _PSGSFXFrame                       PSGlib
     00000808  _devkit_SMS_init                   _sms_manager
     0000080B  _devkit_SMS_VDPturnOnFeature       _sms_manager
     00000812  _devkit_SMS_VDPturnOffFeature      _sms_manager
     00000819  _devkit_VDPFEATURE_EXTRAHEIGHT     _sms_manager
     0000081D  _devkit_VDPFEATURE_SHIFTSPRITES    _sms_manager
     00000821  _devkit_VDPFEATURE_HIDEFIRSTCOL    _sms_manager
     00000825  _devkit_VDPFEATURE_LEFTCOLBLANK    _sms_manager
     00000829  _devkit_VDPFEATURE_LOCKHSCROLL     _sms_manager
     0000082D  _devkit_VDPFEATURE_LOCKVSCROLL     _sms_manager
     00000831  _devkit_VDPFEATURE_ZOOMSPRITES     _sms_manager
     00000835  _devkit_VDPFEATURE_USETALLSPRITE   _sms_manager
     00000839  _devkit_VDPFEATURE_240LINES        _sms_manager
     0000083D  _devkit_VDPFEATURE_224LINES        _sms_manager
     00000841  _devkit_VDPFEATURE_FRAMEIRQ        _sms_manager
     00000845  _devkit_VDPFEATURE_SHOWDISPLAY     _sms_manager
     00000849  _devkit_SMS_displayOn              _sms_manager
     0000084F  _devkit_SMS_displayOff             _sms_manager
     00000855  _devkit_SMS_setBGScrollX           _sms_manager
     00000861  _devkit_SMS_setBGScrollY           _sms_manager
     0000086D  _devkit_SMS_setBackdropColor       _sms_manager
     00000879  _devkit_SMS_useFirstHalfTilesfor   _sms_manager
     00000888  _devkit_SMS_setSpriteMode          _sms_manager
     00000894  _devkit_SPRITEMODE_NORMAL          _sms_manager
     00000897  _devkit_SPRITEMODE_TALL            _sms_manager
     0000089A  _devkit_SPRITEMODE_ZOOMED          _sms_manager
     0000089D  _devkit_SPRITEMODE_TALL_ZOOMED     _sms_manager
     000008A0  _devkit_SMS_mapROMBank             _sms_manager
     000008A9  _devkit_SMS_enableSRAM             _sms_manager
     000008AF  _devkit_SMS_enableSRAMBank         _sms_manager
     000008BE  _devkit_SMS_disableSRAM            _sms_manager
     000008C4  _devkit_SMS_SRAM                   _sms_manager
ASxxxx Linker V03.00 + NoICE + sdld,  page 4.
Hexadecimal  [32-Bits]

Area                                    Addr        Size        Decimal Bytes (Attributes)
--------------------------------        ----        ----        ------- ----- ------------
_CODE                               00000200    00003FA7 =       16295. bytes (REL,CON)

      Value  Global                              Global Defined In Module
      -----  --------------------------------   ------------------------
     000008C8  _devkit_SMS_waitForVBlank          _sms_manager
     000008CB  _devkit_SMS_loadTiles              _sms_manager
     000008EC  _devkit_SMS_loadPSGaidencompress   _sms_manager
     00000902  _devkit_SMS_loadTileMap            _sms_manager
     00000929  _devkit_SMS_loadSTMcompressedTil   _sms_manager
     00000949  _devkit_SMS_loadTileMapArea        _sms_manager
     00000976  _devkit_SMS_loadSTMcompressedTil   _sms_manager
     00000997  _devkit_SMS_crt0_RST08             _sms_manager
     0000099E  _devkit_SMS_crt0_RST18             _sms_manager
     000009A5  _devkit_SMS_setTile                _sms_manager
     000009AC  _devkit_SMS_setAddr                _sms_manager
     000009B3  _devkit_XYtoADDR                   _sms_manager
     000009B4  _devkit_SMS_setNextTileatXY        _sms_manager
     000009DD  _devkit_SMS_setNextTileatLoc       _sms_manager
     000009E9  _devkit_SMS_setNextTileatAddr      _sms_manager
     000009F7  _devkit_SMS_setTileatXY            _sms_manager
     00000A27  _devkit_TILE_FLIPPED_X             _sms_manager
     00000A2B  _devkit_TILE_FLIPPED_Y             _sms_manager
     00000A2F  _devkit_TILE_USE_SPRITE_PALETTE    _sms_manager
     00000A33  _devkit_TILE_PRIORITY              _sms_manager
     00000A37  _devkit_SMS_initSprites            _sms_manager
     00000A3A  _devkit_SMS_addSprite              _sms_manager
     00000A55  _devkit_SMS_reserveSprite          _sms_manager
     00000A58  _devkit_SMS_updateSpritePosition   _sms_manager
     00000A73  _devkit_SMS_updateSpriteImage      _sms_manager
     00000A86  _devkit_SMS_hideSprite             _sms_manager
     00000A92  _devkit_SMS_setClippingWindow      _sms_manager
     00000AB4  _devkit_SMS_addSpriteClipping      _sms_manager
     00000AD2  _devkit_SMS_finalizeSprites        _sms_manager
     00000AD5  _devkit_SMS_copySpritestoSAT       _sms_manager
     00000AD8  _devkit_SMS_setBGPaletteColor      _sms_manager
     00000AEB  _devkit_SMS_setSpritePaletteColo   _sms_manager
     00000AFE  _devkit_SMS_loadBGPalette          _sms_manager
     00000B05  _devkit_SMS_loadSpritePalette      _sms_manager
     00000B0C  _devkit_SMS_setNextBGColoratInde   _sms_manager
     00000B1E  _devkit_SMS_setNextSpriteColorat   _sms_manager
     00000B30  _devkit_SMS_setColor               _sms_manager
     00000B3C  _devkit_RGB                        _sms_manager
     00000B57  _devkit_RGB8                       _sms_manager
     00000B80  _devkit_SMS_loadBGPaletteHalfBri   _sms_manager
     00000B87  _devkit_SMS_loadSpritePaletteHal   _sms_manager
     00000B8E  _devkit_SMS_zeroBGPalette          _sms_manager
     00000B91  _devkit_SMS_zeroSpritePalette      _sms_manager
     00000B94  _devkit_SMS_getKeysStatus          _sms_manager
     00000B97  _devkit_SMS_getKeysPressed         _sms_manager
     00000B9A  _devkit_SMS_getKeysHeld            _sms_manager
     00000B9D  _devkit_SMS_getKeysReleased        _sms_manager
     00000BA0  _devkit_PORT_A_KEY_UP              _sms_manager
     00000BA4  _devkit_PORT_A_KEY_DOWN            _sms_manager
     00000BA8  _devkit_PORT_A_KEY_LEFT            _sms_manager
     00000BAC  _devkit_PORT_A_KEY_RIGHT           _sms_manager
ASxxxx Linker V03.00 + NoICE + sdld,  page 5.
Hexadecimal  [32-Bits]

Area                                    Addr        Size        Decimal Bytes (Attributes)
--------------------------------        ----        ----        ------- ----- ------------
_CODE                               00000200    00003FA7 =       16295. bytes (REL,CON)

      Value  Global                              Global Defined In Module
      -----  --------------------------------   ------------------------
     00000BB0  _devkit_PORT_A_KEY_1               _sms_manager
     00000BB4  _devkit_PORT_A_KEY_2               _sms_manager
     00000BB8  _devkit_PORT_A_KEY_START           _sms_manager
     00000BBC  _devkit_PORT_B_KEY_UP              _sms_manager
     00000BC0  _devkit_PORT_B_KEY_DOWN            _sms_manager
     00000BC4  _devkit_PORT_B_KEY_LEFT            _sms_manager
     00000BC8  _devkit_PORT_B_KEY_RIGHT           _sms_manager
     00000BCC  _devkit_PORT_B_KEY_1               _sms_manager
     00000BD0  _devkit_PORT_B_KEY_2               _sms_manager
     00000BD4  _devkit_PORT_B_KEY_START           _sms_manager
     00000BD8  _devkit_RESET_KEY                  _sms_manager
     00000BDC  _devkit_CARTRIDGE_SLOT             _sms_manager
     00000BE0  _devkit_PORT_A_TH                  _sms_manager
     00000BE4  _devkit_PORT_B_TH                  _sms_manager
     00000BE8  _devkit_SMS_queryPauseRequested    _sms_manager
     00000BEB  _devkit_SMS_resetPauseRequest      _sms_manager
     00000BEE  _devkit_SMS_VDPFlags               _sms_manager
     00000BF6  _devkit_VDPFLAG_SPRITEOVERFLOW     _sms_manager
     00000BF9  _devkit_VDPFLAG_SPRITECOLLISION    _sms_manager
     00000BFC  _devkit_SMS_setLineInterruptHand   _sms_manager
     00000C06  _devkit_SMS_setLineCounter         _sms_manager
     00000C12  _devkit_SMS_enableLineInterrupt    _sms_manager
     00000C18  _devkit_SMS_disableLineInterrupt   _sms_manager
     00000C1E  _devkit_SMS_getVCount              _sms_manager
     00000C21  _devkit_SMS_getHCount              _sms_manager
     00000C24  _devkit_SMS_VRAMmemcpy             _sms_manager
     00000C45  _devkit_SMS_VRAMmemcpy_brief       _sms_manager
     00000C63  _devkit_SMS_VRAMmemset             _sms_manager
     00000C81  _devkit_SMS_VRAMmemsetW            _sms_manager
     00000CA2  _devkit_UNSAFE_SMS_copySpritesto   _sms_manager
     00000CA5  _devkit_UNSAFE_SMS_VRAMmemcpy32    _sms_manager
     00000CBB  _devkit_UNSAFE_SMS_VRAMmemcpy64    _sms_manager
     00000CD1  _devkit_UNSAFE_SMS_VRAMmemcpy128   _sms_manager
     00000CE7  _devkit_UNSAFE_SMS_load1Tile       _sms_manager
     00000D00  _devkit_UNSAFE_SMS_load2Tiles      _sms_manager
     00000D19  _devkit_UNSAFE_SMS_load4Tiles      _sms_manager
     00000D32  _dekvit_SMS_isr                    _sms_manager
     00000D35  _dekvit_SMS_nmi_isr                _sms_manager
     00000D38  _devkit_SMS_addSprite_bulk8        _sms_manager
     00000E14  _devkit_SMS_addSprite_bulk12       _sms_manager
     00000F17  _devkit_SMS_setTilePriority        _sms_manager
     00000F28  _devkit_isCollisionDetected        _sms_manager
     00000F82  _devkit_PSG_STOPPED                _snd_manager
     00000F85  _devkit_PSG_PLAYING                _snd_manager
     00000F88  _devkit_SFX_CHANNEL2               _snd_manager
     00000F8B  _devkit_SFX_CHANNEL3               _snd_manager
     00000F8E  _devkit_SFX_CHANNELS2AND3          _snd_manager
     00000F91  _devkit_PSGPlay                    _snd_manager
     00000F9B  _devkit_PSGCancelLoop              _snd_manager
     00000F9E  _devkit_PSGPlayNoRepeat            _snd_manager
     00000FA8  _devkit_PSGStop                    _snd_manager
ASxxxx Linker V03.00 + NoICE + sdld,  page 6.
Hexadecimal  [32-Bits]

Area                                    Addr        Size        Decimal Bytes (Attributes)
--------------------------------        ----        ----        ------- ----- ------------
_CODE                               00000200    00003FA7 =       16295. bytes (REL,CON)

      Value  Global                              Global Defined In Module
      -----  --------------------------------   ------------------------
     00000FAB  _devkit_PSGResume                  _snd_manager
     00000FAE  _devkit_PSGGetStatus               _snd_manager
     00000FB1  _devkit_PSGSetMusicVolumeAttenua   _snd_manager
     00000FBD  _devkit_PSGSFXPlay                 _snd_manager
     00000FD2  _devkit_PSGSFXPlayLoop             _snd_manager
     00000FE7  _devkit_PSGSFXCancelLoop           _snd_manager
     00000FEA  _devkit_PSGSFXStop                 _snd_manager
     00000FED  _devkit_PSGSFXGetStatus            _snd_manager
     00000FF0  _devkit_PSGSilenceChannels         _snd_manager
     00000FF3  _devkit_PSGRestoreVolumes          _snd_manager
     00000FF6  _devkit_PSGFrame                   _snd_manager
     00000FF9  _devkit_PSGSFXFrame                _snd_manager
     00000FFC  _engine_asm_manager_clear_VRAM     asm_manager
     00001012  _engine_music_manager_play         audio_manager
     0000101B  _engine_sound_manager_play         audio_manager
     0000101C  _engine_content_manager_load_til   content_manager
     00001046  _engine_font_manager_draw_char     font_manager
     00001072  _engine_font_manager_draw_text     font_manager
     000010C4  _engine_font_manager_draw_data     font_manager
     00001175  _engine_font_manager_draw_zero     font_manager
     000011FD  _engine_input_manager_update       input_manager
     0000120A  _engine_input_manager_hold_up      input_manager
     00001213  _engine_input_manager_hold_down    input_manager
     0000121C  _engine_input_manager_hold_left    input_manager
     00001225  _engine_input_manager_hold_right   input_manager
     0000122E  _engine_input_manager_hold_fire1   input_manager
     00001237  _engine_input_manager_hold_fire2   input_manager
     00001240  _engine_input_manager_move_up      input_manager
     00001249  _engine_input_manager_move_down    input_manager
     00001252  _engine_input_manager_move_left    input_manager
     0000125B  _engine_input_manager_move_right   input_manager
     00001264  _engine_input_manager_move_fire1   input_manager
     0000126D  _engine_input_manager_move_fire2   input_manager
     000012C0  _engine_screen_manager_init        screen_manager
     000012D0  _engine_screen_manager_update      screen_manager
     0000132F  _engine_scroll_manager_init        scroll_manager
     0000135C  _engine_scroll_manager_load        scroll_manager
     0000138D  _engine_scroll_manager_update      scroll_manager
     00001460  _engine_scroll_manager_getPosY     scroll_manager
     0000153D  _engine_sprite_manager_draw        sprite_manager
     00001553  _back_tiles__palette__bin          gfx
     00001563  _back_tiles__tiles__psgcompr       gfx
     000015B7  _font_tiles__palette__bin          gfx
     000015C7  _font_tiles__tilemap__bin          gfx
     00001647  _font_tiles__tiles__psgcompr       gfx
     000018DE  _mus_game_psg                      psg
     000037EF  _SMS_reserveSprite                 SMSlib_spriteAdv
     00003810  _SMS_updateSpritePosition          SMSlib_spriteAdv
     00003852  _SMS_updateSpriteImage             SMSlib_spriteAdv
     0000386C  _SMS_hideSprite                    SMSlib_spriteAdv
     0000387B  __divuint                          
ASxxxx Linker V03.00 + NoICE + sdld,  page 7.
Hexadecimal  [32-Bits]

Area                                    Addr        Size        Decimal Bytes (Attributes)
--------------------------------        ----        ----        ------- ----- ------------
_CODE                               00000200    00003FA7 =       16295. bytes (REL,CON)

      Value  Global                              Global Defined In Module
      -----  --------------------------------   ------------------------
     00003883  __divuchar                         
     0000388A  __divu8                            
     0000388D  __divu16                           
     000038BC  _UNSAFE_SMS_copySpritestoSAT       SMSlib_UNSAFE
     000038D4  _UNSAFE_SMS_VRAMmemcpy32           SMSlib_UNSAFE
     000038F1  _UNSAFE_SMS_VRAMmemcpy64           SMSlib_UNSAFE
     0000390E  _UNSAFE_SMS_VRAMmemcpy128          SMSlib_UNSAFE
     0000392B  _SMS_init                          SMSlib
     0000397F  _VDPReg_init                       SMSlib
     0000398A  _SMS_VDPType                       SMSlib
     00003992  _SMS_VDPturnOnFeature              SMSlib
     000039A9  _SMS_VDPturnOffFeature             SMSlib
     000039C2  _SMS_setBGScrollX                  SMSlib
     000039CC  _SMS_setBGScrollY                  SMSlib
     000039D6  _SMS_setBackdropColor              SMSlib
     000039E0  _SMS_useFirstHalfTilesforSprites   SMSlib
     000039F4  _SMS_setSpriteMode                 SMSlib
     00003A39  _SMS_setBGPaletteColor             SMSlib
     00003A4D  _SMS_setSpritePaletteColor         SMSlib
     00003A61  _SMS_loadBGPalette                 SMSlib
     00003A75  _SMS_loadSpritePalette             SMSlib
     00003A89  _SMS_setColor                      SMSlib
     00003A8D  _SMS_initSprites                   SMSlib
     00003A93  _SMS_addSprite                     SMSlib
     00003AE8  _SMS_finalizeSprites               SMSlib
     00003AFA  _SMS_copySpritestoSAT              SMSlib
     00003B23  _SMS_waitForVBlank                 SMSlib
     00003B30  _SMS_getKeysStatus                 SMSlib
     00003B34  _SMS_getKeysPressed                SMSlib
     00003B51  _SMS_getKeysHeld                   SMSlib
     00003B68  _SMS_getKeysReleased               SMSlib
     00003B85  _SMS_queryPauseRequested           SMSlib
     00003B8D  _SMS_resetPauseRequest             SMSlib
     00003B93  _SMS_setLineInterruptHandler       SMSlib
     00003BA4  _SMS_setLineCounter                SMSlib
     00003BB3  _SMS_getVCount                     SMSlib
     00003BB7  _SMS_getHCount                     SMSlib
     00003BBB  _SMS_isr                           SMSlib
     00003BF1  _SMS_nmi_isr                       SMSlib
     00003C04  _SMS_setClippingWindow             SMSlib_spriteClip
     00003C25  _SMS_addSpriteClipping             SMSlib_spriteClip
     00003CED  _SMS_VRAMmemset                    SMSlib_VRAMmemset
     00003D12  _SMS_VRAMmemsetW                   SMSlib_VRAMmemset
     00003D42  _SMS_loadBGPaletteHalfBrightness   SMSlib_paletteAdv
     00003D59  _SMS_zeroBGPalette                 SMSlib_paletteAdv
     00003D6D  _SMS_loadSpritePaletteHalfBright   SMSlib_paletteAdv
     00003D84  _SMS_zeroSpritePalette             SMSlib_paletteAdv
     00003D98  _SMS_loadTiles                     SMSlib_loadTiles
     00003DC9  _SMS_VRAMmemcpy                    SMSlib_VRAMmemcpy
     00003DF6  _SMS_VRAMmemcpy_brief              SMSlib_VRAMmemcpy
     00003E1E  _SMS_loadSTMcompressedTileMapAre   SMSlib_STMcomp
ASxxxx Linker V03.00 + NoICE + sdld,  page 8.
Hexadecimal  [32-Bits]

Area                                    Addr        Size        Decimal Bytes (Attributes)
--------------------------------        ----        ----        ------- ----- ------------
_CODE                               00000200    00003FA7 =       16295. bytes (REL,CON)

      Value  Global                              Global Defined In Module
      -----  --------------------------------   ------------------------
     00003FFF  ___sdcc_call_hl                    
     00004000  _SMS_loadPSGaidencompressedTiles   SMSlib_PSGaiden
     000040E2  _SMS_loadTileMapArea               SMSlib_loadTileMapArea
     00004157  _SMS_loadTileMap                   SMSlib_loadTileMap
     00004190  __moduchar                         
     0000419C  __moduint                          

ASxxxx Linker V03.00 + NoICE + sdld,  page 9.
Hexadecimal  [32-Bits]

Area                                    Addr        Size        Decimal Bytes (Attributes)
--------------------------------        ----        ----        ------- ----- ------------
_HEADER0                            00000000    00000006 =           6. bytes (ABS,CON)

      Value  Global                              Global Defined In Module
      -----  --------------------------------   ------------------------
     00000006  _SMS_crt0_RST08                    crt0

ASxxxx Linker V03.00 + NoICE + sdld,  page 10.
Hexadecimal  [32-Bits]

Area                                    Addr        Size        Decimal Bytes (Attributes)
--------------------------------        ----        ----        ------- ----- ------------
_HEADER1                            00000000    00000009 =           9. bytes (ABS,CON)

      Value  Global                              Global Defined In Module
      -----  --------------------------------   ------------------------
     00000011  _SMS_crt0_RST18                    crt0

ASxxxx Linker V03.00 + NoICE + sdld,  page 11.
Hexadecimal  [32-Bits]

Area                                    Addr        Size        Decimal Bytes (Attributes)
--------------------------------        ----        ----        ------- ----- ------------
_HEADER2                            00000000    0000000A =          10. bytes (ABS,CON)

      Value  Global                              Global Defined In Module
      -----  --------------------------------   ------------------------
ASxxxx Linker V03.00 + NoICE + sdld,  page 12.
Hexadecimal  [32-Bits]

Area                                    Addr        Size        Decimal Bytes (Attributes)
--------------------------------        ----        ----        ------- ----- ------------
_HEADER3                            00000000    00000003 =           3. bytes (ABS,CON)

      Value  Global                              Global Defined In Module
      -----  --------------------------------   ------------------------
ASxxxx Linker V03.00 + NoICE + sdld,  page 13.
Hexadecimal  [32-Bits]

Area                                    Addr        Size        Decimal Bytes (Attributes)
--------------------------------        ----        ----        ------- ----- ------------
_HEADER4                            00000000    00000003 =           3. bytes (ABS,CON)

      Value  Global                              Global Defined In Module
      -----  --------------------------------   ------------------------
ASxxxx Linker V03.00 + NoICE + sdld,  page 14.
Hexadecimal  [32-Bits]

Area                                    Addr        Size        Decimal Bytes (Attributes)
--------------------------------        ----        ----        ------- ----- ------------
_HEADER5                            00000000    0000012A =         298. bytes (ABS,CON)

      Value  Global                              Global Defined In Module
      -----  --------------------------------   ------------------------
     00000099  _OUTI128                           crt0
     00000119  _OUTI64                            crt0
     00000159  _OUTI32                            crt0
     00000199  _outi_block                        crt0

ASxxxx Linker V03.00 + NoICE + sdld,  page 15.
Hexadecimal  [32-Bits]

Area                                    Addr        Size        Decimal Bytes (Attributes)
--------------------------------        ----        ----        ------- ----- ------------
_INITIALIZER                        000041A7    0000001F =          31. bytes (REL,CON)

      Value  Global                              Global Defined In Module
      -----  --------------------------------   ------------------------
ASxxxx Linker V03.00 + NoICE + sdld,  page 16.
Hexadecimal  [32-Bits]

Area                                    Addr        Size        Decimal Bytes (Attributes)
--------------------------------        ----        ----        ------- ----- ------------
_GSINIT                             000041C6    0000000F =          15. bytes (REL,CON)

      Value  Global                              Global Defined In Module
      -----  --------------------------------   ------------------------
     000041C6  gsinit                             crt0

ASxxxx Linker V03.00 + NoICE + sdld,  page 17.
Hexadecimal  [32-Bits]

Area                                    Addr        Size        Decimal Bytes (Attributes)
--------------------------------        ----        ----        ------- ----- ------------
_GSFINAL                            000041D5    00000001 =           1. bytes (REL,CON)

      Value  Global                              Global Defined In Module
      -----  --------------------------------   ------------------------
ASxxxx Linker V03.00 + NoICE + sdld,  page 18.
Hexadecimal  [32-Bits]

Area                                    Addr        Size        Decimal Bytes (Attributes)
--------------------------------        ----        ----        ------- ----- ------------
_DATA                               0000C000    00000119 =         281. bytes (REL,CON)

      Value  Global                              Global Defined In Module
      -----  --------------------------------   ------------------------
     0000C000  _PSGMusicStatus                    PSGlib
     0000C001  _PSGMusicStart                     PSGlib
     0000C003  _PSGMusicPointer                   PSGlib
     0000C005  _PSGMusicLoopPoint                 PSGlib
     0000C007  _PSGMusicSkipFrames                PSGlib
     0000C008  _PSGLoopFlag                       PSGlib
     0000C009  _PSGMusicLastLatch                 PSGlib
     0000C00A  _PSGMusicVolumeAttenuation         PSGlib
     0000C00B  _PSGMusicSubstringLen              PSGlib
     0000C00C  _PSGMusicSubstringRetAddr          PSGlib
     0000C00E  _PSGChan0Volume                    PSGlib
     0000C00F  _PSGChan1Volume                    PSGlib
     0000C010  _PSGChan2Volume                    PSGlib
     0000C011  _PSGChan3Volume                    PSGlib
     0000C012  _PSGChan2LowTone                   PSGlib
     0000C013  _PSGChan2HighTone                  PSGlib
     0000C014  _PSGChan3LowTone                   PSGlib
     0000C015  _PSGChannel2SFX                    PSGlib
     0000C016  _PSGChannel3SFX                    PSGlib
     0000C017  _PSGSFXChan2Volume                 PSGlib
     0000C018  _PSGSFXChan3Volume                 PSGlib
     0000C019  _PSGSFXStatus                      PSGlib
     0000C01A  _PSGSFXStart                       PSGlib
     0000C01C  _PSGSFXPointer                     PSGlib
     0000C01E  _PSGSFXLoopPoint                   PSGlib
     0000C020  _PSGSFXSkipFrames                  PSGlib
     0000C021  _PSGSFXLoopFlag                    PSGlib
     0000C022  _PSGSFXSubstringLen                PSGlib
     0000C023  _PSGSFXSubstringRetAddr            PSGlib
     0000C025  _global_scroll_object              scroll_manager
     0000C02E  _VDPBlank                          SMSlib
     0000C02F  _SMS_VDPFlags                      SMSlib
     0000C030  _PauseRequested                    SMSlib
     0000C031  _VDPType                           SMSlib
     0000C032  _KeysStatus                        SMSlib
     0000C034  _PreviousKeysStatus                SMSlib
     0000C036  _SpriteTableY                      SMSlib
     0000C076  _SpriteTableXN                     SMSlib
     0000C0F6  _SpriteNextFree                    SMSlib
     0000C0F7  _SMS_theLineInterruptHandler       SMSlib
     0000C0F9  _decompBuffer                      SMSlib_PSGaiden

ASxxxx Linker V03.00 + NoICE + sdld,  page 19.
Hexadecimal  [32-Bits]

Area                                    Addr        Size        Decimal Bytes (Attributes)
--------------------------------        ----        ----        ------- ----- ------------
_INITIALIZED                        0000C119    0000001F =          31. bytes (REL,CON)

      Value  Global                              Global Defined In Module
      -----  --------------------------------   ------------------------
     0000C11D  _BG_TILE_WIDTH                     screen_manager
     0000C11F  _X_TILE_MAX                        screen_manager
     0000C121  _X_TILE_DIFF                       screen_manager
     0000C123  _Y_TILE_MAX                        screen_manager
     0000C125  _test                              screen_manager
     0000C126  _test2                             screen_manager
     0000C128  _scroll                            screen_manager
     0000C129  _scrollRight                       screen_manager
     0000C12A  _scrollRightDivided8               screen_manager
     0000C12B  _ytile                             screen_manager
     0000C12D  _yDelta                            screen_manager
     0000C130  _VDPReg                            SMSlib
     0000C132  _spritesHeight                     SMSlib
     0000C133  _spritesWidth                      SMSlib
     0000C134  _clipWin_x0                        SMSlib_spriteClip
     0000C135  _clipWin_y0                        SMSlib_spriteClip
     0000C136  _clipWin_x1                        SMSlib_spriteClip
     0000C137  _clipWin_y1                        SMSlib_spriteClip
ASxxxx Linker V03.00 + NoICE + sdld,  page 20.
Hexadecimal  [32-Bits]

Area                                    Addr        Size        Decimal Bytes (Attributes)
--------------------------------        ----        ----        ------- ----- ------------
_BANK2                              00008000    000000D8 =         216. bytes (REL,CON)

      Value  Global                              Global Defined In Module
      -----  --------------------------------   ------------------------
     00008000  _level0201_txt                     bank2

ASxxxx Linker V03.00 + NoICE + sdld,  page 21.
Hexadecimal  [32-Bits]

Area                                    Addr        Size        Decimal Bytes (Attributes)
--------------------------------        ----        ----        ------- ----- ------------
_BANK3                              00008000    00000100 =         256. bytes (REL,CON)

      Value  Global                              Global Defined In Module
      -----  --------------------------------   ------------------------
     00008000  _level0301_txt                     bank3

ASxxxx Linker V03.00 + NoICE + sdld,  page 22.
Hexadecimal  [32-Bits]

Area                                    Addr        Size        Decimal Bytes (Attributes)
--------------------------------        ----        ----        ------- ----- ------------
_CABS0                              00000000    00000010 =          16. bytes (ABS,CON)

      Value  Global                              Global Defined In Module
      -----  --------------------------------   ------------------------
     00007FF0  ___SMS__SEGA_signature             _sms_manager

ASxxxx Linker V03.00 + NoICE + sdld,  page 23.
Hexadecimal  [32-Bits]

Area                                    Addr        Size        Decimal Bytes (Attributes)
--------------------------------        ----        ----        ------- ----- ------------
_CABS1                              00000000    0000000E =          14. bytes (ABS,CON)

      Value  Global                              Global Defined In Module
      -----  --------------------------------   ------------------------
     00007FD2  ___SMS__SDSC_author                _sms_manager

ASxxxx Linker V03.00 + NoICE + sdld,  page 24.
Hexadecimal  [32-Bits]

Area                                    Addr        Size        Decimal Bytes (Attributes)
--------------------------------        ----        ----        ------- ----- ------------
_CABS2                              00000000    0000000D =          13. bytes (ABS,CON)

      Value  Global                              Global Defined In Module
      -----  --------------------------------   ------------------------
     00007FC5  ___SMS__SDSC_name                  _sms_manager

ASxxxx Linker V03.00 + NoICE + sdld,  page 25.
Hexadecimal  [32-Bits]

Area                                    Addr        Size        Decimal Bytes (Attributes)
--------------------------------        ----        ----        ------- ----- ------------
_CABS3                              00000000    00000038 =          56. bytes (ABS,CON)

      Value  Global                              Global Defined In Module
      -----  --------------------------------   ------------------------
     00007F8D  ___SMS__SDSC_descr                 _sms_manager

ASxxxx Linker V03.00 + NoICE + sdld,  page 26.
Hexadecimal  [32-Bits]

Area                                    Addr        Size        Decimal Bytes (Attributes)
--------------------------------        ----        ----        ------- ----- ------------
_CABS4                              00000000    00000010 =          16. bytes (ABS,CON)

      Value  Global                              Global Defined In Module
      -----  --------------------------------   ------------------------
     00007FE0  ___SMS__SDSC_signature             _sms_manager

ASxxxx Linker V03.00 + NoICE + sdld,  page 27.

Files Linked                              [ module(s) ]

../crt0/crt0_sms.rel                      [ crt0 ]
main.rel                                  [ main ]
../lib/PSGlib.rel                         [ PSGlib ]
banks\bank2.rel                           [ bank2 ]
banks\bank3.rel                           [ bank3 ]
devkit/_sms_manager.rel                   [ _sms_manager ]
devkit/_snd_manager.rel                   [ _snd_manager ]
engine/asm_manager.rel                    [ asm_manager ]
engine/audio_manager.rel                  [ audio_manager ]
engine/content_manager.rel                [ content_manager ]
engine/font_manager.rel                   [ font_manager ]
engine/global_manager.rel                 [ global_manager ]
engine/input_manager.rel                  [ input_manager ]
engine/screen_manager.rel                 [ screen_manager ]
engine/scroll_manager.rel                 [ scroll_manager ]
engine/sprite_manager.rel                 [ sprite_manager ]
object/scroll_object.rel                  [ scroll_object ]
content/gfx.rel                           [ gfx ]
content/psg.rel                           [ psg ]


Libraries Linked                          [ object file ]

../lib/SMSlib.lib                         [ SMSlib_spriteAdv.rel ]
C:\Program Files\SDCC\bin\..\lib\z80/z80.lib
                                          [ divunsigned.rel ]
../lib/SMSlib.lib                         [ SMSlib_UNSAFE.rel ]
../lib/SMSlib.lib                         [ SMSlib.rel ]
../lib/SMSlib.lib                         [ SMSlib_spriteClip.rel ]
../lib/SMSlib.lib                         [ SMSlib_VRAMmemset.rel ]
../lib/SMSlib.lib                         [ SMSlib_paletteAdv.rel ]
../lib/SMSlib.lib                         [ SMSlib_loadTiles.rel ]
../lib/SMSlib.lib                         [ SMSlib_VRAMmemcpy.rel ]
../lib/SMSlib.lib                         [ SMSlib_STMcomp.rel ]
C:\Program Files\SDCC\bin\..\lib\z80/z80.lib
                                          [ __sdcc_call_hl.rel ]
../lib/SMSlib.lib                         [ SMSlib_PSGaiden.rel ]
../lib/SMSlib.lib                         [ SMSlib_loadTileMapArea.rel ]
../lib/SMSlib.lib                         [ SMSlib_loadTileMap.rel ]
C:\Program Files\SDCC\bin\..\lib\z80/z80.lib
                                          [ modunsigned.rel ]

ASxxxx Linker V03.00 + NoICE + sdld,  page 28.

User Base Address Definitions

_CODE = 0x0200
_DATA = 0xc000
_BANK2=0x8000
_BANK3=0x8000

