                                      1 ;--------------------------------------------------------
                                      2 ; File Created by SDCC : free open source ANSI-C Compiler
                                      3 ; Version 4.1.0 #12072 (Linux)
                                      4 ;--------------------------------------------------------
                                      5 	.module flip_object
                                      6 	.optsdcc -mz80
                                      7 	
                                      8 ;--------------------------------------------------------
                                      9 ; Public variables in this module
                                     10 ;--------------------------------------------------------
                                     11 	.globl _flip_array_06
                                     12 	.globl _flip_array_05
                                     13 	.globl _flip_array_04
                                     14 	.globl _flip_array_03
                                     15 	.globl _flip_array_02
                                     16 	.globl _flip_array_01
                                     17 	.globl _flip_array_00
                                     18 	.globl _flip_array_ptr
                                     19 ;--------------------------------------------------------
                                     20 ; special function registers
                                     21 ;--------------------------------------------------------
                                     22 ;--------------------------------------------------------
                                     23 ; ram data
                                     24 ;--------------------------------------------------------
                                     25 	.area _DATA
                                     26 ;--------------------------------------------------------
                                     27 ; ram data
                                     28 ;--------------------------------------------------------
                                     29 	.area _INITIALIZED
                           000000    30 G$flip_array_ptr$0_0$0==.
      000000                         31 _flip_array_ptr::
      000000                         32 	.ds 14
                                     33 ;--------------------------------------------------------
                                     34 ; absolute external ram data
                                     35 ;--------------------------------------------------------
                                     36 	.area _DABS (ABS)
                                     37 ;--------------------------------------------------------
                                     38 ; global & static initialisations
                                     39 ;--------------------------------------------------------
                                     40 	.area _HOME
                                     41 	.area _GSINIT
                                     42 	.area _GSFINAL
                                     43 	.area _GSINIT
                                     44 ;--------------------------------------------------------
                                     45 ; Home
                                     46 ;--------------------------------------------------------
                                     47 	.area _HOME
                                     48 	.area _HOME
                                     49 ;--------------------------------------------------------
                                     50 ; code
                                     51 ;--------------------------------------------------------
                                     52 	.area _CODE
                                     53 	.area _CODE
                           000000    54 G$flip_array_00$0_0$0 == .
      000000                         55 _flip_array_00:
      000000 02                      56 	.db #0x02	; 2
      000001 02                      57 	.db #0x02	; 2
      000002 02                      58 	.db #0x02	; 2
      000003 02                      59 	.db #0x02	; 2
      000004 02                      60 	.db #0x02	; 2
      000005 02                      61 	.db #0x02	; 2
      000006 02                      62 	.db #0x02	; 2
      000007 02                      63 	.db #0x02	; 2
      000008 02                      64 	.db #0x02	; 2
                           000009    65 G$flip_array_01$0_0$0 == .
      000009                         66 _flip_array_01:
      000009 02                      67 	.db #0x02	; 2
      00000A 02                      68 	.db #0x02	; 2
      00000B 06                      69 	.db #0x06	; 6
      00000C 06                      70 	.db #0x06	; 6
      00000D 02                      71 	.db #0x02	; 2
      00000E 06                      72 	.db #0x06	; 6
      00000F 06                      73 	.db #0x06	; 6
      000010 02                      74 	.db #0x02	; 2
      000011 02                      75 	.db #0x02	; 2
                           000012    76 G$flip_array_02$0_0$0 == .
      000012                         77 _flip_array_02:
      000012 02                      78 	.db #0x02	; 2
      000013 03                      79 	.db #0x03	; 3
      000014 04                      80 	.db #0x04	; 4
      000015 05                      81 	.db #0x05	; 5
      000016 02                      82 	.db #0x02	; 2
      000017 03                      83 	.db #0x03	; 3
      000018 04                      84 	.db #0x04	; 4
      000019 05                      85 	.db #0x05	; 5
      00001A 02                      86 	.db #0x02	; 2
                           00001B    87 G$flip_array_03$0_0$0 == .
      00001B                         88 _flip_array_03:
      00001B 02                      89 	.db #0x02	; 2
      00001C 05                      90 	.db #0x05	; 5
      00001D 04                      91 	.db #0x04	; 4
      00001E 03                      92 	.db #0x03	; 3
      00001F 02                      93 	.db #0x02	; 2
      000020 05                      94 	.db #0x05	; 5
      000021 04                      95 	.db #0x04	; 4
      000022 03                      96 	.db #0x03	; 3
      000023 02                      97 	.db #0x02	; 2
                           000024    98 G$flip_array_04$0_0$0 == .
      000024                         99 _flip_array_04:
      000024 02                     100 	.db #0x02	; 2
      000025 02                     101 	.db #0x02	; 2
      000026 05                     102 	.db #0x05	; 5
      000027 09                     103 	.db #0x09	; 9
      000028 05                     104 	.db #0x05	; 5
      000029 09                     105 	.db #0x09	; 9
      00002A 05                     106 	.db #0x05	; 5
      00002B 02                     107 	.db #0x02	; 2
      00002C 02                     108 	.db #0x02	; 2
                           00002D   109 G$flip_array_05$0_0$0 == .
      00002D                        110 _flip_array_05:
      00002D 02                     111 	.db #0x02	; 2
      00002E 05                     112 	.db #0x05	; 5
      00002F 04                     113 	.db #0x04	; 4
      000030 08                     114 	.db #0x08	; 8
      000031 04                     115 	.db #0x04	; 4
      000032 08                     116 	.db #0x08	; 8
      000033 04                     117 	.db #0x04	; 4
      000034 03                     118 	.db #0x03	; 3
      000035 02                     119 	.db #0x02	; 2
                           000036   120 G$flip_array_06$0_0$0 == .
      000036                        121 _flip_array_06:
      000036 02                     122 	.db #0x02	; 2
      000037 02                     123 	.db #0x02	; 2
      000038 02                     124 	.db #0x02	; 2
      000039 03                     125 	.db #0x03	; 3
      00003A 03                     126 	.db #0x03	; 3
      00003B 03                     127 	.db #0x03	; 3
      00003C 04                     128 	.db #0x04	; 4
      00003D 04                     129 	.db #0x04	; 4
      00003E 04                     130 	.db #0x04	; 4
                                    131 	.area _INITIALIZER
                           000000   132 Fflip_object$__xinit_flip_array_ptr$0_0$0 == .
      000000                        133 __xinit__flip_array_ptr:
      000000r00r00                  134 	.dw _flip_array_00
      000002r09r00                  135 	.dw _flip_array_01
      000004r12r00                  136 	.dw _flip_array_02
      000006r1Br00                  137 	.dw _flip_array_03
      000008r24r00                  138 	.dw _flip_array_04
      00000Ar2Dr00                  139 	.dw _flip_array_05
      00000Cr36r00                  140 	.dw _flip_array_06
                                    141 	.area _CABS (ABS)
